###############################################################################
#
# IAR ELF Linker V9.30.1.335/W64 for ARM                  04/Feb/2024  20:58:57
# Copyright 2007-2022 IAR Systems AB.
#
#    Output file  =
#        E:\eHorglass\2.Firmware\eHorglass\EWARM\eHorglass\Exe\eHorglass.out
#    Map file     =
#        E:\eHorglass\2.Firmware\eHorglass\EWARM\eHorglass\List\eHorglass.map
#    Command line =
#        -f
#        E:\eHorglass\2.Firmware\eHorglass\EWARM\eHorglass\Exe\eHorglass.out.rsp
#        (E:\eHorglass\2.Firmware\eHorglass\EWARM\eHorglass\Obj\Middlewares\FreeRTOS\cmsis_os.o
#        E:\eHorglass\2.Firmware\eHorglass\EWARM\eHorglass\Obj\Drivers\common\common.o
#        E:\eHorglass\2.Firmware\eHorglass\EWARM\eHorglass\Obj\Middlewares\FreeRTOS\croutine.o
#        E:\eHorglass\2.Firmware\eHorglass\EWARM\eHorglass\Obj\Middlewares\FreeRTOS\event_groups.o
#        E:\eHorglass\2.Firmware\eHorglass\EWARM\eHorglass\Obj\Application\User\Core\freertos.o
#        E:\eHorglass\2.Firmware\eHorglass\EWARM\eHorglass\Obj\Application\User\Core\gpio.o
#        E:\eHorglass\2.Firmware\eHorglass\EWARM\eHorglass\Obj\Middlewares\FreeRTOS\heap_4.o
#        E:\eHorglass\2.Firmware\eHorglass\EWARM\eHorglass\Obj\Application\User\Core\i2c.o
#        E:\eHorglass\2.Firmware\eHorglass\EWARM\eHorglass\Obj\Drivers\LED8x8\LED8x8.o
#        E:\eHorglass\2.Firmware\eHorglass\EWARM\eHorglass\Obj\Middlewares\FreeRTOS\list.o
#        E:\eHorglass\2.Firmware\eHorglass\EWARM\eHorglass\Obj\Application\User\Core\main.o
#        E:\eHorglass\2.Firmware\eHorglass\EWARM\eHorglass\Obj\Drivers\MAX7219\MAX7219.o
#        E:\eHorglass\2.Firmware\eHorglass\EWARM\eHorglass\Obj\Drivers\MPU6050\MPU6050.o
#        E:\eHorglass\2.Firmware\eHorglass\EWARM\eHorglass\Obj\Middlewares\FreeRTOS\port.o
#        E:\eHorglass\2.Firmware\eHorglass\EWARM\eHorglass\Obj\Middlewares\FreeRTOS\portasm.o
#        E:\eHorglass\2.Firmware\eHorglass\EWARM\eHorglass\Obj\Middlewares\FreeRTOS\queue.o
#        E:\eHorglass\2.Firmware\eHorglass\EWARM\eHorglass\Obj\Application\User\Core\spi.o
#        E:\eHorglass\2.Firmware\eHorglass\EWARM\eHorglass\Obj\Application\EWARM\startup_stm32f103xb.o
#        E:\eHorglass\2.Firmware\eHorglass\EWARM\eHorglass\Obj\Drivers\STM32F1xx_HAL_Driver\stm32f1xx_hal.o
#        E:\eHorglass\2.Firmware\eHorglass\EWARM\eHorglass\Obj\Drivers\STM32F1xx_HAL_Driver\stm32f1xx_hal_cortex.o
#        E:\eHorglass\2.Firmware\eHorglass\EWARM\eHorglass\Obj\Drivers\STM32F1xx_HAL_Driver\stm32f1xx_hal_dma.o
#        E:\eHorglass\2.Firmware\eHorglass\EWARM\eHorglass\Obj\Drivers\STM32F1xx_HAL_Driver\stm32f1xx_hal_exti.o
#        E:\eHorglass\2.Firmware\eHorglass\EWARM\eHorglass\Obj\Drivers\STM32F1xx_HAL_Driver\stm32f1xx_hal_flash.o
#        E:\eHorglass\2.Firmware\eHorglass\EWARM\eHorglass\Obj\Drivers\STM32F1xx_HAL_Driver\stm32f1xx_hal_flash_ex.o
#        E:\eHorglass\2.Firmware\eHorglass\EWARM\eHorglass\Obj\Drivers\STM32F1xx_HAL_Driver\stm32f1xx_hal_gpio.o
#        E:\eHorglass\2.Firmware\eHorglass\EWARM\eHorglass\Obj\Drivers\STM32F1xx_HAL_Driver\stm32f1xx_hal_gpio_ex.o
#        E:\eHorglass\2.Firmware\eHorglass\EWARM\eHorglass\Obj\Drivers\STM32F1xx_HAL_Driver\stm32f1xx_hal_i2c.o
#        E:\eHorglass\2.Firmware\eHorglass\EWARM\eHorglass\Obj\Application\User\Core\stm32f1xx_hal_msp.o
#        E:\eHorglass\2.Firmware\eHorglass\EWARM\eHorglass\Obj\Drivers\STM32F1xx_HAL_Driver\stm32f1xx_hal_pcd.o
#        E:\eHorglass\2.Firmware\eHorglass\EWARM\eHorglass\Obj\Drivers\STM32F1xx_HAL_Driver\stm32f1xx_hal_pcd_ex.o
#        E:\eHorglass\2.Firmware\eHorglass\EWARM\eHorglass\Obj\Drivers\STM32F1xx_HAL_Driver\stm32f1xx_hal_pwr.o
#        E:\eHorglass\2.Firmware\eHorglass\EWARM\eHorglass\Obj\Drivers\STM32F1xx_HAL_Driver\stm32f1xx_hal_rcc.o
#        E:\eHorglass\2.Firmware\eHorglass\EWARM\eHorglass\Obj\Drivers\STM32F1xx_HAL_Driver\stm32f1xx_hal_rcc_ex.o
#        E:\eHorglass\2.Firmware\eHorglass\EWARM\eHorglass\Obj\Drivers\STM32F1xx_HAL_Driver\stm32f1xx_hal_spi.o
#        E:\eHorglass\2.Firmware\eHorglass\EWARM\eHorglass\Obj\Drivers\STM32F1xx_HAL_Driver\stm32f1xx_hal_tim.o
#        E:\eHorglass\2.Firmware\eHorglass\EWARM\eHorglass\Obj\Drivers\STM32F1xx_HAL_Driver\stm32f1xx_hal_tim_ex.o
#        E:\eHorglass\2.Firmware\eHorglass\EWARM\eHorglass\Obj\Application\User\Core\stm32f1xx_hal_timebase_tim.o
#        E:\eHorglass\2.Firmware\eHorglass\EWARM\eHorglass\Obj\Drivers\STM32F1xx_HAL_Driver\stm32f1xx_hal_uart.o
#        E:\eHorglass\2.Firmware\eHorglass\EWARM\eHorglass\Obj\Application\User\Core\stm32f1xx_it.o
#        E:\eHorglass\2.Firmware\eHorglass\EWARM\eHorglass\Obj\Drivers\STM32F1xx_HAL_Driver\stm32f1xx_ll_usb.o
#        E:\eHorglass\2.Firmware\eHorglass\EWARM\eHorglass\Obj\Middlewares\FreeRTOS\stream_buffer.o
#        E:\eHorglass\2.Firmware\eHorglass\EWARM\eHorglass\Obj\Drivers\CMSIS\system_stm32f1xx.o
#        E:\eHorglass\2.Firmware\eHorglass\EWARM\eHorglass\Obj\Middlewares\FreeRTOS\tasks.o
#        E:\eHorglass\2.Firmware\eHorglass\EWARM\eHorglass\Obj\Middlewares\FreeRTOS\timers.o
#        E:\eHorglass\2.Firmware\eHorglass\EWARM\eHorglass\Obj\Application\User\Core\usart.o
#        E:\eHorglass\2.Firmware\eHorglass\EWARM\eHorglass\Obj\Application\User\USB_DEVICE\App\usb_device.o
#        E:\eHorglass\2.Firmware\eHorglass\EWARM\eHorglass\Obj\Middlewares\USB_Device_Library\usbd_cdc.o
#        E:\eHorglass\2.Firmware\eHorglass\EWARM\eHorglass\Obj\Application\User\USB_DEVICE\App\usbd_cdc_if.o
#        E:\eHorglass\2.Firmware\eHorglass\EWARM\eHorglass\Obj\Application\User\USB_DEVICE\Target\usbd_conf.o
#        E:\eHorglass\2.Firmware\eHorglass\EWARM\eHorglass\Obj\Middlewares\USB_Device_Library\usbd_core.o
#        E:\eHorglass\2.Firmware\eHorglass\EWARM\eHorglass\Obj\Middlewares\USB_Device_Library\usbd_ctlreq.o
#        E:\eHorglass\2.Firmware\eHorglass\EWARM\eHorglass\Obj\Application\User\USB_DEVICE\App\usbd_desc.o
#        E:\eHorglass\2.Firmware\eHorglass\EWARM\eHorglass\Obj\Middlewares\USB_Device_Library\usbd_ioreq.o
#        E:\eHorglass\2.Firmware\eHorglass\EWARM\eHorglass\Obj\Application\User\Core\write.o
#        --no_out_extension -o
#        E:\eHorglass\2.Firmware\eHorglass\EWARM\eHorglass\Exe\eHorglass.out
#        --redirect _Printf=_PrintfFullNoMb --redirect _Scanf=_ScanfFullNoMb
#        --map
#        E:\eHorglass\2.Firmware\eHorglass\EWARM\eHorglass\List\eHorglass.map
#        --config E:\eHorglass\2.Firmware\eHorglass\EWARM/stm32f103xb_flash.icf
#        --semihosting --entry __iar_program_start --vfe --text_out locale
#        --cpu=Cortex-M3 --fpu=None)
#
###############################################################################

*******************************************************************************
*** RUNTIME MODEL ATTRIBUTES
***

CppFlavor       = *
__CPP_Runtime   = 1
__SystemLibrary = DLib
__dlib_version  = 6


*******************************************************************************
*** HEAP SELECTION
***

The basic heap was selected because --advanced_heap
was not specified and the application did not appear to
be primarily optimized for speed.


*******************************************************************************
*** PLACEMENT SUMMARY
***

"A0":  place at address 0x800'0000 { ro section .intvec };
"P1":  place in [from 0x800'0000 to 0x801'ffff] { ro };
define block CSTACK with size = 4K, alignment = 8 { };
define block HEAP with size = 4K, alignment = 8 { };
"P2":  place in [from 0x2000'0000 to 0x2000'4fff] {
          rw, block CSTACK, block HEAP };
initialize by copy { rw };

  Section            Kind         Address    Size  Object
  -------            ----         -------    ----  ------
"A0":                                        0xec
  .intvec            ro code   0x800'0000    0xec  startup_stm32f103xb.o [1]
                             - 0x800'00ec    0xec

"P1":                                      0x90d0
  .text              ro code   0x800'00ec  0x144e  stm32f1xx_hal_i2c.o [9]
  .text              ro code   0x800'153a    0x7e  lz77_init_single.o [15]
  .text              ro code   0x800'15b8    0xac  i2c.o [2]
  .text              ro code   0x800'1664   0x4f2  stm32f1xx_hal_rcc.o [9]
  .rodata            const     0x800'1b56     0x2  xlocale_c.o [13]
  .text              ro code   0x800'1b58     0xc  stm32f1xx_hal.o [9]
  .text              ro code   0x800'1b64     0x2  stm32f1xx_hal_i2c.o [9]
  .text              ro code   0x800'1b66     0x2  stm32f1xx_hal_i2c.o [9]
  .text              ro code   0x800'1b68     0x2  stm32f1xx_hal_i2c.o [9]
  .text              ro code   0x800'1b6a     0x2  stm32f1xx_hal_i2c.o [9]
  .text              ro code   0x800'1b6c     0x2  stm32f1xx_hal_i2c.o [9]
  .text              ro code   0x800'1b6e     0x2  stm32f1xx_hal_i2c.o [9]
  .text              ro code   0x800'1b70    0xbe  stm32f1xx_hal_dma.o [9]
  .text              ro code   0x800'1c2e     0x2  stm32f1xx_hal_i2c.o [9]
  .text              ro code   0x800'1c30     0x2  stm32f1xx_hal_i2c.o [9]
  .text              ro code   0x800'1c32     0x2  stm32f1xx_hal_i2c.o [9]
  .text              ro code   0x800'1c34     0x2  stm32f1xx_hal_i2c.o [9]
  .rodata            const     0x800'1c36     0x1  xlocale_c.o [13]
  .text              ro code   0x800'1c38    0xcc  main.o [2]
  .text              ro code   0x800'1d04    0x14  memset.o [15]
  .text              ro code   0x800'1d18   0x1d8  stm32f1xx_hal_gpio.o [9]
  .text              ro code   0x800'1ef0    0x98  stm32f1xx_hal_cortex.o [9]
  .text              ro code   0x800'1f88    0x9c  stm32f1xx_hal_timebase_tim.o [2]
  .text              ro code   0x800'2024    0x24  stm32f1xx_hal.o [9]
  .text              ro code   0x800'2048    0xb6  gpio.o [2]
  .text              ro code   0x800'2100   0x12c  spi.o [2]
  .text              ro code   0x800'222c    0xac  usart.o [2]
  .text              ro code   0x800'22d8   0x404  freertos.o [2]
  .text              ro code   0x800'26dc   0x15c  cmsis_os.o [11]
  .text              ro code   0x800'2838    0x28  stm32f1xx_hal.o [9]
  .text              ro code   0x800'2860     0x6  ABImemclr4.o [15]
  .text              ro code   0x800'2868    0xe8  stm32f1xx_hal_rcc_ex.o [9]
  .text              ro code   0x800'2950    0x10  stm32f1xx_hal.o [9]
  .text              ro code   0x800'2960    0x12  ABImemset_small.o [15]
  .text              ro code   0x800'2974   0x26c  stm32f1xx_hal_tim.o [9]
  .text              ro code   0x800'2be0    0x4c  stm32f1xx_hal_msp.o [2]
  .text              ro code   0x800'2c2c   0x448  stm32f1xx_hal_spi.o [9]
  .text              ro code   0x800'3074   0x238  stm32f1xx_hal_uart.o [9]
  .text              ro code   0x800'32ac    0x54  usb_device.o [3]
  .text              ro code   0x800'3300   0x104  MPU6050.o [8]
  .text              ro code   0x800'3404    0x24  S32ToFlt.o [14]
  .text              ro code   0x800'3428   0x118  FltDiv.o [14]
  .text              ro code   0x800'3540    0x48  FltToDbl.o [14]
  .text              ro code   0x800'3588   0x11a  atan2_64.o [14]
  .text              ro code   0x800'36a4    0x68  DblToFlt.o [14]
  .text              ro code   0x800'370c   0x1aa  DblMul.o [14]
  .text              ro code   0x800'38b8   0x246  DblDiv.o [14]
  .text              ro code   0x800'3b00   0x25e  DblAddSub.o [14]
  .text              ro code   0x800'3d60    0xfa  common.o [10]
  .text              ro code   0x800'3e5c    0x28  printf.o [13]
  .text              ro code   0x800'3e84   0x1b6  MAX7219.o [7]
  .text              ro code   0x800'403a    0x86  LED8x8.o [6]
  .text              ro code   0x800'40c0    0x18  ABImemcpy_small.o [15]
  .text              ro code   0x800'40d8   0x864  tasks.o [11]
  .text              ro code   0x800'493c   0x5e8  queue.o [11]
  .text              ro code   0x800'4f24    0x32  ABImemset48.o [15]
  .text              ro code   0x800'4f56     0x2  stm32f1xx_hal_tim.o [9]
  .text              ro code   0x800'4f58     0x2  stm32f1xx_hal_tim.o [9]
  .text              ro code   0x800'4f5a     0x2  stm32f1xx_hal_tim.o [9]
  .text              ro code   0x800'4f5c     0x2  stm32f1xx_hal_tim_ex.o [9]
  .text              ro code   0x800'4f5e     0x2  stm32f1xx_hal_tim.o [9]
  .text              ro code   0x800'4f60     0x2  stm32f1xx_hal_tim_ex.o [9]
  .text              ro code   0x800'4f62     0x2  stm32f1xx_hal_tim.o [9]
  .text              ro code   0x800'4f64     0x2  stm32f1xx_hal_spi.o [9]
  .text              ro code   0x800'4f66   0x27c  usbd_core.o [12]
  .text              ro code   0x800'51e4   0x29c  usbd_cdc.o [12]
  .text              ro code   0x800'5480   0x200  iar_Atan64.o [14]
  .text              ro code   0x800'5680   0x16e  FltAddSub.o [14]
  .text              ro code   0x800'57f0    0x28  FltCmpGe.o [14]
  .text              ro code   0x800'5818   0xeaa  xprintffull_nomb.o [13]
  .text              ro code   0x800'66c4   0x1a8  heap_4.o [11]
  .text              ro code   0x800'686c    0x92  list.o [11]
  .text              ro code   0x800'6900   0x184  port.o [11]
  .text              ro code   0x800'6a84   0x1f6  usbd_conf.o [4]
  .text              ro code   0x800'6c7c   0x45e  usbd_ctlreq.o [12]
  .text              ro code   0x800'70da    0x60  usbd_ioreq.o [12]
  .text              ro code   0x800'713c    0x16  strchr.o [15]
  .text              ro code   0x800'7154    0x40  xfail_s.o [13]
  .text              ro code   0x800'7194    0x36  strlen.o [15]
  .text              ro code   0x800'71cc    0x58  memchr.o [15]
  .text              ro code   0x800'7224    0x70  frexp.o [14]
  .text              ro code   0x800'7294    0x34  DblCmpLe.o [14]
  .text              ro code   0x800'72c8    0x34  DblCmpGe.o [14]
  .text              ro code   0x800'72fc   0x13a  ldexp.o [14]
  .text              ro code   0x800'7438    0x36  DblToS32.o [14]
  .text              ro code   0x800'7470    0x22  S32ToDbl.o [14]
  .text              ro code   0x800'7494    0x22  DblToU32.o [14]
  .text              ro code   0x800'74b8    0x1c  U32ToDbl.o [14]
  .text              ro code   0x800'74d4     0x8  xlocale_c.o [13]
  .text              ro code   0x800'74dc   0x230  I64DivMod.o [15]
  .text              ro code   0x800'770c    0x28  port.o [11]
  CODE               ro code   0x800'7734    0x88  portasm.o [11]
  .text              ro code   0x800'77bc   0xa9a  stm32f1xx_hal_pcd.o [9]
  .text              ro code   0x800'8256    0x34  stm32f1xx_hal_pcd_ex.o [9]
  .text              ro code   0x800'828a     0x6  abort.o [13]
  .text              ro code   0x800'8290     0x2  I64DivZer.o [15]
  .text              ro code   0x800'8294   0x9c0  stm32f1xx_ll_usb.o [9]
  .text              ro code   0x800'8c54    0x14  exit.o [16]
  .text              ro code   0x800'8c68   0x100  usbd_desc.o [3]
  .text              ro code   0x800'8d68    0x44  usbd_cdc_if.o [3]
  .text              ro code   0x800'8dac    0x44  putchar.o [13]
  .text              ro code   0x800'8df0    0x30  write.o [2]
  .text              ro code   0x800'8e20    0x14  system_stm32f1xx.o [5]
  .rodata            const     0x800'8e38    0x40  iar_Atan64.o [14]
  .text              ro code   0x800'8e78    0x40  stm32f1xx_it.o [2]
  .text              ro code   0x800'8eb8    0x38  zero_init3.o [15]
  .rodata            const     0x800'8ef0    0x28  freertos.o [2]
  .text              ro code   0x800'8f18    0x28  data_init.o [15]
  .iar.init_table    const     0x800'8f40    0x20  - Linker created -
  .text              ro code   0x800'8f60    0x1e  cmain.o [15]
  .text              ro code   0x800'8f7e     0x4  low_level_init.o [13]
  .text              ro code   0x800'8f82     0x4  exit.o [13]
  .text              ro code   0x800'8f88     0xa  cexit.o [15]
  .text              ro code   0x800'8f94    0x1c  cstartup_M.o [15]
  .text              ro code   0x800'8fb0    0x16  xprout.o [13]
  .rodata            const     0x800'8fc8    0x10  freertos.o [2]
  .text              ro code   0x800'8fd8    0x10  startup_stm32f103xb.o [1]
  .rodata            const     0x800'8fe8     0xc  freertos.o [2]
  .rodata            const     0x800'8ff4     0xc  freertos.o [2]
  .rodata            const     0x800'9000     0xc  freertos.o [2]
  .rodata            const     0x800'900c     0x8  system_stm32f1xx.o [5]
  .text              ro code   0x800'9014     0x4  startup_stm32f103xb.o [1]
  .text              ro code   0x800'9018     0x4  startup_stm32f103xb.o [1]
  .text              ro code   0x800'901c     0x4  startup_stm32f103xb.o [1]
  .text              ro code   0x800'9020     0x4  startup_stm32f103xb.o [1]
  .text              ro code   0x800'9024     0x4  startup_stm32f103xb.o [1]
  .text              ro code   0x800'9028     0x4  startup_stm32f103xb.o [1]
  .text              ro code   0x800'902c     0x4  startup_stm32f103xb.o [1]
  .text              ro code   0x800'9030     0x4  startup_stm32f103xb.o [1]
  .text              ro code   0x800'9034     0x4  startup_stm32f103xb.o [1]
  .text              ro code   0x800'9038     0x4  startup_stm32f103xb.o [1]
  .text              ro code   0x800'903c     0x4  startup_stm32f103xb.o [1]
  .text              ro code   0x800'9040     0x4  startup_stm32f103xb.o [1]
  .text              ro code   0x800'9044     0x4  startup_stm32f103xb.o [1]
  .text              ro code   0x800'9048     0x4  startup_stm32f103xb.o [1]
  .text              ro code   0x800'904c     0x4  startup_stm32f103xb.o [1]
  .text              ro code   0x800'9050     0x4  startup_stm32f103xb.o [1]
  .text              ro code   0x800'9054     0x4  startup_stm32f103xb.o [1]
  .text              ro code   0x800'9058     0x4  startup_stm32f103xb.o [1]
  .text              ro code   0x800'905c     0x4  startup_stm32f103xb.o [1]
  .text              ro code   0x800'9060     0x4  startup_stm32f103xb.o [1]
  .text              ro code   0x800'9064     0x4  startup_stm32f103xb.o [1]
  .text              ro code   0x800'9068     0x4  startup_stm32f103xb.o [1]
  .text              ro code   0x800'906c     0x4  startup_stm32f103xb.o [1]
  .text              ro code   0x800'9070     0x4  startup_stm32f103xb.o [1]
  .text              ro code   0x800'9074     0x4  startup_stm32f103xb.o [1]
  .text              ro code   0x800'9078     0x4  startup_stm32f103xb.o [1]
  .text              ro code   0x800'907c     0x4  startup_stm32f103xb.o [1]
  .text              ro code   0x800'9080     0x4  startup_stm32f103xb.o [1]
  .text              ro code   0x800'9084     0x4  startup_stm32f103xb.o [1]
  .text              ro code   0x800'9088     0x4  startup_stm32f103xb.o [1]
  .text              ro code   0x800'908c     0x4  startup_stm32f103xb.o [1]
  .text              ro code   0x800'9090     0x4  startup_stm32f103xb.o [1]
  .text              ro code   0x800'9094     0x4  startup_stm32f103xb.o [1]
  .text              ro code   0x800'9098     0x4  startup_stm32f103xb.o [1]
  .text              ro code   0x800'909c     0x4  startup_stm32f103xb.o [1]
  .text              ro code   0x800'90a0     0x4  startup_stm32f103xb.o [1]
  .text              ro code   0x800'90a4     0x4  startup_stm32f103xb.o [1]
  .text              ro code   0x800'90a8     0x4  startup_stm32f103xb.o [1]
  .rodata            const     0x800'90ac     0x0  zero_init3.o [15]
  .rodata            const     0x800'90ac     0x0  lz77_init_single.o [15]
  Initializer bytes  const     0x800'90ac   0x110  <for P2-1>
                             - 0x800'91bc  0x90d0

"P2", part 1 of 3:                          0x264
  P2-1                        0x2000'0000   0x264  <Init block>
    .data            inited   0x2000'0000    0x58  freertos.o [2]
    .data            inited   0x2000'0058     0xc  port.o [11]
    .data            inited   0x2000'0064     0xc  stm32f1xx_hal.o [9]
    .data            inited   0x2000'0070     0x4  system_stm32f1xx.o [5]
    .data            inited   0x2000'0074     0xc  usbd_cdc.o [12]
    .data            inited   0x2000'0080    0x38  usbd_cdc.o [12]
    .data            inited   0x2000'00b8    0x44  usbd_cdc.o [12]
    .data            inited   0x2000'00fc    0x44  usbd_cdc.o [12]
    .data            inited   0x2000'0140    0x44  usbd_cdc.o [12]
    .data            inited   0x2000'0184    0x10  usbd_cdc_if.o [3]
    .data            inited   0x2000'0194    0x1c  usbd_desc.o [3]
    .data            inited   0x2000'01b0    0x14  usbd_desc.o [3]
    .data            inited   0x2000'01c4     0x4  usbd_desc.o [3]
    .data            inited   0x2000'01c8    0x1c  usbd_desc.o [3]
    .data            inited   0x2000'01e4    0x38  xlocale_c.o [13]
    .data            inited   0x2000'021c    0x48  xfiles.o [13]
                            - 0x2000'0264   0x264

"P2", part 2 of 3:                         0x37a4
  .bss               zero     0x2000'0264  0x2018  heap_4.o [11]
  .bss               zero     0x2000'227c   0x800  usbd_cdc_if.o [3]
  .bss               zero     0x2000'2a7c   0x2f0  usbd_conf.o [4]
  .bss               zero     0x2000'2d6c   0x2c4  usb_device.o [3]
  .bss               zero     0x2000'3030   0x254  freertos.o [2]
  .bss               zero     0x2000'3284   0x220  usbd_conf.o [4]
  .bss               zero     0x2000'34a4   0x200  usbd_desc.o [3]
  .bss               zero     0x2000'36a4    0x9c  tasks.o [11]
  .bss               zero     0x2000'3740    0x8c  tasks.o [11]
  .bss               zero     0x2000'37cc    0x58  spi.o [2]
  .bss               zero     0x2000'3824    0x58  spi.o [2]
  .bss               zero     0x2000'387c    0x54  i2c.o [2]
  .bss               zero     0x2000'38d0    0x50  xfiles.o [13]
  .bss               zero     0x2000'3920    0x48  stm32f1xx_hal_timebase_tim.o [2]
  .bss               zero     0x2000'3968    0x48  usart.o [2]
  .bss               zero     0x2000'39b0    0x40  freertos.o [2]
  .bss               zero     0x2000'39f0    0x10  freertos.o [2]
  .bss               zero     0x2000'3a00     0x4  xfail_s.o [13]
  .bss               zero     0x2000'3a04     0x1  usbd_ctlreq.o [12]
                            - 0x2000'3a05  0x37a1

"P2", part 3 of 3:                         0x1000
  CSTACK                      0x2000'3a08  0x1000  <Block>
    CSTACK           uninit   0x2000'3a08  0x1000  <Block tail>
                            - 0x2000'4a08  0x1000

Unused ranges:

         From           To      Size
         ----           --      ----
   0x800'91bc   0x801'ffff  0x1'6e44
  0x2000'4a08  0x2000'4fff     0x5f8


*******************************************************************************
*** INIT TABLE
***

          Address      Size
          -------      ----
Zero (__iar_zero_init3)
    1 destination range, total size 0x37a1:
          0x2000'0264  0x37a1

Copy/lz77 (__iar_lz77_init_single3)
    1 source range, total size 0x110 (44% of destination):
           0x800'90ac   0x110
    1 destination range, total size 0x264:
          0x2000'0000   0x264



*******************************************************************************
*** MODULE SUMMARY
***

    Module                        ro code  ro data  rw data
    ------                        -------  -------  -------
command line/config:
    -------------------------------------------------------
    Total:

E:\eHorglass\2.Firmware\eHorglass\EWARM\eHorglass\Obj\Application\EWARM: [1]
    startup_stm32f103xb.o             404
    -------------------------------------------------------
    Total:                            404

E:\eHorglass\2.Firmware\eHorglass\EWARM\eHorglass\Obj\Application\User\Core: [2]
    freertos.o                      1'028      131      764
    gpio.o                            182
    i2c.o                             172                84
    main.o                            204
    spi.o                             300               176
    stm32f1xx_hal_msp.o                76
    stm32f1xx_hal_timebase_tim.o      156                72
    stm32f1xx_it.o                     64
    usart.o                           172                72
    write.o                            48
    -------------------------------------------------------
    Total:                          2'402      131    1'168

E:\eHorglass\2.Firmware\eHorglass\EWARM\eHorglass\Obj\Application\User\USB_DEVICE\App: [3]
    usb_device.o                       84               708
    usbd_cdc_if.o                      68        7    2'064
    usbd_desc.o                       256       36      592
    -------------------------------------------------------
    Total:                            408       43    3'364

E:\eHorglass\2.Firmware\eHorglass\EWARM\eHorglass\Obj\Application\User\USB_DEVICE\Target: [4]
    usbd_conf.o                       502             1'296
    -------------------------------------------------------
    Total:                            502             1'296

E:\eHorglass\2.Firmware\eHorglass\EWARM\eHorglass\Obj\Drivers\CMSIS: [5]
    system_stm32f1xx.o                 20       10        4
    -------------------------------------------------------
    Total:                             20       10        4

E:\eHorglass\2.Firmware\eHorglass\EWARM\eHorglass\Obj\Drivers\LED8x8: [6]
    LED8x8.o                          134
    -------------------------------------------------------
    Total:                            134

E:\eHorglass\2.Firmware\eHorglass\EWARM\eHorglass\Obj\Drivers\MAX7219: [7]
    MAX7219.o                         438
    -------------------------------------------------------
    Total:                            438

E:\eHorglass\2.Firmware\eHorglass\EWARM\eHorglass\Obj\Drivers\MPU6050: [8]
    MPU6050.o                         260
    -------------------------------------------------------
    Total:                            260

E:\eHorglass\2.Firmware\eHorglass\EWARM\eHorglass\Obj\Drivers\STM32F1xx_HAL_Driver: [9]
    stm32f1xx_hal.o                   104        5       12
    stm32f1xx_hal_cortex.o            152
    stm32f1xx_hal_dma.o               190
    stm32f1xx_hal_gpio.o              472
    stm32f1xx_hal_i2c.o             5'218
    stm32f1xx_hal_pcd.o             2'714
    stm32f1xx_hal_pcd_ex.o             52
    stm32f1xx_hal_rcc.o             1'266
    stm32f1xx_hal_rcc_ex.o            232
    stm32f1xx_hal_spi.o             1'098
    stm32f1xx_hal_tim.o               630
    stm32f1xx_hal_tim_ex.o              4
    stm32f1xx_hal_uart.o              568
    stm32f1xx_ll_usb.o              2'496
    -------------------------------------------------------
    Total:                         15'196        5       12

E:\eHorglass\2.Firmware\eHorglass\EWARM\eHorglass\Obj\Drivers\common: [10]
    common.o                          250
    -------------------------------------------------------
    Total:                            250

E:\eHorglass\2.Firmware\eHorglass\EWARM\eHorglass\Obj\Middlewares\FreeRTOS: [11]
    cmsis_os.o                        348
    heap_4.o                          424             8'216
    list.o                            146
    port.o                            428        5       12
    portasm.o                         136
    queue.o                         1'512
    tasks.o                         2'148               296
    -------------------------------------------------------
    Total:                          5'142        5    8'524

E:\eHorglass\2.Firmware\eHorglass\EWARM\eHorglass\Obj\Middlewares\USB_Device_Library: [12]
    usbd_cdc.o                        668      121      272
    usbd_core.o                       636
    usbd_ctlreq.o                   1'118                 1
    usbd_ioreq.o                       96
    -------------------------------------------------------
    Total:                          2'518      121      273

dl7M_tlf.a: [13]
    abort.o                             6
    exit.o                              4
    low_level_init.o                    4
    printf.o                           40
    putchar.o                          68
    xfail_s.o                          64                 4
    xfiles.o                                    32      152
    xlocale_c.o                         8       28       56
    xprintffull_nomb.o              3'754
    xprout.o                           22
    -------------------------------------------------------
    Total:                          3'970       60      212

m7M_tl.a: [14]
    DblAddSub.o                       606
    DblCmpGe.o                         52
    DblCmpLe.o                         52
    DblDiv.o                          582
    DblMul.o                          426
    DblToFlt.o                        104
    DblToS32.o                         54
    DblToU32.o                         34
    FltAddSub.o                       366
    FltCmpGe.o                         40
    FltDiv.o                          280
    FltToDbl.o                         72
    S32ToDbl.o                         34
    S32ToFlt.o                         36
    U32ToDbl.o                         28
    atan2_64.o                        282
    frexp.o                           112
    iar_Atan64.o                      512       64
    ldexp.o                           314
    -------------------------------------------------------
    Total:                          3'986       64

rt7M_tl.a: [15]
    ABImemclr4.o                        6
    ABImemcpy_small.o                  24
    ABImemset48.o                      50
    ABImemset_small.o                  18
    I64DivMod.o                       560
    I64DivZer.o                         2
    cexit.o                            10
    cmain.o                            30
    cstartup_M.o                       28
    data_init.o                        40
    lz77_init_single.o                126
    memchr.o                           88
    memset.o                           20
    strchr.o                           22
    strlen.o                           54
    zero_init3.o                       56
    -------------------------------------------------------
    Total:                          1'134

shb_l.a: [16]
    exit.o                             20
    -------------------------------------------------------
    Total:                             20

    Gaps                               47        6
    Linker created                              32    4'096
-----------------------------------------------------------
    Grand Total:                   36'831      477   18'949


*******************************************************************************
*** ENTRY LIST
***

Entry                       Address    Size  Type      Object
-----                       -------    ----  ----      ------
.iar.init_table$$Base    0x800'8f40           --   Gb  - Linker created -
.iar.init_table$$Limit   0x800'8f60           --   Gb  - Linker created -
?main                    0x800'8f61          Code  Gb  cmain.o [15]
ADC1_2_IRQHandler        0x800'905d          Code  Wk  startup_stm32f103xb.o [1]
AHBPrescTable            0x800'8e24    0x10  Data  Gb  system_stm32f1xx.o [5]
APBPrescTable            0x800'900c     0x8  Data  Gb  system_stm32f1xx.o [5]
BinSem_RefreshHandle    0x2000'0054     0x4  Data  Gb  freertos.o [2]
BusFault_Handler         0x800'8e7f     0x2  Code  Gb  stm32f1xx_it.o [2]
CAN1_RX1_IRQHandler      0x800'9065          Code  Wk  startup_stm32f103xb.o [1]
CAN1_SCE_IRQHandler      0x800'9069          Code  Wk  startup_stm32f103xb.o [1]
CDC_Control_FS           0x800'8d8b     0x4  Code  Lc  usbd_cdc_if.o [3]
CDC_DeInit_FS            0x800'8d87     0x4  Code  Lc  usbd_cdc_if.o [3]
CDC_Init_FS              0x800'8d69    0x1e  Code  Lc  usbd_cdc_if.o [3]
CDC_Receive_FS           0x800'8d8f    0x16  Code  Lc  usbd_cdc_if.o [3]
CSTACK$$Base            0x2000'3a08           --   Gb  - Linker created -
CSTACK$$Limit           0x2000'4a08           --   Gb  - Linker created -
DMA1_Channel1_IRQHandler
                         0x800'9041          Code  Wk  startup_stm32f103xb.o [1]
DMA1_Channel2_IRQHandler
                         0x800'9045          Code  Wk  startup_stm32f103xb.o [1]
DMA1_Channel3_IRQHandler
                         0x800'9049          Code  Wk  startup_stm32f103xb.o [1]
DMA1_Channel4_IRQHandler
                         0x800'904d          Code  Wk  startup_stm32f103xb.o [1]
DMA1_Channel5_IRQHandler
                         0x800'9051          Code  Wk  startup_stm32f103xb.o [1]
DMA1_Channel6_IRQHandler
                         0x800'9055          Code  Wk  startup_stm32f103xb.o [1]
DMA1_Channel7_IRQHandler
                         0x800'9059          Code  Wk  startup_stm32f103xb.o [1]
DataInRange              0x800'3d61    0x32  Code  Gb  common.o [10]
DebugMon_Handler         0x800'8e83     0x2  Code  Gb  stm32f1xx_it.o [2]
EXTI0_IRQHandler         0x800'902d          Code  Wk  startup_stm32f103xb.o [1]
EXTI15_10_IRQHandler     0x800'90a1          Code  Wk  startup_stm32f103xb.o [1]
EXTI1_IRQHandler         0x800'9031          Code  Wk  startup_stm32f103xb.o [1]
EXTI2_IRQHandler         0x800'9035          Code  Wk  startup_stm32f103xb.o [1]
EXTI3_IRQHandler         0x800'9039          Code  Wk  startup_stm32f103xb.o [1]
EXTI4_IRQHandler         0x800'903d          Code  Wk  startup_stm32f103xb.o [1]
EXTI9_5_IRQHandler       0x800'906d          Code  Wk  startup_stm32f103xb.o [1]
Error_Handler            0x800'1d01     0x4  Code  Gb  main.o [2]
FLASH_IRQHandler         0x800'9025          Code  Wk  startup_stm32f103xb.o [1]
FS_Desc                 0x2000'0194    0x1c  Data  Gb  usbd_desc.o [3]
GetDirection             0x800'3d93    0x7a  Code  Gb  common.o [10]
HAL_DMA_Abort_IT         0x800'1b71    0x9a  Code  Gb  stm32f1xx_hal_dma.o [9]
HAL_DMA_GetState         0x800'1c29     0x6  Code  Gb  stm32f1xx_hal_dma.o [9]
HAL_Delay                0x800'2839    0x28  Code  Wk  stm32f1xx_hal.o [9]
HAL_GPIO_Init            0x800'1d19   0x19c  Code  Gb  stm32f1xx_hal_gpio.o [9]
HAL_GPIO_WritePin        0x800'1eb5     0x8  Code  Gb  stm32f1xx_hal_gpio.o [9]
HAL_GetTick              0x800'1b59     0xc  Code  Wk  stm32f1xx_hal.o [9]
HAL_I2C_AbortCpltCallback
                         0x800'1c35     0x2  Code  Wk  stm32f1xx_hal_i2c.o [9]
HAL_I2C_AddrCallback     0x800'1b6f     0x2  Code  Wk  stm32f1xx_hal_i2c.o [9]
HAL_I2C_EV_IRQHandler    0x800'06a7   0x6d6  Code  Gb  stm32f1xx_hal_i2c.o [9]
HAL_I2C_ErrorCallback    0x800'1b69     0x2  Code  Wk  stm32f1xx_hal_i2c.o [9]
HAL_I2C_Init             0x800'00ed   0x12e  Code  Gb  stm32f1xx_hal_i2c.o [9]
HAL_I2C_ListenCpltCallback
                         0x800'1c31     0x2  Code  Wk  stm32f1xx_hal_i2c.o [9]
HAL_I2C_MasterRxCpltCallback
                         0x800'1b6d     0x2  Code  Wk  stm32f1xx_hal_i2c.o [9]
HAL_I2C_MasterTxCpltCallback
                         0x800'1b67     0x2  Code  Wk  stm32f1xx_hal_i2c.o [9]
HAL_I2C_MemRxCpltCallback
                         0x800'1b6b     0x2  Code  Wk  stm32f1xx_hal_i2c.o [9]
HAL_I2C_MemTxCpltCallback
                         0x800'1b65     0x2  Code  Wk  stm32f1xx_hal_i2c.o [9]
HAL_I2C_Mem_Read         0x800'03d1   0x1b2  Code  Gb  stm32f1xx_hal_i2c.o [9]
HAL_I2C_Mem_Write        0x800'0291    0xe2  Code  Gb  stm32f1xx_hal_i2c.o [9]
HAL_I2C_MspInit          0x800'15e9    0x66  Code  Gb  i2c.o [2]
HAL_I2C_SlaveRxCpltCallback
                         0x800'1c2f     0x2  Code  Wk  stm32f1xx_hal_i2c.o [9]
HAL_I2C_SlaveTxCpltCallback
                         0x800'1c33     0x2  Code  Wk  stm32f1xx_hal_i2c.o [9]
HAL_IncTick              0x800'2951    0x10  Code  Wk  stm32f1xx_hal.o [9]
HAL_Init                 0x800'2025    0x20  Code  Gb  stm32f1xx_hal.o [9]
HAL_InitTick             0x800'1f89    0x86  Code  Gb  stm32f1xx_hal_timebase_tim.o [2]
HAL_MspInit              0x800'2be1    0x4c  Code  Gb  stm32f1xx_hal_msp.o [2]
HAL_NVIC_EnableIRQ       0x800'1f5f    0x16  Code  Gb  stm32f1xx_hal_cortex.o [9]
HAL_NVIC_SetPriority     0x800'1f25    0x3a  Code  Gb  stm32f1xx_hal_cortex.o [9]
HAL_NVIC_SetPriorityGrouping
                         0x800'1f0b    0x1a  Code  Gb  stm32f1xx_hal_cortex.o [9]
HAL_PCDEx_PMAConfig      0x800'8257    0x34  Code  Gb  stm32f1xx_hal_pcd_ex.o [9]
HAL_PCDEx_SetConnectionState
                         0x800'6c67     0x2  Code  Gb  usbd_conf.o [4]
HAL_PCD_DataInStageCallback
                         0x800'6ad9    0x12  Code  Gb  usbd_conf.o [4]
HAL_PCD_DataOutStageCallback
                         0x800'6ac5    0x14  Code  Gb  usbd_conf.o [4]
HAL_PCD_EP_Close         0x800'8107    0x1c  Code  Gb  stm32f1xx_hal_pcd.o [9]
HAL_PCD_EP_ClrStall      0x800'81fb    0x2e  Code  Gb  stm32f1xx_hal_pcd.o [9]
HAL_PCD_EP_GetRxCount    0x800'8153    0x10  Code  Gb  stm32f1xx_hal_pcd.o [9]
HAL_PCD_EP_Open          0x800'80b7    0x50  Code  Gb  stm32f1xx_hal_pcd.o [9]
HAL_PCD_EP_Receive       0x800'812f    0x24  Code  Gb  stm32f1xx_hal_pcd.o [9]
HAL_PCD_EP_SetStall      0x800'8195    0x66  Code  Gb  stm32f1xx_hal_pcd.o [9]
HAL_PCD_EP_Transmit      0x800'8163    0x28  Code  Gb  stm32f1xx_hal_pcd.o [9]
HAL_PCD_IRQHandler       0x800'78a1   0x674  Code  Gb  stm32f1xx_hal_pcd.o [9]
HAL_PCD_Init             0x800'77bd    0xaa  Code  Gb  stm32f1xx_hal_pcd.o [9]
HAL_PCD_MspInit          0x800'6a85    0x34  Code  Gb  usbd_conf.o [4]
HAL_PCD_ResetCallback    0x800'6af3    0x24  Code  Gb  usbd_conf.o [4]
HAL_PCD_ResumeCallback   0x800'6b33     0x8  Code  Gb  usbd_conf.o [4]
HAL_PCD_SOFCallback      0x800'6aeb     0x8  Code  Gb  usbd_conf.o [4]
HAL_PCD_SetAddress       0x800'809b    0x1c  Code  Gb  stm32f1xx_hal_pcd.o [9]
HAL_PCD_SetupStageCallback
                         0x800'6ab9     0xc  Code  Gb  usbd_conf.o [4]
HAL_PCD_Start            0x800'787f    0x1a  Code  Gb  stm32f1xx_hal_pcd.o [9]
HAL_PCD_SuspendCallback
                         0x800'6b17    0x1c  Code  Gb  usbd_conf.o [4]
HAL_RCCEx_PeriphCLKConfig
                         0x800'2869    0xda  Code  Gb  stm32f1xx_hal_rcc_ex.o [9]
HAL_RCC_ClockConfig      0x800'1979    0xf4  Code  Gb  stm32f1xx_hal_rcc.o [9]
HAL_RCC_GetClockConfig   0x800'1adf    0x36  Code  Gb  stm32f1xx_hal_rcc.o [9]
HAL_RCC_GetPCLK1Freq     0x800'1abb    0x10  Code  Gb  stm32f1xx_hal_rcc.o [9]
HAL_RCC_GetPCLK2Freq     0x800'1acb     0xe  Code  Gb  stm32f1xx_hal_rcc.o [9]
HAL_RCC_GetSysClockFreq
                         0x800'1a81    0x3a  Code  Gb  stm32f1xx_hal_rcc.o [9]
HAL_RCC_GetSysClockFreq::aPLLMULFactorTable
                         0x800'1b44    0x10  Data  Lc  stm32f1xx_hal_rcc.o [9]
HAL_RCC_GetSysClockFreq::aPredivFactorTable
                         0x800'1b54     0x2  Data  Lc  stm32f1xx_hal_rcc.o [9]
HAL_RCC_OscConfig        0x800'1665   0x30c  Code  Gb  stm32f1xx_hal_rcc.o [9]
HAL_SPI_ErrorCallback    0x800'4f65     0x2  Code  Wk  stm32f1xx_hal_spi.o [9]
HAL_SPI_IRQHandler       0x800'2e77    0xec  Code  Gb  stm32f1xx_hal_spi.o [9]
HAL_SPI_Init             0x800'2c2d    0xaa  Code  Gb  stm32f1xx_hal_spi.o [9]
HAL_SPI_MspInit          0x800'215b    0x9e  Code  Gb  spi.o [2]
HAL_SPI_Transmit         0x800'2cd7   0x142  Code  Gb  stm32f1xx_hal_spi.o [9]
HAL_TIMEx_BreakCallback
                         0x800'4f5d     0x2  Code  Wk  stm32f1xx_hal_tim_ex.o [9]
HAL_TIMEx_CommutCallback
                         0x800'4f61     0x2  Code  Wk  stm32f1xx_hal_tim_ex.o [9]
HAL_TIM_Base_Init        0x800'2975    0x1a  Code  Gb  stm32f1xx_hal_tim.o [9]
HAL_TIM_Base_MspInit     0x800'4f57     0x2  Code  Wk  stm32f1xx_hal_tim.o [9]
HAL_TIM_Base_Start_IT    0x800'298f    0x56  Code  Gb  stm32f1xx_hal_tim.o [9]
HAL_TIM_IC_CaptureCallback
                         0x800'4f59     0x2  Code  Wk  stm32f1xx_hal_tim.o [9]
HAL_TIM_IRQHandler       0x800'2a21   0x142  Code  Gb  stm32f1xx_hal_tim.o [9]
HAL_TIM_OC_DelayElapsedCallback
                         0x800'4f5b     0x2  Code  Wk  stm32f1xx_hal_tim.o [9]
HAL_TIM_PWM_PulseFinishedCallback
                         0x800'4f63     0x2  Code  Wk  stm32f1xx_hal_tim.o [9]
HAL_TIM_PeriodElapsedCallback
                         0x800'1ced     0xe  Code  Gb  main.o [2]
HAL_TIM_TriggerCallback
                         0x800'4f5f     0x2  Code  Wk  stm32f1xx_hal_tim.o [9]
HAL_UART_Init            0x800'3075    0x1e  Code  Gb  stm32f1xx_hal_uart.o [9]
HAL_UART_MspInit         0x800'225b    0x6e  Code  Gb  usart.o [2]
HAL_UART_Transmit        0x800'30f3    0x9a  Code  Gb  stm32f1xx_hal_uart.o [9]
HardFault_Handler        0x800'8e7b     0x2  Code  Gb  stm32f1xx_it.o [2]
I2C1_ER_IRQHandler       0x800'9089          Code  Wk  startup_stm32f103xb.o [1]
I2C1_EV_IRQHandler       0x800'8e91     0x6  Code  Gb  stm32f1xx_it.o [2]
I2C2_ER_IRQHandler       0x800'9091          Code  Wk  startup_stm32f103xb.o [1]
I2C2_EV_IRQHandler       0x800'908d          Code  Wk  startup_stm32f103xb.o [1]
I2C_DMAAbort             0x800'1201    0xce  Code  Lc  stm32f1xx_hal_i2c.o [9]
I2C_Flush_DR             0x800'0227     0xe  Code  Lc  stm32f1xx_hal_i2c.o [9]
I2C_ITError              0x800'0f49    0xf2  Code  Lc  stm32f1xx_hal_i2c.o [9]
I2C_IsAcknowledgeFailed
                         0x800'1509    0x32  Code  Lc  stm32f1xx_hal_i2c.o [9]
I2C_MemoryTransmit_TXE_BTF
                         0x800'0e8d    0xbc  Code  Lc  stm32f1xx_hal_i2c.o [9]
I2C_RequestMemoryRead    0x800'1119    0xb6  Code  Lc  stm32f1xx_hal_i2c.o [9]
I2C_RequestMemoryWrite   0x800'107b    0x8c  Code  Lc  stm32f1xx_hal_i2c.o [9]
I2C_WaitOnBTFFlagUntilTimeout
                         0x800'1455    0x44  Code  Lc  stm32f1xx_hal_i2c.o [9]
I2C_WaitOnFlagUntilTimeout
                         0x800'12d9    0x68  Code  Lc  stm32f1xx_hal_i2c.o [9]
I2C_WaitOnMasterAddressFlagUntilTimeout
                         0x800'1341    0x9a  Code  Lc  stm32f1xx_hal_i2c.o [9]
I2C_WaitOnRXNEFlagUntilTimeout
                         0x800'14b3    0x56  Code  Lc  stm32f1xx_hal_i2c.o [9]
I2C_WaitOnTXEFlagUntilTimeout
                         0x800'1411    0x44  Code  Lc  stm32f1xx_hal_i2c.o [9]
IntToUnicode             0x800'8cf9    0x26  Code  Lc  usbd_desc.o [3]
LocationIsEmpty          0x800'3e31    0x2a  Code  Gb  common.o [10]
MPU6050ReadAcc           0x800'3385    0x34  Code  Gb  MPU6050.o [8]
MPU6050ReadGyro          0x800'33b9    0x2a  Code  Gb  MPU6050.o [8]
MPU6050_Init             0x800'333b    0x4a  Code  Gb  MPU6050.o [8]
MPU6050_ReadData         0x800'3321    0x1a  Code  Gb  MPU6050.o [8]
MPU6050_WriteReg         0x800'3301    0x20  Code  Gb  MPU6050.o [8]
MX_FREERTOS_Init         0x800'22e9    0x42  Code  Gb  freertos.o [2]
MX_FREERTOS_Init::os_semaphore_def_BinSem_Refresh
                         0x800'2664     0x8  Data  Lc  freertos.o [2]
MX_FREERTOS_Init::os_thread_def_taskDefault
                         0x800'266c    0x1c  Data  Lc  freertos.o [2]
MX_FREERTOS_Init::os_thread_def_taskMPU6050
                         0x800'2688    0x1c  Data  Lc  freertos.o [2]
MX_FREERTOS_Init::os_thread_def_taskShowFrame
                         0x800'26a4    0x1c  Data  Lc  freertos.o [2]
MX_FREERTOS_Init::os_thread_def_taskUpdate
                         0x800'26c0    0x1c  Data  Lc  freertos.o [2]
MX_GPIO_Init             0x800'2049    0x94  Code  Gb  gpio.o [2]
MX_I2C1_Init             0x800'15b9    0x30  Code  Gb  i2c.o [2]
MX_SPI1_Init             0x800'2101    0x18  Code  Gb  spi.o [2]
MX_SPI2_Init             0x800'2119    0x18  Code  Gb  spi.o [2]
MX_USART1_UART_Init      0x800'222d    0x2e  Code  Gb  usart.o [2]
MX_USB_DEVICE_Init       0x800'32ad    0x54  Code  Gb  usb_device.o [3]
Max7219_Display          0x800'3fe5    0x46  Code  Gb  MAX7219.o [7]
Max7219_DisplayNromal    0x800'402b     0x6  Code  Gb  MAX7219.o [7]
Max7219_Init             0x800'3ebd    0x50  Code  Gb  MAX7219.o [7]
Max7219_RotateData       0x800'3f35    0xb0  Code  Gb  MAX7219.o [7]
Max7219_TurnOffAll       0x800'3f0d    0x1c  Code  Gb  MAX7219.o [7]
Max7219_WriteReg         0x800'3e85    0x38  Code  Gb  MAX7219.o [7]
MemManage_Handler        0x800'8e7d     0x2  Code  Gb  stm32f1xx_it.o [2]
NMI_Handler              0x800'8e79     0x2  Code  Gb  stm32f1xx_it.o [2]
PVD_IRQHandler           0x800'9019          Code  Wk  startup_stm32f103xb.o [1]
PendSV_Handler           0x800'7735          Code  Gb  portasm.o [11]
RCC_IRQHandler           0x800'9029          Code  Wk  startup_stm32f103xb.o [1]
RTC_Alarm_IRQHandler     0x800'90a5          Code  Wk  startup_stm32f103xb.o [1]
RTC_IRQHandler           0x800'9021          Code  Wk  startup_stm32f103xb.o [1]
Region$$Table$$Base      0x800'8f40           --   Gb  - Linker created -
Region$$Table$$Limit     0x800'8f60           --   Gb  - Linker created -
Reset_Handler            0x800'8fd9          Code  Wk  startup_stm32f103xb.o [1]
SPI1_IRQHandler          0x800'8e97     0x6  Code  Gb  stm32f1xx_it.o [2]
SPI2_IRQHandler          0x800'8e9d     0x6  Code  Gb  stm32f1xx_it.o [2]
SPI_DMAAbortOnError      0x800'2f65     0xe  Code  Lc  stm32f1xx_hal_spi.o [9]
SPI_EndRxTxTransaction   0x800'304d    0x18  Code  Lc  stm32f1xx_hal_spi.o [9]
SPI_WaitFlagStateUntilTimeout
                         0x800'2f8d    0xb4  Code  Lc  stm32f1xx_hal_spi.o [9]
SVC_Handler              0x800'777b          Code  Gb  portasm.o [11]
SandInfoInit             0x800'403b    0x54  Code  Gb  LED8x8.o [6]
SysTick_Handler          0x800'6a15    0x1c  Code  Gb  port.o [11]
SystemClock_Config       0x800'1c69    0x84  Code  Gb  main.o [2]
SystemCoreClock         0x2000'0070     0x4  Data  Gb  system_stm32f1xx.o [5]
SystemInit               0x800'8e21     0x2  Code  Gb  system_stm32f1xx.o [5]
TAMPER_IRQHandler        0x800'901d          Code  Wk  startup_stm32f103xb.o [1]
TIM1_BRK_IRQHandler      0x800'9071          Code  Wk  startup_stm32f103xb.o [1]
TIM1_CC_IRQHandler       0x800'907d          Code  Wk  startup_stm32f103xb.o [1]
TIM1_TRG_COM_IRQHandler
                         0x800'9079          Code  Wk  startup_stm32f103xb.o [1]
TIM1_UP_IRQHandler       0x800'9075          Code  Wk  startup_stm32f103xb.o [1]
TIM2_IRQHandler          0x800'9081          Code  Wk  startup_stm32f103xb.o [1]
TIM3_IRQHandler          0x800'9085          Code  Wk  startup_stm32f103xb.o [1]
TIM4_IRQHandler          0x800'8e8b     0x6  Code  Gb  stm32f1xx_it.o [2]
TIM_Base_SetConfig       0x800'2b71    0x5e  Code  Gb  stm32f1xx_hal_tim.o [9]
TaskDefault              0x800'232b     0xe  Code  Gb  freertos.o [2]
TaskMPU6050              0x800'2339    0xa4  Code  Gb  freertos.o [2]
TaskShowFrame            0x800'23dd    0xa8  Code  Gb  freertos.o [2]
TaskUpdate               0x800'2485   0x168  Code  Gb  freertos.o [2]
UART_SetConfig           0x800'322b    0x78  Code  Lc  stm32f1xx_hal_uart.o [9]
UART_WaitOnFlagUntilTimeout
                         0x800'3195    0x5e  Code  Lc  stm32f1xx_hal_uart.o [9]
USART1_IRQHandler        0x800'9095          Code  Wk  startup_stm32f103xb.o [1]
USART2_IRQHandler        0x800'9099          Code  Wk  startup_stm32f103xb.o [1]
USART3_IRQHandler        0x800'909d          Code  Wk  startup_stm32f103xb.o [1]
USBD_CDC                0x2000'0080    0x38  Data  Gb  usbd_cdc.o [12]
USBD_CDC_CfgFSDesc      0x2000'00fc    0x44  Data  Gb  usbd_cdc.o [12]
USBD_CDC_CfgHSDesc      0x2000'00b8    0x44  Data  Gb  usbd_cdc.o [12]
USBD_CDC_DataIn          0x800'5365    0x4a  Code  Lc  usbd_cdc.o [12]
USBD_CDC_DataOut         0x800'53af    0x2a  Code  Lc  usbd_cdc.o [12]
USBD_CDC_DeInit          0x800'5279    0x44  Code  Lc  usbd_cdc.o [12]
USBD_CDC_DeviceQualifierDesc
                        0x2000'0074     0xc  Data  Lc  usbd_cdc.o [12]
USBD_CDC_EP0_RxReady     0x800'53d9    0x26  Code  Lc  usbd_cdc.o [12]
USBD_CDC_GetDeviceQualifierDescriptor
                         0x800'5417     0x8  Code  Gb  usbd_cdc.o [12]
USBD_CDC_GetFSCfgDesc    0x800'53ff     0x8  Code  Lc  usbd_cdc.o [12]
USBD_CDC_GetHSCfgDesc    0x800'5407     0x8  Code  Lc  usbd_cdc.o [12]
USBD_CDC_GetOtherSpeedCfgDesc
                         0x800'540f     0x8  Code  Lc  usbd_cdc.o [12]
USBD_CDC_Init            0x800'51e5    0x8a  Code  Lc  usbd_cdc.o [12]
USBD_CDC_OtherSpeedCfgDesc
                        0x2000'0140    0x44  Data  Gb  usbd_cdc.o [12]
USBD_CDC_ReceivePacket   0x800'545b    0x26  Code  Gb  usbd_cdc.o [12]
USBD_CDC_RegisterInterface
                         0x800'5431     0xe  Code  Gb  usbd_cdc.o [12]
USBD_CDC_SetRxBuffer     0x800'544f     0xc  Code  Gb  usbd_cdc.o [12]
USBD_CDC_SetTxBuffer     0x800'543f    0x10  Code  Gb  usbd_cdc.o [12]
USBD_CDC_Setup           0x800'52bd    0xa8  Code  Lc  usbd_cdc.o [12]
USBD_ClrClassConfig      0x800'4fbd     0xa  Code  Gb  usbd_core.o [12]
USBD_CtlContinueRx       0x800'710f     0x4  Code  Gb  usbd_ioreq.o [12]
USBD_CtlContinueSendData
                         0x800'70eb     0x4  Code  Gb  usbd_ioreq.o [12]
USBD_CtlError            0x800'707f    0x16  Code  Gb  usbd_ctlreq.o [12]
USBD_CtlPrepareRx        0x800'70fb    0x14  Code  Gb  usbd_ioreq.o [12]
USBD_CtlReceiveStatus    0x800'712d     0xe  Code  Gb  usbd_ioreq.o [12]
USBD_CtlSendData         0x800'70db    0x10  Code  Gb  usbd_ioreq.o [12]
USBD_CtlSendStatus       0x800'711f     0xe  Code  Gb  usbd_ioreq.o [12]
USBD_FS_ConfigStrDescriptor
                         0x800'8cc5     0xc  Code  Gb  usbd_desc.o [3]
USBD_FS_DeviceDesc      0x2000'01b0    0x14  Data  Gb  usbd_desc.o [3]
USBD_FS_DeviceDescriptor
                         0x800'8c69     0x8  Code  Gb  usbd_desc.o [3]
USBD_FS_InterfaceStrDescriptor
                         0x800'8ced     0xc  Code  Gb  usbd_desc.o [3]
USBD_FS_LangIDStrDescriptor
                         0x800'8c71     0x8  Code  Gb  usbd_desc.o [3]
USBD_FS_ManufacturerStrDescriptor
                         0x800'8c85     0xa  Code  Gb  usbd_desc.o [3]
USBD_FS_ProductStrDescriptor
                         0x800'8c79     0xc  Code  Gb  usbd_desc.o [3]
USBD_FS_SerialStrDescriptor
                         0x800'8c99    0x2c  Code  Gb  usbd_desc.o [3]
USBD_GetString           0x800'7095    0x46  Code  Gb  usbd_ctlreq.o [12]
USBD_Get_USB_Status      0x800'6c69    0x12  Code  Lc  usbd_conf.o [4]
USBD_Init                0x800'4f67    0x26  Code  Gb  usbd_core.o [12]
USBD_Interface_fops_FS  0x2000'0184    0x10  Data  Gb  usbd_cdc_if.o [3]
USBD_LL_ClearStallEP     0x800'6bf3     0xc  Code  Gb  usbd_conf.o [4]
USBD_LL_CloseEP          0x800'6bdb     0xc  Code  Gb  usbd_conf.o [4]
USBD_LL_DataInStage      0x800'509d    0xae  Code  Gb  usbd_core.o [12]
USBD_LL_DataOutStage     0x800'501b    0x7a  Code  Gb  usbd_core.o [12]
USBD_LL_GetRxDataSize    0x800'6c41     0x8  Code  Gb  usbd_conf.o [4]
USBD_LL_Init             0x800'6b3b    0x7a  Code  Gb  usbd_conf.o [4]
USBD_LL_IsStallEP        0x800'6bff    0x1e  Code  Gb  usbd_conf.o [4]
USBD_LL_OpenEP           0x800'6bc5    0x16  Code  Gb  usbd_conf.o [4]
USBD_LL_PrepareReceive   0x800'6c35     0xc  Code  Gb  usbd_conf.o [4]
USBD_LL_Reset            0x800'514b    0x52  Code  Gb  usbd_core.o [12]
USBD_LL_Resume           0x800'51b3    0x12  Code  Gb  usbd_core.o [12]
USBD_LL_SOF              0x800'51c5    0x18  Code  Gb  usbd_core.o [12]
USBD_LL_SetSpeed         0x800'519d     0x6  Code  Gb  usbd_core.o [12]
USBD_LL_SetUSBAddress    0x800'6c1d     0xc  Code  Gb  usbd_conf.o [4]
USBD_LL_SetupStage       0x800'4fc7    0x54  Code  Gb  usbd_core.o [12]
USBD_LL_StallEP          0x800'6be7     0xc  Code  Gb  usbd_conf.o [4]
USBD_LL_Start            0x800'6bb5     0xa  Code  Gb  usbd_conf.o [4]
USBD_LL_Suspend          0x800'51a3    0x10  Code  Gb  usbd_core.o [12]
USBD_LL_Transmit         0x800'6c29     0xc  Code  Gb  usbd_conf.o [4]
USBD_LangIDDesc         0x2000'01c4     0x4  Data  Gb  usbd_desc.o [3]
USBD_ParseSetupRequest   0x800'7057    0x28  Code  Gb  usbd_ctlreq.o [12]
USBD_RegisterClass       0x800'4f8d    0x10  Code  Gb  usbd_core.o [12]
USBD_SetClassConfig      0x800'4fa7    0x16  Code  Gb  usbd_core.o [12]
USBD_SetConfig::cfgidx  0x2000'3a04     0x1  Data  Lc  usbd_ctlreq.o [12]
USBD_Start               0x800'4f9d     0xa  Code  Gb  usbd_core.o [12]
USBD_StdDevReq           0x800'6c7d   0x268  Code  Gb  usbd_ctlreq.o [12]
USBD_StdEPReq            0x800'6f35   0x11a  Code  Gb  usbd_ctlreq.o [12]
USBD_StdItfReq           0x800'6ee9    0x4c  Code  Gb  usbd_ctlreq.o [12]
USBD_StrDesc            0x2000'34a4   0x200  Data  Gb  usbd_desc.o [3]
USBD_StringSerial       0x2000'01c8    0x1c  Data  Gb  usbd_desc.o [3]
USBD_static_free         0x800'6c65     0x2  Code  Gb  usbd_conf.o [4]
USBD_static_malloc       0x800'6c49     0x4  Code  Gb  usbd_conf.o [4]
USBD_static_malloc::mem
                        0x2000'3284   0x220  Data  Lc  usbd_conf.o [4]
USBWakeUp_IRQHandler     0x800'90a9          Code  Wk  startup_stm32f103xb.o [1]
USB_ActivateEndpoint     0x800'82d5   0x286  Code  Gb  stm32f1xx_ll_usb.o [9]
USB_CoreInit             0x800'8295     0x4  Code  Gb  stm32f1xx_ll_usb.o [9]
USB_DeactivateEndpoint   0x800'855b   0x110  Code  Gb  stm32f1xx_ll_usb.o [9]
USB_DevConnect           0x800'8bed     0x4  Code  Gb  stm32f1xx_ll_usb.o [9]
USB_DevDisconnect        0x800'8bf1     0x4  Code  Gb  stm32f1xx_ll_usb.o [9]
USB_DevInit              0x800'82b9    0x14  Code  Gb  stm32f1xx_ll_usb.o [9]
USB_DisableGlobalInt     0x800'82a9     0xc  Code  Gb  stm32f1xx_ll_usb.o [9]
USB_EP0_OutStart         0x800'8bfb     0x4  Code  Gb  stm32f1xx_ll_usb.o [9]
USB_EPClearStall         0x800'8b67    0x7a  Code  Gb  stm32f1xx_ll_usb.o [9]
USB_EPSetStall           0x800'8b35    0x32  Code  Gb  stm32f1xx_ll_usb.o [9]
USB_EPStartXfer          0x800'866b   0x442  Code  Gb  stm32f1xx_ll_usb.o [9]
USB_EnableGlobalInt      0x800'8299    0x10  Code  Gb  stm32f1xx_ll_usb.o [9]
USB_HP_CAN1_TX_IRQHandler
                         0x800'9061          Code  Wk  startup_stm32f103xb.o [1]
USB_LP_CAN1_RX0_IRQHandler
                         0x800'8e85     0x6  Code  Gb  stm32f1xx_it.o [2]
USB_ReadInterrupts       0x800'8bf5     0x6  Code  Gb  stm32f1xx_ll_usb.o [9]
USB_ReadPMA              0x800'8c2d    0x28  Code  Gb  stm32f1xx_ll_usb.o [9]
USB_SetCurrentMode       0x800'82b5     0x4  Code  Gb  stm32f1xx_ll_usb.o [9]
USB_SetDevAddress        0x800'8be1     0xc  Code  Gb  stm32f1xx_ll_usb.o [9]
USB_WritePMA             0x800'8c09    0x24  Code  Gb  stm32f1xx_ll_usb.o [9]
UsageFault_Handler       0x800'8e81     0x2  Code  Gb  stm32f1xx_it.o [2]
UserRxBufferFS          0x2000'227c   0x400  Data  Gb  usbd_cdc_if.o [3]
UserTxBufferFS          0x2000'267c   0x400  Data  Gb  usbd_cdc_if.o [3]
WWDG_IRQHandler          0x800'9015          Code  Wk  startup_stm32f103xb.o [1]
_LC                      0x800'5819     0x6  Code  Lc  xprintffull_nomb.o [13]
_LitobFullNoMb           0x800'64e1   0x114  Code  Lc  xprintffull_nomb.o [13]
_Locale_lconv           0x2000'01e4    0x38  Data  Lc  xlocale_c.o [13]
_PrintfFullNoMb          0x800'581f   0xc92  Code  Gb  xprintffull_nomb.o [13]
_Prout                   0x800'8fb1    0x16  Code  Gb  xprout.o [13]
_PutcharsFullNoMb        0x800'664d    0x2e  Code  Lc  xprintffull_nomb.o [13]
__NVIC_SetPriority       0x800'1ef1    0x1a  Code  Lc  stm32f1xx_hal_cortex.o [9]
__aeabi_cdcmple          0x800'7295          Code  Gb  DblCmpLe.o [14]
__aeabi_cdrcmple         0x800'72c9          Code  Gb  DblCmpGe.o [14]
__aeabi_cfrcmple         0x800'57f1          Code  Gb  FltCmpGe.o [14]
__aeabi_d2f              0x800'36a5          Code  Gb  DblToFlt.o [14]
__aeabi_d2iz             0x800'7439          Code  Gb  DblToS32.o [14]
__aeabi_d2uiz            0x800'7495          Code  Gb  DblToU32.o [14]
__aeabi_dadd             0x800'3b01          Code  Gb  DblAddSub.o [14]
__aeabi_ddiv             0x800'38b9          Code  Gb  DblDiv.o [14]
__aeabi_dmul             0x800'370d          Code  Gb  DblMul.o [14]
__aeabi_dsub             0x800'3c7d          Code  Gb  DblAddSub.o [14]
__aeabi_f2d              0x800'3541          Code  Gb  FltToDbl.o [14]
__aeabi_fadd             0x800'5681          Code  Gb  FltAddSub.o [14]
__aeabi_fdiv             0x800'3429          Code  Gb  FltDiv.o [14]
__aeabi_fsub             0x800'5761          Code  Gb  FltAddSub.o [14]
__aeabi_i2d              0x800'7471          Code  Gb  S32ToDbl.o [14]
__aeabi_i2f              0x800'3405          Code  Gb  S32ToFlt.o [14]
__aeabi_ldiv0            0x800'8291          Code  Gb  I64DivZer.o [15]
__aeabi_memclr4          0x800'2861          Code  Gb  ABImemclr4.o [15]
__aeabi_ui2d             0x800'74b9          Code  Gb  U32ToDbl.o [14]
__aeabi_uldivmod         0x800'74dd          Code  Gb  I64DivMod.o [15]
__cmain                  0x800'8f61          Code  Gb  cmain.o [15]
__exit                   0x800'8c55    0x14  Code  Gb  exit.o [16]
__iar_Atan64             0x800'5481   0x200  Code  Gb  iar_Atan64.o [14]
__iar_Fail_s             0x800'7155    0x1c  Code  Gb  xfail_s.o [13]
__iar_Memchr             0x800'71cd          Code  Gb  memchr.o [15]
__iar_Memset4_word       0x800'4f25          Code  Gb  ABImemset48.o [15]
__iar_Memset8_word       0x800'4f25          Code  Gb  ABImemset48.o [15]
__iar_Stdout            0x2000'021c    0x48  Data  Gb  xfiles.o [13]
__iar_Strchr             0x800'713d          Code  Gb  strchr.o [15]
__iar_atan2_64           0x800'3589   0x10e  Code  Gb  atan2_64.o [14]
__iar_data_init3         0x800'8f19    0x28  Code  Gb  data_init.o [15]
__iar_frexp              0x800'7231          Code  Gb  frexp.o [14]
__iar_frexp64            0x800'7225          Code  Gb  frexp.o [14]
__iar_frexpl             0x800'7231          Code  Gb  frexp.o [14]
__iar_ldexp64            0x800'72fd          Code  Gb  ldexp.o [14]
__iar_lz77_init_single3
                         0x800'153b    0x7e  Code  Gb  lz77_init_single.o [15]
__iar_program_start      0x800'8f95          Code  Gb  cstartup_M.o [15]
__iar_scalbln64          0x800'72fd          Code  Gb  ldexp.o [14]
__iar_scalbn64           0x800'72fd          Code  Gb  ldexp.o [14]
__iar_small_Memcpy       0x800'40c5          Code  Gb  ABImemcpy_small.o [15]
__iar_small_Memset       0x800'2961          Code  Gb  ABImemset_small.o [15]
__iar_small_Memset_word
                         0x800'2961          Code  Gb  ABImemset_small.o [15]
__iar_small_memcpy       0x800'40c1          Code  Gb  ABImemcpy_small.o [15]
__iar_small_memcpy4      0x800'40c1          Code  Gb  ABImemcpy_small.o [15]
__iar_small_memcpy8      0x800'40c1          Code  Gb  ABImemcpy_small.o [15]
__iar_small_memset       0x800'2961          Code  Gb  ABImemset_small.o [15]
__iar_zero_init3         0x800'8eb9    0x38  Code  Gb  zero_init3.o [15]
__low_level_init         0x800'8f7f     0x4  Code  Gb  low_level_init.o [13]
__vector_table           0x800'0000          Data  Gb  startup_stm32f103xb.o [1]
__write                  0x800'8df1    0x30  Code  Gb  write.o [2]
_call_main               0x800'8f6d          Code  Gb  cmain.o [15]
_exit                    0x800'8f89          Code  Gb  cexit.o [15]
a                        0x800'8e38    0x40  Data  Lc  iar_Atan64.o [14]
abort                    0x800'828b     0x6  Code  Gb  abort.o [13]
atan2                    0x800'3589   0x10e  Code  Gb  atan2_64.o [14]
atan2l                   0x800'3589   0x10e  Code  Gb  atan2_64.o [14]
exit                     0x800'8f83     0x4  Code  Gb  exit.o [13]
frexp                    0x800'7225          Code  Gb  frexp.o [14]
frexpl                   0x800'7225          Code  Gb  frexp.o [14]
gDirection              0x2000'0000     0x1  Data  Gb  freertos.o [2]
hUsbDeviceFS            0x2000'2d6c   0x2c4  Data  Gb  usb_device.o [3]
hi2c1                   0x2000'387c    0x54  Data  Gb  i2c.o [2]
hpcd_USB_FS             0x2000'2a7c   0x2f0  Data  Gb  usbd_conf.o [4]
hspi1                   0x2000'37cc    0x58  Data  Gb  spi.o [2]
hspi2                   0x2000'3824    0x58  Data  Gb  spi.o [2]
htim4                   0x2000'3920    0x48  Data  Gb  stm32f1xx_hal_timebase_tim.o [2]
huart1                  0x2000'3968    0x48  Data  Gb  usart.o [2]
ldexp                    0x800'72fd          Code  Gb  ldexp.o [14]
ldexpl                   0x800'72fd          Code  Gb  ldexp.o [14]
ledScreen1              0x2000'0004    0x40  Data  Gb  freertos.o [2]
ledScreen2              0x2000'39b0    0x40  Data  Gb  freertos.o [2]
ledScreenData1          0x2000'39f0     0x8  Data  Gb  freertos.o [2]
ledScreenData2          0x2000'39f8     0x8  Data  Gb  freertos.o [2]
localeconv               0x800'74d5     0x4  Code  Gb  xlocale_c.o [13]
main                     0x800'1c39    0x30  Code  Gb  main.o [2]
makeFreeRtosPriority     0x800'26dd     0xc  Code  Lc  cmsis_os.o [11]
memchr                   0x800'71cd          Code  Gb  memchr.o [15]
memset                   0x800'1d05    0x14  Code  Gb  memset.o [15]
obuf                    0x2000'38d0    0x50  Data  Lc  xfiles.o [13]
osDelay                  0x800'2751     0xe  Code  Gb  cmsis_os.o [11]
osKernelStart            0x800'26e9     0xa  Code  Gb  cmsis_os.o [11]
osSemaphoreCreate        0x800'275f    0x3e  Code  Gb  cmsis_os.o [11]
osSemaphoreRelease       0x800'27eb    0x36  Code  Gb  cmsis_os.o [11]
osSemaphoreWait          0x800'279d    0x42  Code  Gb  cmsis_os.o [11]
osThreadCreate           0x800'26f3    0x5e  Code  Gb  cmsis_os.o [11]
printf                   0x800'3e5d    0x28  Code  Gb  printf.o [13]
prvAddCurrentTaskToDelayedList
                         0x800'48c1    0x5e  Code  Lc  tasks.o [11]
prvAddNewTaskToReadyList
                         0x800'420f    0xa8  Code  Lc  tasks.o [11]
prvCopyDataFromQueue     0x800'4e7b    0x28  Code  Lc  queue.o [11]
prvCopyDataToQueue       0x800'4e13    0x68  Code  Lc  queue.o [11]
prvDeleteTCB             0x800'4677    0x2e  Code  Lc  tasks.o [11]
prvIdleTask              0x800'4635    0x42  Code  Lc  tasks.o [11]
prvInitialiseNewQueue    0x800'4a53    0x18  Code  Lc  queue.o [11]
prvInitialiseNewTask     0x800'4195    0x7a  Code  Lc  tasks.o [11]
prvInsertBlockIntoFreeList
                         0x800'681f    0x46  Code  Lc  heap_4.o [11]
prvIsQueueEmpty          0x800'4f0b    0x16  Code  Lc  queue.o [11]
prvResetNextTaskUnblockTime
                         0x800'46a5    0x1a  Code  Lc  tasks.o [11]
prvTaskExitError         0x800'6921    0x1c  Code  Lc  port.o [11]
prvUnlockQueue           0x800'4ea3    0x68  Code  Lc  queue.o [11]
putchar                  0x800'8dad    0x44  Code  Gb  putchar.o [13]
pvPortMalloc             0x800'66c5    0xfe  Code  Gb  heap_4.o [11]
pvTaskIncrementMutexHeldCount
                         0x800'4887    0x14  Code  Gb  tasks.o [11]
pxCurrentTCB            0x2000'36cc     0x4  Data  Gb  tasks.o [11]
pxDelayedTaskList       0x2000'36d0     0x4  Data  Lc  tasks.o [11]
pxEnd                   0x2000'026c     0x4  Data  Lc  heap_4.o [11]
pxOverflowDelayedTaskList
                        0x2000'36d4     0x4  Data  Lc  tasks.o [11]
pxPortInitialiseStack    0x800'6901    0x20  Code  Gb  port.o [11]
pxReadyTasksLists       0x2000'3740    0x8c  Data  Lc  tasks.o [11]
sandNum                 0x2000'0001     0x1  Data  Gb  freertos.o [2]
scalbln                  0x800'72fd          Code  Gb  ldexp.o [14]
scalblnl                 0x800'72fd          Code  Gb  ldexp.o [14]
scalbn                   0x800'72fd          Code  Gb  ldexp.o [14]
scalbnl                  0x800'72fd          Code  Gb  ldexp.o [14]
scale                    0x800'65f5    0x46  Code  Lc  xprintffull_nomb.o [13]
sec_hand                0x2000'3a00     0x4  Data  Lc  xfail_s.o [13]
strchr                   0x800'713d          Code  Gb  strchr.o [15]
strlen                   0x800'7195          Code  Gb  strlen.o [15]
taskDefaultHandle       0x2000'0044     0x4  Data  Gb  freertos.o [2]
taskMPU6050Handle       0x2000'0048     0x4  Data  Gb  freertos.o [2]
taskShowFrameHandle     0x2000'004c     0x4  Data  Gb  freertos.o [2]
taskUpdateHandle        0x2000'0050     0x4  Data  Gb  freertos.o [2]
ucHeap                  0x2000'027c  0x2000  Data  Lc  heap_4.o [11]
ucMaxSysCallPriority    0x2000'0058     0x1  Data  Lc  port.o [11]
ulMaxPRIGROUPValue      0x2000'0060     0x4  Data  Lc  port.o [11]
uwTick                  0x2000'0068     0x4  Data  Gb  stm32f1xx_hal.o [9]
uwTickFreq              0x2000'0064     0x1  Data  Gb  stm32f1xx_hal.o [9]
uwTickPrio              0x2000'006c     0x4  Data  Gb  stm32f1xx_hal.o [9]
uxCriticalNesting       0x2000'005c     0x4  Data  Lc  port.o [11]
uxCurrentNumberOfTasks  0x2000'36f0     0x4  Data  Lc  tasks.o [11]
uxDeletedTasksWaitingCleanUp
                        0x2000'36d8     0x4  Data  Lc  tasks.o [11]
uxListRemove             0x800'68d9    0x26  Code  Gb  list.o [11]
uxPendedTicks           0x2000'3700     0x4  Data  Lc  tasks.o [11]
uxSchedulerSuspended    0x2000'3714     0x4  Data  Lc  tasks.o [11]
uxTaskNumber            0x2000'370c     0x4  Data  Lc  tasks.o [11]
uxTopReadyPriority      0x2000'36f8     0x4  Data  Lc  tasks.o [11]
vApplicationGetIdleTaskMemory
                         0x800'22d9    0x10  Code  Gb  freertos.o [2]
vListInitialise          0x800'686d    0x1a  Code  Gb  list.o [11]
vListInitialiseItem      0x800'6887     0x6  Code  Gb  list.o [11]
vListInsert              0x800'68a7    0x32  Code  Gb  list.o [11]
vListInsertEnd           0x800'688d    0x1a  Code  Gb  list.o [11]
vPortEnterCritical       0x800'69c1    0x32  Code  Gb  port.o [11]
vPortExitCritical        0x800'69f3    0x22  Code  Gb  port.o [11]
vPortFree                0x800'67d1    0x4e  Code  Gb  heap_4.o [11]
vPortSetupTimerInterrupt
                         0x800'770d    0x28  Code  Wk  port.o [11]
vPortStartFirstTask      0x800'779b          Code  Gb  portasm.o [11]
vPortValidateInterruptPriority
                         0x800'6a31    0x3c  Code  Gb  port.o [11]
vTaskDelay               0x800'42b7    0x2e  Code  Gb  tasks.o [11]
vTaskInternalSetTimeOutState
                         0x800'45b5     0xe  Code  Gb  tasks.o [11]
vTaskMissedYield         0x800'4629     0xa  Code  Gb  tasks.o [11]
vTaskPlaceOnEventList    0x800'4519    0x26  Code  Gb  tasks.o [11]
vTaskPriorityDisinheritAfterTimeout
                         0x800'47f1    0x88  Code  Gb  tasks.o [11]
vTaskStartScheduler      0x800'42f5    0x54  Code  Gb  tasks.o [11]
vTaskSuspendAll          0x800'4351     0xc  Code  Gb  tasks.o [11]
vTaskSwitchContext       0x800'44c7    0x52  Code  Gb  tasks.o [11]
xBlockAllocatedBit      0x2000'0278     0x4  Data  Lc  heap_4.o [11]
xDelayedTaskList1       0x2000'3718    0x14  Data  Lc  tasks.o [11]
xDelayedTaskList2       0x2000'372c    0x14  Data  Lc  tasks.o [11]
xFreeBytesRemaining     0x2000'0270     0x4  Data  Lc  heap_4.o [11]
xIdleStack              0x2000'3084   0x200  Data  Lc  freertos.o [2]
xIdleTaskTCBBuffer      0x2000'3030    0x54  Data  Lc  freertos.o [2]
xMinimumEverFreeBytesRemaining
                        0x2000'0274     0x4  Data  Lc  heap_4.o [11]
xNextTaskUnblockTime    0x2000'3710     0x4  Data  Lc  tasks.o [11]
xNumOfOverflows         0x2000'3708     0x4  Data  Lc  tasks.o [11]
xPendingReadyList       0x2000'36a4    0x14  Data  Lc  tasks.o [11]
xPortStartScheduler      0x800'693d    0x74  Code  Gb  port.o [11]
xQueueGenericCreate      0x800'4a15    0x3e  Code  Gb  queue.o [11]
xQueueGenericCreateStatic
                         0x800'49b5    0x60  Code  Gb  queue.o [11]
xQueueGenericReset       0x800'493d    0x78  Code  Gb  queue.o [11]
xQueueGenericSend        0x800'4a6b   0x126  Code  Gb  queue.o [11]
xQueueGiveFromISR        0x800'4b99    0x70  Code  Gb  queue.o [11]
xQueueReceiveFromISR     0x800'4d81    0x82  Code  Gb  queue.o [11]
xQueueSemaphoreTake      0x800'4c1d   0x12e  Code  Gb  queue.o [11]
xSchedulerRunning       0x2000'36fc     0x4  Data  Lc  tasks.o [11]
xStart                  0x2000'0264     0x8  Data  Lc  heap_4.o [11]
xSuspendedTaskList      0x2000'36dc    0x14  Data  Lc  tasks.o [11]
xTaskCheckForTimeOut     0x800'45c3    0x66  Code  Gb  tasks.o [11]
xTaskCreate              0x800'4139    0x5c  Code  Gb  tasks.o [11]
xTaskCreateStatic        0x800'40d9    0x60  Code  Gb  tasks.o [11]
xTaskGetSchedulerState   0x800'46bf    0x18  Code  Gb  tasks.o [11]
xTaskIncrementTick       0x800'4407    0xc0  Code  Gb  tasks.o [11]
xTaskPriorityDisinherit
                         0x800'4759    0x78  Code  Gb  tasks.o [11]
xTaskPriorityInherit     0x800'46d7    0x7c  Code  Gb  tasks.o [11]
xTaskRemoveFromEventList
                         0x800'4557    0x54  Code  Gb  tasks.o [11]
xTaskResumeAll           0x800'435d    0x9a  Code  Gb  tasks.o [11]
xTasksWaitingTermination
                        0x2000'36b8    0x14  Data  Lc  tasks.o [11]
xTickCount              0x2000'36f4     0x4  Data  Lc  tasks.o [11]
xYieldPending           0x2000'3704     0x4  Data  Lc  tasks.o [11]


[1] = E:\eHorglass\2.Firmware\eHorglass\EWARM\eHorglass\Obj\Application\EWARM
[2] = E:\eHorglass\2.Firmware\eHorglass\EWARM\eHorglass\Obj\Application\User\Core
[3] = E:\eHorglass\2.Firmware\eHorglass\EWARM\eHorglass\Obj\Application\User\USB_DEVICE\App
[4] = E:\eHorglass\2.Firmware\eHorglass\EWARM\eHorglass\Obj\Application\User\USB_DEVICE\Target
[5] = E:\eHorglass\2.Firmware\eHorglass\EWARM\eHorglass\Obj\Drivers\CMSIS
[6] = E:\eHorglass\2.Firmware\eHorglass\EWARM\eHorglass\Obj\Drivers\LED8x8
[7] = E:\eHorglass\2.Firmware\eHorglass\EWARM\eHorglass\Obj\Drivers\MAX7219
[8] = E:\eHorglass\2.Firmware\eHorglass\EWARM\eHorglass\Obj\Drivers\MPU6050
[9] = E:\eHorglass\2.Firmware\eHorglass\EWARM\eHorglass\Obj\Drivers\STM32F1xx_HAL_Driver
[10] = E:\eHorglass\2.Firmware\eHorglass\EWARM\eHorglass\Obj\Drivers\common
[11] = E:\eHorglass\2.Firmware\eHorglass\EWARM\eHorglass\Obj\Middlewares\FreeRTOS
[12] = E:\eHorglass\2.Firmware\eHorglass\EWARM\eHorglass\Obj\Middlewares\USB_Device_Library
[13] = dl7M_tlf.a
[14] = m7M_tl.a
[15] = rt7M_tl.a
[16] = shb_l.a

  36'831 bytes of readonly  code memory
     477 bytes of readonly  data memory
  18'949 bytes of readwrite data memory

Errors: none
Warnings: none
