###############################################################################
#
# IAR ELF Linker V9.30.1.335/W64 for ARM                  16/Feb/2024  10:04:53
# Copyright 2007-2022 IAR Systems AB.
#
#    Output file  =
#        E:\eHorglass\2.Firmware\eHorglass\EWARM\eHorglass\Exe\eHorglass.out
#    Map file     =
#        E:\eHorglass\2.Firmware\eHorglass\EWARM\eHorglass\List\eHorglass.map
#    Command line =
#        -f
#        E:\eHorglass\2.Firmware\eHorglass\EWARM\eHorglass\Exe\eHorglass.out.rsp
#        (E:\eHorglass\2.Firmware\eHorglass\EWARM\eHorglass\Obj\Application\User\Core\adc.o
#        E:\eHorglass\2.Firmware\eHorglass\EWARM\eHorglass\Obj\Drivers\AT\AT.o
#        E:\eHorglass\2.Firmware\eHorglass\EWARM\eHorglass\Obj\Drivers\common\common.o
#        E:\eHorglass\2.Firmware\eHorglass\EWARM\eHorglass\Obj\Application\User\Core\dma.o
#        E:\eHorglass\2.Firmware\eHorglass\EWARM\eHorglass\Obj\Application\User\Core\gpio.o
#        E:\eHorglass\2.Firmware\eHorglass\EWARM\eHorglass\Obj\Application\User\Core\i2c.o
#        E:\eHorglass\2.Firmware\eHorglass\EWARM\eHorglass\Obj\Application\User\Core\main.o
#        E:\eHorglass\2.Firmware\eHorglass\EWARM\eHorglass\Obj\Drivers\MAX7219\MAX7219.o
#        E:\eHorglass\2.Firmware\eHorglass\EWARM\eHorglass\Obj\Drivers\MPU6050\MPU6050.o
#        E:\eHorglass\2.Firmware\eHorglass\EWARM\eHorglass\Obj\Drivers\parameter\parameter.o
#        E:\eHorglass\2.Firmware\eHorglass\EWARM\eHorglass\Obj\Drivers\Runtime\Runtime.o
#        E:\eHorglass\2.Firmware\eHorglass\EWARM\eHorglass\Obj\Drivers\SandMove\SandMove.o
#        E:\eHorglass\2.Firmware\eHorglass\EWARM\eHorglass\Obj\Application\User\Core\spi.o
#        E:\eHorglass\2.Firmware\eHorglass\EWARM\eHorglass\Obj\Application\EWARM\startup_stm32f103xb.o
#        E:\eHorglass\2.Firmware\eHorglass\EWARM\eHorglass\Obj\Drivers\STM32F1xx_HAL_Driver\stm32f1xx_hal.o
#        E:\eHorglass\2.Firmware\eHorglass\EWARM\eHorglass\Obj\Drivers\STM32F1xx_HAL_Driver\stm32f1xx_hal_adc.o
#        E:\eHorglass\2.Firmware\eHorglass\EWARM\eHorglass\Obj\Drivers\STM32F1xx_HAL_Driver\stm32f1xx_hal_adc_ex.o
#        E:\eHorglass\2.Firmware\eHorglass\EWARM\eHorglass\Obj\Drivers\STM32F1xx_HAL_Driver\stm32f1xx_hal_cortex.o
#        E:\eHorglass\2.Firmware\eHorglass\EWARM\eHorglass\Obj\Drivers\STM32F1xx_HAL_Driver\stm32f1xx_hal_dma.o
#        E:\eHorglass\2.Firmware\eHorglass\EWARM\eHorglass\Obj\Drivers\STM32F1xx_HAL_Driver\stm32f1xx_hal_exti.o
#        E:\eHorglass\2.Firmware\eHorglass\EWARM\eHorglass\Obj\Drivers\STM32F1xx_HAL_Driver\stm32f1xx_hal_flash.o
#        E:\eHorglass\2.Firmware\eHorglass\EWARM\eHorglass\Obj\Drivers\STM32F1xx_HAL_Driver\stm32f1xx_hal_flash_ex.o
#        E:\eHorglass\2.Firmware\eHorglass\EWARM\eHorglass\Obj\Drivers\STM32F1xx_HAL_Driver\stm32f1xx_hal_gpio.o
#        E:\eHorglass\2.Firmware\eHorglass\EWARM\eHorglass\Obj\Drivers\STM32F1xx_HAL_Driver\stm32f1xx_hal_gpio_ex.o
#        E:\eHorglass\2.Firmware\eHorglass\EWARM\eHorglass\Obj\Drivers\STM32F1xx_HAL_Driver\stm32f1xx_hal_i2c.o
#        E:\eHorglass\2.Firmware\eHorglass\EWARM\eHorglass\Obj\Application\User\Core\stm32f1xx_hal_msp.o
#        E:\eHorglass\2.Firmware\eHorglass\EWARM\eHorglass\Obj\Drivers\STM32F1xx_HAL_Driver\stm32f1xx_hal_pcd.o
#        E:\eHorglass\2.Firmware\eHorglass\EWARM\eHorglass\Obj\Drivers\STM32F1xx_HAL_Driver\stm32f1xx_hal_pcd_ex.o
#        E:\eHorglass\2.Firmware\eHorglass\EWARM\eHorglass\Obj\Drivers\STM32F1xx_HAL_Driver\stm32f1xx_hal_pwr.o
#        E:\eHorglass\2.Firmware\eHorglass\EWARM\eHorglass\Obj\Drivers\STM32F1xx_HAL_Driver\stm32f1xx_hal_rcc.o
#        E:\eHorglass\2.Firmware\eHorglass\EWARM\eHorglass\Obj\Drivers\STM32F1xx_HAL_Driver\stm32f1xx_hal_rcc_ex.o
#        E:\eHorglass\2.Firmware\eHorglass\EWARM\eHorglass\Obj\Drivers\STM32F1xx_HAL_Driver\stm32f1xx_hal_spi.o
#        E:\eHorglass\2.Firmware\eHorglass\EWARM\eHorglass\Obj\Drivers\STM32F1xx_HAL_Driver\stm32f1xx_hal_tim.o
#        E:\eHorglass\2.Firmware\eHorglass\EWARM\eHorglass\Obj\Drivers\STM32F1xx_HAL_Driver\stm32f1xx_hal_tim_ex.o
#        E:\eHorglass\2.Firmware\eHorglass\EWARM\eHorglass\Obj\Drivers\STM32F1xx_HAL_Driver\stm32f1xx_hal_uart.o
#        E:\eHorglass\2.Firmware\eHorglass\EWARM\eHorglass\Obj\Application\User\Core\stm32f1xx_it.o
#        E:\eHorglass\2.Firmware\eHorglass\EWARM\eHorglass\Obj\Drivers\STM32F1xx_HAL_Driver\stm32f1xx_ll_usb.o
#        E:\eHorglass\2.Firmware\eHorglass\EWARM\eHorglass\Obj\Drivers\CMSIS\system_stm32f1xx.o
#        E:\eHorglass\2.Firmware\eHorglass\EWARM\eHorglass\Obj\Application\User\Core\tim.o
#        E:\eHorglass\2.Firmware\eHorglass\EWARM\eHorglass\Obj\Application\User\Core\usart.o
#        E:\eHorglass\2.Firmware\eHorglass\EWARM\eHorglass\Obj\Application\User\USB_DEVICE\App\usb_device.o
#        E:\eHorglass\2.Firmware\eHorglass\EWARM\eHorglass\Obj\Middlewares\USB_Device_Library\usbd_cdc.o
#        E:\eHorglass\2.Firmware\eHorglass\EWARM\eHorglass\Obj\Application\User\USB_DEVICE\App\usbd_cdc_if.o
#        E:\eHorglass\2.Firmware\eHorglass\EWARM\eHorglass\Obj\Application\User\USB_DEVICE\Target\usbd_conf.o
#        E:\eHorglass\2.Firmware\eHorglass\EWARM\eHorglass\Obj\Middlewares\USB_Device_Library\usbd_core.o
#        E:\eHorglass\2.Firmware\eHorglass\EWARM\eHorglass\Obj\Middlewares\USB_Device_Library\usbd_ctlreq.o
#        E:\eHorglass\2.Firmware\eHorglass\EWARM\eHorglass\Obj\Application\User\USB_DEVICE\App\usbd_desc.o
#        E:\eHorglass\2.Firmware\eHorglass\EWARM\eHorglass\Obj\Middlewares\USB_Device_Library\usbd_ioreq.o
#        E:\eHorglass\2.Firmware\eHorglass\EWARM\eHorglass\Obj\Application\User\Core\write.o
#        --no_out_extension -o
#        E:\eHorglass\2.Firmware\eHorglass\EWARM\eHorglass\Exe\eHorglass.out
#        --redirect _Printf=_PrintfFullNoMb --redirect _Scanf=_ScanfFullNoMb
#        --map
#        E:\eHorglass\2.Firmware\eHorglass\EWARM\eHorglass\List\eHorglass.map
#        --config E:\eHorglass\2.Firmware\eHorglass\EWARM/stm32f103xb_flash.icf
#        --semihosting --entry __iar_program_start --vfe --text_out locale
#        --cpu=Cortex-M3 --fpu=None)
#
###############################################################################

*******************************************************************************
*** RUNTIME MODEL ATTRIBUTES
***

CppFlavor       = *
__CPP_Runtime   = 1
__SystemLibrary = DLib
__dlib_version  = 6


*******************************************************************************
*** HEAP SELECTION
***

The basic heap was selected because --advanced_heap
was not specified and the application did not appear to
be primarily optimized for speed.


*******************************************************************************
*** PLACEMENT SUMMARY
***

"A0":  place at address 0x800'0000 { ro section .intvec };
"P1":  place in [from 0x800'0000 to 0x801'fbff] { ro };
define block CSTACK with size = 2K, alignment = 8 { };
define block HEAP with size = 2K, alignment = 8 { };
"P2":  place in [from 0x2000'0000 to 0x2000'4fff] {
          rw, block CSTACK, block HEAP };
initialize by copy { rw };

  Section            Kind         Address    Size  Object
  -------            ----         -------    ----  ------
"A0":                                        0xec
  .intvec            ro code   0x800'0000    0xec  startup_stm32f103xb.o [1]
                             - 0x800'00ec    0xec

"P1":                                      0xbbe2
  .rodata            const     0x800'00ec  0x1800  SandMove.o [11]
  .text              ro code   0x800'18ec  0x144e  stm32f1xx_hal_i2c.o [10]
  .text              ro code   0x800'2d3a    0x7e  lz77_init_single.o [17]
  .text              ro code   0x800'2db8    0xac  i2c.o [2]
  .text              ro code   0x800'2e64   0x4be  stm32f1xx_hal_rcc.o [10]
  .text              ro code   0x800'3322    0x1e  xsscin.o [15]
  .text              ro code   0x800'3340     0xc  stm32f1xx_hal.o [10]
  .text              ro code   0x800'334c     0x2  stm32f1xx_hal_i2c.o [10]
  .text              ro code   0x800'334e     0x2  stm32f1xx_hal_i2c.o [10]
  .text              ro code   0x800'3350     0x2  stm32f1xx_hal_i2c.o [10]
  .text              ro code   0x800'3352     0x2  stm32f1xx_hal_i2c.o [10]
  .text              ro code   0x800'3354     0x2  stm32f1xx_hal_i2c.o [10]
  .text              ro code   0x800'3356     0x2  stm32f1xx_hal_i2c.o [10]
  .text              ro code   0x800'3358   0x214  stm32f1xx_hal_dma.o [10]
  .text              ro code   0x800'356c     0x2  stm32f1xx_hal_i2c.o [10]
  .text              ro code   0x800'356e     0x2  stm32f1xx_hal_i2c.o [10]
  .text              ro code   0x800'3570     0x2  stm32f1xx_hal_i2c.o [10]
  .text              ro code   0x800'3572     0x2  stm32f1xx_hal_i2c.o [10]
  .text              ro code   0x800'3574   0x2de  main.o [2]
  .text              ro code   0x800'3852    0x14  memset.o [17]
  .rodata            const     0x800'3866     0x2  xlocale_c.o [15]
  .text              ro code   0x800'3868   0x1d8  stm32f1xx_hal_gpio.o [10]
  .text              ro code   0x800'3a40    0xc4  stm32f1xx_hal_cortex.o [10]
  .text              ro code   0x800'3b04    0x40  stm32f1xx_hal.o [10]
  .text              ro code   0x800'3b44   0x1c8  AT.o [5]
  .text              ro code   0x800'3d0c     0x6  ABImemclr4.o [17]
  .rodata            const     0x800'3d12     0x2  xlocale_c.o [15]
  .text              ro code   0x800'3d14   0x874  stm32f1xx_hal_uart.o [10]
  .text              ro code   0x800'4588    0x24  stm32f1xx_hal.o [10]
  .text              ro code   0x800'45ac    0xb6  gpio.o [2]
  .rodata            const     0x800'4662     0x1  xlocale_c.o [15]
  .text              ro code   0x800'4664    0x20  dma.o [2]
  .text              ro code   0x800'4684   0x12c  spi.o [2]
  .text              ro code   0x800'47b0    0xec  usart.o [2]
  .text              ro code   0x800'489c    0xb0  adc.o [2]
  .text              ro code   0x800'494c    0x98  tim.o [2]
  .text              ro code   0x800'49e4    0xf4  parameter.o [13]
  .text              ro code   0x800'4ad8    0x30  Runtime.o [9]
  .text              ro code   0x800'4b08   0x530  stm32f1xx_hal_adc.o [10]
  .text              ro code   0x800'5038    0xa4  rand.o [15]
  .text              ro code   0x800'50dc   0x230  MPU6050.o [8]
  .text              ro code   0x800'530c    0x28  stm32f1xx_hal.o [10]
  .text              ro code   0x800'5334   0x1b6  MAX7219.o [7]
  .text              ro code   0x800'54ec   0x3e4  SandMove.o [11]
  .text              ro code   0x800'58d0   0x1b2  stm32f1xx_hal_rcc_ex.o [10]
  .text              ro code   0x800'5a84    0x66  ABImemset.o [17]
  .text              ro code   0x800'5aec    0x28  printf.o [15]
  .text              ro code   0x800'5b14    0x28  sscanf.o [15]
  .text              ro code   0x800'5b3c    0x12  strcmp.o [17]
  .text              ro code   0x800'5b50    0x3a  ABImemset48.o [17]
  .text              ro code   0x800'5b8a     0x2  stm32f1xx_hal_uart.o [10]
  .text              ro code   0x800'5b8c     0x2  stm32f1xx_hal_uart.o [10]
  .text              ro code   0x800'5b8e     0x2  stm32f1xx_hal_uart.o [10]
  .text              ro code   0x800'5b90     0x2  stm32f1xx_hal_uart.o [10]
  .text              ro code   0x800'5b94    0x44  stm32f1xx_hal_msp.o [2]
  .text              ro code   0x800'5bd8   0x448  stm32f1xx_hal_spi.o [10]
  .text              ro code   0x800'6020   0x274  stm32f1xx_hal_tim.o [10]
  .text              ro code   0x800'6294    0x64  stm32f1xx_hal_tim_ex.o [10]
  .text              ro code   0x800'62f8   0x16c  stm32f1xx_hal_flash.o [10]
  .text              ro code   0x800'6464    0xd4  stm32f1xx_hal_flash_ex.o [10]
  .text              ro code   0x800'6538    0x24  S32ToFlt.o [16]
  .text              ro code   0x800'655c   0x118  FltDiv.o [16]
  .text              ro code   0x800'6674    0x48  FltToDbl.o [16]
  .text              ro code   0x800'66bc   0x11a  atan2_64.o [16]
  .text              ro code   0x800'67d8    0x68  DblToFlt.o [16]
  .text              ro code   0x800'6840   0x1aa  DblMul.o [16]
  .text              ro code   0x800'69ec   0x246  DblDiv.o [16]
  .text              ro code   0x800'6c34   0x25e  DblAddSub.o [16]
  .text              ro code   0x800'6e94   0x16e  FltAddSub.o [16]
  .text              ro code   0x800'7004    0x28  FltCmpGe.o [16]
  .text              ro code   0x800'702c    0x18  ABImemcpy_small.o [17]
  .text              ro code   0x800'7044   0xeaa  xprintffull_nomb.o [15]
  .text              ro code   0x800'7ef0   0xd78  xscanffull_nomb.o [15]
  .text              ro code   0x800'8c68     0x2  stm32f1xx_hal_spi.o [10]
  .text              ro code   0x800'8c6c    0x1e  U64Shr.o [17]
  .text              ro code   0x800'8c8c   0x200  iar_Atan64.o [16]
  .text              ro code   0x800'8e8c    0x16  strchr.o [17]
  .text              ro code   0x800'8ea4    0x40  xfail_s.o [15]
  .text              ro code   0x800'8ee4    0x36  strlen.o [17]
  .text              ro code   0x800'8f1c    0x58  memchr.o [17]
  .text              ro code   0x800'8f74    0x70  frexp.o [16]
  .text              ro code   0x800'8fe4    0x34  DblCmpLe.o [16]
  .text              ro code   0x800'9018    0x34  DblCmpGe.o [16]
  .text              ro code   0x800'904c   0x13a  ldexp.o [16]
  .text              ro code   0x800'9188    0x36  DblToS32.o [16]
  .text              ro code   0x800'91c0    0x22  S32ToDbl.o [16]
  .text              ro code   0x800'91e4    0x22  DblToU32.o [16]
  .text              ro code   0x800'9208    0x1c  U32ToDbl.o [16]
  .text              ro code   0x800'9224    0x4c  xlocale_c.o [15]
  .text              ro code   0x800'9270   0x230  I64DivMod.o [17]
  .text              ro code   0x800'94a0    0x14  isspace.o [15]
  .text              ro code   0x800'94b4    0x14  isalpha.o [15]
  .text              ro code   0x800'94c8   0x2fc  strto64.o [16]
  .text              ro code   0x800'97c4   0x1b2  iar_Stoullx.o [15]
  .text              ro code   0x800'9978    0xaa  iar_Stollx.o [15]
  .text              ro code   0x800'9a22     0x6  abort.o [15]
  .text              ro code   0x800'9a28     0x2  I64DivZer.o [17]
  .text              ro code   0x800'9a2a   0x122  iar_Stopfx.o [15]
  .text              ro code   0x800'9b4c   0x1b8  iar_Stoflt.o [15]
  .text              ro code   0x800'9d04   0x208  iar_Stoxflt.o [15]
  .text              ro code   0x800'9f0c    0x14  tolower.o [15]
  .text              ro code   0x800'9f20    0x14  exit.o [18]
  .text              ro code   0x800'9f34   0x97e  stm32f1xx_hal_pcd.o [10]
  .text              ro code   0x800'a8b4   0x85e  stm32f1xx_ll_usb.o [10]
  .text              ro code   0x800'b114   0x10e  usbd_conf.o [4]
  .text              ro code   0x800'b222   0x23c  usbd_core.o [14]
  .text              ro code   0x800'b460   0x418  usbd_ctlreq.o [14]
  .text              ro code   0x800'b878    0x4c  usbd_ioreq.o [14]
  .rodata            const     0x800'b8c4    0x50  iar_Stoullx.o [15]
  .rodata            const     0x800'b918    0x48  strto64.o [16]
  .text              ro code   0x800'b960    0x48  stm32f1xx_it.o [2]
  .text              ro code   0x800'b9a8    0x10  stm32f1xx_hal.o [10]
  .text              ro code   0x800'b9b8    0x44  putchar.o [15]
  .text              ro code   0x800'b9fc    0x30  write.o [2]
  .rodata            const     0x800'ba2c    0x24  xscanffull_nomb.o [15]
  .rodata            const     0x800'ba50    0x40  iar_Atan64.o [16]
  .text              ro code   0x800'ba90    0x38  zero_init3.o [17]
  .rodata            const     0x800'bac8    0x28  xscanffull_nomb.o [15]
  .text              ro code   0x800'baf0    0x28  data_init.o [17]
  .iar.init_table    const     0x800'bb18    0x20  - Linker created -
  .text              ro code   0x800'bb38    0x1e  cmain.o [17]
  .text              ro code   0x800'bb56     0x4  low_level_init.o [15]
  .text              ro code   0x800'bb5a     0x4  exit.o [15]
  .text              ro code   0x800'bb60     0xa  cexit.o [17]
  .text              ro code   0x800'bb6c    0x1c  cstartup_M.o [17]
  .text              ro code   0x800'bb88    0x16  xprout.o [15]
  .text              ro code   0x800'bba0    0x14  system_stm32f1xx.o [6]
  .text              ro code   0x800'bbb4    0x10  startup_stm32f103xb.o [1]
  .rodata            const     0x800'bbc4     0x8  system_stm32f1xx.o [6]
  .text              ro code   0x800'bbcc     0x4  startup_stm32f103xb.o [1]
  .text              ro code   0x800'bbd0     0x4  startup_stm32f103xb.o [1]
  .text              ro code   0x800'bbd4     0x4  startup_stm32f103xb.o [1]
  .text              ro code   0x800'bbd8     0x4  startup_stm32f103xb.o [1]
  .text              ro code   0x800'bbdc     0x4  startup_stm32f103xb.o [1]
  .text              ro code   0x800'bbe0     0x4  startup_stm32f103xb.o [1]
  .text              ro code   0x800'bbe4     0x4  startup_stm32f103xb.o [1]
  .text              ro code   0x800'bbe8     0x4  startup_stm32f103xb.o [1]
  .text              ro code   0x800'bbec     0x4  startup_stm32f103xb.o [1]
  .text              ro code   0x800'bbf0     0x4  startup_stm32f103xb.o [1]
  .text              ro code   0x800'bbf4     0x4  startup_stm32f103xb.o [1]
  .text              ro code   0x800'bbf8     0x4  startup_stm32f103xb.o [1]
  .text              ro code   0x800'bbfc     0x4  startup_stm32f103xb.o [1]
  .text              ro code   0x800'bc00     0x4  startup_stm32f103xb.o [1]
  .text              ro code   0x800'bc04     0x4  startup_stm32f103xb.o [1]
  .text              ro code   0x800'bc08     0x4  startup_stm32f103xb.o [1]
  .text              ro code   0x800'bc0c     0x4  startup_stm32f103xb.o [1]
  .text              ro code   0x800'bc10     0x4  startup_stm32f103xb.o [1]
  .text              ro code   0x800'bc14     0x4  startup_stm32f103xb.o [1]
  .text              ro code   0x800'bc18     0x4  startup_stm32f103xb.o [1]
  .text              ro code   0x800'bc1c     0x4  startup_stm32f103xb.o [1]
  .text              ro code   0x800'bc20     0x4  startup_stm32f103xb.o [1]
  .text              ro code   0x800'bc24     0x4  startup_stm32f103xb.o [1]
  .text              ro code   0x800'bc28     0x4  startup_stm32f103xb.o [1]
  .text              ro code   0x800'bc2c     0x4  startup_stm32f103xb.o [1]
  .text              ro code   0x800'bc30     0x4  startup_stm32f103xb.o [1]
  .text              ro code   0x800'bc34     0x4  startup_stm32f103xb.o [1]
  .text              ro code   0x800'bc38     0x4  startup_stm32f103xb.o [1]
  .text              ro code   0x800'bc3c     0x4  startup_stm32f103xb.o [1]
  .text              ro code   0x800'bc40     0x4  startup_stm32f103xb.o [1]
  .text              ro code   0x800'bc44     0x4  startup_stm32f103xb.o [1]
  .text              ro code   0x800'bc48     0x4  startup_stm32f103xb.o [1]
  .text              ro code   0x800'bc4c     0x4  startup_stm32f103xb.o [1]
  .text              ro code   0x800'bc50     0x4  startup_stm32f103xb.o [1]
  .text              ro code   0x800'bc54     0x4  startup_stm32f103xb.o [1]
  .text              ro code   0x800'bc58     0x4  startup_stm32f103xb.o [1]
  .text              ro code   0x800'bc5c     0x4  startup_stm32f103xb.o [1]
  .text              ro code   0x800'bc60     0x4  startup_stm32f103xb.o [1]
  .rodata            const     0x800'bc64     0x0  zero_init3.o [17]
  .rodata            const     0x800'bc64     0x0  lz77_init_single.o [17]
  Initializer bytes  const     0x800'bc64    0x6a  <for P2-1>
                             - 0x800'bcce  0xbbe2

"P2", part 1 of 3:                           0xf0
  P2-1                        0x2000'0000    0xf0  <Init block>
    .data            inited   0x2000'0000    0x10  parameter.o [13]
    .data            inited   0x2000'0010     0xc  stm32f1xx_hal.o [10]
    .data            inited   0x2000'001c     0x4  system_stm32f1xx.o [6]
    .data            inited   0x2000'0020     0x8  rand.o [15]
    .data            inited   0x2000'0028    0x38  xlocale_c.o [15]
    .data            inited   0x2000'0060    0x48  xlocale_c.o [15]
    .data            inited   0x2000'00a8    0x48  xfiles.o [15]
                            - 0x2000'00f0    0xf0

"P2", part 2 of 3:                          0x7a8
  .bss               zero     0x2000'00f0   0x2f0  usbd_conf.o [4]
  .bss               zero     0x2000'03e0   0x100  main.o [2]
  .bss               zero     0x2000'04e0    0xa0  main.o [2]
  .bss               zero     0x2000'0580    0x84  rand.o [15]
  .bss               zero     0x2000'0604    0x58  spi.o [2]
  .bss               zero     0x2000'065c    0x58  spi.o [2]
  .bss               zero     0x2000'06b4    0x54  i2c.o [2]
  .bss               zero     0x2000'0708    0x50  xfiles.o [15]
  .bss               zero     0x2000'0758    0x48  tim.o [2]
  .bss               zero     0x2000'07a0    0x48  usart.o [2]
  .bss               zero     0x2000'07e8    0x44  usart.o [2]
  .bss               zero     0x2000'082c    0x30  adc.o [2]
  .bss               zero     0x2000'085c     0x4  AT.o [5]
  .bss               zero     0x2000'0860    0x20  stm32f1xx_hal_flash.o [10]
  .bss               zero     0x2000'0880    0x10  parameter.o [13]
  .bss               zero     0x2000'0890     0x4  xfail_s.o [15]
  .bss               zero     0x2000'0894     0x1  usbd_ctlreq.o [14]
                            - 0x2000'0895   0x7a5

"P2", part 3 of 3:                          0x800
  CSTACK                      0x2000'0898   0x800  <Block>
    CSTACK           uninit   0x2000'0898   0x800  <Block tail>
                            - 0x2000'1098   0x800

Unused ranges:

         From           To      Size
         ----           --      ----
   0x800'bcce   0x801'fbff  0x1'3f32
  0x2000'1098  0x2000'4fff    0x3f68


*******************************************************************************
*** INIT TABLE
***

          Address      Size
          -------      ----
Zero (__iar_zero_init3)
    1 destination range, total size 0x7a5:
          0x2000'00f0  0x7a5

Copy/lz77 (__iar_lz77_init_single3)
    1 source range, total size 0x6a (44% of destination):
           0x800'bc64   0x6a
    1 destination range, total size 0xf0:
          0x2000'0000   0xf0



*******************************************************************************
*** MODULE SUMMARY
***

    Module                    ro code  ro data  rw data
    ------                    -------  -------  -------
command line/config:
    ---------------------------------------------------
    Total:

E:\eHorglass\2.Firmware\eHorglass\EWARM\eHorglass\Obj\Application\EWARM: [1]
    startup_stm32f103xb.o         404
    ---------------------------------------------------
    Total:                        404

E:\eHorglass\2.Firmware\eHorglass\EWARM\eHorglass\Obj\Application\User\Core: [2]
    adc.o                         176                48
    dma.o                          32
    gpio.o                        182
    i2c.o                         172                84
    main.o                        734               416
    spi.o                         300               176
    stm32f1xx_hal_msp.o            68
    stm32f1xx_it.o                 72
    tim.o                         152                72
    usart.o                       236               140
    write.o                        48
    ---------------------------------------------------
    Total:                      2'172               936

E:\eHorglass\2.Firmware\eHorglass\EWARM\eHorglass\Obj\Application\User\USB_DEVICE\App: [3]
    ---------------------------------------------------
    Total:

E:\eHorglass\2.Firmware\eHorglass\EWARM\eHorglass\Obj\Application\User\USB_DEVICE\Target: [4]
    usbd_conf.o                   270               752
    ---------------------------------------------------
    Total:                        270               752

E:\eHorglass\2.Firmware\eHorglass\EWARM\eHorglass\Obj\Drivers\AT: [5]
    AT.o                          456                 4
    ---------------------------------------------------
    Total:                        456                 4

E:\eHorglass\2.Firmware\eHorglass\EWARM\eHorglass\Obj\Drivers\CMSIS: [6]
    system_stm32f1xx.o             20       10        4
    ---------------------------------------------------
    Total:                         20       10        4

E:\eHorglass\2.Firmware\eHorglass\EWARM\eHorglass\Obj\Drivers\MAX7219: [7]
    MAX7219.o                     438
    ---------------------------------------------------
    Total:                        438

E:\eHorglass\2.Firmware\eHorglass\EWARM\eHorglass\Obj\Drivers\MPU6050: [8]
    MPU6050.o                     560
    ---------------------------------------------------
    Total:                        560

E:\eHorglass\2.Firmware\eHorglass\EWARM\eHorglass\Obj\Drivers\Runtime: [9]
    Runtime.o                      48
    ---------------------------------------------------
    Total:                         48

E:\eHorglass\2.Firmware\eHorglass\EWARM\eHorglass\Obj\Drivers\STM32F1xx_HAL_Driver: [10]
    stm32f1xx_hal.o               168        5       12
    stm32f1xx_hal_adc.o         1'328
    stm32f1xx_hal_cortex.o        196
    stm32f1xx_hal_dma.o           532
    stm32f1xx_hal_flash.o         364                32
    stm32f1xx_hal_flash_ex.o      212
    stm32f1xx_hal_gpio.o          472
    stm32f1xx_hal_i2c.o         5'218
    stm32f1xx_hal_pcd.o         2'430
    stm32f1xx_hal_rcc.o         1'214
    stm32f1xx_hal_rcc_ex.o        434
    stm32f1xx_hal_spi.o         1'098
    stm32f1xx_hal_tim.o           628
    stm32f1xx_hal_tim_ex.o        100
    stm32f1xx_hal_uart.o        2'172
    stm32f1xx_ll_usb.o          2'142
    ---------------------------------------------------
    Total:                     18'708        5       44

E:\eHorglass\2.Firmware\eHorglass\EWARM\eHorglass\Obj\Drivers\SandMove: [11]
    SandMove.o                    996    6'144
    ---------------------------------------------------
    Total:                        996    6'144

E:\eHorglass\2.Firmware\eHorglass\EWARM\eHorglass\Obj\Drivers\common: [12]
    ---------------------------------------------------
    Total:

E:\eHorglass\2.Firmware\eHorglass\EWARM\eHorglass\Obj\Drivers\parameter: [13]
    parameter.o                   244        7       32
    ---------------------------------------------------
    Total:                        244        7       32

E:\eHorglass\2.Firmware\eHorglass\EWARM\eHorglass\Obj\Middlewares\USB_Device_Library: [14]
    usbd_core.o                   572
    usbd_ctlreq.o               1'048                 1
    usbd_ioreq.o                   76
    ---------------------------------------------------
    Total:                      1'696                 1

dl7M_tlf.a: [15]
    abort.o                         6
    exit.o                          4
    iar_Stoflt.o                  440
    iar_Stollx.o                  170
    iar_Stopfx.o                  290
    iar_Stoullx.o                 434       80
    iar_Stoxflt.o                 520
    isalpha.o                      20
    isspace.o                      20
    low_level_init.o                4
    printf.o                       40
    putchar.o                      68
    rand.o                        164        3      140
    sscanf.o                       40
    tolower.o                      20
    xfail_s.o                      64                 4
    xfiles.o                                32      152
    xlocale_c.o                    76       62      128
    xprintffull_nomb.o          3'754
    xprout.o                       22
    xscanffull_nomb.o           3'448       76
    xsscin.o                       30
    ---------------------------------------------------
    Total:                      9'634      253      424

m7M_tl.a: [16]
    DblAddSub.o                   606
    DblCmpGe.o                     52
    DblCmpLe.o                     52
    DblDiv.o                      582
    DblMul.o                      426
    DblToFlt.o                    104
    DblToS32.o                     54
    DblToU32.o                     34
    FltAddSub.o                   366
    FltCmpGe.o                     40
    FltDiv.o                      280
    FltToDbl.o                     72
    S32ToDbl.o                     34
    S32ToFlt.o                     36
    U32ToDbl.o                     28
    atan2_64.o                    282
    frexp.o                       112
    iar_Atan64.o                  512       64
    ldexp.o                       314
    strto64.o                     764       72
    ---------------------------------------------------
    Total:                      4'750      136

rt7M_tl.a: [17]
    ABImemclr4.o                    6
    ABImemcpy_small.o              24
    ABImemset.o                   102
    ABImemset48.o                  58
    I64DivMod.o                   560
    I64DivZer.o                     2
    U64Shr.o                       30
    cexit.o                        10
    cmain.o                        30
    cstartup_M.o                   28
    data_init.o                    40
    lz77_init_single.o            126
    memchr.o                       88
    memset.o                       20
    strchr.o                       22
    strcmp.o                       18
    strlen.o                       54
    zero_init3.o                   56
    ---------------------------------------------------
    Total:                      1'274

shb_l.a: [18]
    exit.o                         20
    ---------------------------------------------------
    Total:                         20

    Gaps                           53        4
    Linker created                          32    2'048
-------------------------------------------------------
    Grand Total:               41'743    6'591    4'245


*******************************************************************************
*** ENTRY LIST
***

Entry                       Address   Size  Type      Object
-----                       -------   ----  ----      ------
.iar.init_table$$Base    0x800'bb18          --   Gb  - Linker created -
.iar.init_table$$Limit   0x800'bb38          --   Gb  - Linker created -
?main                    0x800'bb39         Code  Gb  cmain.o [17]
ADC1_2_IRQHandler        0x800'bc15         Code  Wk  startup_stm32f103xb.o [1]
ADC_ConversionStop_Disable
                         0x800'4fe9   0x48  Code  Gb  stm32f1xx_hal_adc.o [10]
ADC_Enable               0x800'4f43   0x6e  Code  Gb  stm32f1xx_hal_adc.o [10]
AHBPrescTable            0x800'bba4   0x10  Data  Gb  system_stm32f1xx.o [6]
APBPrescTable            0x800'bbc4    0x8  Data  Gb  system_stm32f1xx.o [6]
AT_Init                  0x800'3b5f    0x6  Code  Gb  AT.o [5]
AT_ParseCommand          0x800'3bb1   0xba  Code  Gb  AT.o [5]
AT_RecevieFrameTime      0x800'3b93   0x16  Code  Gb  AT.o [5]
AT_RecevieReInit         0x800'3b6d    0xa  Code  Gb  AT.o [5]
AT_RecevieSandNum        0x800'3b83   0x10  Code  Gb  AT.o [5]
AT_ResponseError         0x800'3b65    0x6  Code  Gb  AT.o [5]
BusFault_Handler         0x800'b967    0x2  Code  Gb  stm32f1xx_it.o [2]
CAN1_RX1_IRQHandler      0x800'bc1d         Code  Wk  startup_stm32f103xb.o [1]
CAN1_SCE_IRQHandler      0x800'bc21         Code  Wk  startup_stm32f103xb.o [1]
CSTACK$$Base            0x2000'0898          --   Gb  - Linker created -
CSTACK$$Limit           0x2000'1098          --   Gb  - Linker created -
DMA1_Channel1_IRQHandler
                         0x800'bbf9         Code  Wk  startup_stm32f103xb.o [1]
DMA1_Channel2_IRQHandler
                         0x800'bbfd         Code  Wk  startup_stm32f103xb.o [1]
DMA1_Channel3_IRQHandler
                         0x800'bc01         Code  Wk  startup_stm32f103xb.o [1]
DMA1_Channel4_IRQHandler
                         0x800'bc05         Code  Wk  startup_stm32f103xb.o [1]
DMA1_Channel5_IRQHandler
                         0x800'bc09         Code  Wk  startup_stm32f103xb.o [1]
DMA1_Channel6_IRQHandler
                         0x800'bc0d         Code  Wk  startup_stm32f103xb.o [1]
DMA1_Channel7_IRQHandler
                         0x800'bc11         Code  Wk  startup_stm32f103xb.o [1]
DMA_SetConfig            0x800'354b   0x22  Code  Lc  stm32f1xx_hal_dma.o [10]
DataInRange              0x800'52d9   0x32  Code  Gb  MPU6050.o [8]
DebugMon_Handler         0x800'b96d    0x2  Code  Gb  stm32f1xx_it.o [2]
Dtentox                  0x800'94c9  0x1c8  Code  Lc  strto64.o [16]
EXTI0_IRQHandler         0x800'bbe5         Code  Wk  startup_stm32f103xb.o [1]
EXTI15_10_IRQHandler     0x800'bc59         Code  Wk  startup_stm32f103xb.o [1]
EXTI1_IRQHandler         0x800'bbe9         Code  Wk  startup_stm32f103xb.o [1]
EXTI2_IRQHandler         0x800'bbed         Code  Wk  startup_stm32f103xb.o [1]
EXTI3_IRQHandler         0x800'bbf1         Code  Wk  startup_stm32f103xb.o [1]
EXTI4_IRQHandler         0x800'bbf5         Code  Wk  startup_stm32f103xb.o [1]
EXTI9_5_IRQHandler       0x800'bc25         Code  Wk  startup_stm32f103xb.o [1]
Error_Handler            0x800'384f    0x4  Code  Gb  main.o [2]
FLASH_IRQHandler         0x800'bbdd         Code  Wk  startup_stm32f103xb.o [1]
FLASH_MassErase          0x800'64f9   0x1a  Code  Lc  stm32f1xx_hal_flash_ex.o [10]
FLASH_PageErase          0x800'6513   0x1c  Code  Gb  stm32f1xx_hal_flash_ex.o [10]
FLASH_Program_HalfWord   0x800'639f   0x16  Code  Lc  stm32f1xx_hal_flash.o [10]
FLASH_SetErrorCode       0x800'6405   0x44  Code  Lc  stm32f1xx_hal_flash.o [10]
FLASH_WaitForLastOperation
                         0x800'63b5   0x50  Code  Gb  stm32f1xx_hal_flash.o [10]
HAL_ADC_ConfigChannel    0x800'4e45   0xe6  Code  Gb  stm32f1xx_hal_adc.o [10]
HAL_ADC_GetValue         0x800'4e3f    0x6  Code  Gb  stm32f1xx_hal_adc.o [10]
HAL_ADC_Init             0x800'4b09   0xf4  Code  Gb  stm32f1xx_hal_adc.o [10]
HAL_ADC_MspInit          0x800'48eb   0x52  Code  Gb  adc.o [2]
HAL_ADC_PollForConversion
                         0x800'4c47  0x152  Code  Gb  stm32f1xx_hal_adc.o [10]
HAL_ADC_Start            0x800'4bfd   0x4a  Code  Gb  stm32f1xx_hal_adc.o [10]
HAL_DMA_Abort            0x800'343b   0x4a  Code  Gb  stm32f1xx_hal_dma.o [10]
HAL_DMA_Abort_IT         0x800'3485   0x9a  Code  Gb  stm32f1xx_hal_dma.o [10]
HAL_DMA_GetState         0x800'3545    0x6  Code  Gb  stm32f1xx_hal_dma.o [10]
HAL_DMA_Init             0x800'3359   0x64  Code  Gb  stm32f1xx_hal_dma.o [10]
HAL_DMA_Start_IT         0x800'33bd   0x7e  Code  Gb  stm32f1xx_hal_dma.o [10]
HAL_Delay                0x800'530d   0x28  Code  Wk  stm32f1xx_hal.o [10]
HAL_FLASHEx_Erase        0x800'6465   0x94  Code  Gb  stm32f1xx_hal_flash_ex.o [10]
HAL_FLASH_Lock           0x800'638f    0xa  Code  Gb  stm32f1xx_hal_flash.o [10]
HAL_FLASH_Program        0x800'62f9   0x76  Code  Gb  stm32f1xx_hal_flash.o [10]
HAL_FLASH_Unlock         0x800'636f   0x20  Code  Gb  stm32f1xx_hal_flash.o [10]
HAL_GPIO_Init            0x800'3869  0x19c  Code  Gb  stm32f1xx_hal_gpio.o [10]
HAL_GPIO_WritePin        0x800'3a05    0x8  Code  Gb  stm32f1xx_hal_gpio.o [10]
HAL_GetTick              0x800'3341    0xc  Code  Wk  stm32f1xx_hal.o [10]
HAL_I2C_AbortCpltCallback
                         0x800'3573    0x2  Code  Wk  stm32f1xx_hal_i2c.o [10]
HAL_I2C_AddrCallback     0x800'3357    0x2  Code  Wk  stm32f1xx_hal_i2c.o [10]
HAL_I2C_EV_IRQHandler    0x800'1ea7  0x6d6  Code  Gb  stm32f1xx_hal_i2c.o [10]
HAL_I2C_ErrorCallback    0x800'3351    0x2  Code  Wk  stm32f1xx_hal_i2c.o [10]
HAL_I2C_Init             0x800'18ed  0x12e  Code  Gb  stm32f1xx_hal_i2c.o [10]
HAL_I2C_ListenCpltCallback
                         0x800'356f    0x2  Code  Wk  stm32f1xx_hal_i2c.o [10]
HAL_I2C_MasterRxCpltCallback
                         0x800'3355    0x2  Code  Wk  stm32f1xx_hal_i2c.o [10]
HAL_I2C_MasterTxCpltCallback
                         0x800'334f    0x2  Code  Wk  stm32f1xx_hal_i2c.o [10]
HAL_I2C_MemRxCpltCallback
                         0x800'3353    0x2  Code  Wk  stm32f1xx_hal_i2c.o [10]
HAL_I2C_MemTxCpltCallback
                         0x800'334d    0x2  Code  Wk  stm32f1xx_hal_i2c.o [10]
HAL_I2C_Mem_Read         0x800'1bd1  0x1b2  Code  Gb  stm32f1xx_hal_i2c.o [10]
HAL_I2C_Mem_Write        0x800'1a91   0xe2  Code  Gb  stm32f1xx_hal_i2c.o [10]
HAL_I2C_MspInit          0x800'2de9   0x66  Code  Gb  i2c.o [2]
HAL_I2C_SlaveRxCpltCallback
                         0x800'356d    0x2  Code  Wk  stm32f1xx_hal_i2c.o [10]
HAL_I2C_SlaveTxCpltCallback
                         0x800'3571    0x2  Code  Wk  stm32f1xx_hal_i2c.o [10]
HAL_IncTick              0x800'b9a9   0x10  Code  Wk  stm32f1xx_hal.o [10]
HAL_Init                 0x800'4589   0x20  Code  Gb  stm32f1xx_hal.o [10]
HAL_InitTick             0x800'3b05   0x40  Code  Wk  stm32f1xx_hal.o [10]
HAL_MspInit              0x800'5b95   0x44  Code  Gb  stm32f1xx_hal_msp.o [2]
HAL_NVIC_EnableIRQ       0x800'3aaf   0x16  Code  Gb  stm32f1xx_hal_cortex.o [10]
HAL_NVIC_SetPriority     0x800'3a75   0x3a  Code  Gb  stm32f1xx_hal_cortex.o [10]
HAL_NVIC_SetPriorityGrouping
                         0x800'3a5b   0x1a  Code  Gb  stm32f1xx_hal_cortex.o [10]
HAL_PCD_DataInStageCallback
                         0x800'b135   0x12  Code  Gb  usbd_conf.o [4]
HAL_PCD_DataOutStageCallback
                         0x800'b121   0x14  Code  Gb  usbd_conf.o [4]
HAL_PCD_EP_ClrStall      0x800'a857   0x2e  Code  Gb  stm32f1xx_hal_pcd.o [10]
HAL_PCD_EP_Open          0x800'a73f   0x50  Code  Gb  stm32f1xx_hal_pcd.o [10]
HAL_PCD_EP_Receive       0x800'a79b   0x24  Code  Gb  stm32f1xx_hal_pcd.o [10]
HAL_PCD_EP_SetStall      0x800'a7f1   0x66  Code  Gb  stm32f1xx_hal_pcd.o [10]
HAL_PCD_EP_Transmit      0x800'a7bf   0x28  Code  Gb  stm32f1xx_hal_pcd.o [10]
HAL_PCD_IRQHandler       0x800'9f35  0x674  Code  Gb  stm32f1xx_hal_pcd.o [10]
HAL_PCD_ResetCallback    0x800'b14f   0x24  Code  Gb  usbd_conf.o [4]
HAL_PCD_ResumeCallback   0x800'b18f    0x8  Code  Gb  usbd_conf.o [4]
HAL_PCD_SOFCallback      0x800'b147    0x8  Code  Gb  usbd_conf.o [4]
HAL_PCD_SetAddress       0x800'a723   0x1c  Code  Gb  stm32f1xx_hal_pcd.o [10]
HAL_PCD_SetupStageCallback
                         0x800'b115    0xc  Code  Gb  usbd_conf.o [4]
HAL_PCD_SuspendCallback
                         0x800'b173   0x1c  Code  Gb  usbd_conf.o [4]
HAL_RCCEx_GetPeriphCLKFreq
                         0x800'59ad   0xac  Code  Gb  stm32f1xx_hal_rcc_ex.o [10]
HAL_RCCEx_GetPeriphCLKFreq::aPLLMULFactorTable
                         0x800'5a70   0x10  Data  Lc  stm32f1xx_hal_rcc_ex.o [10]
HAL_RCCEx_GetPeriphCLKFreq::aPredivFactorTable
                         0x800'5a80    0x2  Data  Lc  stm32f1xx_hal_rcc_ex.o [10]
HAL_RCCEx_PeriphCLKConfig
                         0x800'58d1   0xda  Code  Gb  stm32f1xx_hal_rcc_ex.o [10]
HAL_RCC_ClockConfig      0x800'3179   0xf4  Code  Gb  stm32f1xx_hal_rcc.o [10]
HAL_RCC_GetPCLK1Freq     0x800'32bb   0x10  Code  Gb  stm32f1xx_hal_rcc.o [10]
HAL_RCC_GetPCLK2Freq     0x800'32cb    0xe  Code  Gb  stm32f1xx_hal_rcc.o [10]
HAL_RCC_GetSysClockFreq
                         0x800'3281   0x3a  Code  Gb  stm32f1xx_hal_rcc.o [10]
HAL_RCC_GetSysClockFreq::aPLLMULFactorTable
                         0x800'3310   0x10  Data  Lc  stm32f1xx_hal_rcc.o [10]
HAL_RCC_GetSysClockFreq::aPredivFactorTable
                         0x800'3320    0x2  Data  Lc  stm32f1xx_hal_rcc.o [10]
HAL_RCC_OscConfig        0x800'2e65  0x30c  Code  Gb  stm32f1xx_hal_rcc.o [10]
HAL_SPI_ErrorCallback    0x800'8c69    0x2  Code  Wk  stm32f1xx_hal_spi.o [10]
HAL_SPI_IRQHandler       0x800'5e23   0xec  Code  Gb  stm32f1xx_hal_spi.o [10]
HAL_SPI_Init             0x800'5bd9   0xaa  Code  Gb  stm32f1xx_hal_spi.o [10]
HAL_SPI_MspInit          0x800'46df   0x9e  Code  Gb  spi.o [2]
HAL_SPI_Transmit         0x800'5c83  0x142  Code  Gb  stm32f1xx_hal_spi.o [10]
HAL_SYSTICK_Config       0x800'3ac5   0x22  Code  Gb  stm32f1xx_hal_cortex.o [10]
HAL_TIMEx_MasterConfigSynchronization
                         0x800'6295   0x56  Code  Gb  stm32f1xx_hal_tim_ex.o [10]
HAL_TIM_Base_Init        0x800'6021   0x1a  Code  Gb  stm32f1xx_hal_tim.o [10]
HAL_TIM_Base_MspInit     0x800'49b5   0x22  Code  Gb  tim.o [2]
HAL_TIM_Base_Start       0x800'603b   0x4c  Code  Gb  stm32f1xx_hal_tim.o [10]
HAL_TIM_Base_Stop        0x800'6087   0x16  Code  Gb  stm32f1xx_hal_tim.o [10]
HAL_TIM_ConfigClockSource
                         0x800'60f1   0xaa  Code  Gb  stm32f1xx_hal_tim.o [10]
HAL_UARTEx_ReceiveToIdle_DMA
                         0x800'3e35   0x24  Code  Gb  stm32f1xx_hal_uart.o [10]
HAL_UARTEx_RxEventCallback
                         0x800'3575   0x2c  Code  Gb  main.o [2]
HAL_UART_ErrorCallback   0x800'5b8b    0x2  Code  Wk  stm32f1xx_hal_uart.o [10]
HAL_UART_IRQHandler      0x800'3ec1  0x28e  Code  Gb  stm32f1xx_hal_uart.o [10]
HAL_UART_Init            0x800'3d15   0x1e  Code  Gb  stm32f1xx_hal_uart.o [10]
HAL_UART_MspInit         0x800'47df   0xa6  Code  Gb  usart.o [2]
HAL_UART_RxCpltCallback
                         0x800'5b8f    0x2  Code  Wk  stm32f1xx_hal_uart.o [10]
HAL_UART_RxHalfCpltCallback
                         0x800'5b91    0x2  Code  Wk  stm32f1xx_hal_uart.o [10]
HAL_UART_Transmit        0x800'3d93   0x9a  Code  Gb  stm32f1xx_hal_uart.o [10]
HAL_UART_TxCpltCallback
                         0x800'5b8d    0x2  Code  Wk  stm32f1xx_hal_uart.o [10]
HardFault_Handler        0x800'b963    0x2  Code  Gb  stm32f1xx_it.o [2]
I2C1_ER_IRQHandler       0x800'bc45         Code  Wk  startup_stm32f103xb.o [1]
I2C1_EV_IRQHandler       0x800'b97b    0x6  Code  Gb  stm32f1xx_it.o [2]
I2C2_ER_IRQHandler       0x800'bc4d         Code  Wk  startup_stm32f103xb.o [1]
I2C2_EV_IRQHandler       0x800'bc49         Code  Wk  startup_stm32f103xb.o [1]
I2C_DMAAbort             0x800'2a01   0xce  Code  Lc  stm32f1xx_hal_i2c.o [10]
I2C_Flush_DR             0x800'1a27    0xe  Code  Lc  stm32f1xx_hal_i2c.o [10]
I2C_ITError              0x800'2749   0xf2  Code  Lc  stm32f1xx_hal_i2c.o [10]
I2C_IsAcknowledgeFailed
                         0x800'2d09   0x32  Code  Lc  stm32f1xx_hal_i2c.o [10]
I2C_MemoryTransmit_TXE_BTF
                         0x800'268d   0xbc  Code  Lc  stm32f1xx_hal_i2c.o [10]
I2C_RequestMemoryRead    0x800'2919   0xb6  Code  Lc  stm32f1xx_hal_i2c.o [10]
I2C_RequestMemoryWrite   0x800'287b   0x8c  Code  Lc  stm32f1xx_hal_i2c.o [10]
I2C_WaitOnBTFFlagUntilTimeout
                         0x800'2c55   0x44  Code  Lc  stm32f1xx_hal_i2c.o [10]
I2C_WaitOnFlagUntilTimeout
                         0x800'2ad9   0x68  Code  Lc  stm32f1xx_hal_i2c.o [10]
I2C_WaitOnMasterAddressFlagUntilTimeout
                         0x800'2b41   0x9a  Code  Lc  stm32f1xx_hal_i2c.o [10]
I2C_WaitOnRXNEFlagUntilTimeout
                         0x800'2cb3   0x56  Code  Lc  stm32f1xx_hal_i2c.o [10]
I2C_WaitOnTXEFlagUntilTimeout
                         0x800'2c11   0x44  Code  Lc  stm32f1xx_hal_i2c.o [10]
LoadParameters           0x800'49e5   0x48  Code  Gb  parameter.o [13]
MPU6050ReadAcc           0x800'5161   0x34  Code  Gb  MPU6050.o [8]
MPU6050_GetDirection     0x800'51a1   0xf4  Code  Gb  MPU6050.o [8]
MPU6050_Init             0x800'5115   0x4a  Code  Gb  MPU6050.o [8]
MPU6050_ReadData         0x800'50fd   0x18  Code  Gb  MPU6050.o [8]
MPU6050_WriteReg         0x800'50dd   0x20  Code  Gb  MPU6050.o [8]
MX_ADC1_Init             0x800'489d   0x4e  Code  Gb  adc.o [2]
MX_DMA_Init              0x800'4665   0x20  Code  Gb  dma.o [2]
MX_GPIO_Init             0x800'45ad   0x94  Code  Gb  gpio.o [2]
MX_I2C1_Init             0x800'2db9   0x30  Code  Gb  i2c.o [2]
MX_SPI1_Init             0x800'4685   0x18  Code  Gb  spi.o [2]
MX_SPI2_Init             0x800'469d   0x18  Code  Gb  spi.o [2]
MX_TIM3_Init             0x800'494d   0x68  Code  Gb  tim.o [2]
MX_USART1_UART_Init      0x800'47b1   0x2e  Code  Gb  usart.o [2]
Max7219_Display          0x800'5495   0x46  Code  Gb  MAX7219.o [7]
Max7219_DisplayNromal    0x800'54db    0x6  Code  Gb  MAX7219.o [7]
Max7219_Init             0x800'536d   0x50  Code  Gb  MAX7219.o [7]
Max7219_RotateData       0x800'53e5   0xb0  Code  Gb  MAX7219.o [7]
Max7219_TurnOffAll       0x800'53bd   0x1c  Code  Gb  MAX7219.o [7]
Max7219_WriteReg         0x800'5335   0x38  Code  Gb  MAX7219.o [7]
MemManage_Handler        0x800'b965    0x2  Code  Gb  stm32f1xx_it.o [2]
NMI_Handler              0x800'b961    0x2  Code  Gb  stm32f1xx_it.o [2]
PVD_IRQHandler           0x800'bbd1         Code  Wk  startup_stm32f103xb.o [1]
PendSV_Handler           0x800'b96f    0x2  Code  Gb  stm32f1xx_it.o [2]
RCC_IRQHandler           0x800'bbe1         Code  Wk  startup_stm32f103xb.o [1]
RTC_Alarm_IRQHandler     0x800'bc5d         Code  Wk  startup_stm32f103xb.o [1]
RTC_IRQHandler           0x800'bbd9         Code  Wk  startup_stm32f103xb.o [1]
Region$$Table$$Base      0x800'bb18          --   Gb  - Linker created -
Region$$Table$$Limit     0x800'bb38          --   Gb  - Linker created -
Reset_Handler            0x800'bbb5         Code  Wk  startup_stm32f103xb.o [1]
Runtime_Init             0x800'4ad9    0x2  Code  Gb  Runtime.o [9]
Runtime_Start            0x800'4ae7    0xc  Code  Gb  Runtime.o [9]
Runtime_Stop             0x800'4af3   0x10  Code  Gb  Runtime.o [9]
SPI1_IRQHandler          0x800'b981    0x6  Code  Gb  stm32f1xx_it.o [2]
SPI2_IRQHandler          0x800'b987    0x6  Code  Gb  stm32f1xx_it.o [2]
SPI_DMAAbortOnError      0x800'5f11    0xe  Code  Lc  stm32f1xx_hal_spi.o [10]
SPI_EndRxTxTransaction   0x800'5ff9   0x18  Code  Lc  stm32f1xx_hal_spi.o [10]
SPI_WaitFlagStateUntilTimeout
                         0x800'5f39   0xb4  Code  Lc  stm32f1xx_hal_spi.o [10]
SVC_Handler              0x800'b96b    0x2  Code  Gb  stm32f1xx_it.o [2]
Sand_GetDownLed          0x800'5677    0xc  Code  Gb  SandMove.o [11]
Sand_GetLoopCoord        0x800'54ed   0xe6  Code  Gb  SandMove.o [11]
Sand_GetTarget           0x800'55e9   0x82  Code  Gb  SandMove.o [11]
Sand_GetUpLed            0x800'566b    0xc  Code  Gb  SandMove.o [11]
Sand_IsDownVertex        0x800'5683   0x22  Code  Gb  SandMove.o [11]
Sand_MoveToTarget        0x800'5735   0x74  Code  Gb  SandMove.o [11]
Sand_TargetIsEmpty       0x800'56a5   0x84  Code  Gb  SandMove.o [11]
Sand_UpdateScreen        0x800'57a9   0xde  Code  Gb  SandMove.o [11]
SaveParameters           0x800'4a39   0x72  Code  Gb  parameter.o [13]
SaveParameters::EraseInitStruct
                        0x2000'0880   0x10  Data  Lc  parameter.o [13]
SysTick_Handler          0x800'b971    0x4  Code  Gb  stm32f1xx_it.o [2]
SystemClock_Config       0x800'37c5   0x8a  Code  Gb  main.o [2]
SystemCoreClock         0x2000'001c    0x4  Data  Gb  system_stm32f1xx.o [6]
SystemInit               0x800'bba1    0x2  Code  Gb  system_stm32f1xx.o [6]
TAMPER_IRQHandler        0x800'bbd5         Code  Wk  startup_stm32f103xb.o [1]
TIM1_BRK_IRQHandler      0x800'bc29         Code  Wk  startup_stm32f103xb.o [1]
TIM1_CC_IRQHandler       0x800'bc35         Code  Wk  startup_stm32f103xb.o [1]
TIM1_TRG_COM_IRQHandler
                         0x800'bc31         Code  Wk  startup_stm32f103xb.o [1]
TIM1_UP_IRQHandler       0x800'bc2d         Code  Wk  startup_stm32f103xb.o [1]
TIM2_IRQHandler          0x800'bc39         Code  Wk  startup_stm32f103xb.o [1]
TIM3_IRQHandler          0x800'bc3d         Code  Wk  startup_stm32f103xb.o [1]
TIM4_IRQHandler          0x800'bc41         Code  Wk  startup_stm32f103xb.o [1]
TIM_Base_SetConfig       0x800'61b5   0x5e  Code  Gb  stm32f1xx_hal_tim.o [10]
TIM_ETR_SetConfig        0x800'627b   0x14  Code  Gb  stm32f1xx_hal_tim.o [10]
TIM_ITRx_SetConfig       0x800'626b   0x10  Code  Lc  stm32f1xx_hal_tim.o [10]
TIM_TI1_ConfigInputStage
                         0x800'6229   0x1e  Code  Lc  stm32f1xx_hal_tim.o [10]
TIM_TI2_ConfigInputStage
                         0x800'6247   0x24  Code  Lc  stm32f1xx_hal_tim.o [10]
UART_DMAAbortOnError     0x800'4419    0xe  Code  Lc  stm32f1xx_hal_uart.o [10]
UART_DMAError            0x800'4231   0x4a  Code  Lc  stm32f1xx_hal_uart.o [10]
UART_DMAReceiveCplt      0x800'416b   0x4c  Code  Lc  stm32f1xx_hal_uart.o [10]
UART_DMARxHalfCplt       0x800'4217   0x18  Code  Lc  stm32f1xx_hal_uart.o [10]
UART_EndRxTransfer       0x800'43e1   0x36  Code  Lc  stm32f1xx_hal_uart.o [10]
UART_EndTxTransfer       0x800'43ad   0x18  Code  Lc  stm32f1xx_hal_uart.o [10]
UART_Receive_IT          0x800'4429   0xb4  Code  Lc  stm32f1xx_hal_uart.o [10]
UART_SetConfig           0x800'44f9   0x78  Code  Lc  stm32f1xx_hal_uart.o [10]
UART_Start_Receive_DMA   0x800'4311   0x7a  Code  Gb  stm32f1xx_hal_uart.o [10]
UART_WaitOnFlagUntilTimeout
                         0x800'427b   0x5e  Code  Lc  stm32f1xx_hal_uart.o [10]
USART1_IRQHandler        0x800'b98d    0x6  Code  Gb  stm32f1xx_it.o [2]
USART2_IRQHandler        0x800'bc51         Code  Wk  startup_stm32f103xb.o [1]
USART3_IRQHandler        0x800'bc55         Code  Wk  startup_stm32f103xb.o [1]
USBD_ClrClassConfig      0x800'b239    0xa  Code  Gb  usbd_core.o [14]
USBD_CtlContinueRx       0x800'b899    0x4  Code  Gb  usbd_ioreq.o [14]
USBD_CtlContinueSendData
                         0x800'b889    0x4  Code  Gb  usbd_ioreq.o [14]
USBD_CtlError            0x800'b863   0x16  Code  Gb  usbd_ctlreq.o [14]
USBD_CtlReceiveStatus    0x800'b8b7    0xe  Code  Gb  usbd_ioreq.o [14]
USBD_CtlSendData         0x800'b879   0x10  Code  Gb  usbd_ioreq.o [14]
USBD_CtlSendStatus       0x800'b8a9    0xe  Code  Gb  usbd_ioreq.o [14]
USBD_Get_USB_Status      0x800'b211   0x12  Code  Lc  usbd_conf.o [4]
USBD_LL_ClearStallEP     0x800'b1bf    0xc  Code  Gb  usbd_conf.o [4]
USBD_LL_DataInStage      0x800'b319   0xae  Code  Gb  usbd_core.o [14]
USBD_LL_DataOutStage     0x800'b297   0x7a  Code  Gb  usbd_core.o [14]
USBD_LL_IsStallEP        0x800'b1cb   0x1e  Code  Gb  usbd_conf.o [4]
USBD_LL_OpenEP           0x800'b19d   0x16  Code  Gb  usbd_conf.o [4]
USBD_LL_PrepareReceive   0x800'b201    0xc  Code  Gb  usbd_conf.o [4]
USBD_LL_Reset            0x800'b3c7   0x52  Code  Gb  usbd_core.o [14]
USBD_LL_Resume           0x800'b42f   0x12  Code  Gb  usbd_core.o [14]
USBD_LL_SOF              0x800'b441   0x18  Code  Gb  usbd_core.o [14]
USBD_LL_SetSpeed         0x800'b419    0x6  Code  Gb  usbd_core.o [14]
USBD_LL_SetUSBAddress    0x800'b1e9    0xc  Code  Gb  usbd_conf.o [4]
USBD_LL_SetupStage       0x800'b243   0x54  Code  Gb  usbd_core.o [14]
USBD_LL_StallEP          0x800'b1b3    0xc  Code  Gb  usbd_conf.o [4]
USBD_LL_Suspend          0x800'b41f   0x10  Code  Gb  usbd_core.o [14]
USBD_LL_Transmit         0x800'b1f5    0xc  Code  Gb  usbd_conf.o [4]
USBD_ParseSetupRequest   0x800'b83b   0x28  Code  Gb  usbd_ctlreq.o [14]
USBD_SetClassConfig      0x800'b223   0x16  Code  Gb  usbd_core.o [14]
USBD_SetConfig::cfgidx  0x2000'0894    0x1  Data  Lc  usbd_ctlreq.o [14]
USBD_StdDevReq           0x800'b461  0x268  Code  Gb  usbd_ctlreq.o [14]
USBD_StdEPReq            0x800'b719  0x11a  Code  Gb  usbd_ctlreq.o [14]
USBD_StdItfReq           0x800'b6cd   0x4c  Code  Gb  usbd_ctlreq.o [14]
USBWakeUp_IRQHandler     0x800'bc61         Code  Wk  startup_stm32f103xb.o [1]
USB_ActivateEndpoint     0x800'a8b5  0x286  Code  Gb  stm32f1xx_ll_usb.o [10]
USB_EP0_OutStart         0x800'b0c3    0x4  Code  Gb  stm32f1xx_ll_usb.o [10]
USB_EPClearStall         0x800'b037   0x7a  Code  Gb  stm32f1xx_ll_usb.o [10]
USB_EPSetStall           0x800'b005   0x32  Code  Gb  stm32f1xx_ll_usb.o [10]
USB_EPStartXfer          0x800'ab3b  0x442  Code  Gb  stm32f1xx_ll_usb.o [10]
USB_HP_CAN1_TX_IRQHandler
                         0x800'bc19         Code  Wk  startup_stm32f103xb.o [1]
USB_LP_CAN1_RX0_IRQHandler
                         0x800'b975    0x6  Code  Gb  stm32f1xx_it.o [2]
USB_ReadInterrupts       0x800'b0bd    0x6  Code  Gb  stm32f1xx_ll_usb.o [10]
USB_ReadPMA              0x800'b0eb   0x28  Code  Gb  stm32f1xx_ll_usb.o [10]
USB_SetDevAddress        0x800'b0b1    0xc  Code  Gb  stm32f1xx_ll_usb.o [10]
USB_WritePMA             0x800'b0c7   0x24  Code  Gb  stm32f1xx_ll_usb.o [10]
Uart_Buffer             0x2000'03e0  0x100  Data  Gb  main.o [2]
UsageFault_Handler       0x800'b969    0x2  Code  Gb  stm32f1xx_it.o [2]
WWDG_IRQHandler          0x800'bbcd         Code  Wk  startup_stm32f103xb.o [1]
_Get                     0x800'7ef1   0x12  Code  Lc  xscanffull_nomb.o [15]
_GetN                    0x800'7f03   0x22  Code  Lc  xscanffull_nomb.o [15]
_GetstrFullNoMb          0x800'8a5d  0x19e  Code  Lc  xscanffull_nomb.o [15]
_LC                      0x800'7045    0x6  Code  Lc  xprintffull_nomb.o [15]
_LitobFullNoMb           0x800'7d0d  0x114  Code  Lc  xprintffull_nomb.o [15]
_LocaleC_isalpha         0x800'922b    0xc  Code  Gb  xlocale_c.o [15]
_LocaleC_islower         0x800'9225    0x4  Code  Gb  xlocale_c.o [15]
_LocaleC_isspace         0x800'9241   0x14  Code  Gb  xlocale_c.o [15]
_LocaleC_isupper         0x800'9229    0x2  Code  Gb  xlocale_c.o [15]
_LocaleC_tolower         0x800'9255    0xc  Code  Gb  xlocale_c.o [15]
_Locale_lconv           0x2000'0028   0x38  Data  Lc  xlocale_c.o [15]
_PrintfFullNoMb          0x800'704b  0xc92  Code  Gb  xprintffull_nomb.o [15]
_Prout                   0x800'bb89   0x16  Code  Gb  xprout.o [15]
_PutcharsFullNoMb        0x800'7e79   0x2e  Code  Lc  xprintffull_nomb.o [15]
_Rand_idx               0x2000'0600    0x4  Data  Lc  rand.o [15]
_Rand_rv                0x2000'0580   0x80  Data  Lc  rand.o [15]
_Randinit               0x2000'0020    0x1  Data  Gb  rand.o [15]
_Randseed               0x2000'0024    0x4  Data  Gb  rand.o [15]
_SScin                   0x800'3323   0x1e  Code  Gb  xsscin.o [15]
_ScanfFullNoMb           0x800'7f41  0xac4  Code  Gb  xscanffull_nomb.o [15]
_UngetN                  0x800'7f25   0x1a  Code  Lc  xscanffull_nomb.o [15]
__NVIC_SetPriority       0x800'3a41   0x1a  Code  Lc  stm32f1xx_hal_cortex.o [10]
__NVIC_SystemReset       0x800'3b45   0x1a  Code  Lc  AT.o [5]
__aeabi_cdcmple          0x800'8fe5         Code  Gb  DblCmpLe.o [16]
__aeabi_cdrcmple         0x800'9019         Code  Gb  DblCmpGe.o [16]
__aeabi_cfrcmple         0x800'7005         Code  Gb  FltCmpGe.o [16]
__aeabi_d2f              0x800'67d9         Code  Gb  DblToFlt.o [16]
__aeabi_d2iz             0x800'9189         Code  Gb  DblToS32.o [16]
__aeabi_d2uiz            0x800'91e5         Code  Gb  DblToU32.o [16]
__aeabi_dadd             0x800'6c35         Code  Gb  DblAddSub.o [16]
__aeabi_ddiv             0x800'69ed         Code  Gb  DblDiv.o [16]
__aeabi_dmul             0x800'6841         Code  Gb  DblMul.o [16]
__aeabi_dsub             0x800'6db1         Code  Gb  DblAddSub.o [16]
__aeabi_f2d              0x800'6675         Code  Gb  FltToDbl.o [16]
__aeabi_fadd             0x800'6e95         Code  Gb  FltAddSub.o [16]
__aeabi_fdiv             0x800'655d         Code  Gb  FltDiv.o [16]
__aeabi_fsub             0x800'6f75         Code  Gb  FltAddSub.o [16]
__aeabi_i2d              0x800'91c1         Code  Gb  S32ToDbl.o [16]
__aeabi_i2f              0x800'6539         Code  Gb  S32ToFlt.o [16]
__aeabi_ldiv0            0x800'9a29         Code  Gb  I64DivZer.o [17]
__aeabi_llsr             0x800'8c6d         Code  Gb  U64Shr.o [17]
__aeabi_memclr4          0x800'3d0d         Code  Gb  ABImemclr4.o [17]
__aeabi_memset           0x800'5a85         Code  Gb  ABImemset.o [17]
__aeabi_memset4          0x800'5b51         Code  Gb  ABImemset48.o [17]
__aeabi_memset8          0x800'5b51         Code  Gb  ABImemset48.o [17]
__aeabi_ui2d             0x800'9209         Code  Gb  U32ToDbl.o [16]
__aeabi_uldivmod         0x800'9271         Code  Gb  I64DivMod.o [17]
__cmain                  0x800'bb39         Code  Gb  cmain.o [17]
__exit                   0x800'9f21   0x14  Code  Gb  exit.o [18]
__iar_Atan64             0x800'8c8d  0x200  Code  Gb  iar_Atan64.o [16]
__iar_Fail_s             0x800'8ea5   0x1c  Code  Gb  xfail_s.o [15]
__iar_Memchr             0x800'8f1d         Code  Gb  memchr.o [17]
__iar_Memset             0x800'5a85         Code  Gb  ABImemset.o [17]
__iar_Memset4_word       0x800'5b59         Code  Gb  ABImemset48.o [17]
__iar_Memset8_word       0x800'5b59         Code  Gb  ABImemset48.o [17]
__iar_Memset_word        0x800'5a8d         Code  Gb  ABImemset.o [17]
__iar_Stdout            0x2000'00a8   0x48  Data  Gb  xfiles.o [15]
__iar_Sto64              0x800'9691  0x112  Code  Gb  strto64.o [16]
__iar_Stoflt             0x800'9b4d  0x1b8  Code  Gb  iar_Stoflt.o [15]
__iar_Stollx             0x800'9979   0xa4  Code  Gb  iar_Stollx.o [15]
__iar_Stopfx             0x800'9a2b  0x122  Code  Gb  iar_Stopfx.o [15]
__iar_Stoullx            0x800'97c5  0x1a4  Code  Gb  iar_Stoullx.o [15]
__iar_Stoxflt            0x800'9d05  0x1d4  Code  Gb  iar_Stoxflt.o [15]
__iar_Stoxflt::digits    0x800'9edc   0x18  Data  Lc  iar_Stoxflt.o [15]
__iar_Stoxflt::vals      0x800'9ef4   0x18  Data  Lc  iar_Stoxflt.o [15]
__iar_Strchr             0x800'8e8d         Code  Gb  strchr.o [17]
__iar_atan2_64           0x800'66bd  0x10e  Code  Gb  atan2_64.o [16]
__iar_data_init3         0x800'baf1   0x28  Code  Gb  data_init.o [17]
__iar_frexp              0x800'8f81         Code  Gb  frexp.o [16]
__iar_frexp64            0x800'8f75         Code  Gb  frexp.o [16]
__iar_frexpl             0x800'8f81         Code  Gb  frexp.o [16]
__iar_globLocale        0x2000'0060   0x48  Data  Lc  xlocale_c.o [15]
__iar_global_Locale      0x800'9261    0x4  Code  Gb  xlocale_c.o [15]
__iar_ldexp64            0x800'904d         Code  Gb  ldexp.o [16]
__iar_lz77_init_single3
                         0x800'2d3b   0x7e  Code  Gb  lz77_init_single.o [17]
__iar_program_start      0x800'bb6d         Code  Gb  cstartup_M.o [17]
__iar_scalbln64          0x800'904d         Code  Gb  ldexp.o [16]
__iar_scalbn64           0x800'904d         Code  Gb  ldexp.o [16]
__iar_small_Memcpy       0x800'7031         Code  Gb  ABImemcpy_small.o [17]
__iar_small_memcpy       0x800'702d         Code  Gb  ABImemcpy_small.o [17]
__iar_small_memcpy4      0x800'702d         Code  Gb  ABImemcpy_small.o [17]
__iar_small_memcpy8      0x800'702d         Code  Gb  ABImemcpy_small.o [17]
__iar_zero_init3         0x800'ba91   0x38  Code  Gb  zero_init3.o [17]
__low_level_init         0x800'bb57    0x4  Code  Gb  low_level_init.o [15]
__vector_table           0x800'0000         Data  Gb  startup_stm32f103xb.o [1]
__write                  0x800'b9fd   0x30  Code  Gb  write.o [2]
_call_main               0x800'bb45         Code  Gb  cmain.o [17]
_exit                    0x800'bb61         Code  Gb  cexit.o [17]
a                        0x800'ba50   0x40  Data  Lc  iar_Atan64.o [16]
abort                    0x800'9a23    0x6  Code  Gb  abort.o [15]
atan2                    0x800'66bd  0x10e  Code  Gb  atan2_64.o [16]
atan2l                   0x800'66bd  0x10e  Code  Gb  atan2_64.o [16]
defaultParameters       0x2000'0000   0x10  Data  Gb  parameter.o [13]
digits                   0x800'b8ec   0x28  Data  Lc  iar_Stoullx.o [15]
exit                     0x800'bb5b    0x4  Code  Gb  exit.o [15]
flashPara               0x2000'085c    0x4  Data  Gb  AT.o [5]
frexp                    0x800'8f75         Code  Gb  frexp.o [16]
frexpl                   0x800'8f75         Code  Gb  frexp.o [16]
hadc1                   0x2000'082c   0x30  Data  Gb  adc.o [2]
hdma_usart1_rx          0x2000'07e8   0x44  Data  Gb  usart.o [2]
hi2c1                   0x2000'06b4   0x54  Data  Gb  i2c.o [2]
hpcd_USB_FS             0x2000'00f0  0x2f0  Data  Gb  usbd_conf.o [4]
hspi1                   0x2000'0604   0x58  Data  Gb  spi.o [2]
hspi2                   0x2000'065c   0x58  Data  Gb  spi.o [2]
htim3                   0x2000'0758   0x48  Data  Gb  tim.o [2]
huart1                  0x2000'07a0   0x48  Data  Gb  usart.o [2]
isalpha                  0x800'94b5   0x14  Code  Gb  isalpha.o [15]
isspace                  0x800'94a1   0x14  Code  Gb  isspace.o [15]
ldexp                    0x800'904d         Code  Gb  ldexp.o [16]
ldexpl                   0x800'904d         Code  Gb  ldexp.o [16]
ledScreen1              0x2000'04e0   0x40  Data  Gb  main.o [2]
ledScreen2              0x2000'0520   0x40  Data  Gb  main.o [2]
ledScreenData1          0x2000'0560    0x8  Data  Gb  main.o [2]
ledScreenData2          0x2000'0568    0x8  Data  Gb  main.o [2]
localeconv               0x800'9265    0x4  Code  Gb  xlocale_c.o [15]
main                     0x800'35a1  0x1f8  Code  Gb  main.o [2]
memchr                   0x800'8f1d         Code  Gb  memchr.o [17]
memset                   0x800'3853   0x14  Code  Gb  memset.o [17]
ndigs                    0x800'b8c4   0x28  Data  Lc  iar_Stoullx.o [15]
obuf                    0x2000'0708   0x50  Data  Lc  xfiles.o [15]
pFlash                  0x2000'0860   0x20  Data  Gb  stm32f1xx_hal_flash.o [10]
pows                     0x800'b918   0x48  Data  Lc  strto64.o [16]
printf                   0x800'5aed   0x28  Code  Gb  printf.o [15]
putchar                  0x800'b9b9   0x44  Code  Gb  putchar.o [15]
rand                     0x800'5039   0x8a  Code  Gb  rand.o [15]
ranmatch                 0x800'8a17   0x46  Code  Lc  xscanffull_nomb.o [15]
runPara                 0x2000'0570   0x10  Data  Gb  main.o [2]
scalbln                  0x800'904d         Code  Gb  ldexp.o [16]
scalblnl                 0x800'904d         Code  Gb  ldexp.o [16]
scalbn                   0x800'904d         Code  Gb  ldexp.o [16]
scalbnl                  0x800'904d         Code  Gb  ldexp.o [16]
scale                    0x800'7e21   0x46  Code  Lc  xprintffull_nomb.o [15]
sec_hand                0x2000'0890    0x4  Data  Lc  xfail_s.o [15]
srand                    0x800'50c3    0xa  Code  Gb  rand.o [15]
sscanf                   0x800'5b15   0x28  Code  Gb  sscanf.o [15]
strchr                   0x800'8e8d         Code  Gb  strchr.o [17]
strcmp                   0x800'5b3d         Code  Gb  strcmp.o [17]
strlen                   0x800'8ee5         Code  Gb  strlen.o [17]
strtoll                  0x800'9a1d    0x2  Code  Gb  iar_Stollx.o [15]
strtoull                 0x800'9971    0x2  Code  Gb  iar_Stoullx.o [15]
tolower                  0x800'9f0d   0x14  Code  Gb  tolower.o [15]
uwTick                  0x2000'0014    0x4  Data  Gb  stm32f1xx_hal.o [10]
uwTickFreq              0x2000'0010    0x1  Data  Gb  stm32f1xx_hal.o [10]
uwTickPrio              0x2000'0018    0x4  Data  Gb  stm32f1xx_hal.o [10]


[1] = E:\eHorglass\2.Firmware\eHorglass\EWARM\eHorglass\Obj\Application\EWARM
[2] = E:\eHorglass\2.Firmware\eHorglass\EWARM\eHorglass\Obj\Application\User\Core
[3] = E:\eHorglass\2.Firmware\eHorglass\EWARM\eHorglass\Obj\Application\User\USB_DEVICE\App
[4] = E:\eHorglass\2.Firmware\eHorglass\EWARM\eHorglass\Obj\Application\User\USB_DEVICE\Target
[5] = E:\eHorglass\2.Firmware\eHorglass\EWARM\eHorglass\Obj\Drivers\AT
[6] = E:\eHorglass\2.Firmware\eHorglass\EWARM\eHorglass\Obj\Drivers\CMSIS
[7] = E:\eHorglass\2.Firmware\eHorglass\EWARM\eHorglass\Obj\Drivers\MAX7219
[8] = E:\eHorglass\2.Firmware\eHorglass\EWARM\eHorglass\Obj\Drivers\MPU6050
[9] = E:\eHorglass\2.Firmware\eHorglass\EWARM\eHorglass\Obj\Drivers\Runtime
[10] = E:\eHorglass\2.Firmware\eHorglass\EWARM\eHorglass\Obj\Drivers\STM32F1xx_HAL_Driver
[11] = E:\eHorglass\2.Firmware\eHorglass\EWARM\eHorglass\Obj\Drivers\SandMove
[12] = E:\eHorglass\2.Firmware\eHorglass\EWARM\eHorglass\Obj\Drivers\common
[13] = E:\eHorglass\2.Firmware\eHorglass\EWARM\eHorglass\Obj\Drivers\parameter
[14] = E:\eHorglass\2.Firmware\eHorglass\EWARM\eHorglass\Obj\Middlewares\USB_Device_Library
[15] = dl7M_tlf.a
[16] = m7M_tl.a
[17] = rt7M_tl.a
[18] = shb_l.a

  41'743 bytes of readonly  code memory
   6'591 bytes of readonly  data memory
   4'245 bytes of readwrite data memory

Errors: none
Warnings: none
