###############################################################################
#
# IAR ELF Linker V9.30.1.335/W64 for ARM                  15/Feb/2024  17:16:42
# Copyright 2007-2022 IAR Systems AB.
#
#    Output file  =
#        E:\eHorglass\2.Firmware\eHorglass\EWARM\eHorglass\Exe\eHorglass.out
#    Map file     =
#        E:\eHorglass\2.Firmware\eHorglass\EWARM\eHorglass\List\eHorglass.map
#    Command line =
#        -f
#        E:\eHorglass\2.Firmware\eHorglass\EWARM\eHorglass\Exe\eHorglass.out.rsp
#        (E:\eHorglass\2.Firmware\eHorglass\EWARM\eHorglass\Obj\Application\User\Core\adc.o
#        E:\eHorglass\2.Firmware\eHorglass\EWARM\eHorglass\Obj\Drivers\AT\AT.o
#        E:\eHorglass\2.Firmware\eHorglass\EWARM\eHorglass\Obj\Drivers\common\common.o
#        E:\eHorglass\2.Firmware\eHorglass\EWARM\eHorglass\Obj\Application\User\Core\gpio.o
#        E:\eHorglass\2.Firmware\eHorglass\EWARM\eHorglass\Obj\Application\User\Core\i2c.o
#        E:\eHorglass\2.Firmware\eHorglass\EWARM\eHorglass\Obj\Application\User\Core\main.o
#        E:\eHorglass\2.Firmware\eHorglass\EWARM\eHorglass\Obj\Drivers\MAX7219\MAX7219.o
#        E:\eHorglass\2.Firmware\eHorglass\EWARM\eHorglass\Obj\Drivers\MPU6050\MPU6050.o
#        E:\eHorglass\2.Firmware\eHorglass\EWARM\eHorglass\Obj\Drivers\parameter\parameter.o
#        E:\eHorglass\2.Firmware\eHorglass\EWARM\eHorglass\Obj\Drivers\Runtime\Runtime.o
#        E:\eHorglass\2.Firmware\eHorglass\EWARM\eHorglass\Obj\Drivers\SandMove\SandMove.o
#        E:\eHorglass\2.Firmware\eHorglass\EWARM\eHorglass\Obj\Application\User\Core\spi.o
#        E:\eHorglass\2.Firmware\eHorglass\EWARM\eHorglass\Obj\Application\EWARM\startup_stm32f103xb.o
#        E:\eHorglass\2.Firmware\eHorglass\EWARM\eHorglass\Obj\Drivers\STM32F1xx_HAL_Driver\stm32f1xx_hal.o
#        E:\eHorglass\2.Firmware\eHorglass\EWARM\eHorglass\Obj\Drivers\STM32F1xx_HAL_Driver\stm32f1xx_hal_adc.o
#        E:\eHorglass\2.Firmware\eHorglass\EWARM\eHorglass\Obj\Drivers\STM32F1xx_HAL_Driver\stm32f1xx_hal_adc_ex.o
#        E:\eHorglass\2.Firmware\eHorglass\EWARM\eHorglass\Obj\Drivers\STM32F1xx_HAL_Driver\stm32f1xx_hal_cortex.o
#        E:\eHorglass\2.Firmware\eHorglass\EWARM\eHorglass\Obj\Drivers\STM32F1xx_HAL_Driver\stm32f1xx_hal_dma.o
#        E:\eHorglass\2.Firmware\eHorglass\EWARM\eHorglass\Obj\Drivers\STM32F1xx_HAL_Driver\stm32f1xx_hal_exti.o
#        E:\eHorglass\2.Firmware\eHorglass\EWARM\eHorglass\Obj\Drivers\STM32F1xx_HAL_Driver\stm32f1xx_hal_flash.o
#        E:\eHorglass\2.Firmware\eHorglass\EWARM\eHorglass\Obj\Drivers\STM32F1xx_HAL_Driver\stm32f1xx_hal_flash_ex.o
#        E:\eHorglass\2.Firmware\eHorglass\EWARM\eHorglass\Obj\Drivers\STM32F1xx_HAL_Driver\stm32f1xx_hal_gpio.o
#        E:\eHorglass\2.Firmware\eHorglass\EWARM\eHorglass\Obj\Drivers\STM32F1xx_HAL_Driver\stm32f1xx_hal_gpio_ex.o
#        E:\eHorglass\2.Firmware\eHorglass\EWARM\eHorglass\Obj\Drivers\STM32F1xx_HAL_Driver\stm32f1xx_hal_i2c.o
#        E:\eHorglass\2.Firmware\eHorglass\EWARM\eHorglass\Obj\Application\User\Core\stm32f1xx_hal_msp.o
#        E:\eHorglass\2.Firmware\eHorglass\EWARM\eHorglass\Obj\Drivers\STM32F1xx_HAL_Driver\stm32f1xx_hal_pcd.o
#        E:\eHorglass\2.Firmware\eHorglass\EWARM\eHorglass\Obj\Drivers\STM32F1xx_HAL_Driver\stm32f1xx_hal_pcd_ex.o
#        E:\eHorglass\2.Firmware\eHorglass\EWARM\eHorglass\Obj\Drivers\STM32F1xx_HAL_Driver\stm32f1xx_hal_pwr.o
#        E:\eHorglass\2.Firmware\eHorglass\EWARM\eHorglass\Obj\Drivers\STM32F1xx_HAL_Driver\stm32f1xx_hal_rcc.o
#        E:\eHorglass\2.Firmware\eHorglass\EWARM\eHorglass\Obj\Drivers\STM32F1xx_HAL_Driver\stm32f1xx_hal_rcc_ex.o
#        E:\eHorglass\2.Firmware\eHorglass\EWARM\eHorglass\Obj\Drivers\STM32F1xx_HAL_Driver\stm32f1xx_hal_spi.o
#        E:\eHorglass\2.Firmware\eHorglass\EWARM\eHorglass\Obj\Drivers\STM32F1xx_HAL_Driver\stm32f1xx_hal_tim.o
#        E:\eHorglass\2.Firmware\eHorglass\EWARM\eHorglass\Obj\Drivers\STM32F1xx_HAL_Driver\stm32f1xx_hal_tim_ex.o
#        E:\eHorglass\2.Firmware\eHorglass\EWARM\eHorglass\Obj\Drivers\STM32F1xx_HAL_Driver\stm32f1xx_hal_uart.o
#        E:\eHorglass\2.Firmware\eHorglass\EWARM\eHorglass\Obj\Application\User\Core\stm32f1xx_it.o
#        E:\eHorglass\2.Firmware\eHorglass\EWARM\eHorglass\Obj\Drivers\STM32F1xx_HAL_Driver\stm32f1xx_ll_usb.o
#        E:\eHorglass\2.Firmware\eHorglass\EWARM\eHorglass\Obj\Drivers\CMSIS\system_stm32f1xx.o
#        E:\eHorglass\2.Firmware\eHorglass\EWARM\eHorglass\Obj\Application\User\Core\tim.o
#        E:\eHorglass\2.Firmware\eHorglass\EWARM\eHorglass\Obj\Application\User\Core\usart.o
#        E:\eHorglass\2.Firmware\eHorglass\EWARM\eHorglass\Obj\Application\User\USB_DEVICE\App\usb_device.o
#        E:\eHorglass\2.Firmware\eHorglass\EWARM\eHorglass\Obj\Middlewares\USB_Device_Library\usbd_cdc.o
#        E:\eHorglass\2.Firmware\eHorglass\EWARM\eHorglass\Obj\Application\User\USB_DEVICE\App\usbd_cdc_if.o
#        E:\eHorglass\2.Firmware\eHorglass\EWARM\eHorglass\Obj\Application\User\USB_DEVICE\Target\usbd_conf.o
#        E:\eHorglass\2.Firmware\eHorglass\EWARM\eHorglass\Obj\Middlewares\USB_Device_Library\usbd_core.o
#        E:\eHorglass\2.Firmware\eHorglass\EWARM\eHorglass\Obj\Middlewares\USB_Device_Library\usbd_ctlreq.o
#        E:\eHorglass\2.Firmware\eHorglass\EWARM\eHorglass\Obj\Application\User\USB_DEVICE\App\usbd_desc.o
#        E:\eHorglass\2.Firmware\eHorglass\EWARM\eHorglass\Obj\Middlewares\USB_Device_Library\usbd_ioreq.o
#        E:\eHorglass\2.Firmware\eHorglass\EWARM\eHorglass\Obj\Application\User\Core\write.o
#        --no_out_extension -o
#        E:\eHorglass\2.Firmware\eHorglass\EWARM\eHorglass\Exe\eHorglass.out
#        --redirect _Printf=_PrintfFullNoMb --redirect _Scanf=_ScanfFullNoMb
#        --map
#        E:\eHorglass\2.Firmware\eHorglass\EWARM\eHorglass\List\eHorglass.map
#        --config E:\eHorglass\2.Firmware\eHorglass\EWARM/stm32f103xb_flash.icf
#        --semihosting --entry __iar_program_start --vfe --text_out locale
#        --cpu=Cortex-M3 --fpu=None)
#
###############################################################################

*******************************************************************************
*** RUNTIME MODEL ATTRIBUTES
***

CppFlavor       = *
__CPP_Runtime   = 1
__SystemLibrary = DLib
__dlib_version  = 6


*******************************************************************************
*** HEAP SELECTION
***

The basic heap was selected because --advanced_heap
was not specified and the application did not appear to
be primarily optimized for speed.


*******************************************************************************
*** PLACEMENT SUMMARY
***

"A0":  place at address 0x800'0000 { ro section .intvec };
"P1":  place in [from 0x800'0000 to 0x801'fbff] { ro };
define block CSTACK with size = 1K, alignment = 8 { };
define block HEAP with size = 1K, alignment = 8 { };
"P2":  place in [from 0x2000'0000 to 0x2000'4fff] {
          rw, block CSTACK, block HEAP };
initialize by copy { rw };

  Section            Kind         Address    Size  Object
  -------            ----         -------    ----  ------
"A0":                                        0xec
  .intvec            ro code   0x800'0000    0xec  startup_stm32f103xb.o [1]
                             - 0x800'00ec    0xec

"P1":                                      0xa199
  .rodata            const     0x800'00ec  0x1800  SandMove.o [11]
  .text              ro code   0x800'18ec  0x144e  stm32f1xx_hal_i2c.o [10]
  .text              ro code   0x800'2d3a    0x7e  lz77_init_single.o [17]
  .text              ro code   0x800'2db8    0xac  i2c.o [2]
  .text              ro code   0x800'2e64   0x4be  stm32f1xx_hal_rcc.o [10]
  .rodata            const     0x800'3322     0x2  xlocale_c.o [15]
  .text              ro code   0x800'3324     0xc  stm32f1xx_hal.o [10]
  .text              ro code   0x800'3330     0x2  stm32f1xx_hal_i2c.o [10]
  .text              ro code   0x800'3332     0x2  stm32f1xx_hal_i2c.o [10]
  .text              ro code   0x800'3334     0x2  stm32f1xx_hal_i2c.o [10]
  .text              ro code   0x800'3336     0x2  stm32f1xx_hal_i2c.o [10]
  .text              ro code   0x800'3338     0x2  stm32f1xx_hal_i2c.o [10]
  .text              ro code   0x800'333a     0x2  stm32f1xx_hal_i2c.o [10]
  .text              ro code   0x800'333c    0xbe  stm32f1xx_hal_dma.o [10]
  .text              ro code   0x800'33fa     0x2  stm32f1xx_hal_i2c.o [10]
  .text              ro code   0x800'33fc     0x2  stm32f1xx_hal_i2c.o [10]
  .text              ro code   0x800'33fe     0x2  stm32f1xx_hal_i2c.o [10]
  .text              ro code   0x800'3400     0x2  stm32f1xx_hal_i2c.o [10]
  .rodata            const     0x800'3402     0x1  xlocale_c.o [15]
  .text              ro code   0x800'3404   0x2bc  main.o [2]
  .text              ro code   0x800'36c0    0x14  memset.o [17]
  .text              ro code   0x800'36d4   0x1e8  stm32f1xx_hal_gpio.o [10]
  .text              ro code   0x800'38bc    0xc4  stm32f1xx_hal_cortex.o [10]
  .text              ro code   0x800'3980    0x40  stm32f1xx_hal.o [10]
  .text              ro code   0x800'39c0    0x24  stm32f1xx_hal.o [10]
  .text              ro code   0x800'39e4    0xb6  gpio.o [2]
  .text              ro code   0x800'3a9c   0x12c  spi.o [2]
  .text              ro code   0x800'3bc8    0xac  usart.o [2]
  .text              ro code   0x800'3c74    0x54  usb_device.o [3]
  .text              ro code   0x800'3cc8    0xb0  adc.o [2]
  .text              ro code   0x800'3d78    0x98  tim.o [2]
  .text              ro code   0x800'3e10    0xf4  parameter.o [13]
  .text              ro code   0x800'3f04    0x30  Runtime.o [9]
  .text              ro code   0x800'3f34   0x530  stm32f1xx_hal_adc.o [10]
  .text              ro code   0x800'4464    0xa4  rand.o [15]
  .text              ro code   0x800'4508   0x214  MPU6050.o [8]
  .text              ro code   0x800'471c    0x28  stm32f1xx_hal.o [10]
  .text              ro code   0x800'4744   0x1b6  MAX7219.o [7]
  .text              ro code   0x800'48fa     0x4  time_trampoline.o [15]
  .text              ro code   0x800'4900   0x3e4  SandMove.o [11]
  .text              ro code   0x800'4ce4    0x28  printf.o [15]
  .text              ro code   0x800'4d0c     0x6  ABImemclr4.o [17]
  .text              ro code   0x800'4d14   0x1b2  stm32f1xx_hal_rcc_ex.o [10]
  .text              ro code   0x800'4ec8    0x66  ABImemset.o [17]
  .text              ro code   0x800'4f30    0x44  stm32f1xx_hal_msp.o [2]
  .text              ro code   0x800'4f74   0x448  stm32f1xx_hal_spi.o [10]
  .text              ro code   0x800'53bc   0x238  stm32f1xx_hal_uart.o [10]
  .text              ro code   0x800'55f4   0x27c  usbd_core.o [14]
  .text              ro code   0x800'5870   0x29c  usbd_cdc.o [14]
  .text              ro code   0x800'5b0c   0x274  stm32f1xx_hal_tim.o [10]
  .text              ro code   0x800'5d80    0x64  stm32f1xx_hal_tim_ex.o [10]
  .text              ro code   0x800'5de4    0x3a  ABImemset48.o [17]
  .text              ro code   0x800'5e20   0x16c  stm32f1xx_hal_flash.o [10]
  .text              ro code   0x800'5f8c    0xd4  stm32f1xx_hal_flash_ex.o [10]
  .text              ro code   0x800'6060    0x24  S32ToFlt.o [16]
  .text              ro code   0x800'6084   0x118  FltDiv.o [16]
  .text              ro code   0x800'619c    0x48  FltToDbl.o [16]
  .text              ro code   0x800'61e4   0x11a  atan2_64.o [16]
  .text              ro code   0x800'6300    0x68  DblToFlt.o [16]
  .text              ro code   0x800'6368   0x1aa  DblMul.o [16]
  .text              ro code   0x800'6514   0x246  DblDiv.o [16]
  .text              ro code   0x800'675c   0x25e  DblAddSub.o [16]
  .text              ro code   0x800'69bc   0x16e  FltAddSub.o [16]
  .text              ro code   0x800'6b2c    0x28  FltCmpGe.o [16]
  .text              ro code   0x800'6b54    0x14  time64.o [18]
  .text              ro code   0x800'6b68    0x18  ABImemcpy_small.o [17]
  .text              ro code   0x800'6b80   0xeaa  xprintffull_nomb.o [15]
  .text              ro code   0x800'7a2a     0x2  stm32f1xx_hal_spi.o [10]
  .text              ro code   0x800'7a2c   0x1f6  usbd_conf.o [4]
  .text              ro code   0x800'7c24   0x45e  usbd_ctlreq.o [14]
  .text              ro code   0x800'8082    0x60  usbd_ioreq.o [14]
  .text              ro code   0x800'80e4    0x1e  U64Shr.o [17]
  .text              ro code   0x800'8104   0x200  iar_Atan64.o [16]
  .text              ro code   0x800'8304    0x16  strchr.o [17]
  .text              ro code   0x800'831c    0x40  xfail_s.o [15]
  .text              ro code   0x800'835c    0x36  strlen.o [17]
  .text              ro code   0x800'8394    0x58  memchr.o [17]
  .text              ro code   0x800'83ec    0x70  frexp.o [16]
  .text              ro code   0x800'845c    0x34  DblCmpLe.o [16]
  .text              ro code   0x800'8490    0x34  DblCmpGe.o [16]
  .text              ro code   0x800'84c4   0x13a  ldexp.o [16]
  .text              ro code   0x800'8600    0x36  DblToS32.o [16]
  .text              ro code   0x800'8638    0x22  S32ToDbl.o [16]
  .text              ro code   0x800'865c    0x22  DblToU32.o [16]
  .text              ro code   0x800'8680    0x1c  U32ToDbl.o [16]
  .text              ro code   0x800'869c     0x8  xlocale_c.o [15]
  .text              ro code   0x800'86a4   0x230  I64DivMod.o [17]
  .text              ro code   0x800'88d4   0xa9a  stm32f1xx_hal_pcd.o [10]
  .text              ro code   0x800'936e    0x34  stm32f1xx_hal_pcd_ex.o [10]
  .text              ro code   0x800'93a2     0x6  abort.o [15]
  .text              ro code   0x800'93a8     0x2  I64DivZer.o [17]
  .text              ro code   0x800'93ac   0x9c0  stm32f1xx_ll_usb.o [10]
  .text              ro code   0x800'9d6c    0x14  exit.o [18]
  .text              ro code   0x800'9d80   0x100  usbd_desc.o [3]
  .text              ro code   0x800'9e80    0x44  usbd_cdc_if.o [3]
  .text              ro code   0x800'9ec4    0x44  putchar.o [15]
  .text              ro code   0x800'9f08    0x30  write.o [2]
  .text              ro code   0x800'9f38    0x14  system_stm32f1xx.o [6]
  .rodata            const     0x800'9f50    0x40  iar_Atan64.o [16]
  .text              ro code   0x800'9f90    0x3c  stm32f1xx_it.o [2]
  .text              ro code   0x800'9fcc    0x10  stm32f1xx_hal.o [10]
  .text              ro code   0x800'9fdc    0x38  zero_init3.o [17]
  .text              ro code   0x800'a014    0x28  data_init.o [17]
  .iar.init_table    const     0x800'a03c    0x20  - Linker created -
  .text              ro code   0x800'a05c    0x1e  cmain.o [17]
  .text              ro code   0x800'a07a     0x4  low_level_init.o [15]
  .text              ro code   0x800'a07e     0x4  exit.o [15]
  .text              ro code   0x800'a084     0xa  cexit.o [17]
  .text              ro code   0x800'a090    0x1c  cstartup_M.o [17]
  .text              ro code   0x800'a0ac    0x16  xprout.o [15]
  .text              ro code   0x800'a0c4    0x10  startup_stm32f103xb.o [1]
  .rodata            const     0x800'a0d4     0x8  system_stm32f1xx.o [6]
  .text              ro code   0x800'a0dc     0x4  startup_stm32f103xb.o [1]
  .text              ro code   0x800'a0e0     0x4  startup_stm32f103xb.o [1]
  .text              ro code   0x800'a0e4     0x4  startup_stm32f103xb.o [1]
  .text              ro code   0x800'a0e8     0x4  startup_stm32f103xb.o [1]
  .text              ro code   0x800'a0ec     0x4  startup_stm32f103xb.o [1]
  .text              ro code   0x800'a0f0     0x4  startup_stm32f103xb.o [1]
  .text              ro code   0x800'a0f4     0x4  startup_stm32f103xb.o [1]
  .text              ro code   0x800'a0f8     0x4  startup_stm32f103xb.o [1]
  .text              ro code   0x800'a0fc     0x4  startup_stm32f103xb.o [1]
  .text              ro code   0x800'a100     0x4  startup_stm32f103xb.o [1]
  .text              ro code   0x800'a104     0x4  startup_stm32f103xb.o [1]
  .text              ro code   0x800'a108     0x4  startup_stm32f103xb.o [1]
  .text              ro code   0x800'a10c     0x4  startup_stm32f103xb.o [1]
  .text              ro code   0x800'a110     0x4  startup_stm32f103xb.o [1]
  .text              ro code   0x800'a114     0x4  startup_stm32f103xb.o [1]
  .text              ro code   0x800'a118     0x4  startup_stm32f103xb.o [1]
  .text              ro code   0x800'a11c     0x4  startup_stm32f103xb.o [1]
  .text              ro code   0x800'a120     0x4  startup_stm32f103xb.o [1]
  .text              ro code   0x800'a124     0x4  startup_stm32f103xb.o [1]
  .text              ro code   0x800'a128     0x4  startup_stm32f103xb.o [1]
  .text              ro code   0x800'a12c     0x4  startup_stm32f103xb.o [1]
  .text              ro code   0x800'a130     0x4  startup_stm32f103xb.o [1]
  .text              ro code   0x800'a134     0x4  startup_stm32f103xb.o [1]
  .text              ro code   0x800'a138     0x4  startup_stm32f103xb.o [1]
  .text              ro code   0x800'a13c     0x4  startup_stm32f103xb.o [1]
  .text              ro code   0x800'a140     0x4  startup_stm32f103xb.o [1]
  .text              ro code   0x800'a144     0x4  startup_stm32f103xb.o [1]
  .text              ro code   0x800'a148     0x4  startup_stm32f103xb.o [1]
  .text              ro code   0x800'a14c     0x4  startup_stm32f103xb.o [1]
  .text              ro code   0x800'a150     0x4  startup_stm32f103xb.o [1]
  .text              ro code   0x800'a154     0x4  startup_stm32f103xb.o [1]
  .text              ro code   0x800'a158     0x4  startup_stm32f103xb.o [1]
  .text              ro code   0x800'a15c     0x4  startup_stm32f103xb.o [1]
  .text              ro code   0x800'a160     0x4  startup_stm32f103xb.o [1]
  .text              ro code   0x800'a164     0x4  startup_stm32f103xb.o [1]
  .text              ro code   0x800'a168     0x4  startup_stm32f103xb.o [1]
  .text              ro code   0x800'a16c     0x4  startup_stm32f103xb.o [1]
  .text              ro code   0x800'a170     0x4  startup_stm32f103xb.o [1]
  .text              ro code   0x800'a174     0x4  startup_stm32f103xb.o [1]
  .rodata            const     0x800'a178     0x0  zero_init3.o [17]
  .rodata            const     0x800'a178     0x0  lz77_init_single.o [17]
  Initializer bytes  const     0x800'a178   0x10d  <for P2-1>
                             - 0x800'a285  0xa199

"P2", part 1 of 3:                          0x214
  P2-1                        0x2000'0000   0x214  <Init block>
    .data            inited   0x2000'0000     0xc  parameter.o [13]
    .data            inited   0x2000'000c     0xc  stm32f1xx_hal.o [10]
    .data            inited   0x2000'0018     0x4  system_stm32f1xx.o [6]
    .data            inited   0x2000'001c     0xc  usbd_cdc.o [14]
    .data            inited   0x2000'0028    0x38  usbd_cdc.o [14]
    .data            inited   0x2000'0060    0x44  usbd_cdc.o [14]
    .data            inited   0x2000'00a4    0x44  usbd_cdc.o [14]
    .data            inited   0x2000'00e8    0x44  usbd_cdc.o [14]
    .data            inited   0x2000'012c    0x10  usbd_cdc_if.o [3]
    .data            inited   0x2000'013c    0x1c  usbd_desc.o [3]
    .data            inited   0x2000'0158    0x14  usbd_desc.o [3]
    .data            inited   0x2000'016c     0x4  usbd_desc.o [3]
    .data            inited   0x2000'0170    0x1c  usbd_desc.o [3]
    .data            inited   0x2000'018c     0x8  rand.o [15]
    .data            inited   0x2000'0194    0x38  xlocale_c.o [15]
    .data            inited   0x2000'01cc    0x48  xfiles.o [15]
                            - 0x2000'0214   0x214

"P2", part 2 of 3:                         0x1544
  .bss               zero     0x2000'0214   0x800  usbd_cdc_if.o [3]
  .bss               zero     0x2000'0a14   0x2f0  usbd_conf.o [4]
  .bss               zero     0x2000'0d04   0x2c4  usb_device.o [3]
  .bss               zero     0x2000'0fc8   0x220  usbd_conf.o [4]
  .bss               zero     0x2000'11e8   0x200  usbd_desc.o [3]
  .bss               zero     0x2000'13e8    0x9c  main.o [2]
  .bss               zero     0x2000'1484    0x84  rand.o [15]
  .bss               zero     0x2000'1508    0x58  spi.o [2]
  .bss               zero     0x2000'1560    0x58  spi.o [2]
  .bss               zero     0x2000'15b8    0x54  i2c.o [2]
  .bss               zero     0x2000'160c    0x50  xfiles.o [15]
  .bss               zero     0x2000'165c    0x48  tim.o [2]
  .bss               zero     0x2000'16a4    0x48  usart.o [2]
  .bss               zero     0x2000'16ec    0x30  adc.o [2]
  .bss               zero     0x2000'1720    0x20  stm32f1xx_hal_flash.o [10]
  .bss               zero     0x2000'1740    0x10  parameter.o [13]
  .bss               zero     0x2000'1750     0x4  xfail_s.o [15]
  .bss               zero     0x2000'1754     0x1  usbd_ctlreq.o [14]
                            - 0x2000'1755  0x1541

"P2", part 3 of 3:                          0x400
  CSTACK                      0x2000'1758   0x400  <Block>
    CSTACK           uninit   0x2000'1758   0x400  <Block tail>
                            - 0x2000'1b58   0x400

Unused ranges:

         From           To      Size
         ----           --      ----
   0x800'a285   0x801'fbff  0x1'597b
  0x2000'1b58  0x2000'4fff    0x34a8


*******************************************************************************
*** INIT TABLE
***

          Address      Size
          -------      ----
Zero (__iar_zero_init3)
    1 destination range, total size 0x1541:
          0x2000'0214  0x1541

Copy/lz77 (__iar_lz77_init_single3)
    1 source range, total size 0x10d (50% of destination):
           0x800'a178   0x10d
    1 destination range, total size 0x214:
          0x2000'0000   0x214



*******************************************************************************
*** MODULE SUMMARY
***

    Module                    ro code  ro data  rw data
    ------                    -------  -------  -------
command line/config:
    ---------------------------------------------------
    Total:

E:\eHorglass\2.Firmware\eHorglass\EWARM\eHorglass\Obj\Application\EWARM: [1]
    startup_stm32f103xb.o         408
    ---------------------------------------------------
    Total:                        408

E:\eHorglass\2.Firmware\eHorglass\EWARM\eHorglass\Obj\Application\User\Core: [2]
    adc.o                         176                48
    gpio.o                        182
    i2c.o                         172                84
    main.o                        700               156
    spi.o                         300               176
    stm32f1xx_hal_msp.o            68
    stm32f1xx_it.o                 60
    tim.o                         152                72
    usart.o                       172                72
    write.o                        48
    ---------------------------------------------------
    Total:                      2'030               608

E:\eHorglass\2.Firmware\eHorglass\EWARM\eHorglass\Obj\Application\User\USB_DEVICE\App: [3]
    usb_device.o                   84               708
    usbd_cdc_if.o                  68        8    2'064
    usbd_desc.o                   256       41      592
    ---------------------------------------------------
    Total:                        408       49    3'364

E:\eHorglass\2.Firmware\eHorglass\EWARM\eHorglass\Obj\Application\User\USB_DEVICE\Target: [4]
    usbd_conf.o                   502             1'296
    ---------------------------------------------------
    Total:                        502             1'296

E:\eHorglass\2.Firmware\eHorglass\EWARM\eHorglass\Obj\Drivers\AT: [5]
    ---------------------------------------------------
    Total:

E:\eHorglass\2.Firmware\eHorglass\EWARM\eHorglass\Obj\Drivers\CMSIS: [6]
    system_stm32f1xx.o             20       10        4
    ---------------------------------------------------
    Total:                         20       10        4

E:\eHorglass\2.Firmware\eHorglass\EWARM\eHorglass\Obj\Drivers\MAX7219: [7]
    MAX7219.o                     438
    ---------------------------------------------------
    Total:                        438

E:\eHorglass\2.Firmware\eHorglass\EWARM\eHorglass\Obj\Drivers\MPU6050: [8]
    MPU6050.o                     532
    ---------------------------------------------------
    Total:                        532

E:\eHorglass\2.Firmware\eHorglass\EWARM\eHorglass\Obj\Drivers\Runtime: [9]
    Runtime.o                      48
    ---------------------------------------------------
    Total:                         48

E:\eHorglass\2.Firmware\eHorglass\EWARM\eHorglass\Obj\Drivers\STM32F1xx_HAL_Driver: [10]
    stm32f1xx_hal.o               168        6       12
    stm32f1xx_hal_adc.o         1'328
    stm32f1xx_hal_cortex.o        196
    stm32f1xx_hal_dma.o           190
    stm32f1xx_hal_flash.o         364                32
    stm32f1xx_hal_flash_ex.o      212
    stm32f1xx_hal_gpio.o          488
    stm32f1xx_hal_i2c.o         5'218
    stm32f1xx_hal_pcd.o         2'714
    stm32f1xx_hal_pcd_ex.o         52
    stm32f1xx_hal_rcc.o         1'214
    stm32f1xx_hal_rcc_ex.o        434
    stm32f1xx_hal_spi.o         1'098
    stm32f1xx_hal_tim.o           628
    stm32f1xx_hal_tim_ex.o        100
    stm32f1xx_hal_uart.o          568
    stm32f1xx_ll_usb.o          2'496
    ---------------------------------------------------
    Total:                     17'468        6       44

E:\eHorglass\2.Firmware\eHorglass\EWARM\eHorglass\Obj\Drivers\SandMove: [11]
    SandMove.o                    996    6'144
    ---------------------------------------------------
    Total:                        996    6'144

E:\eHorglass\2.Firmware\eHorglass\EWARM\eHorglass\Obj\Drivers\common: [12]
    ---------------------------------------------------
    Total:

E:\eHorglass\2.Firmware\eHorglass\EWARM\eHorglass\Obj\Drivers\parameter: [13]
    parameter.o                   244        6       28
    ---------------------------------------------------
    Total:                        244        6       28

E:\eHorglass\2.Firmware\eHorglass\EWARM\eHorglass\Obj\Middlewares\USB_Device_Library: [14]
    usbd_cdc.o                    668      137      272
    usbd_core.o                   636
    usbd_ctlreq.o               1'118                 1
    usbd_ioreq.o                   96
    ---------------------------------------------------
    Total:                      2'518      137      273

dl7M_tlf.a: [15]
    abort.o                         6
    exit.o                          4
    low_level_init.o                4
    printf.o                       40
    putchar.o                      68
    rand.o                        164        4      140
    time_trampoline.o               4
    xfail_s.o                      64                 4
    xfiles.o                                37      152
    xlocale_c.o                     8       31       56
    xprintffull_nomb.o          3'754
    xprout.o                       22
    ---------------------------------------------------
    Total:                      4'138       72      352

m7M_tl.a: [16]
    DblAddSub.o                   606
    DblCmpGe.o                     52
    DblCmpLe.o                     52
    DblDiv.o                      582
    DblMul.o                      426
    DblToFlt.o                    104
    DblToS32.o                     54
    DblToU32.o                     34
    FltAddSub.o                   366
    FltCmpGe.o                     40
    FltDiv.o                      280
    FltToDbl.o                     72
    S32ToDbl.o                     34
    S32ToFlt.o                     36
    U32ToDbl.o                     28
    atan2_64.o                    282
    frexp.o                       112
    iar_Atan64.o                  512       64
    ldexp.o                       314
    ---------------------------------------------------
    Total:                      3'986       64

rt7M_tl.a: [17]
    ABImemclr4.o                    6
    ABImemcpy_small.o              24
    ABImemset.o                   102
    ABImemset48.o                  58
    I64DivMod.o                   560
    I64DivZer.o                     2
    U64Shr.o                       30
    cexit.o                        10
    cmain.o                        30
    cstartup_M.o                   28
    data_init.o                    40
    lz77_init_single.o            126
    memchr.o                       88
    memset.o                       20
    strchr.o                       22
    strlen.o                       54
    zero_init3.o                   56
    ---------------------------------------------------
    Total:                      1'256

shb_l.a: [18]
    exit.o                         20
    time64.o                       20
    ---------------------------------------------------
    Total:                         40

    Gaps                           49        4        4
    Linker created                          32    1'024
-------------------------------------------------------
    Grand Total:               35'081    6'524    6'997


*******************************************************************************
*** ENTRY LIST
***

Entry                       Address   Size  Type      Object
-----                       -------   ----  ----      ------
.iar.init_table$$Base    0x800'a03c          --   Gb  - Linker created -
.iar.init_table$$Limit   0x800'a05c          --   Gb  - Linker created -
?main                    0x800'a05d         Code  Gb  cmain.o [17]
ADC1_2_IRQHandler        0x800'a125         Code  Wk  startup_stm32f103xb.o [1]
ADC_ConversionStop_Disable
                         0x800'4415   0x48  Code  Gb  stm32f1xx_hal_adc.o [10]
ADC_Enable               0x800'436f   0x6e  Code  Gb  stm32f1xx_hal_adc.o [10]
AHBPrescTable            0x800'9f3c   0x10  Data  Gb  system_stm32f1xx.o [6]
APBPrescTable            0x800'a0d4    0x8  Data  Gb  system_stm32f1xx.o [6]
BusFault_Handler         0x800'9f97    0x2  Code  Gb  stm32f1xx_it.o [2]
CAN1_RX1_IRQHandler      0x800'a12d         Code  Wk  startup_stm32f103xb.o [1]
CAN1_SCE_IRQHandler      0x800'a131         Code  Wk  startup_stm32f103xb.o [1]
CDC_Control_FS           0x800'9ea3    0x4  Code  Lc  usbd_cdc_if.o [3]
CDC_DeInit_FS            0x800'9e9f    0x4  Code  Lc  usbd_cdc_if.o [3]
CDC_Init_FS              0x800'9e81   0x1e  Code  Lc  usbd_cdc_if.o [3]
CDC_Receive_FS           0x800'9ea7   0x16  Code  Lc  usbd_cdc_if.o [3]
CSTACK$$Base            0x2000'1758          --   Gb  - Linker created -
CSTACK$$Limit           0x2000'1b58          --   Gb  - Linker created -
DMA1_Channel1_IRQHandler
                         0x800'a109         Code  Wk  startup_stm32f103xb.o [1]
DMA1_Channel2_IRQHandler
                         0x800'a10d         Code  Wk  startup_stm32f103xb.o [1]
DMA1_Channel3_IRQHandler
                         0x800'a111         Code  Wk  startup_stm32f103xb.o [1]
DMA1_Channel4_IRQHandler
                         0x800'a115         Code  Wk  startup_stm32f103xb.o [1]
DMA1_Channel5_IRQHandler
                         0x800'a119         Code  Wk  startup_stm32f103xb.o [1]
DMA1_Channel6_IRQHandler
                         0x800'a11d         Code  Wk  startup_stm32f103xb.o [1]
DMA1_Channel7_IRQHandler
                         0x800'a121         Code  Wk  startup_stm32f103xb.o [1]
DataInRange              0x800'46e9   0x32  Code  Gb  MPU6050.o [8]
DebugMon_Handler         0x800'9f9d    0x2  Code  Gb  stm32f1xx_it.o [2]
EXTI0_IRQHandler         0x800'a0f5         Code  Wk  startup_stm32f103xb.o [1]
EXTI15_10_IRQHandler     0x800'a16d         Code  Wk  startup_stm32f103xb.o [1]
EXTI1_IRQHandler         0x800'a0f9         Code  Wk  startup_stm32f103xb.o [1]
EXTI2_IRQHandler         0x800'a0fd         Code  Wk  startup_stm32f103xb.o [1]
EXTI3_IRQHandler         0x800'a101         Code  Wk  startup_stm32f103xb.o [1]
EXTI4_IRQHandler         0x800'a105         Code  Wk  startup_stm32f103xb.o [1]
EXTI9_5_IRQHandler       0x800'a135         Code  Wk  startup_stm32f103xb.o [1]
Error_Handler            0x800'36a7    0x4  Code  Gb  main.o [2]
FLASH_IRQHandler         0x800'a0ed         Code  Wk  startup_stm32f103xb.o [1]
FLASH_MassErase          0x800'6021   0x1a  Code  Lc  stm32f1xx_hal_flash_ex.o [10]
FLASH_PageErase          0x800'603b   0x1c  Code  Gb  stm32f1xx_hal_flash_ex.o [10]
FLASH_Program_HalfWord   0x800'5ec7   0x16  Code  Lc  stm32f1xx_hal_flash.o [10]
FLASH_SetErrorCode       0x800'5f2d   0x44  Code  Lc  stm32f1xx_hal_flash.o [10]
FLASH_WaitForLastOperation
                         0x800'5edd   0x50  Code  Gb  stm32f1xx_hal_flash.o [10]
FS_Desc                 0x2000'013c   0x1c  Data  Gb  usbd_desc.o [3]
HAL_ADC_ConfigChannel    0x800'4271   0xe6  Code  Gb  stm32f1xx_hal_adc.o [10]
HAL_ADC_GetValue         0x800'426b    0x6  Code  Gb  stm32f1xx_hal_adc.o [10]
HAL_ADC_Init             0x800'3f35   0xf4  Code  Gb  stm32f1xx_hal_adc.o [10]
HAL_ADC_MspInit          0x800'3d17   0x52  Code  Gb  adc.o [2]
HAL_ADC_PollForConversion
                         0x800'4073  0x152  Code  Gb  stm32f1xx_hal_adc.o [10]
HAL_ADC_Start            0x800'4029   0x4a  Code  Gb  stm32f1xx_hal_adc.o [10]
HAL_DMA_Abort_IT         0x800'333d   0x9a  Code  Gb  stm32f1xx_hal_dma.o [10]
HAL_DMA_GetState         0x800'33f5    0x6  Code  Gb  stm32f1xx_hal_dma.o [10]
HAL_Delay                0x800'471d   0x28  Code  Wk  stm32f1xx_hal.o [10]
HAL_FLASHEx_Erase        0x800'5f8d   0x94  Code  Gb  stm32f1xx_hal_flash_ex.o [10]
HAL_FLASH_Lock           0x800'5eb7    0xa  Code  Gb  stm32f1xx_hal_flash.o [10]
HAL_FLASH_Program        0x800'5e21   0x76  Code  Gb  stm32f1xx_hal_flash.o [10]
HAL_FLASH_Unlock         0x800'5e97   0x20  Code  Gb  stm32f1xx_hal_flash.o [10]
HAL_GPIO_Init            0x800'36d5  0x19c  Code  Gb  stm32f1xx_hal_gpio.o [10]
HAL_GPIO_TogglePin       0x800'3879   0x10  Code  Gb  stm32f1xx_hal_gpio.o [10]
HAL_GPIO_WritePin        0x800'3871    0x8  Code  Gb  stm32f1xx_hal_gpio.o [10]
HAL_GetTick              0x800'3325    0xc  Code  Wk  stm32f1xx_hal.o [10]
HAL_I2C_AbortCpltCallback
                         0x800'3401    0x2  Code  Wk  stm32f1xx_hal_i2c.o [10]
HAL_I2C_AddrCallback     0x800'333b    0x2  Code  Wk  stm32f1xx_hal_i2c.o [10]
HAL_I2C_EV_IRQHandler    0x800'1ea7  0x6d6  Code  Gb  stm32f1xx_hal_i2c.o [10]
HAL_I2C_ErrorCallback    0x800'3335    0x2  Code  Wk  stm32f1xx_hal_i2c.o [10]
HAL_I2C_Init             0x800'18ed  0x12e  Code  Gb  stm32f1xx_hal_i2c.o [10]
HAL_I2C_ListenCpltCallback
                         0x800'33fd    0x2  Code  Wk  stm32f1xx_hal_i2c.o [10]
HAL_I2C_MasterRxCpltCallback
                         0x800'3339    0x2  Code  Wk  stm32f1xx_hal_i2c.o [10]
HAL_I2C_MasterTxCpltCallback
                         0x800'3333    0x2  Code  Wk  stm32f1xx_hal_i2c.o [10]
HAL_I2C_MemRxCpltCallback
                         0x800'3337    0x2  Code  Wk  stm32f1xx_hal_i2c.o [10]
HAL_I2C_MemTxCpltCallback
                         0x800'3331    0x2  Code  Wk  stm32f1xx_hal_i2c.o [10]
HAL_I2C_Mem_Read         0x800'1bd1  0x1b2  Code  Gb  stm32f1xx_hal_i2c.o [10]
HAL_I2C_Mem_Write        0x800'1a91   0xe2  Code  Gb  stm32f1xx_hal_i2c.o [10]
HAL_I2C_MspInit          0x800'2de9   0x66  Code  Gb  i2c.o [2]
HAL_I2C_SlaveRxCpltCallback
                         0x800'33fb    0x2  Code  Wk  stm32f1xx_hal_i2c.o [10]
HAL_I2C_SlaveTxCpltCallback
                         0x800'33ff    0x2  Code  Wk  stm32f1xx_hal_i2c.o [10]
HAL_IncTick              0x800'9fcd   0x10  Code  Wk  stm32f1xx_hal.o [10]
HAL_Init                 0x800'39c1   0x20  Code  Gb  stm32f1xx_hal.o [10]
HAL_InitTick             0x800'3981   0x40  Code  Wk  stm32f1xx_hal.o [10]
HAL_MspInit              0x800'4f31   0x44  Code  Gb  stm32f1xx_hal_msp.o [2]
HAL_NVIC_EnableIRQ       0x800'392b   0x16  Code  Gb  stm32f1xx_hal_cortex.o [10]
HAL_NVIC_SetPriority     0x800'38f1   0x3a  Code  Gb  stm32f1xx_hal_cortex.o [10]
HAL_NVIC_SetPriorityGrouping
                         0x800'38d7   0x1a  Code  Gb  stm32f1xx_hal_cortex.o [10]
HAL_PCDEx_PMAConfig      0x800'936f   0x34  Code  Gb  stm32f1xx_hal_pcd_ex.o [10]
HAL_PCDEx_SetConnectionState
                         0x800'7c0f    0x2  Code  Gb  usbd_conf.o [4]
HAL_PCD_DataInStageCallback
                         0x800'7a81   0x12  Code  Gb  usbd_conf.o [4]
HAL_PCD_DataOutStageCallback
                         0x800'7a6d   0x14  Code  Gb  usbd_conf.o [4]
HAL_PCD_EP_Close         0x800'921f   0x1c  Code  Gb  stm32f1xx_hal_pcd.o [10]
HAL_PCD_EP_ClrStall      0x800'9313   0x2e  Code  Gb  stm32f1xx_hal_pcd.o [10]
HAL_PCD_EP_GetRxCount    0x800'926b   0x10  Code  Gb  stm32f1xx_hal_pcd.o [10]
HAL_PCD_EP_Open          0x800'91cf   0x50  Code  Gb  stm32f1xx_hal_pcd.o [10]
HAL_PCD_EP_Receive       0x800'9247   0x24  Code  Gb  stm32f1xx_hal_pcd.o [10]
HAL_PCD_EP_SetStall      0x800'92ad   0x66  Code  Gb  stm32f1xx_hal_pcd.o [10]
HAL_PCD_EP_Transmit      0x800'927b   0x28  Code  Gb  stm32f1xx_hal_pcd.o [10]
HAL_PCD_IRQHandler       0x800'89b9  0x674  Code  Gb  stm32f1xx_hal_pcd.o [10]
HAL_PCD_Init             0x800'88d5   0xaa  Code  Gb  stm32f1xx_hal_pcd.o [10]
HAL_PCD_MspInit          0x800'7a2d   0x34  Code  Gb  usbd_conf.o [4]
HAL_PCD_ResetCallback    0x800'7a9b   0x24  Code  Gb  usbd_conf.o [4]
HAL_PCD_ResumeCallback   0x800'7adb    0x8  Code  Gb  usbd_conf.o [4]
HAL_PCD_SOFCallback      0x800'7a93    0x8  Code  Gb  usbd_conf.o [4]
HAL_PCD_SetAddress       0x800'91b3   0x1c  Code  Gb  stm32f1xx_hal_pcd.o [10]
HAL_PCD_SetupStageCallback
                         0x800'7a61    0xc  Code  Gb  usbd_conf.o [4]
HAL_PCD_Start            0x800'8997   0x1a  Code  Gb  stm32f1xx_hal_pcd.o [10]
HAL_PCD_SuspendCallback
                         0x800'7abf   0x1c  Code  Gb  usbd_conf.o [4]
HAL_RCCEx_GetPeriphCLKFreq
                         0x800'4df1   0xac  Code  Gb  stm32f1xx_hal_rcc_ex.o [10]
HAL_RCCEx_GetPeriphCLKFreq::aPLLMULFactorTable
                         0x800'4eb4   0x10  Data  Lc  stm32f1xx_hal_rcc_ex.o [10]
HAL_RCCEx_GetPeriphCLKFreq::aPredivFactorTable
                         0x800'4ec4    0x2  Data  Lc  stm32f1xx_hal_rcc_ex.o [10]
HAL_RCCEx_PeriphCLKConfig
                         0x800'4d15   0xda  Code  Gb  stm32f1xx_hal_rcc_ex.o [10]
HAL_RCC_ClockConfig      0x800'3179   0xf4  Code  Gb  stm32f1xx_hal_rcc.o [10]
HAL_RCC_GetPCLK1Freq     0x800'32bb   0x10  Code  Gb  stm32f1xx_hal_rcc.o [10]
HAL_RCC_GetPCLK2Freq     0x800'32cb    0xe  Code  Gb  stm32f1xx_hal_rcc.o [10]
HAL_RCC_GetSysClockFreq
                         0x800'3281   0x3a  Code  Gb  stm32f1xx_hal_rcc.o [10]
HAL_RCC_GetSysClockFreq::aPLLMULFactorTable
                         0x800'3310   0x10  Data  Lc  stm32f1xx_hal_rcc.o [10]
HAL_RCC_GetSysClockFreq::aPredivFactorTable
                         0x800'3320    0x2  Data  Lc  stm32f1xx_hal_rcc.o [10]
HAL_RCC_OscConfig        0x800'2e65  0x30c  Code  Gb  stm32f1xx_hal_rcc.o [10]
HAL_SPI_ErrorCallback    0x800'7a2b    0x2  Code  Wk  stm32f1xx_hal_spi.o [10]
HAL_SPI_IRQHandler       0x800'51bf   0xec  Code  Gb  stm32f1xx_hal_spi.o [10]
HAL_SPI_Init             0x800'4f75   0xaa  Code  Gb  stm32f1xx_hal_spi.o [10]
HAL_SPI_MspInit          0x800'3af7   0x9e  Code  Gb  spi.o [2]
HAL_SPI_Transmit         0x800'501f  0x142  Code  Gb  stm32f1xx_hal_spi.o [10]
HAL_SYSTICK_Config       0x800'3941   0x22  Code  Gb  stm32f1xx_hal_cortex.o [10]
HAL_TIMEx_MasterConfigSynchronization
                         0x800'5d81   0x56  Code  Gb  stm32f1xx_hal_tim_ex.o [10]
HAL_TIM_Base_Init        0x800'5b0d   0x1a  Code  Gb  stm32f1xx_hal_tim.o [10]
HAL_TIM_Base_MspInit     0x800'3de1   0x22  Code  Gb  tim.o [2]
HAL_TIM_Base_Start       0x800'5b27   0x4c  Code  Gb  stm32f1xx_hal_tim.o [10]
HAL_TIM_Base_Stop        0x800'5b73   0x16  Code  Gb  stm32f1xx_hal_tim.o [10]
HAL_TIM_ConfigClockSource
                         0x800'5bdd   0xaa  Code  Gb  stm32f1xx_hal_tim.o [10]
HAL_UART_Init            0x800'53bd   0x1e  Code  Gb  stm32f1xx_hal_uart.o [10]
HAL_UART_MspInit         0x800'3bf7   0x6e  Code  Gb  usart.o [2]
HAL_UART_Transmit        0x800'543b   0x9a  Code  Gb  stm32f1xx_hal_uart.o [10]
HardFault_Handler        0x800'9f93    0x2  Code  Gb  stm32f1xx_it.o [2]
I2C1_ER_IRQHandler       0x800'a155         Code  Wk  startup_stm32f103xb.o [1]
I2C1_EV_IRQHandler       0x800'9fab    0x6  Code  Gb  stm32f1xx_it.o [2]
I2C2_ER_IRQHandler       0x800'a15d         Code  Wk  startup_stm32f103xb.o [1]
I2C2_EV_IRQHandler       0x800'a159         Code  Wk  startup_stm32f103xb.o [1]
I2C_DMAAbort             0x800'2a01   0xce  Code  Lc  stm32f1xx_hal_i2c.o [10]
I2C_Flush_DR             0x800'1a27    0xe  Code  Lc  stm32f1xx_hal_i2c.o [10]
I2C_ITError              0x800'2749   0xf2  Code  Lc  stm32f1xx_hal_i2c.o [10]
I2C_IsAcknowledgeFailed
                         0x800'2d09   0x32  Code  Lc  stm32f1xx_hal_i2c.o [10]
I2C_MemoryTransmit_TXE_BTF
                         0x800'268d   0xbc  Code  Lc  stm32f1xx_hal_i2c.o [10]
I2C_RequestMemoryRead    0x800'2919   0xb6  Code  Lc  stm32f1xx_hal_i2c.o [10]
I2C_RequestMemoryWrite   0x800'287b   0x8c  Code  Lc  stm32f1xx_hal_i2c.o [10]
I2C_WaitOnBTFFlagUntilTimeout
                         0x800'2c55   0x44  Code  Lc  stm32f1xx_hal_i2c.o [10]
I2C_WaitOnFlagUntilTimeout
                         0x800'2ad9   0x68  Code  Lc  stm32f1xx_hal_i2c.o [10]
I2C_WaitOnMasterAddressFlagUntilTimeout
                         0x800'2b41   0x9a  Code  Lc  stm32f1xx_hal_i2c.o [10]
I2C_WaitOnRXNEFlagUntilTimeout
                         0x800'2cb3   0x56  Code  Lc  stm32f1xx_hal_i2c.o [10]
I2C_WaitOnTXEFlagUntilTimeout
                         0x800'2c11   0x44  Code  Lc  stm32f1xx_hal_i2c.o [10]
IntToUnicode             0x800'9e11   0x26  Code  Lc  usbd_desc.o [3]
LoadParameters           0x800'3e11   0x48  Code  Gb  parameter.o [13]
MPU6050ReadAcc           0x800'458d   0x34  Code  Gb  MPU6050.o [8]
MPU6050_GetDirection     0x800'45cd   0xe2  Code  Gb  MPU6050.o [8]
MPU6050_Init             0x800'4541   0x4a  Code  Gb  MPU6050.o [8]
MPU6050_ReadData         0x800'4529   0x18  Code  Gb  MPU6050.o [8]
MPU6050_WriteReg         0x800'4509   0x20  Code  Gb  MPU6050.o [8]
MX_ADC1_Init             0x800'3cc9   0x4e  Code  Gb  adc.o [2]
MX_GPIO_Init             0x800'39e5   0x94  Code  Gb  gpio.o [2]
MX_I2C1_Init             0x800'2db9   0x30  Code  Gb  i2c.o [2]
MX_SPI1_Init             0x800'3a9d   0x18  Code  Gb  spi.o [2]
MX_SPI2_Init             0x800'3ab5   0x18  Code  Gb  spi.o [2]
MX_TIM3_Init             0x800'3d79   0x68  Code  Gb  tim.o [2]
MX_USART1_UART_Init      0x800'3bc9   0x2e  Code  Gb  usart.o [2]
MX_USB_DEVICE_Init       0x800'3c75   0x54  Code  Gb  usb_device.o [3]
Max7219_Display          0x800'48a5   0x46  Code  Gb  MAX7219.o [7]
Max7219_DisplayNromal    0x800'48eb    0x6  Code  Gb  MAX7219.o [7]
Max7219_Init             0x800'477d   0x50  Code  Gb  MAX7219.o [7]
Max7219_RotateData       0x800'47f5   0xb0  Code  Gb  MAX7219.o [7]
Max7219_TurnOffAll       0x800'47cd   0x1c  Code  Gb  MAX7219.o [7]
Max7219_WriteReg         0x800'4745   0x38  Code  Gb  MAX7219.o [7]
MemManage_Handler        0x800'9f95    0x2  Code  Gb  stm32f1xx_it.o [2]
NMI_Handler              0x800'9f91    0x2  Code  Gb  stm32f1xx_it.o [2]
PVD_IRQHandler           0x800'a0e1         Code  Wk  startup_stm32f103xb.o [1]
PendSV_Handler           0x800'9f9f    0x2  Code  Gb  stm32f1xx_it.o [2]
RCC_IRQHandler           0x800'a0f1         Code  Wk  startup_stm32f103xb.o [1]
RTC_Alarm_IRQHandler     0x800'a171         Code  Wk  startup_stm32f103xb.o [1]
RTC_IRQHandler           0x800'a0e9         Code  Wk  startup_stm32f103xb.o [1]
Region$$Table$$Base      0x800'a03c          --   Gb  - Linker created -
Region$$Table$$Limit     0x800'a05c          --   Gb  - Linker created -
Reset_Handler            0x800'a0c5         Code  Wk  startup_stm32f103xb.o [1]
Runtime_Init             0x800'3f05    0x2  Code  Gb  Runtime.o [9]
Runtime_Start            0x800'3f13    0xc  Code  Gb  Runtime.o [9]
Runtime_Stop             0x800'3f1f   0x10  Code  Gb  Runtime.o [9]
SPI1_IRQHandler          0x800'9fb1    0x6  Code  Gb  stm32f1xx_it.o [2]
SPI2_IRQHandler          0x800'9fb7    0x6  Code  Gb  stm32f1xx_it.o [2]
SPI_DMAAbortOnError      0x800'52ad    0xe  Code  Lc  stm32f1xx_hal_spi.o [10]
SPI_EndRxTxTransaction   0x800'5395   0x18  Code  Lc  stm32f1xx_hal_spi.o [10]
SPI_WaitFlagStateUntilTimeout
                         0x800'52d5   0xb4  Code  Lc  stm32f1xx_hal_spi.o [10]
SVC_Handler              0x800'9f9b    0x2  Code  Gb  stm32f1xx_it.o [2]
Sand_GetDownLed          0x800'4a8b    0xc  Code  Gb  SandMove.o [11]
Sand_GetLoopCoord        0x800'4901   0xe6  Code  Gb  SandMove.o [11]
Sand_GetTarget           0x800'49fd   0x82  Code  Gb  SandMove.o [11]
Sand_GetUpLed            0x800'4a7f    0xc  Code  Gb  SandMove.o [11]
Sand_IsDownVertex        0x800'4a97   0x22  Code  Gb  SandMove.o [11]
Sand_MoveToTarget        0x800'4b49   0x74  Code  Gb  SandMove.o [11]
Sand_TargetIsEmpty       0x800'4ab9   0x84  Code  Gb  SandMove.o [11]
Sand_UpdateScreen        0x800'4bbd   0xde  Code  Gb  SandMove.o [11]
SaveParameters           0x800'3e65   0x72  Code  Gb  parameter.o [13]
SaveParameters::EraseInitStruct
                        0x2000'1740   0x10  Data  Lc  parameter.o [13]
SysTick_Handler          0x800'9fa1    0x4  Code  Gb  stm32f1xx_it.o [2]
SystemClock_Config       0x800'361d   0x8a  Code  Gb  main.o [2]
SystemCoreClock         0x2000'0018    0x4  Data  Gb  system_stm32f1xx.o [6]
SystemInit               0x800'9f39    0x2  Code  Gb  system_stm32f1xx.o [6]
TAMPER_IRQHandler        0x800'a0e5         Code  Wk  startup_stm32f103xb.o [1]
TIM1_BRK_IRQHandler      0x800'a139         Code  Wk  startup_stm32f103xb.o [1]
TIM1_CC_IRQHandler       0x800'a145         Code  Wk  startup_stm32f103xb.o [1]
TIM1_TRG_COM_IRQHandler
                         0x800'a141         Code  Wk  startup_stm32f103xb.o [1]
TIM1_UP_IRQHandler       0x800'a13d         Code  Wk  startup_stm32f103xb.o [1]
TIM2_IRQHandler          0x800'a149         Code  Wk  startup_stm32f103xb.o [1]
TIM3_IRQHandler          0x800'a14d         Code  Wk  startup_stm32f103xb.o [1]
TIM4_IRQHandler          0x800'a151         Code  Wk  startup_stm32f103xb.o [1]
TIM_Base_SetConfig       0x800'5ca1   0x5e  Code  Gb  stm32f1xx_hal_tim.o [10]
TIM_ETR_SetConfig        0x800'5d67   0x14  Code  Gb  stm32f1xx_hal_tim.o [10]
TIM_ITRx_SetConfig       0x800'5d57   0x10  Code  Lc  stm32f1xx_hal_tim.o [10]
TIM_TI1_ConfigInputStage
                         0x800'5d15   0x1e  Code  Lc  stm32f1xx_hal_tim.o [10]
TIM_TI2_ConfigInputStage
                         0x800'5d33   0x24  Code  Lc  stm32f1xx_hal_tim.o [10]
UART_SetConfig           0x800'5573   0x78  Code  Lc  stm32f1xx_hal_uart.o [10]
UART_WaitOnFlagUntilTimeout
                         0x800'54dd   0x5e  Code  Lc  stm32f1xx_hal_uart.o [10]
USART1_IRQHandler        0x800'a161         Code  Wk  startup_stm32f103xb.o [1]
USART2_IRQHandler        0x800'a165         Code  Wk  startup_stm32f103xb.o [1]
USART3_IRQHandler        0x800'a169         Code  Wk  startup_stm32f103xb.o [1]
USBD_CDC                0x2000'0028   0x38  Data  Gb  usbd_cdc.o [14]
USBD_CDC_CfgFSDesc      0x2000'00a4   0x44  Data  Gb  usbd_cdc.o [14]
USBD_CDC_CfgHSDesc      0x2000'0060   0x44  Data  Gb  usbd_cdc.o [14]
USBD_CDC_DataIn          0x800'59f1   0x4a  Code  Lc  usbd_cdc.o [14]
USBD_CDC_DataOut         0x800'5a3b   0x2a  Code  Lc  usbd_cdc.o [14]
USBD_CDC_DeInit          0x800'5905   0x44  Code  Lc  usbd_cdc.o [14]
USBD_CDC_DeviceQualifierDesc
                        0x2000'001c    0xc  Data  Lc  usbd_cdc.o [14]
USBD_CDC_EP0_RxReady     0x800'5a65   0x26  Code  Lc  usbd_cdc.o [14]
USBD_CDC_GetDeviceQualifierDescriptor
                         0x800'5aa3    0x8  Code  Gb  usbd_cdc.o [14]
USBD_CDC_GetFSCfgDesc    0x800'5a8b    0x8  Code  Lc  usbd_cdc.o [14]
USBD_CDC_GetHSCfgDesc    0x800'5a93    0x8  Code  Lc  usbd_cdc.o [14]
USBD_CDC_GetOtherSpeedCfgDesc
                         0x800'5a9b    0x8  Code  Lc  usbd_cdc.o [14]
USBD_CDC_Init            0x800'5871   0x8a  Code  Lc  usbd_cdc.o [14]
USBD_CDC_OtherSpeedCfgDesc
                        0x2000'00e8   0x44  Data  Gb  usbd_cdc.o [14]
USBD_CDC_ReceivePacket   0x800'5ae7   0x26  Code  Gb  usbd_cdc.o [14]
USBD_CDC_RegisterInterface
                         0x800'5abd    0xe  Code  Gb  usbd_cdc.o [14]
USBD_CDC_SetRxBuffer     0x800'5adb    0xc  Code  Gb  usbd_cdc.o [14]
USBD_CDC_SetTxBuffer     0x800'5acb   0x10  Code  Gb  usbd_cdc.o [14]
USBD_CDC_Setup           0x800'5949   0xa8  Code  Lc  usbd_cdc.o [14]
USBD_ClrClassConfig      0x800'564b    0xa  Code  Gb  usbd_core.o [14]
USBD_CtlContinueRx       0x800'80b7    0x4  Code  Gb  usbd_ioreq.o [14]
USBD_CtlContinueSendData
                         0x800'8093    0x4  Code  Gb  usbd_ioreq.o [14]
USBD_CtlError            0x800'8027   0x16  Code  Gb  usbd_ctlreq.o [14]
USBD_CtlPrepareRx        0x800'80a3   0x14  Code  Gb  usbd_ioreq.o [14]
USBD_CtlReceiveStatus    0x800'80d5    0xe  Code  Gb  usbd_ioreq.o [14]
USBD_CtlSendData         0x800'8083   0x10  Code  Gb  usbd_ioreq.o [14]
USBD_CtlSendStatus       0x800'80c7    0xe  Code  Gb  usbd_ioreq.o [14]
USBD_FS_ConfigStrDescriptor
                         0x800'9ddd    0xc  Code  Gb  usbd_desc.o [3]
USBD_FS_DeviceDesc      0x2000'0158   0x14  Data  Gb  usbd_desc.o [3]
USBD_FS_DeviceDescriptor
                         0x800'9d81    0x8  Code  Gb  usbd_desc.o [3]
USBD_FS_InterfaceStrDescriptor
                         0x800'9e05    0xc  Code  Gb  usbd_desc.o [3]
USBD_FS_LangIDStrDescriptor
                         0x800'9d89    0x8  Code  Gb  usbd_desc.o [3]
USBD_FS_ManufacturerStrDescriptor
                         0x800'9d9d    0xa  Code  Gb  usbd_desc.o [3]
USBD_FS_ProductStrDescriptor
                         0x800'9d91    0xc  Code  Gb  usbd_desc.o [3]
USBD_FS_SerialStrDescriptor
                         0x800'9db1   0x2c  Code  Gb  usbd_desc.o [3]
USBD_GetString           0x800'803d   0x46  Code  Gb  usbd_ctlreq.o [14]
USBD_Get_USB_Status      0x800'7c11   0x12  Code  Lc  usbd_conf.o [4]
USBD_Init                0x800'55f5   0x26  Code  Gb  usbd_core.o [14]
USBD_Interface_fops_FS  0x2000'012c   0x10  Data  Gb  usbd_cdc_if.o [3]
USBD_LL_ClearStallEP     0x800'7b9b    0xc  Code  Gb  usbd_conf.o [4]
USBD_LL_CloseEP          0x800'7b83    0xc  Code  Gb  usbd_conf.o [4]
USBD_LL_DataInStage      0x800'572b   0xae  Code  Gb  usbd_core.o [14]
USBD_LL_DataOutStage     0x800'56a9   0x7a  Code  Gb  usbd_core.o [14]
USBD_LL_GetRxDataSize    0x800'7be9    0x8  Code  Gb  usbd_conf.o [4]
USBD_LL_Init             0x800'7ae3   0x7a  Code  Gb  usbd_conf.o [4]
USBD_LL_IsStallEP        0x800'7ba7   0x1e  Code  Gb  usbd_conf.o [4]
USBD_LL_OpenEP           0x800'7b6d   0x16  Code  Gb  usbd_conf.o [4]
USBD_LL_PrepareReceive   0x800'7bdd    0xc  Code  Gb  usbd_conf.o [4]
USBD_LL_Reset            0x800'57d9   0x52  Code  Gb  usbd_core.o [14]
USBD_LL_Resume           0x800'5841   0x12  Code  Gb  usbd_core.o [14]
USBD_LL_SOF              0x800'5853   0x18  Code  Gb  usbd_core.o [14]
USBD_LL_SetSpeed         0x800'582b    0x6  Code  Gb  usbd_core.o [14]
USBD_LL_SetUSBAddress    0x800'7bc5    0xc  Code  Gb  usbd_conf.o [4]
USBD_LL_SetupStage       0x800'5655   0x54  Code  Gb  usbd_core.o [14]
USBD_LL_StallEP          0x800'7b8f    0xc  Code  Gb  usbd_conf.o [4]
USBD_LL_Start            0x800'7b5d    0xa  Code  Gb  usbd_conf.o [4]
USBD_LL_Suspend          0x800'5831   0x10  Code  Gb  usbd_core.o [14]
USBD_LL_Transmit         0x800'7bd1    0xc  Code  Gb  usbd_conf.o [4]
USBD_LangIDDesc         0x2000'016c    0x4  Data  Gb  usbd_desc.o [3]
USBD_ParseSetupRequest   0x800'7fff   0x28  Code  Gb  usbd_ctlreq.o [14]
USBD_RegisterClass       0x800'561b   0x10  Code  Gb  usbd_core.o [14]
USBD_SetClassConfig      0x800'5635   0x16  Code  Gb  usbd_core.o [14]
USBD_SetConfig::cfgidx  0x2000'1754    0x1  Data  Lc  usbd_ctlreq.o [14]
USBD_Start               0x800'562b    0xa  Code  Gb  usbd_core.o [14]
USBD_StdDevReq           0x800'7c25  0x268  Code  Gb  usbd_ctlreq.o [14]
USBD_StdEPReq            0x800'7edd  0x11a  Code  Gb  usbd_ctlreq.o [14]
USBD_StdItfReq           0x800'7e91   0x4c  Code  Gb  usbd_ctlreq.o [14]
USBD_StrDesc            0x2000'11e8  0x200  Data  Gb  usbd_desc.o [3]
USBD_StringSerial       0x2000'0170   0x1c  Data  Gb  usbd_desc.o [3]
USBD_static_free         0x800'7c0d    0x2  Code  Gb  usbd_conf.o [4]
USBD_static_malloc       0x800'7bf1    0x4  Code  Gb  usbd_conf.o [4]
USBD_static_malloc::mem
                        0x2000'0fc8  0x220  Data  Lc  usbd_conf.o [4]
USBWakeUp_IRQHandler     0x800'a175         Code  Wk  startup_stm32f103xb.o [1]
USB_ActivateEndpoint     0x800'93ed  0x286  Code  Gb  stm32f1xx_ll_usb.o [10]
USB_CoreInit             0x800'93ad    0x4  Code  Gb  stm32f1xx_ll_usb.o [10]
USB_DeactivateEndpoint   0x800'9673  0x110  Code  Gb  stm32f1xx_ll_usb.o [10]
USB_DevConnect           0x800'9d05    0x4  Code  Gb  stm32f1xx_ll_usb.o [10]
USB_DevDisconnect        0x800'9d09    0x4  Code  Gb  stm32f1xx_ll_usb.o [10]
USB_DevInit              0x800'93d1   0x14  Code  Gb  stm32f1xx_ll_usb.o [10]
USB_DisableGlobalInt     0x800'93c1    0xc  Code  Gb  stm32f1xx_ll_usb.o [10]
USB_EP0_OutStart         0x800'9d13    0x4  Code  Gb  stm32f1xx_ll_usb.o [10]
USB_EPClearStall         0x800'9c7f   0x7a  Code  Gb  stm32f1xx_ll_usb.o [10]
USB_EPSetStall           0x800'9c4d   0x32  Code  Gb  stm32f1xx_ll_usb.o [10]
USB_EPStartXfer          0x800'9783  0x442  Code  Gb  stm32f1xx_ll_usb.o [10]
USB_EnableGlobalInt      0x800'93b1   0x10  Code  Gb  stm32f1xx_ll_usb.o [10]
USB_HP_CAN1_TX_IRQHandler
                         0x800'a129         Code  Wk  startup_stm32f103xb.o [1]
USB_LP_CAN1_RX0_IRQHandler
                         0x800'9fa5    0x6  Code  Gb  stm32f1xx_it.o [2]
USB_ReadInterrupts       0x800'9d0d    0x6  Code  Gb  stm32f1xx_ll_usb.o [10]
USB_ReadPMA              0x800'9d45   0x28  Code  Gb  stm32f1xx_ll_usb.o [10]
USB_SetCurrentMode       0x800'93cd    0x4  Code  Gb  stm32f1xx_ll_usb.o [10]
USB_SetDevAddress        0x800'9cf9    0xc  Code  Gb  stm32f1xx_ll_usb.o [10]
USB_WritePMA             0x800'9d21   0x24  Code  Gb  stm32f1xx_ll_usb.o [10]
UsageFault_Handler       0x800'9f99    0x2  Code  Gb  stm32f1xx_it.o [2]
UserRxBufferFS          0x2000'0214  0x400  Data  Gb  usbd_cdc_if.o [3]
UserTxBufferFS          0x2000'0614  0x400  Data  Gb  usbd_cdc_if.o [3]
WWDG_IRQHandler          0x800'a0dd         Code  Wk  startup_stm32f103xb.o [1]
_LC                      0x800'6b81    0x6  Code  Lc  xprintffull_nomb.o [15]
_LitobFullNoMb           0x800'7849  0x114  Code  Lc  xprintffull_nomb.o [15]
_Locale_lconv           0x2000'0194   0x38  Data  Lc  xlocale_c.o [15]
_PrintfFullNoMb          0x800'6b87  0xc92  Code  Gb  xprintffull_nomb.o [15]
_Prout                   0x800'a0ad   0x16  Code  Gb  xprout.o [15]
_PutcharsFullNoMb        0x800'79b5   0x2e  Code  Lc  xprintffull_nomb.o [15]
_Rand_idx               0x2000'1504    0x4  Data  Lc  rand.o [15]
_Rand_rv                0x2000'1484   0x80  Data  Lc  rand.o [15]
_Randinit               0x2000'018c    0x1  Data  Gb  rand.o [15]
_Randseed               0x2000'0190    0x4  Data  Gb  rand.o [15]
__NVIC_SetPriority       0x800'38bd   0x1a  Code  Lc  stm32f1xx_hal_cortex.o [10]
__aeabi_cdcmple          0x800'845d         Code  Gb  DblCmpLe.o [16]
__aeabi_cdrcmple         0x800'8491         Code  Gb  DblCmpGe.o [16]
__aeabi_cfrcmple         0x800'6b2d         Code  Gb  FltCmpGe.o [16]
__aeabi_d2f              0x800'6301         Code  Gb  DblToFlt.o [16]
__aeabi_d2iz             0x800'8601         Code  Gb  DblToS32.o [16]
__aeabi_d2uiz            0x800'865d         Code  Gb  DblToU32.o [16]
__aeabi_dadd             0x800'675d         Code  Gb  DblAddSub.o [16]
__aeabi_ddiv             0x800'6515         Code  Gb  DblDiv.o [16]
__aeabi_dmul             0x800'6369         Code  Gb  DblMul.o [16]
__aeabi_dsub             0x800'68d9         Code  Gb  DblAddSub.o [16]
__aeabi_f2d              0x800'619d         Code  Gb  FltToDbl.o [16]
__aeabi_fadd             0x800'69bd         Code  Gb  FltAddSub.o [16]
__aeabi_fdiv             0x800'6085         Code  Gb  FltDiv.o [16]
__aeabi_fsub             0x800'6a9d         Code  Gb  FltAddSub.o [16]
__aeabi_i2d              0x800'8639         Code  Gb  S32ToDbl.o [16]
__aeabi_i2f              0x800'6061         Code  Gb  S32ToFlt.o [16]
__aeabi_ldiv0            0x800'93a9         Code  Gb  I64DivZer.o [17]
__aeabi_llsr             0x800'80e5         Code  Gb  U64Shr.o [17]
__aeabi_memclr4          0x800'4d0d         Code  Gb  ABImemclr4.o [17]
__aeabi_memset           0x800'4ec9         Code  Gb  ABImemset.o [17]
__aeabi_memset4          0x800'5de5         Code  Gb  ABImemset48.o [17]
__aeabi_memset8          0x800'5de5         Code  Gb  ABImemset48.o [17]
__aeabi_ui2d             0x800'8681         Code  Gb  U32ToDbl.o [16]
__aeabi_uldivmod         0x800'86a5         Code  Gb  I64DivMod.o [17]
__cmain                  0x800'a05d         Code  Gb  cmain.o [17]
__exit                   0x800'9d6d   0x14  Code  Gb  exit.o [18]
__iar_Atan64             0x800'8105  0x200  Code  Gb  iar_Atan64.o [16]
__iar_Fail_s             0x800'831d   0x1c  Code  Gb  xfail_s.o [15]
__iar_Memchr             0x800'8395         Code  Gb  memchr.o [17]
__iar_Memset             0x800'4ec9         Code  Gb  ABImemset.o [17]
__iar_Memset4_word       0x800'5ded         Code  Gb  ABImemset48.o [17]
__iar_Memset8_word       0x800'5ded         Code  Gb  ABImemset48.o [17]
__iar_Memset_word        0x800'4ed1         Code  Gb  ABImemset.o [17]
__iar_Stdout            0x2000'01cc   0x48  Data  Gb  xfiles.o [15]
__iar_Strchr             0x800'8305         Code  Gb  strchr.o [17]
__iar_atan2_64           0x800'61e5  0x10e  Code  Gb  atan2_64.o [16]
__iar_data_init3         0x800'a015   0x28  Code  Gb  data_init.o [17]
__iar_frexp              0x800'83f9         Code  Gb  frexp.o [16]
__iar_frexp64            0x800'83ed         Code  Gb  frexp.o [16]
__iar_frexpl             0x800'83f9         Code  Gb  frexp.o [16]
__iar_ldexp64            0x800'84c5         Code  Gb  ldexp.o [16]
__iar_lz77_init_single3
                         0x800'2d3b   0x7e  Code  Gb  lz77_init_single.o [17]
__iar_program_start      0x800'a091         Code  Gb  cstartup_M.o [17]
__iar_scalbln64          0x800'84c5         Code  Gb  ldexp.o [16]
__iar_scalbn64           0x800'84c5         Code  Gb  ldexp.o [16]
__iar_small_Memcpy       0x800'6b6d         Code  Gb  ABImemcpy_small.o [17]
__iar_small_memcpy       0x800'6b69         Code  Gb  ABImemcpy_small.o [17]
__iar_small_memcpy4      0x800'6b69         Code  Gb  ABImemcpy_small.o [17]
__iar_small_memcpy8      0x800'6b69         Code  Gb  ABImemcpy_small.o [17]
__iar_zero_init3         0x800'9fdd   0x38  Code  Gb  zero_init3.o [17]
__low_level_init         0x800'a07b    0x4  Code  Gb  low_level_init.o [15]
__time64                 0x800'6b55   0x14  Code  Gb  time64.o [18]
__vector_table           0x800'0000         Data  Gb  startup_stm32f103xb.o [1]
__write                  0x800'9f09   0x30  Code  Gb  write.o [2]
_call_main               0x800'a069         Code  Gb  cmain.o [17]
_exit                    0x800'a085         Code  Gb  cexit.o [17]
a                        0x800'9f50   0x40  Data  Lc  iar_Atan64.o [16]
abort                    0x800'93a3    0x6  Code  Gb  abort.o [15]
atan2                    0x800'61e5  0x10e  Code  Gb  atan2_64.o [16]
atan2l                   0x800'61e5  0x10e  Code  Gb  atan2_64.o [16]
defaultParameters       0x2000'0000    0xc  Data  Gb  parameter.o [13]
exit                     0x800'a07f    0x4  Code  Gb  exit.o [15]
frexp                    0x800'83ed         Code  Gb  frexp.o [16]
frexpl                   0x800'83ed         Code  Gb  frexp.o [16]
hUsbDeviceFS            0x2000'0d04  0x2c4  Data  Gb  usb_device.o [3]
hadc1                   0x2000'16ec   0x30  Data  Gb  adc.o [2]
hi2c1                   0x2000'15b8   0x54  Data  Gb  i2c.o [2]
hpcd_USB_FS             0x2000'0a14  0x2f0  Data  Gb  usbd_conf.o [4]
hspi1                   0x2000'1508   0x58  Data  Gb  spi.o [2]
hspi2                   0x2000'1560   0x58  Data  Gb  spi.o [2]
htim3                   0x2000'165c   0x48  Data  Gb  tim.o [2]
huart1                  0x2000'16a4   0x48  Data  Gb  usart.o [2]
ldexp                    0x800'84c5         Code  Gb  ldexp.o [16]
ldexpl                   0x800'84c5         Code  Gb  ldexp.o [16]
ledScreen1              0x2000'13e8   0x40  Data  Gb  main.o [2]
ledScreen2              0x2000'1428   0x40  Data  Gb  main.o [2]
ledScreenData1          0x2000'1468    0x8  Data  Gb  main.o [2]
ledScreenData2          0x2000'1470    0x8  Data  Gb  main.o [2]
localeconv               0x800'869d    0x4  Code  Gb  xlocale_c.o [15]
main                     0x800'3405  0x1f4  Code  Gb  main.o [2]
memchr                   0x800'8395         Code  Gb  memchr.o [17]
memset                   0x800'36c1   0x14  Code  Gb  memset.o [17]
obuf                    0x2000'160c   0x50  Data  Lc  xfiles.o [15]
pFlash                  0x2000'1720   0x20  Data  Gb  stm32f1xx_hal_flash.o [10]
printf                   0x800'4ce5   0x28  Code  Gb  printf.o [15]
putchar                  0x800'9ec5   0x44  Code  Gb  putchar.o [15]
rand                     0x800'4465   0x8a  Code  Gb  rand.o [15]
runPara                 0x2000'1478    0xc  Data  Gb  main.o [2]
scalbln                  0x800'84c5         Code  Gb  ldexp.o [16]
scalblnl                 0x800'84c5         Code  Gb  ldexp.o [16]
scalbn                   0x800'84c5         Code  Gb  ldexp.o [16]
scalbnl                  0x800'84c5         Code  Gb  ldexp.o [16]
scale                    0x800'795d   0x46  Code  Lc  xprintffull_nomb.o [15]
sec_hand                0x2000'1750    0x4  Data  Lc  xfail_s.o [15]
srand                    0x800'44ef    0xa  Code  Gb  rand.o [15]
strchr                   0x800'8305         Code  Gb  strchr.o [17]
strlen                   0x800'835d         Code  Gb  strlen.o [17]
time                     0x800'48fb    0x4  Code  Gb  time_trampoline.o [15]
uwTick                  0x2000'0010    0x4  Data  Gb  stm32f1xx_hal.o [10]
uwTickFreq              0x2000'000c    0x1  Data  Gb  stm32f1xx_hal.o [10]
uwTickPrio              0x2000'0014    0x4  Data  Gb  stm32f1xx_hal.o [10]


[1] = E:\eHorglass\2.Firmware\eHorglass\EWARM\eHorglass\Obj\Application\EWARM
[2] = E:\eHorglass\2.Firmware\eHorglass\EWARM\eHorglass\Obj\Application\User\Core
[3] = E:\eHorglass\2.Firmware\eHorglass\EWARM\eHorglass\Obj\Application\User\USB_DEVICE\App
[4] = E:\eHorglass\2.Firmware\eHorglass\EWARM\eHorglass\Obj\Application\User\USB_DEVICE\Target
[5] = E:\eHorglass\2.Firmware\eHorglass\EWARM\eHorglass\Obj\Drivers\AT
[6] = E:\eHorglass\2.Firmware\eHorglass\EWARM\eHorglass\Obj\Drivers\CMSIS
[7] = E:\eHorglass\2.Firmware\eHorglass\EWARM\eHorglass\Obj\Drivers\MAX7219
[8] = E:\eHorglass\2.Firmware\eHorglass\EWARM\eHorglass\Obj\Drivers\MPU6050
[9] = E:\eHorglass\2.Firmware\eHorglass\EWARM\eHorglass\Obj\Drivers\Runtime
[10] = E:\eHorglass\2.Firmware\eHorglass\EWARM\eHorglass\Obj\Drivers\STM32F1xx_HAL_Driver
[11] = E:\eHorglass\2.Firmware\eHorglass\EWARM\eHorglass\Obj\Drivers\SandMove
[12] = E:\eHorglass\2.Firmware\eHorglass\EWARM\eHorglass\Obj\Drivers\common
[13] = E:\eHorglass\2.Firmware\eHorglass\EWARM\eHorglass\Obj\Drivers\parameter
[14] = E:\eHorglass\2.Firmware\eHorglass\EWARM\eHorglass\Obj\Middlewares\USB_Device_Library
[15] = dl7M_tlf.a
[16] = m7M_tl.a
[17] = rt7M_tl.a
[18] = shb_l.a

  35'081 bytes of readonly  code memory
   6'524 bytes of readonly  data memory
   6'997 bytes of readwrite data memory

Errors: none
Warnings: none
