###############################################################################
#
# IAR ELF Linker V9.30.1.335/W64 for ARM                  26/Feb/2024  14:13:53
# Copyright 2007-2022 IAR Systems AB.
#
#    Output file  =
#        E:\eHorglass\2.Firmware\eHorglass\EWARM\eHorglass\Exe\eHorglass.out
#    Map file     =
#        E:\eHorglass\2.Firmware\eHorglass\EWARM\eHorglass\List\eHorglass.map
#    Command line =
#        -f
#        E:\eHorglass\2.Firmware\eHorglass\EWARM\eHorglass\Exe\eHorglass.out.rsp
#        (E:\eHorglass\2.Firmware\eHorglass\EWARM\eHorglass\Obj\Application\User\Core\adc.o
#        E:\eHorglass\2.Firmware\eHorglass\EWARM\eHorglass\Obj\Drivers\AT\AT.o
#        E:\eHorglass\2.Firmware\eHorglass\EWARM\eHorglass\Obj\Drivers\common\common.o
#        E:\eHorglass\2.Firmware\eHorglass\EWARM\eHorglass\Obj\Application\User\Core\dma.o
#        E:\eHorglass\2.Firmware\eHorglass\EWARM\eHorglass\Obj\Application\User\Core\gpio.o
#        E:\eHorglass\2.Firmware\eHorglass\EWARM\eHorglass\Obj\Application\User\Core\i2c.o
#        E:\eHorglass\2.Firmware\eHorglass\EWARM\eHorglass\Obj\Application\User\Core\main.o
#        E:\eHorglass\2.Firmware\eHorglass\EWARM\eHorglass\Obj\Drivers\MAX7219\MAX7219.o
#        E:\eHorglass\2.Firmware\eHorglass\EWARM\eHorglass\Obj\Drivers\MPU6050\MPU6050.o
#        E:\eHorglass\2.Firmware\eHorglass\EWARM\eHorglass\Obj\Drivers\parameter\parameter.o
#        E:\eHorglass\2.Firmware\eHorglass\EWARM\eHorglass\Obj\Drivers\Runtime\Runtime.o
#        E:\eHorglass\2.Firmware\eHorglass\EWARM\eHorglass\Obj\Drivers\SandMove\SandMove.o
#        E:\eHorglass\2.Firmware\eHorglass\EWARM\eHorglass\Obj\Application\User\Core\spi.o
#        E:\eHorglass\2.Firmware\eHorglass\EWARM\eHorglass\Obj\Application\EWARM\startup_stm32f103xb.o
#        E:\eHorglass\2.Firmware\eHorglass\EWARM\eHorglass\Obj\Drivers\STM32F1xx_HAL_Driver\stm32f1xx_hal.o
#        E:\eHorglass\2.Firmware\eHorglass\EWARM\eHorglass\Obj\Drivers\STM32F1xx_HAL_Driver\stm32f1xx_hal_adc.o
#        E:\eHorglass\2.Firmware\eHorglass\EWARM\eHorglass\Obj\Drivers\STM32F1xx_HAL_Driver\stm32f1xx_hal_adc_ex.o
#        E:\eHorglass\2.Firmware\eHorglass\EWARM\eHorglass\Obj\Drivers\STM32F1xx_HAL_Driver\stm32f1xx_hal_cortex.o
#        E:\eHorglass\2.Firmware\eHorglass\EWARM\eHorglass\Obj\Drivers\STM32F1xx_HAL_Driver\stm32f1xx_hal_dma.o
#        E:\eHorglass\2.Firmware\eHorglass\EWARM\eHorglass\Obj\Drivers\STM32F1xx_HAL_Driver\stm32f1xx_hal_exti.o
#        E:\eHorglass\2.Firmware\eHorglass\EWARM\eHorglass\Obj\Drivers\STM32F1xx_HAL_Driver\stm32f1xx_hal_flash.o
#        E:\eHorglass\2.Firmware\eHorglass\EWARM\eHorglass\Obj\Drivers\STM32F1xx_HAL_Driver\stm32f1xx_hal_flash_ex.o
#        E:\eHorglass\2.Firmware\eHorglass\EWARM\eHorglass\Obj\Drivers\STM32F1xx_HAL_Driver\stm32f1xx_hal_gpio.o
#        E:\eHorglass\2.Firmware\eHorglass\EWARM\eHorglass\Obj\Drivers\STM32F1xx_HAL_Driver\stm32f1xx_hal_gpio_ex.o
#        E:\eHorglass\2.Firmware\eHorglass\EWARM\eHorglass\Obj\Drivers\STM32F1xx_HAL_Driver\stm32f1xx_hal_i2c.o
#        E:\eHorglass\2.Firmware\eHorglass\EWARM\eHorglass\Obj\Application\User\Core\stm32f1xx_hal_msp.o
#        E:\eHorglass\2.Firmware\eHorglass\EWARM\eHorglass\Obj\Drivers\STM32F1xx_HAL_Driver\stm32f1xx_hal_pcd.o
#        E:\eHorglass\2.Firmware\eHorglass\EWARM\eHorglass\Obj\Drivers\STM32F1xx_HAL_Driver\stm32f1xx_hal_pcd_ex.o
#        E:\eHorglass\2.Firmware\eHorglass\EWARM\eHorglass\Obj\Drivers\STM32F1xx_HAL_Driver\stm32f1xx_hal_pwr.o
#        E:\eHorglass\2.Firmware\eHorglass\EWARM\eHorglass\Obj\Drivers\STM32F1xx_HAL_Driver\stm32f1xx_hal_rcc.o
#        E:\eHorglass\2.Firmware\eHorglass\EWARM\eHorglass\Obj\Drivers\STM32F1xx_HAL_Driver\stm32f1xx_hal_rcc_ex.o
#        E:\eHorglass\2.Firmware\eHorglass\EWARM\eHorglass\Obj\Drivers\STM32F1xx_HAL_Driver\stm32f1xx_hal_spi.o
#        E:\eHorglass\2.Firmware\eHorglass\EWARM\eHorglass\Obj\Drivers\STM32F1xx_HAL_Driver\stm32f1xx_hal_tim.o
#        E:\eHorglass\2.Firmware\eHorglass\EWARM\eHorglass\Obj\Drivers\STM32F1xx_HAL_Driver\stm32f1xx_hal_tim_ex.o
#        E:\eHorglass\2.Firmware\eHorglass\EWARM\eHorglass\Obj\Drivers\STM32F1xx_HAL_Driver\stm32f1xx_hal_uart.o
#        E:\eHorglass\2.Firmware\eHorglass\EWARM\eHorglass\Obj\Application\User\Core\stm32f1xx_it.o
#        E:\eHorglass\2.Firmware\eHorglass\EWARM\eHorglass\Obj\Drivers\STM32F1xx_HAL_Driver\stm32f1xx_ll_usb.o
#        E:\eHorglass\2.Firmware\eHorglass\EWARM\eHorglass\Obj\Drivers\CMSIS\system_stm32f1xx.o
#        E:\eHorglass\2.Firmware\eHorglass\EWARM\eHorglass\Obj\Application\User\Core\tim.o
#        E:\eHorglass\2.Firmware\eHorglass\EWARM\eHorglass\Obj\Application\User\Core\usart.o
#        E:\eHorglass\2.Firmware\eHorglass\EWARM\eHorglass\Obj\Application\User\USB_DEVICE\App\usb_device.o
#        E:\eHorglass\2.Firmware\eHorglass\EWARM\eHorglass\Obj\Middlewares\USB_Device_Library\usbd_cdc.o
#        E:\eHorglass\2.Firmware\eHorglass\EWARM\eHorglass\Obj\Application\User\USB_DEVICE\App\usbd_cdc_if.o
#        E:\eHorglass\2.Firmware\eHorglass\EWARM\eHorglass\Obj\Application\User\USB_DEVICE\Target\usbd_conf.o
#        E:\eHorglass\2.Firmware\eHorglass\EWARM\eHorglass\Obj\Middlewares\USB_Device_Library\usbd_core.o
#        E:\eHorglass\2.Firmware\eHorglass\EWARM\eHorglass\Obj\Middlewares\USB_Device_Library\usbd_ctlreq.o
#        E:\eHorglass\2.Firmware\eHorglass\EWARM\eHorglass\Obj\Application\User\USB_DEVICE\App\usbd_desc.o
#        E:\eHorglass\2.Firmware\eHorglass\EWARM\eHorglass\Obj\Middlewares\USB_Device_Library\usbd_ioreq.o
#        E:\eHorglass\2.Firmware\eHorglass\EWARM\eHorglass\Obj\Application\User\Core\write.o
#        --no_out_extension -o
#        E:\eHorglass\2.Firmware\eHorglass\EWARM\eHorglass\Exe\eHorglass.out
#        --redirect _Printf=_PrintfFullNoMb --redirect _Scanf=_ScanfFullNoMb
#        --map
#        E:\eHorglass\2.Firmware\eHorglass\EWARM\eHorglass\List\eHorglass.map
#        --config E:\eHorglass\2.Firmware\eHorglass\EWARM/stm32f103xb_flash.icf
#        --semihosting --entry __iar_program_start --vfe --text_out locale
#        --cpu=Cortex-M3 --fpu=None)
#
###############################################################################

*******************************************************************************
*** RUNTIME MODEL ATTRIBUTES
***

CppFlavor       = *
__CPP_Runtime   = 1
__SystemLibrary = DLib
__dlib_version  = 6


*******************************************************************************
*** HEAP SELECTION
***

The basic heap was selected because --advanced_heap
was not specified and the application did not appear to
be primarily optimized for speed.


*******************************************************************************
*** PLACEMENT SUMMARY
***

"A0":  place at address 0x800'0000 { ro section .intvec };
"P1":  place in [from 0x800'0000 to 0x801'fbff] { ro };
define block CSTACK with size = 2K, alignment = 8 { };
define block HEAP with size = 8K, alignment = 8 { };
"P2":  place in [from 0x2000'0000 to 0x2000'4fff] {
          rw, block CSTACK, block HEAP };
initialize by copy { rw };

  Section            Kind         Address    Size  Object
  -------            ----         -------    ----  ------
"A0":                                        0xec
  .intvec            ro code   0x800'0000    0xec  startup_stm32f103xb.o [1]
                             - 0x800'00ec    0xec

"P1":                                      0xc658
  .rodata            const     0x800'00ec  0x1800  SandMove.o [11]
  .text              ro code   0x800'18ec  0x144e  stm32f1xx_hal_i2c.o [10]
  .text              ro code   0x800'2d3a    0x7e  lz77_init_single.o [17]
  .text              ro code   0x800'2db8    0xac  i2c.o [2]
  .text              ro code   0x800'2e64   0x4be  stm32f1xx_hal_rcc.o [10]
  .text              ro code   0x800'3322    0x1e  xsscin.o [15]
  .text              ro code   0x800'3340     0xc  stm32f1xx_hal.o [10]
  .text              ro code   0x800'334c     0x2  stm32f1xx_hal_i2c.o [10]
  .text              ro code   0x800'334e     0x2  stm32f1xx_hal_i2c.o [10]
  .text              ro code   0x800'3350     0x2  stm32f1xx_hal_i2c.o [10]
  .text              ro code   0x800'3352     0x2  stm32f1xx_hal_i2c.o [10]
  .text              ro code   0x800'3354     0x2  stm32f1xx_hal_i2c.o [10]
  .text              ro code   0x800'3356     0x2  stm32f1xx_hal_i2c.o [10]
  .text              ro code   0x800'3358   0x214  stm32f1xx_hal_dma.o [10]
  .text              ro code   0x800'356c     0x2  stm32f1xx_hal_i2c.o [10]
  .text              ro code   0x800'356e     0x2  stm32f1xx_hal_i2c.o [10]
  .text              ro code   0x800'3570     0x2  stm32f1xx_hal_i2c.o [10]
  .text              ro code   0x800'3572     0x2  stm32f1xx_hal_i2c.o [10]
  .text              ro code   0x800'3574   0x316  main.o [2]
  .text              ro code   0x800'388a    0x14  memset.o [17]
  .rodata            const     0x800'389e     0x2  xlocale_c.o [15]
  .text              ro code   0x800'38a0   0x1d8  stm32f1xx_hal_gpio.o [10]
  .text              ro code   0x800'3a78    0xc4  stm32f1xx_hal_cortex.o [10]
  .text              ro code   0x800'3b3c    0x40  stm32f1xx_hal.o [10]
  .text              ro code   0x800'3b7c   0x1c8  AT.o [5]
  .text              ro code   0x800'3d44     0x6  ABImemclr4.o [17]
  .rodata            const     0x800'3d4a     0x2  xlocale_c.o [15]
  .text              ro code   0x800'3d4c   0x874  stm32f1xx_hal_uart.o [10]
  .text              ro code   0x800'45c0    0x24  stm32f1xx_hal.o [10]
  .text              ro code   0x800'45e4   0x118  gpio.o [2]
  .text              ro code   0x800'46fc    0x20  dma.o [2]
  .text              ro code   0x800'471c   0x12c  spi.o [2]
  .text              ro code   0x800'4848    0xec  usart.o [2]
  .text              ro code   0x800'4934    0x54  usb_device.o [3]
  .text              ro code   0x800'4988    0xb0  adc.o [2]
  .text              ro code   0x800'4a38    0x98  tim.o [2]
  .text              ro code   0x800'4ad0   0x1c0  MAX7219.o [7]
  .text              ro code   0x800'4c90    0xf4  parameter.o [13]
  .text              ro code   0x800'4d84    0x30  Runtime.o [9]
  .text              ro code   0x800'4db4   0x530  stm32f1xx_hal_adc.o [10]
  .text              ro code   0x800'52e4   0x278  MPU6050.o [8]
  .text              ro code   0x800'555c    0x28  stm32f1xx_hal.o [10]
  .text              ro code   0x800'5584    0xa4  rand.o [15]
  .text              ro code   0x800'5628   0x3e4  SandMove.o [11]
  .text              ro code   0x800'5a0c   0x1b2  stm32f1xx_hal_rcc_ex.o [10]
  .rodata            const     0x800'5bbe     0x1  xlocale_c.o [15]
  .text              ro code   0x800'5bc0    0x66  ABImemset.o [17]
  .text              ro code   0x800'5c28    0x28  printf.o [15]
  .text              ro code   0x800'5c50    0x28  sscanf.o [15]
  .text              ro code   0x800'5c78    0x12  strcmp.o [17]
  .text              ro code   0x800'5c8c    0x3a  ABImemset48.o [17]
  .text              ro code   0x800'5cc6     0x2  stm32f1xx_hal_uart.o [10]
  .text              ro code   0x800'5cc8     0x2  stm32f1xx_hal_uart.o [10]
  .text              ro code   0x800'5cca     0x2  stm32f1xx_hal_uart.o [10]
  .text              ro code   0x800'5ccc     0x2  stm32f1xx_hal_uart.o [10]
  .text              ro code   0x800'5cd0    0x44  stm32f1xx_hal_msp.o [2]
  .text              ro code   0x800'5d14   0x448  stm32f1xx_hal_spi.o [10]
  .text              ro code   0x800'615c   0x27c  usbd_core.o [14]
  .text              ro code   0x800'63d8   0x2cc  usbd_cdc.o [14]
  .text              ro code   0x800'66a4   0x274  stm32f1xx_hal_tim.o [10]
  .text              ro code   0x800'6918    0x64  stm32f1xx_hal_tim_ex.o [10]
  .text              ro code   0x800'697c   0x16c  stm32f1xx_hal_flash.o [10]
  .text              ro code   0x800'6ae8    0xd4  stm32f1xx_hal_flash_ex.o [10]
  .text              ro code   0x800'6bbc    0x24  S32ToFlt.o [16]
  .text              ro code   0x800'6be0   0x118  FltDiv.o [16]
  .text              ro code   0x800'6cf8    0x48  FltToDbl.o [16]
  .text              ro code   0x800'6d40   0x11a  atan2_64.o [16]
  .text              ro code   0x800'6e5c    0x68  DblToFlt.o [16]
  .text              ro code   0x800'6ec4   0x1aa  DblMul.o [16]
  .text              ro code   0x800'7070   0x246  DblDiv.o [16]
  .text              ro code   0x800'72b8   0x25e  DblAddSub.o [16]
  .text              ro code   0x800'7518   0x16e  FltAddSub.o [16]
  .text              ro code   0x800'7688    0x28  FltCmpGe.o [16]
  .text              ro code   0x800'76b0    0x18  ABImemcpy_small.o [17]
  .text              ro code   0x800'76c8   0xeaa  xprintffull_nomb.o [15]
  .text              ro code   0x800'8574   0xd78  xscanffull_nomb.o [15]
  .text              ro code   0x800'92ec     0x2  stm32f1xx_hal_spi.o [10]
  .text              ro code   0x800'92f0   0x1f6  usbd_conf.o [4]
  .text              ro code   0x800'94e8   0x45e  usbd_ctlreq.o [14]
  .text              ro code   0x800'9946    0x60  usbd_ioreq.o [14]
  .text              ro code   0x800'99a8    0x1e  U64Shr.o [17]
  .text              ro code   0x800'99c8   0x200  iar_Atan64.o [16]
  .text              ro code   0x800'9bc8    0x16  strchr.o [17]
  .text              ro code   0x800'9be0    0x40  xfail_s.o [15]
  .text              ro code   0x800'9c20    0x36  strlen.o [17]
  .text              ro code   0x800'9c58    0x58  memchr.o [17]
  .text              ro code   0x800'9cb0    0x70  frexp.o [16]
  .text              ro code   0x800'9d20    0x34  DblCmpLe.o [16]
  .text              ro code   0x800'9d54    0x34  DblCmpGe.o [16]
  .text              ro code   0x800'9d88   0x13a  ldexp.o [16]
  .text              ro code   0x800'9ec4    0x36  DblToS32.o [16]
  .text              ro code   0x800'9efc    0x22  S32ToDbl.o [16]
  .text              ro code   0x800'9f20    0x22  DblToU32.o [16]
  .text              ro code   0x800'9f44    0x1c  U32ToDbl.o [16]
  .text              ro code   0x800'9f60    0x4c  xlocale_c.o [15]
  .text              ro code   0x800'9fac   0x230  I64DivMod.o [17]
  .text              ro code   0x800'a1dc    0x14  isspace.o [15]
  .text              ro code   0x800'a1f0    0x14  isalpha.o [15]
  .text              ro code   0x800'a204   0x2fc  strto64.o [16]
  .text              ro code   0x800'a500   0x1b2  iar_Stoullx.o [15]
  .text              ro code   0x800'a6b4    0xaa  iar_Stollx.o [15]
  .text              ro code   0x800'a760   0xa9a  stm32f1xx_hal_pcd.o [10]
  .text              ro code   0x800'b1fa    0x34  stm32f1xx_hal_pcd_ex.o [10]
  .text              ro code   0x800'b22e     0x6  abort.o [15]
  .text              ro code   0x800'b234     0x2  I64DivZer.o [17]
  .text              ro code   0x800'b236   0x122  iar_Stopfx.o [15]
  .text              ro code   0x800'b358   0x1b8  iar_Stoflt.o [15]
  .text              ro code   0x800'b510   0x208  iar_Stoxflt.o [15]
  .text              ro code   0x800'b718    0x14  tolower.o [15]
  .text              ro code   0x800'b72c   0x9c0  stm32f1xx_ll_usb.o [10]
  .text              ro code   0x800'c0ec    0x14  exit.o [18]
  .text              ro code   0x800'c100   0x100  usbd_desc.o [3]
  .text              ro code   0x800'c200    0x6c  usbd_cdc_if.o [3]
  .rodata            const     0x800'c26c    0x50  iar_Stoullx.o [15]
  .rodata            const     0x800'c2c0    0x48  strto64.o [16]
  .text              ro code   0x800'c308    0x48  stm32f1xx_it.o [2]
  .text              ro code   0x800'c350    0x10  stm32f1xx_hal.o [10]
  .text              ro code   0x800'c360    0x44  putchar.o [15]
  .text              ro code   0x800'c3a4    0x38  write.o [2]
  .rodata            const     0x800'c3dc    0x24  xscanffull_nomb.o [15]
  .rodata            const     0x800'c400    0x40  iar_Atan64.o [16]
  .text              ro code   0x800'c440    0x38  zero_init3.o [17]
  .rodata            const     0x800'c478    0x28  xscanffull_nomb.o [15]
  .text              ro code   0x800'c4a0    0x28  data_init.o [17]
  .iar.init_table    const     0x800'c4c8    0x20  - Linker created -
  .text              ro code   0x800'c4e8    0x1e  cmain.o [17]
  .text              ro code   0x800'c506     0x4  low_level_init.o [15]
  .text              ro code   0x800'c50a     0x4  exit.o [15]
  .text              ro code   0x800'c510     0xa  cexit.o [17]
  .text              ro code   0x800'c51c    0x1c  cstartup_M.o [17]
  .text              ro code   0x800'c538    0x16  xprout.o [15]
  .text              ro code   0x800'c550    0x14  system_stm32f1xx.o [6]
  .text              ro code   0x800'c564    0x10  startup_stm32f103xb.o [1]
  .rodata            const     0x800'c574     0x8  system_stm32f1xx.o [6]
  .text              ro code   0x800'c57c     0x4  startup_stm32f103xb.o [1]
  .text              ro code   0x800'c580     0x4  startup_stm32f103xb.o [1]
  .text              ro code   0x800'c584     0x4  startup_stm32f103xb.o [1]
  .text              ro code   0x800'c588     0x4  startup_stm32f103xb.o [1]
  .text              ro code   0x800'c58c     0x4  startup_stm32f103xb.o [1]
  .text              ro code   0x800'c590     0x4  startup_stm32f103xb.o [1]
  .text              ro code   0x800'c594     0x4  startup_stm32f103xb.o [1]
  .text              ro code   0x800'c598     0x4  startup_stm32f103xb.o [1]
  .text              ro code   0x800'c59c     0x4  startup_stm32f103xb.o [1]
  .text              ro code   0x800'c5a0     0x4  startup_stm32f103xb.o [1]
  .text              ro code   0x800'c5a4     0x4  startup_stm32f103xb.o [1]
  .text              ro code   0x800'c5a8     0x4  startup_stm32f103xb.o [1]
  .text              ro code   0x800'c5ac     0x4  startup_stm32f103xb.o [1]
  .text              ro code   0x800'c5b0     0x4  startup_stm32f103xb.o [1]
  .text              ro code   0x800'c5b4     0x4  startup_stm32f103xb.o [1]
  .text              ro code   0x800'c5b8     0x4  startup_stm32f103xb.o [1]
  .text              ro code   0x800'c5bc     0x4  startup_stm32f103xb.o [1]
  .text              ro code   0x800'c5c0     0x4  startup_stm32f103xb.o [1]
  .text              ro code   0x800'c5c4     0x4  startup_stm32f103xb.o [1]
  .text              ro code   0x800'c5c8     0x4  startup_stm32f103xb.o [1]
  .text              ro code   0x800'c5cc     0x4  startup_stm32f103xb.o [1]
  .text              ro code   0x800'c5d0     0x4  startup_stm32f103xb.o [1]
  .text              ro code   0x800'c5d4     0x4  startup_stm32f103xb.o [1]
  .text              ro code   0x800'c5d8     0x4  startup_stm32f103xb.o [1]
  .text              ro code   0x800'c5dc     0x4  startup_stm32f103xb.o [1]
  .text              ro code   0x800'c5e0     0x4  startup_stm32f103xb.o [1]
  .text              ro code   0x800'c5e4     0x4  startup_stm32f103xb.o [1]
  .text              ro code   0x800'c5e8     0x4  startup_stm32f103xb.o [1]
  .text              ro code   0x800'c5ec     0x4  startup_stm32f103xb.o [1]
  .text              ro code   0x800'c5f0     0x4  startup_stm32f103xb.o [1]
  .text              ro code   0x800'c5f4     0x4  startup_stm32f103xb.o [1]
  .text              ro code   0x800'c5f8     0x4  startup_stm32f103xb.o [1]
  .text              ro code   0x800'c5fc     0x4  startup_stm32f103xb.o [1]
  .text              ro code   0x800'c600     0x4  startup_stm32f103xb.o [1]
  .text              ro code   0x800'c604     0x4  startup_stm32f103xb.o [1]
  .text              ro code   0x800'c608     0x4  startup_stm32f103xb.o [1]
  .text              ro code   0x800'c60c     0x4  startup_stm32f103xb.o [1]
  .text              ro code   0x800'c610     0x4  startup_stm32f103xb.o [1]
  .rodata            const     0x800'c614     0x0  zero_init3.o [17]
  .rodata            const     0x800'c614     0x0  lz77_init_single.o [17]
  Initializer bytes  const     0x800'c614   0x130  <for P2-1>
                             - 0x800'c744  0xc658

"P2", part 1 of 3:                          0x260
  P2-1                        0x2000'0000   0x260  <Init block>
    .data            inited   0x2000'0000    0x10  parameter.o [13]
    .data            inited   0x2000'0010     0xc  stm32f1xx_hal.o [10]
    .data            inited   0x2000'001c     0x4  system_stm32f1xx.o [6]
    .data            inited   0x2000'0020     0xc  usbd_cdc.o [14]
    .data            inited   0x2000'002c    0x38  usbd_cdc.o [14]
    .data            inited   0x2000'0064    0x44  usbd_cdc.o [14]
    .data            inited   0x2000'00a8    0x44  usbd_cdc.o [14]
    .data            inited   0x2000'00ec    0x44  usbd_cdc.o [14]
    .data            inited   0x2000'0130    0x10  usbd_cdc_if.o [3]
    .data            inited   0x2000'0140    0x1c  usbd_desc.o [3]
    .data            inited   0x2000'015c    0x14  usbd_desc.o [3]
    .data            inited   0x2000'0170     0x4  usbd_desc.o [3]
    .data            inited   0x2000'0174    0x1c  usbd_desc.o [3]
    .data            inited   0x2000'0190     0x8  rand.o [15]
    .data            inited   0x2000'0198    0x38  xlocale_c.o [15]
    .data            inited   0x2000'01d0    0x48  xlocale_c.o [15]
    .data            inited   0x2000'0218    0x48  xfiles.o [15]
                            - 0x2000'0260   0x260

"P2", part 2 of 3:                         0x168c
  .bss               zero     0x2000'0260   0x800  usbd_cdc_if.o [3]
  .bss               zero     0x2000'0a60   0x2f0  usbd_conf.o [4]
  .bss               zero     0x2000'0d50   0x2c4  usb_device.o [3]
  .bss               zero     0x2000'1014   0x220  usbd_conf.o [4]
  .bss               zero     0x2000'1234   0x200  usbd_desc.o [3]
  .bss               zero     0x2000'1434   0x100  main.o [2]
  .bss               zero     0x2000'1534    0xa0  main.o [2]
  .bss               zero     0x2000'15d4    0x84  rand.o [15]
  .bss               zero     0x2000'1658    0x58  spi.o [2]
  .bss               zero     0x2000'16b0    0x58  spi.o [2]
  .bss               zero     0x2000'1708    0x54  i2c.o [2]
  .bss               zero     0x2000'175c    0x50  xfiles.o [15]
  .bss               zero     0x2000'17ac    0x48  tim.o [2]
  .bss               zero     0x2000'17f4    0x48  usart.o [2]
  .bss               zero     0x2000'183c    0x44  usart.o [2]
  .bss               zero     0x2000'1880    0x30  adc.o [2]
  .bss               zero     0x2000'18b0    0x20  stm32f1xx_hal_flash.o [10]
  .bss               zero     0x2000'18d0    0x10  parameter.o [13]
  .bss               zero     0x2000'18e0     0x4  AT.o [5]
  .bss               zero     0x2000'18e4     0x4  xfail_s.o [15]
  .bss               zero     0x2000'18e8     0x1  usbd_ctlreq.o [14]
                            - 0x2000'18e9  0x1689

"P2", part 3 of 3:                          0x800
  CSTACK                      0x2000'18f0   0x800  <Block>
    CSTACK           uninit   0x2000'18f0   0x800  <Block tail>
                            - 0x2000'20f0   0x800

Unused ranges:

         From           To      Size
         ----           --      ----
   0x800'c744   0x801'fbff  0x1'34bc
  0x2000'18ec  0x2000'18ef       0x4
  0x2000'20f0  0x2000'4fff    0x2f10


*******************************************************************************
*** INIT TABLE
***

          Address      Size
          -------      ----
Zero (__iar_zero_init3)
    1 destination range, total size 0x1689:
          0x2000'0260  0x1689

Copy/lz77 (__iar_lz77_init_single3)
    1 source range, total size 0x130 (50% of destination):
           0x800'c614   0x130
    1 destination range, total size 0x260:
          0x2000'0000   0x260



*******************************************************************************
*** MODULE SUMMARY
***

    Module                    ro code  ro data  rw data
    ------                    -------  -------  -------
command line/config:
    ---------------------------------------------------
    Total:

E:\eHorglass\2.Firmware\eHorglass\EWARM\eHorglass\Obj\Application\EWARM: [1]
    startup_stm32f103xb.o         404
    ---------------------------------------------------
    Total:                        404

E:\eHorglass\2.Firmware\eHorglass\EWARM\eHorglass\Obj\Application\User\Core: [2]
    adc.o                         176                48
    dma.o                          32
    gpio.o                        280
    i2c.o                         172                84
    main.o                        790               416
    spi.o                         300               176
    stm32f1xx_hal_msp.o            68
    stm32f1xx_it.o                 72
    tim.o                         152                72
    usart.o                       236               140
    write.o                        56
    ---------------------------------------------------
    Total:                      2'334               936

E:\eHorglass\2.Firmware\eHorglass\EWARM\eHorglass\Obj\Application\User\USB_DEVICE\App: [3]
    usb_device.o                   84               708
    usbd_cdc_if.o                 108        8    2'064
    usbd_desc.o                   256       40      592
    ---------------------------------------------------
    Total:                        448       48    3'364

E:\eHorglass\2.Firmware\eHorglass\EWARM\eHorglass\Obj\Application\User\USB_DEVICE\Target: [4]
    usbd_conf.o                   502             1'296
    ---------------------------------------------------
    Total:                        502             1'296

E:\eHorglass\2.Firmware\eHorglass\EWARM\eHorglass\Obj\Drivers\AT: [5]
    AT.o                          456                 4
    ---------------------------------------------------
    Total:                        456                 4

E:\eHorglass\2.Firmware\eHorglass\EWARM\eHorglass\Obj\Drivers\CMSIS: [6]
    system_stm32f1xx.o             20       10        4
    ---------------------------------------------------
    Total:                         20       10        4

E:\eHorglass\2.Firmware\eHorglass\EWARM\eHorglass\Obj\Drivers\MAX7219: [7]
    MAX7219.o                     448
    ---------------------------------------------------
    Total:                        448

E:\eHorglass\2.Firmware\eHorglass\EWARM\eHorglass\Obj\Drivers\MPU6050: [8]
    MPU6050.o                     632
    ---------------------------------------------------
    Total:                        632

E:\eHorglass\2.Firmware\eHorglass\EWARM\eHorglass\Obj\Drivers\Runtime: [9]
    Runtime.o                      48
    ---------------------------------------------------
    Total:                         48

E:\eHorglass\2.Firmware\eHorglass\EWARM\eHorglass\Obj\Drivers\STM32F1xx_HAL_Driver: [10]
    stm32f1xx_hal.o               168        6       12
    stm32f1xx_hal_adc.o         1'328
    stm32f1xx_hal_cortex.o        196
    stm32f1xx_hal_dma.o           532
    stm32f1xx_hal_flash.o         364                32
    stm32f1xx_hal_flash_ex.o      212
    stm32f1xx_hal_gpio.o          472
    stm32f1xx_hal_i2c.o         5'218
    stm32f1xx_hal_pcd.o         2'714
    stm32f1xx_hal_pcd_ex.o         52
    stm32f1xx_hal_rcc.o         1'214
    stm32f1xx_hal_rcc_ex.o        434
    stm32f1xx_hal_spi.o         1'098
    stm32f1xx_hal_tim.o           628
    stm32f1xx_hal_tim_ex.o        100
    stm32f1xx_hal_uart.o        2'172
    stm32f1xx_ll_usb.o          2'496
    ---------------------------------------------------
    Total:                     19'398        6       44

E:\eHorglass\2.Firmware\eHorglass\EWARM\eHorglass\Obj\Drivers\SandMove: [11]
    SandMove.o                    996    6'144
    ---------------------------------------------------
    Total:                        996    6'144

E:\eHorglass\2.Firmware\eHorglass\EWARM\eHorglass\Obj\Drivers\common: [12]
    ---------------------------------------------------
    Total:

E:\eHorglass\2.Firmware\eHorglass\EWARM\eHorglass\Obj\Drivers\parameter: [13]
    parameter.o                   244        8       32
    ---------------------------------------------------
    Total:                        244        8       32

E:\eHorglass\2.Firmware\eHorglass\EWARM\eHorglass\Obj\Middlewares\USB_Device_Library: [14]
    usbd_cdc.o                    716      136      272
    usbd_core.o                   636
    usbd_ctlreq.o               1'118                 1
    usbd_ioreq.o                   96
    ---------------------------------------------------
    Total:                      2'566      136      273

dl7M_tlf.a: [15]
    abort.o                         6
    exit.o                          4
    iar_Stoflt.o                  440
    iar_Stollx.o                  170
    iar_Stopfx.o                  290
    iar_Stoullx.o                 434       80
    iar_Stoxflt.o                 520
    isalpha.o                      20
    isspace.o                      20
    low_level_init.o                4
    printf.o                       40
    putchar.o                      68
    rand.o                        164        4      140
    sscanf.o                       40
    tolower.o                      20
    xfail_s.o                      64                 4
    xfiles.o                                36      152
    xlocale_c.o                    76       69      128
    xprintffull_nomb.o          3'754
    xprout.o                       22
    xscanffull_nomb.o           3'448       76
    xsscin.o                       30
    ---------------------------------------------------
    Total:                      9'634      265      424

m7M_tl.a: [16]
    DblAddSub.o                   606
    DblCmpGe.o                     52
    DblCmpLe.o                     52
    DblDiv.o                      582
    DblMul.o                      426
    DblToFlt.o                    104
    DblToS32.o                     54
    DblToU32.o                     34
    FltAddSub.o                   366
    FltCmpGe.o                     40
    FltDiv.o                      280
    FltToDbl.o                     72
    S32ToDbl.o                     34
    S32ToFlt.o                     36
    U32ToDbl.o                     28
    atan2_64.o                    282
    frexp.o                       112
    iar_Atan64.o                  512       64
    ldexp.o                       314
    strto64.o                     764       72
    ---------------------------------------------------
    Total:                      4'750      136

rt7M_tl.a: [17]
    ABImemclr4.o                    6
    ABImemcpy_small.o              24
    ABImemset.o                   102
    ABImemset48.o                  58
    I64DivMod.o                   560
    I64DivZer.o                     2
    U64Shr.o                       30
    cexit.o                        10
    cmain.o                        30
    cstartup_M.o                   28
    data_init.o                    40
    lz77_init_single.o            126
    memchr.o                       88
    memset.o                       20
    strchr.o                       22
    strcmp.o                       18
    strlen.o                       54
    zero_init3.o                   56
    ---------------------------------------------------
    Total:                      1'274

shb_l.a: [18]
    exit.o                         20
    ---------------------------------------------------
    Total:                         20

    Gaps                           49        4
    Linker created                          32    2'048
-------------------------------------------------------
    Grand Total:               44'223    6'789    8'425


*******************************************************************************
*** ENTRY LIST
***

Entry                       Address   Size  Type      Object
-----                       -------   ----  ----      ------
.iar.init_table$$Base    0x800'c4c8          --   Gb  - Linker created -
.iar.init_table$$Limit   0x800'c4e8          --   Gb  - Linker created -
?main                    0x800'c4e9         Code  Gb  cmain.o [17]
ADC1_2_IRQHandler        0x800'c5c5         Code  Wk  startup_stm32f103xb.o [1]
ADC_ConversionStop_Disable
                         0x800'5295   0x48  Code  Gb  stm32f1xx_hal_adc.o [10]
ADC_Enable               0x800'51ef   0x6e  Code  Gb  stm32f1xx_hal_adc.o [10]
AHBPrescTable            0x800'c554   0x10  Data  Gb  system_stm32f1xx.o [6]
APBPrescTable            0x800'c574    0x8  Data  Gb  system_stm32f1xx.o [6]
AT_Init                  0x800'3b97    0x6  Code  Gb  AT.o [5]
AT_ParseCommand          0x800'3be9   0xba  Code  Gb  AT.o [5]
AT_RecevieFrameTime      0x800'3bcb   0x16  Code  Gb  AT.o [5]
AT_RecevieReInit         0x800'3ba5    0xa  Code  Gb  AT.o [5]
AT_RecevieSandNum        0x800'3bbb   0x10  Code  Gb  AT.o [5]
AT_ResponseError         0x800'3b9d    0x6  Code  Gb  AT.o [5]
BusFault_Handler         0x800'c30f    0x2  Code  Gb  stm32f1xx_it.o [2]
CAN1_RX1_IRQHandler      0x800'c5cd         Code  Wk  startup_stm32f103xb.o [1]
CAN1_SCE_IRQHandler      0x800'c5d1         Code  Wk  startup_stm32f103xb.o [1]
CDC_Control_FS           0x800'c223    0x4  Code  Lc  usbd_cdc_if.o [3]
CDC_DeInit_FS            0x800'c21f    0x4  Code  Lc  usbd_cdc_if.o [3]
CDC_Init_FS              0x800'c201   0x1e  Code  Lc  usbd_cdc_if.o [3]
CDC_Receive_FS           0x800'c227   0x16  Code  Lc  usbd_cdc_if.o [3]
CDC_Transmit_FS          0x800'c23d   0x26  Code  Gb  usbd_cdc_if.o [3]
CSTACK$$Base            0x2000'18f0          --   Gb  - Linker created -
CSTACK$$Limit           0x2000'20f0          --   Gb  - Linker created -
DMA1_Channel1_IRQHandler
                         0x800'c5a9         Code  Wk  startup_stm32f103xb.o [1]
DMA1_Channel2_IRQHandler
                         0x800'c5ad         Code  Wk  startup_stm32f103xb.o [1]
DMA1_Channel3_IRQHandler
                         0x800'c5b1         Code  Wk  startup_stm32f103xb.o [1]
DMA1_Channel4_IRQHandler
                         0x800'c5b5         Code  Wk  startup_stm32f103xb.o [1]
DMA1_Channel5_IRQHandler
                         0x800'c5b9         Code  Wk  startup_stm32f103xb.o [1]
DMA1_Channel6_IRQHandler
                         0x800'c5bd         Code  Wk  startup_stm32f103xb.o [1]
DMA1_Channel7_IRQHandler
                         0x800'c5c1         Code  Wk  startup_stm32f103xb.o [1]
DMA_SetConfig            0x800'354b   0x22  Code  Lc  stm32f1xx_hal_dma.o [10]
DataInRange              0x800'550d   0x32  Code  Gb  MPU6050.o [8]
DebugMon_Handler         0x800'c315    0x2  Code  Gb  stm32f1xx_it.o [2]
Dtentox                  0x800'a205  0x1c8  Code  Lc  strto64.o [16]
EXTI0_IRQHandler         0x800'c595         Code  Wk  startup_stm32f103xb.o [1]
EXTI15_10_IRQHandler     0x800'c609         Code  Wk  startup_stm32f103xb.o [1]
EXTI1_IRQHandler         0x800'c599         Code  Wk  startup_stm32f103xb.o [1]
EXTI2_IRQHandler         0x800'c59d         Code  Wk  startup_stm32f103xb.o [1]
EXTI3_IRQHandler         0x800'c5a1         Code  Wk  startup_stm32f103xb.o [1]
EXTI4_IRQHandler         0x800'c5a5         Code  Wk  startup_stm32f103xb.o [1]
EXTI9_5_IRQHandler       0x800'c5d5         Code  Wk  startup_stm32f103xb.o [1]
Error_Handler            0x800'3887    0x4  Code  Gb  main.o [2]
FLASH_IRQHandler         0x800'c58d         Code  Wk  startup_stm32f103xb.o [1]
FLASH_MassErase          0x800'6b7d   0x1a  Code  Lc  stm32f1xx_hal_flash_ex.o [10]
FLASH_PageErase          0x800'6b97   0x1c  Code  Gb  stm32f1xx_hal_flash_ex.o [10]
FLASH_Program_HalfWord   0x800'6a23   0x16  Code  Lc  stm32f1xx_hal_flash.o [10]
FLASH_SetErrorCode       0x800'6a89   0x44  Code  Lc  stm32f1xx_hal_flash.o [10]
FLASH_WaitForLastOperation
                         0x800'6a39   0x50  Code  Gb  stm32f1xx_hal_flash.o [10]
FS_Desc                 0x2000'0140   0x1c  Data  Gb  usbd_desc.o [3]
HAL_ADC_ConfigChannel    0x800'50f1   0xe6  Code  Gb  stm32f1xx_hal_adc.o [10]
HAL_ADC_GetValue         0x800'50eb    0x6  Code  Gb  stm32f1xx_hal_adc.o [10]
HAL_ADC_Init             0x800'4db5   0xf4  Code  Gb  stm32f1xx_hal_adc.o [10]
HAL_ADC_MspInit          0x800'49d7   0x52  Code  Gb  adc.o [2]
HAL_ADC_PollForConversion
                         0x800'4ef3  0x152  Code  Gb  stm32f1xx_hal_adc.o [10]
HAL_ADC_Start            0x800'4ea9   0x4a  Code  Gb  stm32f1xx_hal_adc.o [10]
HAL_DMA_Abort            0x800'343b   0x4a  Code  Gb  stm32f1xx_hal_dma.o [10]
HAL_DMA_Abort_IT         0x800'3485   0x9a  Code  Gb  stm32f1xx_hal_dma.o [10]
HAL_DMA_GetState         0x800'3545    0x6  Code  Gb  stm32f1xx_hal_dma.o [10]
HAL_DMA_Init             0x800'3359   0x64  Code  Gb  stm32f1xx_hal_dma.o [10]
HAL_DMA_Start_IT         0x800'33bd   0x7e  Code  Gb  stm32f1xx_hal_dma.o [10]
HAL_Delay                0x800'555d   0x28  Code  Wk  stm32f1xx_hal.o [10]
HAL_FLASHEx_Erase        0x800'6ae9   0x94  Code  Gb  stm32f1xx_hal_flash_ex.o [10]
HAL_FLASH_Lock           0x800'6a13    0xa  Code  Gb  stm32f1xx_hal_flash.o [10]
HAL_FLASH_Program        0x800'697d   0x76  Code  Gb  stm32f1xx_hal_flash.o [10]
HAL_FLASH_Unlock         0x800'69f3   0x20  Code  Gb  stm32f1xx_hal_flash.o [10]
HAL_GPIO_Init            0x800'38a1  0x19c  Code  Gb  stm32f1xx_hal_gpio.o [10]
HAL_GPIO_WritePin        0x800'3a3d    0x8  Code  Gb  stm32f1xx_hal_gpio.o [10]
HAL_GetTick              0x800'3341    0xc  Code  Wk  stm32f1xx_hal.o [10]
HAL_I2C_AbortCpltCallback
                         0x800'3573    0x2  Code  Wk  stm32f1xx_hal_i2c.o [10]
HAL_I2C_AddrCallback     0x800'3357    0x2  Code  Wk  stm32f1xx_hal_i2c.o [10]
HAL_I2C_EV_IRQHandler    0x800'1ea7  0x6d6  Code  Gb  stm32f1xx_hal_i2c.o [10]
HAL_I2C_ErrorCallback    0x800'3351    0x2  Code  Wk  stm32f1xx_hal_i2c.o [10]
HAL_I2C_Init             0x800'18ed  0x12e  Code  Gb  stm32f1xx_hal_i2c.o [10]
HAL_I2C_ListenCpltCallback
                         0x800'356f    0x2  Code  Wk  stm32f1xx_hal_i2c.o [10]
HAL_I2C_MasterRxCpltCallback
                         0x800'3355    0x2  Code  Wk  stm32f1xx_hal_i2c.o [10]
HAL_I2C_MasterTxCpltCallback
                         0x800'334f    0x2  Code  Wk  stm32f1xx_hal_i2c.o [10]
HAL_I2C_MemRxCpltCallback
                         0x800'3353    0x2  Code  Wk  stm32f1xx_hal_i2c.o [10]
HAL_I2C_MemTxCpltCallback
                         0x800'334d    0x2  Code  Wk  stm32f1xx_hal_i2c.o [10]
HAL_I2C_Mem_Read         0x800'1bd1  0x1b2  Code  Gb  stm32f1xx_hal_i2c.o [10]
HAL_I2C_Mem_Write        0x800'1a91   0xe2  Code  Gb  stm32f1xx_hal_i2c.o [10]
HAL_I2C_MspInit          0x800'2de9   0x66  Code  Gb  i2c.o [2]
HAL_I2C_SlaveRxCpltCallback
                         0x800'356d    0x2  Code  Wk  stm32f1xx_hal_i2c.o [10]
HAL_I2C_SlaveTxCpltCallback
                         0x800'3571    0x2  Code  Wk  stm32f1xx_hal_i2c.o [10]
HAL_IncTick              0x800'c351   0x10  Code  Wk  stm32f1xx_hal.o [10]
HAL_Init                 0x800'45c1   0x20  Code  Gb  stm32f1xx_hal.o [10]
HAL_InitTick             0x800'3b3d   0x40  Code  Wk  stm32f1xx_hal.o [10]
HAL_MspInit              0x800'5cd1   0x44  Code  Gb  stm32f1xx_hal_msp.o [2]
HAL_NVIC_EnableIRQ       0x800'3ae7   0x16  Code  Gb  stm32f1xx_hal_cortex.o [10]
HAL_NVIC_SetPriority     0x800'3aad   0x3a  Code  Gb  stm32f1xx_hal_cortex.o [10]
HAL_NVIC_SetPriorityGrouping
                         0x800'3a93   0x1a  Code  Gb  stm32f1xx_hal_cortex.o [10]
HAL_PCDEx_PMAConfig      0x800'b1fb   0x34  Code  Gb  stm32f1xx_hal_pcd_ex.o [10]
HAL_PCDEx_SetConnectionState
                         0x800'94d3    0x2  Code  Gb  usbd_conf.o [4]
HAL_PCD_DataInStageCallback
                         0x800'9345   0x12  Code  Gb  usbd_conf.o [4]
HAL_PCD_DataOutStageCallback
                         0x800'9331   0x14  Code  Gb  usbd_conf.o [4]
HAL_PCD_EP_Close         0x800'b0ab   0x1c  Code  Gb  stm32f1xx_hal_pcd.o [10]
HAL_PCD_EP_ClrStall      0x800'b19f   0x2e  Code  Gb  stm32f1xx_hal_pcd.o [10]
HAL_PCD_EP_GetRxCount    0x800'b0f7   0x10  Code  Gb  stm32f1xx_hal_pcd.o [10]
HAL_PCD_EP_Open          0x800'b05b   0x50  Code  Gb  stm32f1xx_hal_pcd.o [10]
HAL_PCD_EP_Receive       0x800'b0d3   0x24  Code  Gb  stm32f1xx_hal_pcd.o [10]
HAL_PCD_EP_SetStall      0x800'b139   0x66  Code  Gb  stm32f1xx_hal_pcd.o [10]
HAL_PCD_EP_Transmit      0x800'b107   0x28  Code  Gb  stm32f1xx_hal_pcd.o [10]
HAL_PCD_IRQHandler       0x800'a845  0x674  Code  Gb  stm32f1xx_hal_pcd.o [10]
HAL_PCD_Init             0x800'a761   0xaa  Code  Gb  stm32f1xx_hal_pcd.o [10]
HAL_PCD_MspInit          0x800'92f1   0x34  Code  Gb  usbd_conf.o [4]
HAL_PCD_ResetCallback    0x800'935f   0x24  Code  Gb  usbd_conf.o [4]
HAL_PCD_ResumeCallback   0x800'939f    0x8  Code  Gb  usbd_conf.o [4]
HAL_PCD_SOFCallback      0x800'9357    0x8  Code  Gb  usbd_conf.o [4]
HAL_PCD_SetAddress       0x800'b03f   0x1c  Code  Gb  stm32f1xx_hal_pcd.o [10]
HAL_PCD_SetupStageCallback
                         0x800'9325    0xc  Code  Gb  usbd_conf.o [4]
HAL_PCD_Start            0x800'a823   0x1a  Code  Gb  stm32f1xx_hal_pcd.o [10]
HAL_PCD_SuspendCallback
                         0x800'9383   0x1c  Code  Gb  usbd_conf.o [4]
HAL_RCCEx_GetPeriphCLKFreq
                         0x800'5ae9   0xac  Code  Gb  stm32f1xx_hal_rcc_ex.o [10]
HAL_RCCEx_GetPeriphCLKFreq::aPLLMULFactorTable
                         0x800'5bac   0x10  Data  Lc  stm32f1xx_hal_rcc_ex.o [10]
HAL_RCCEx_GetPeriphCLKFreq::aPredivFactorTable
                         0x800'5bbc    0x2  Data  Lc  stm32f1xx_hal_rcc_ex.o [10]
HAL_RCCEx_PeriphCLKConfig
                         0x800'5a0d   0xda  Code  Gb  stm32f1xx_hal_rcc_ex.o [10]
HAL_RCC_ClockConfig      0x800'3179   0xf4  Code  Gb  stm32f1xx_hal_rcc.o [10]
HAL_RCC_GetPCLK1Freq     0x800'32bb   0x10  Code  Gb  stm32f1xx_hal_rcc.o [10]
HAL_RCC_GetPCLK2Freq     0x800'32cb    0xe  Code  Gb  stm32f1xx_hal_rcc.o [10]
HAL_RCC_GetSysClockFreq
                         0x800'3281   0x3a  Code  Gb  stm32f1xx_hal_rcc.o [10]
HAL_RCC_GetSysClockFreq::aPLLMULFactorTable
                         0x800'3310   0x10  Data  Lc  stm32f1xx_hal_rcc.o [10]
HAL_RCC_GetSysClockFreq::aPredivFactorTable
                         0x800'3320    0x2  Data  Lc  stm32f1xx_hal_rcc.o [10]
HAL_RCC_OscConfig        0x800'2e65  0x30c  Code  Gb  stm32f1xx_hal_rcc.o [10]
HAL_SPI_ErrorCallback    0x800'92ed    0x2  Code  Wk  stm32f1xx_hal_spi.o [10]
HAL_SPI_IRQHandler       0x800'5f5f   0xec  Code  Gb  stm32f1xx_hal_spi.o [10]
HAL_SPI_Init             0x800'5d15   0xaa  Code  Gb  stm32f1xx_hal_spi.o [10]
HAL_SPI_MspInit          0x800'4777   0x9e  Code  Gb  spi.o [2]
HAL_SPI_Transmit         0x800'5dbf  0x142  Code  Gb  stm32f1xx_hal_spi.o [10]
HAL_SYSTICK_Config       0x800'3afd   0x22  Code  Gb  stm32f1xx_hal_cortex.o [10]
HAL_TIMEx_MasterConfigSynchronization
                         0x800'6919   0x56  Code  Gb  stm32f1xx_hal_tim_ex.o [10]
HAL_TIM_Base_Init        0x800'66a5   0x1a  Code  Gb  stm32f1xx_hal_tim.o [10]
HAL_TIM_Base_MspInit     0x800'4aa1   0x22  Code  Gb  tim.o [2]
HAL_TIM_Base_Start       0x800'66bf   0x4c  Code  Gb  stm32f1xx_hal_tim.o [10]
HAL_TIM_Base_Stop        0x800'670b   0x16  Code  Gb  stm32f1xx_hal_tim.o [10]
HAL_TIM_ConfigClockSource
                         0x800'6775   0xaa  Code  Gb  stm32f1xx_hal_tim.o [10]
HAL_UARTEx_ReceiveToIdle_DMA
                         0x800'3e6d   0x24  Code  Gb  stm32f1xx_hal_uart.o [10]
HAL_UARTEx_RxEventCallback
                         0x800'3575   0x2c  Code  Gb  main.o [2]
HAL_UART_ErrorCallback   0x800'5cc7    0x2  Code  Wk  stm32f1xx_hal_uart.o [10]
HAL_UART_IRQHandler      0x800'3ef9  0x28e  Code  Gb  stm32f1xx_hal_uart.o [10]
HAL_UART_Init            0x800'3d4d   0x1e  Code  Gb  stm32f1xx_hal_uart.o [10]
HAL_UART_MspInit         0x800'4877   0xa6  Code  Gb  usart.o [2]
HAL_UART_RxCpltCallback
                         0x800'5ccb    0x2  Code  Wk  stm32f1xx_hal_uart.o [10]
HAL_UART_RxHalfCpltCallback
                         0x800'5ccd    0x2  Code  Wk  stm32f1xx_hal_uart.o [10]
HAL_UART_Transmit        0x800'3dcb   0x9a  Code  Gb  stm32f1xx_hal_uart.o [10]
HAL_UART_TxCpltCallback
                         0x800'5cc9    0x2  Code  Wk  stm32f1xx_hal_uart.o [10]
HardFault_Handler        0x800'c30b    0x2  Code  Gb  stm32f1xx_it.o [2]
I2C1_ER_IRQHandler       0x800'c5f5         Code  Wk  startup_stm32f103xb.o [1]
I2C1_EV_IRQHandler       0x800'c323    0x6  Code  Gb  stm32f1xx_it.o [2]
I2C2_ER_IRQHandler       0x800'c5fd         Code  Wk  startup_stm32f103xb.o [1]
I2C2_EV_IRQHandler       0x800'c5f9         Code  Wk  startup_stm32f103xb.o [1]
I2C_DMAAbort             0x800'2a01   0xce  Code  Lc  stm32f1xx_hal_i2c.o [10]
I2C_Flush_DR             0x800'1a27    0xe  Code  Lc  stm32f1xx_hal_i2c.o [10]
I2C_ITError              0x800'2749   0xf2  Code  Lc  stm32f1xx_hal_i2c.o [10]
I2C_IsAcknowledgeFailed
                         0x800'2d09   0x32  Code  Lc  stm32f1xx_hal_i2c.o [10]
I2C_MemoryTransmit_TXE_BTF
                         0x800'268d   0xbc  Code  Lc  stm32f1xx_hal_i2c.o [10]
I2C_RequestMemoryRead    0x800'2919   0xb6  Code  Lc  stm32f1xx_hal_i2c.o [10]
I2C_RequestMemoryWrite   0x800'287b   0x8c  Code  Lc  stm32f1xx_hal_i2c.o [10]
I2C_WaitOnBTFFlagUntilTimeout
                         0x800'2c55   0x44  Code  Lc  stm32f1xx_hal_i2c.o [10]
I2C_WaitOnFlagUntilTimeout
                         0x800'2ad9   0x68  Code  Lc  stm32f1xx_hal_i2c.o [10]
I2C_WaitOnMasterAddressFlagUntilTimeout
                         0x800'2b41   0x9a  Code  Lc  stm32f1xx_hal_i2c.o [10]
I2C_WaitOnRXNEFlagUntilTimeout
                         0x800'2cb3   0x56  Code  Lc  stm32f1xx_hal_i2c.o [10]
I2C_WaitOnTXEFlagUntilTimeout
                         0x800'2c11   0x44  Code  Lc  stm32f1xx_hal_i2c.o [10]
IntToUnicode             0x800'c191   0x26  Code  Lc  usbd_desc.o [3]
LoadParameters           0x800'4c91   0x48  Code  Gb  parameter.o [13]
MPU6050ReadAcc           0x800'5397   0x34  Code  Gb  MPU6050.o [8]
MPU6050ReadID            0x800'536d   0x2a  Code  Gb  MPU6050.o [8]
MPU6050_GetDirection     0x800'53d7   0xf4  Code  Gb  MPU6050.o [8]
MPU6050_Init             0x800'531d   0x50  Code  Gb  MPU6050.o [8]
MPU6050_ReadData         0x800'5305   0x18  Code  Gb  MPU6050.o [8]
MPU6050_WriteReg         0x800'52e5   0x20  Code  Gb  MPU6050.o [8]
MX_ADC1_Init             0x800'4989   0x4e  Code  Gb  adc.o [2]
MX_DMA_Init              0x800'46fd   0x20  Code  Gb  dma.o [2]
MX_GPIO_Init             0x800'45e5   0xf4  Code  Gb  gpio.o [2]
MX_I2C1_Init             0x800'2db9   0x30  Code  Gb  i2c.o [2]
MX_SPI1_Init             0x800'471d   0x18  Code  Gb  spi.o [2]
MX_SPI2_Init             0x800'4735   0x18  Code  Gb  spi.o [2]
MX_TIM3_Init             0x800'4a39   0x68  Code  Gb  tim.o [2]
MX_USART1_UART_Init      0x800'4849   0x2e  Code  Gb  usart.o [2]
MX_USB_DEVICE_Init       0x800'4935   0x54  Code  Gb  usb_device.o [3]
Max7219_Display          0x800'4c3b   0x46  Code  Gb  MAX7219.o [7]
Max7219_DisplayNromal    0x800'4c81    0x6  Code  Gb  MAX7219.o [7]
Max7219_Init             0x800'4b09   0x5a  Code  Gb  MAX7219.o [7]
Max7219_RotateData       0x800'4b8b   0xb0  Code  Gb  MAX7219.o [7]
Max7219_TurnOffAll       0x800'4b63   0x1c  Code  Gb  MAX7219.o [7]
Max7219_WriteReg         0x800'4ad1   0x38  Code  Gb  MAX7219.o [7]
MemManage_Handler        0x800'c30d    0x2  Code  Gb  stm32f1xx_it.o [2]
NMI_Handler              0x800'c309    0x2  Code  Gb  stm32f1xx_it.o [2]
PVD_IRQHandler           0x800'c581         Code  Wk  startup_stm32f103xb.o [1]
PendSV_Handler           0x800'c317    0x2  Code  Gb  stm32f1xx_it.o [2]
RCC_IRQHandler           0x800'c591         Code  Wk  startup_stm32f103xb.o [1]
RTC_Alarm_IRQHandler     0x800'c60d         Code  Wk  startup_stm32f103xb.o [1]
RTC_IRQHandler           0x800'c589         Code  Wk  startup_stm32f103xb.o [1]
Region$$Table$$Base      0x800'c4c8          --   Gb  - Linker created -
Region$$Table$$Limit     0x800'c4e8          --   Gb  - Linker created -
Reset_Handler            0x800'c565         Code  Wk  startup_stm32f103xb.o [1]
Runtime_Init             0x800'4d85    0x2  Code  Gb  Runtime.o [9]
Runtime_Start            0x800'4d93    0xc  Code  Gb  Runtime.o [9]
Runtime_Stop             0x800'4d9f   0x10  Code  Gb  Runtime.o [9]
SPI1_IRQHandler          0x800'c329    0x6  Code  Gb  stm32f1xx_it.o [2]
SPI2_IRQHandler          0x800'c32f    0x6  Code  Gb  stm32f1xx_it.o [2]
SPI_DMAAbortOnError      0x800'604d    0xe  Code  Lc  stm32f1xx_hal_spi.o [10]
SPI_EndRxTxTransaction   0x800'6135   0x18  Code  Lc  stm32f1xx_hal_spi.o [10]
SPI_WaitFlagStateUntilTimeout
                         0x800'6075   0xb4  Code  Lc  stm32f1xx_hal_spi.o [10]
SVC_Handler              0x800'c313    0x2  Code  Gb  stm32f1xx_it.o [2]
Sand_GetDownLed          0x800'57b3    0xc  Code  Gb  SandMove.o [11]
Sand_GetLoopCoord        0x800'5629   0xe6  Code  Gb  SandMove.o [11]
Sand_GetTarget           0x800'5725   0x82  Code  Gb  SandMove.o [11]
Sand_GetUpLed            0x800'57a7    0xc  Code  Gb  SandMove.o [11]
Sand_IsDownVertex        0x800'57bf   0x22  Code  Gb  SandMove.o [11]
Sand_MoveToTarget        0x800'5871   0x74  Code  Gb  SandMove.o [11]
Sand_TargetIsEmpty       0x800'57e1   0x84  Code  Gb  SandMove.o [11]
Sand_UpdateScreen        0x800'58e5   0xde  Code  Gb  SandMove.o [11]
SaveParameters           0x800'4ce5   0x72  Code  Gb  parameter.o [13]
SaveParameters::EraseInitStruct
                        0x2000'18d0   0x10  Data  Lc  parameter.o [13]
SysTick_Handler          0x800'c319    0x4  Code  Gb  stm32f1xx_it.o [2]
SystemClock_Config       0x800'37fd   0x8a  Code  Gb  main.o [2]
SystemCoreClock         0x2000'001c    0x4  Data  Gb  system_stm32f1xx.o [6]
SystemInit               0x800'c551    0x2  Code  Gb  system_stm32f1xx.o [6]
TAMPER_IRQHandler        0x800'c585         Code  Wk  startup_stm32f103xb.o [1]
TIM1_BRK_IRQHandler      0x800'c5d9         Code  Wk  startup_stm32f103xb.o [1]
TIM1_CC_IRQHandler       0x800'c5e5         Code  Wk  startup_stm32f103xb.o [1]
TIM1_TRG_COM_IRQHandler
                         0x800'c5e1         Code  Wk  startup_stm32f103xb.o [1]
TIM1_UP_IRQHandler       0x800'c5dd         Code  Wk  startup_stm32f103xb.o [1]
TIM2_IRQHandler          0x800'c5e9         Code  Wk  startup_stm32f103xb.o [1]
TIM3_IRQHandler          0x800'c5ed         Code  Wk  startup_stm32f103xb.o [1]
TIM4_IRQHandler          0x800'c5f1         Code  Wk  startup_stm32f103xb.o [1]
TIM_Base_SetConfig       0x800'6839   0x5e  Code  Gb  stm32f1xx_hal_tim.o [10]
TIM_ETR_SetConfig        0x800'68ff   0x14  Code  Gb  stm32f1xx_hal_tim.o [10]
TIM_ITRx_SetConfig       0x800'68ef   0x10  Code  Lc  stm32f1xx_hal_tim.o [10]
TIM_TI1_ConfigInputStage
                         0x800'68ad   0x1e  Code  Lc  stm32f1xx_hal_tim.o [10]
TIM_TI2_ConfigInputStage
                         0x800'68cb   0x24  Code  Lc  stm32f1xx_hal_tim.o [10]
UART_DMAAbortOnError     0x800'4451    0xe  Code  Lc  stm32f1xx_hal_uart.o [10]
UART_DMAError            0x800'4269   0x4a  Code  Lc  stm32f1xx_hal_uart.o [10]
UART_DMAReceiveCplt      0x800'41a3   0x4c  Code  Lc  stm32f1xx_hal_uart.o [10]
UART_DMARxHalfCplt       0x800'424f   0x18  Code  Lc  stm32f1xx_hal_uart.o [10]
UART_EndRxTransfer       0x800'4419   0x36  Code  Lc  stm32f1xx_hal_uart.o [10]
UART_EndTxTransfer       0x800'43e5   0x18  Code  Lc  stm32f1xx_hal_uart.o [10]
UART_Receive_IT          0x800'4461   0xb4  Code  Lc  stm32f1xx_hal_uart.o [10]
UART_SetConfig           0x800'4531   0x78  Code  Lc  stm32f1xx_hal_uart.o [10]
UART_Start_Receive_DMA   0x800'4349   0x7a  Code  Gb  stm32f1xx_hal_uart.o [10]
UART_WaitOnFlagUntilTimeout
                         0x800'42b3   0x5e  Code  Lc  stm32f1xx_hal_uart.o [10]
USART1_IRQHandler        0x800'c335    0x6  Code  Gb  stm32f1xx_it.o [2]
USART2_IRQHandler        0x800'c601         Code  Wk  startup_stm32f103xb.o [1]
USART3_IRQHandler        0x800'c605         Code  Wk  startup_stm32f103xb.o [1]
USBD_CDC                0x2000'002c   0x38  Data  Gb  usbd_cdc.o [14]
USBD_CDC_CfgFSDesc      0x2000'00a8   0x44  Data  Gb  usbd_cdc.o [14]
USBD_CDC_CfgHSDesc      0x2000'0064   0x44  Data  Gb  usbd_cdc.o [14]
USBD_CDC_DataIn          0x800'6559   0x4a  Code  Lc  usbd_cdc.o [14]
USBD_CDC_DataOut         0x800'65a3   0x2a  Code  Lc  usbd_cdc.o [14]
USBD_CDC_DeInit          0x800'646d   0x44  Code  Lc  usbd_cdc.o [14]
USBD_CDC_DeviceQualifierDesc
                        0x2000'0020    0xc  Data  Lc  usbd_cdc.o [14]
USBD_CDC_EP0_RxReady     0x800'65cd   0x26  Code  Lc  usbd_cdc.o [14]
USBD_CDC_GetDeviceQualifierDescriptor
                         0x800'660b    0x8  Code  Gb  usbd_cdc.o [14]
USBD_CDC_GetFSCfgDesc    0x800'65f3    0x8  Code  Lc  usbd_cdc.o [14]
USBD_CDC_GetHSCfgDesc    0x800'65fb    0x8  Code  Lc  usbd_cdc.o [14]
USBD_CDC_GetOtherSpeedCfgDesc
                         0x800'6603    0x8  Code  Lc  usbd_cdc.o [14]
USBD_CDC_Init            0x800'63d9   0x8a  Code  Lc  usbd_cdc.o [14]
USBD_CDC_OtherSpeedCfgDesc
                        0x2000'00ec   0x44  Data  Gb  usbd_cdc.o [14]
USBD_CDC_ReceivePacket   0x800'667f   0x26  Code  Gb  usbd_cdc.o [14]
USBD_CDC_RegisterInterface
                         0x800'6625    0xe  Code  Gb  usbd_cdc.o [14]
USBD_CDC_SetRxBuffer     0x800'6643    0xc  Code  Gb  usbd_cdc.o [14]
USBD_CDC_SetTxBuffer     0x800'6633   0x10  Code  Gb  usbd_cdc.o [14]
USBD_CDC_Setup           0x800'64b1   0xa8  Code  Lc  usbd_cdc.o [14]
USBD_CDC_TransmitPacket
                         0x800'664f   0x30  Code  Gb  usbd_cdc.o [14]
USBD_ClrClassConfig      0x800'61b3    0xa  Code  Gb  usbd_core.o [14]
USBD_CtlContinueRx       0x800'997b    0x4  Code  Gb  usbd_ioreq.o [14]
USBD_CtlContinueSendData
                         0x800'9957    0x4  Code  Gb  usbd_ioreq.o [14]
USBD_CtlError            0x800'98eb   0x16  Code  Gb  usbd_ctlreq.o [14]
USBD_CtlPrepareRx        0x800'9967   0x14  Code  Gb  usbd_ioreq.o [14]
USBD_CtlReceiveStatus    0x800'9999    0xe  Code  Gb  usbd_ioreq.o [14]
USBD_CtlSendData         0x800'9947   0x10  Code  Gb  usbd_ioreq.o [14]
USBD_CtlSendStatus       0x800'998b    0xe  Code  Gb  usbd_ioreq.o [14]
USBD_FS_ConfigStrDescriptor
                         0x800'c15d    0xc  Code  Gb  usbd_desc.o [3]
USBD_FS_DeviceDesc      0x2000'015c   0x14  Data  Gb  usbd_desc.o [3]
USBD_FS_DeviceDescriptor
                         0x800'c101    0x8  Code  Gb  usbd_desc.o [3]
USBD_FS_InterfaceStrDescriptor
                         0x800'c185    0xc  Code  Gb  usbd_desc.o [3]
USBD_FS_LangIDStrDescriptor
                         0x800'c109    0x8  Code  Gb  usbd_desc.o [3]
USBD_FS_ManufacturerStrDescriptor
                         0x800'c11d    0xa  Code  Gb  usbd_desc.o [3]
USBD_FS_ProductStrDescriptor
                         0x800'c111    0xc  Code  Gb  usbd_desc.o [3]
USBD_FS_SerialStrDescriptor
                         0x800'c131   0x2c  Code  Gb  usbd_desc.o [3]
USBD_GetString           0x800'9901   0x46  Code  Gb  usbd_ctlreq.o [14]
USBD_Get_USB_Status      0x800'94d5   0x12  Code  Lc  usbd_conf.o [4]
USBD_Init                0x800'615d   0x26  Code  Gb  usbd_core.o [14]
USBD_Interface_fops_FS  0x2000'0130   0x10  Data  Gb  usbd_cdc_if.o [3]
USBD_LL_ClearStallEP     0x800'945f    0xc  Code  Gb  usbd_conf.o [4]
USBD_LL_CloseEP          0x800'9447    0xc  Code  Gb  usbd_conf.o [4]
USBD_LL_DataInStage      0x800'6293   0xae  Code  Gb  usbd_core.o [14]
USBD_LL_DataOutStage     0x800'6211   0x7a  Code  Gb  usbd_core.o [14]
USBD_LL_GetRxDataSize    0x800'94ad    0x8  Code  Gb  usbd_conf.o [4]
USBD_LL_Init             0x800'93a7   0x7a  Code  Gb  usbd_conf.o [4]
USBD_LL_IsStallEP        0x800'946b   0x1e  Code  Gb  usbd_conf.o [4]
USBD_LL_OpenEP           0x800'9431   0x16  Code  Gb  usbd_conf.o [4]
USBD_LL_PrepareReceive   0x800'94a1    0xc  Code  Gb  usbd_conf.o [4]
USBD_LL_Reset            0x800'6341   0x52  Code  Gb  usbd_core.o [14]
USBD_LL_Resume           0x800'63a9   0x12  Code  Gb  usbd_core.o [14]
USBD_LL_SOF              0x800'63bb   0x18  Code  Gb  usbd_core.o [14]
USBD_LL_SetSpeed         0x800'6393    0x6  Code  Gb  usbd_core.o [14]
USBD_LL_SetUSBAddress    0x800'9489    0xc  Code  Gb  usbd_conf.o [4]
USBD_LL_SetupStage       0x800'61bd   0x54  Code  Gb  usbd_core.o [14]
USBD_LL_StallEP          0x800'9453    0xc  Code  Gb  usbd_conf.o [4]
USBD_LL_Start            0x800'9421    0xa  Code  Gb  usbd_conf.o [4]
USBD_LL_Suspend          0x800'6399   0x10  Code  Gb  usbd_core.o [14]
USBD_LL_Transmit         0x800'9495    0xc  Code  Gb  usbd_conf.o [4]
USBD_LangIDDesc         0x2000'0170    0x4  Data  Gb  usbd_desc.o [3]
USBD_ParseSetupRequest   0x800'98c3   0x28  Code  Gb  usbd_ctlreq.o [14]
USBD_RegisterClass       0x800'6183   0x10  Code  Gb  usbd_core.o [14]
USBD_SetClassConfig      0x800'619d   0x16  Code  Gb  usbd_core.o [14]
USBD_SetConfig::cfgidx  0x2000'18e8    0x1  Data  Lc  usbd_ctlreq.o [14]
USBD_Start               0x800'6193    0xa  Code  Gb  usbd_core.o [14]
USBD_StdDevReq           0x800'94e9  0x268  Code  Gb  usbd_ctlreq.o [14]
USBD_StdEPReq            0x800'97a1  0x11a  Code  Gb  usbd_ctlreq.o [14]
USBD_StdItfReq           0x800'9755   0x4c  Code  Gb  usbd_ctlreq.o [14]
USBD_StrDesc            0x2000'1234  0x200  Data  Gb  usbd_desc.o [3]
USBD_StringSerial       0x2000'0174   0x1c  Data  Gb  usbd_desc.o [3]
USBD_static_free         0x800'94d1    0x2  Code  Gb  usbd_conf.o [4]
USBD_static_malloc       0x800'94b5    0x4  Code  Gb  usbd_conf.o [4]
USBD_static_malloc::mem
                        0x2000'1014  0x220  Data  Lc  usbd_conf.o [4]
USBWakeUp_IRQHandler     0x800'c611         Code  Wk  startup_stm32f103xb.o [1]
USB_ActivateEndpoint     0x800'b76d  0x286  Code  Gb  stm32f1xx_ll_usb.o [10]
USB_CoreInit             0x800'b72d    0x4  Code  Gb  stm32f1xx_ll_usb.o [10]
USB_DeactivateEndpoint   0x800'b9f3  0x110  Code  Gb  stm32f1xx_ll_usb.o [10]
USB_DevConnect           0x800'c085    0x4  Code  Gb  stm32f1xx_ll_usb.o [10]
USB_DevDisconnect        0x800'c089    0x4  Code  Gb  stm32f1xx_ll_usb.o [10]
USB_DevInit              0x800'b751   0x14  Code  Gb  stm32f1xx_ll_usb.o [10]
USB_DisableGlobalInt     0x800'b741    0xc  Code  Gb  stm32f1xx_ll_usb.o [10]
USB_EP0_OutStart         0x800'c093    0x4  Code  Gb  stm32f1xx_ll_usb.o [10]
USB_EPClearStall         0x800'bfff   0x7a  Code  Gb  stm32f1xx_ll_usb.o [10]
USB_EPSetStall           0x800'bfcd   0x32  Code  Gb  stm32f1xx_ll_usb.o [10]
USB_EPStartXfer          0x800'bb03  0x442  Code  Gb  stm32f1xx_ll_usb.o [10]
USB_EnableGlobalInt      0x800'b731   0x10  Code  Gb  stm32f1xx_ll_usb.o [10]
USB_HP_CAN1_TX_IRQHandler
                         0x800'c5c9         Code  Wk  startup_stm32f103xb.o [1]
USB_LP_CAN1_RX0_IRQHandler
                         0x800'c31d    0x6  Code  Gb  stm32f1xx_it.o [2]
USB_ReadInterrupts       0x800'c08d    0x6  Code  Gb  stm32f1xx_ll_usb.o [10]
USB_ReadPMA              0x800'c0c5   0x28  Code  Gb  stm32f1xx_ll_usb.o [10]
USB_SetCurrentMode       0x800'b74d    0x4  Code  Gb  stm32f1xx_ll_usb.o [10]
USB_SetDevAddress        0x800'c079    0xc  Code  Gb  stm32f1xx_ll_usb.o [10]
USB_WritePMA             0x800'c0a1   0x24  Code  Gb  stm32f1xx_ll_usb.o [10]
Uart_Buffer             0x2000'1434  0x100  Data  Gb  main.o [2]
UsageFault_Handler       0x800'c311    0x2  Code  Gb  stm32f1xx_it.o [2]
UserRxBufferFS          0x2000'0260  0x400  Data  Gb  usbd_cdc_if.o [3]
UserTxBufferFS          0x2000'0660  0x400  Data  Gb  usbd_cdc_if.o [3]
WWDG_IRQHandler          0x800'c57d         Code  Wk  startup_stm32f103xb.o [1]
_Get                     0x800'8575   0x12  Code  Lc  xscanffull_nomb.o [15]
_GetN                    0x800'8587   0x22  Code  Lc  xscanffull_nomb.o [15]
_GetstrFullNoMb          0x800'90e1  0x19e  Code  Lc  xscanffull_nomb.o [15]
_LC                      0x800'76c9    0x6  Code  Lc  xprintffull_nomb.o [15]
_LitobFullNoMb           0x800'8391  0x114  Code  Lc  xprintffull_nomb.o [15]
_LocaleC_isalpha         0x800'9f67    0xc  Code  Gb  xlocale_c.o [15]
_LocaleC_islower         0x800'9f61    0x4  Code  Gb  xlocale_c.o [15]
_LocaleC_isspace         0x800'9f7d   0x14  Code  Gb  xlocale_c.o [15]
_LocaleC_isupper         0x800'9f65    0x2  Code  Gb  xlocale_c.o [15]
_LocaleC_tolower         0x800'9f91    0xc  Code  Gb  xlocale_c.o [15]
_Locale_lconv           0x2000'0198   0x38  Data  Lc  xlocale_c.o [15]
_PrintfFullNoMb          0x800'76cf  0xc92  Code  Gb  xprintffull_nomb.o [15]
_Prout                   0x800'c539   0x16  Code  Gb  xprout.o [15]
_PutcharsFullNoMb        0x800'84fd   0x2e  Code  Lc  xprintffull_nomb.o [15]
_Rand_idx               0x2000'1654    0x4  Data  Lc  rand.o [15]
_Rand_rv                0x2000'15d4   0x80  Data  Lc  rand.o [15]
_Randinit               0x2000'0190    0x1  Data  Gb  rand.o [15]
_Randseed               0x2000'0194    0x4  Data  Gb  rand.o [15]
_SScin                   0x800'3323   0x1e  Code  Gb  xsscin.o [15]
_ScanfFullNoMb           0x800'85c5  0xac4  Code  Gb  xscanffull_nomb.o [15]
_UngetN                  0x800'85a9   0x1a  Code  Lc  xscanffull_nomb.o [15]
__NVIC_SetPriority       0x800'3a79   0x1a  Code  Lc  stm32f1xx_hal_cortex.o [10]
__NVIC_SystemReset       0x800'3b7d   0x1a  Code  Lc  AT.o [5]
__aeabi_cdcmple          0x800'9d21         Code  Gb  DblCmpLe.o [16]
__aeabi_cdrcmple         0x800'9d55         Code  Gb  DblCmpGe.o [16]
__aeabi_cfrcmple         0x800'7689         Code  Gb  FltCmpGe.o [16]
__aeabi_d2f              0x800'6e5d         Code  Gb  DblToFlt.o [16]
__aeabi_d2iz             0x800'9ec5         Code  Gb  DblToS32.o [16]
__aeabi_d2uiz            0x800'9f21         Code  Gb  DblToU32.o [16]
__aeabi_dadd             0x800'72b9         Code  Gb  DblAddSub.o [16]
__aeabi_ddiv             0x800'7071         Code  Gb  DblDiv.o [16]
__aeabi_dmul             0x800'6ec5         Code  Gb  DblMul.o [16]
__aeabi_dsub             0x800'7435         Code  Gb  DblAddSub.o [16]
__aeabi_f2d              0x800'6cf9         Code  Gb  FltToDbl.o [16]
__aeabi_fadd             0x800'7519         Code  Gb  FltAddSub.o [16]
__aeabi_fdiv             0x800'6be1         Code  Gb  FltDiv.o [16]
__aeabi_fsub             0x800'75f9         Code  Gb  FltAddSub.o [16]
__aeabi_i2d              0x800'9efd         Code  Gb  S32ToDbl.o [16]
__aeabi_i2f              0x800'6bbd         Code  Gb  S32ToFlt.o [16]
__aeabi_ldiv0            0x800'b235         Code  Gb  I64DivZer.o [17]
__aeabi_llsr             0x800'99a9         Code  Gb  U64Shr.o [17]
__aeabi_memclr4          0x800'3d45         Code  Gb  ABImemclr4.o [17]
__aeabi_memset           0x800'5bc1         Code  Gb  ABImemset.o [17]
__aeabi_memset4          0x800'5c8d         Code  Gb  ABImemset48.o [17]
__aeabi_memset8          0x800'5c8d         Code  Gb  ABImemset48.o [17]
__aeabi_ui2d             0x800'9f45         Code  Gb  U32ToDbl.o [16]
__aeabi_uldivmod         0x800'9fad         Code  Gb  I64DivMod.o [17]
__cmain                  0x800'c4e9         Code  Gb  cmain.o [17]
__exit                   0x800'c0ed   0x14  Code  Gb  exit.o [18]
__iar_Atan64             0x800'99c9  0x200  Code  Gb  iar_Atan64.o [16]
__iar_Fail_s             0x800'9be1   0x1c  Code  Gb  xfail_s.o [15]
__iar_Memchr             0x800'9c59         Code  Gb  memchr.o [17]
__iar_Memset             0x800'5bc1         Code  Gb  ABImemset.o [17]
__iar_Memset4_word       0x800'5c95         Code  Gb  ABImemset48.o [17]
__iar_Memset8_word       0x800'5c95         Code  Gb  ABImemset48.o [17]
__iar_Memset_word        0x800'5bc9         Code  Gb  ABImemset.o [17]
__iar_Stdout            0x2000'0218   0x48  Data  Gb  xfiles.o [15]
__iar_Sto64              0x800'a3cd  0x112  Code  Gb  strto64.o [16]
__iar_Stoflt             0x800'b359  0x1b8  Code  Gb  iar_Stoflt.o [15]
__iar_Stollx             0x800'a6b5   0xa4  Code  Gb  iar_Stollx.o [15]
__iar_Stopfx             0x800'b237  0x122  Code  Gb  iar_Stopfx.o [15]
__iar_Stoullx            0x800'a501  0x1a4  Code  Gb  iar_Stoullx.o [15]
__iar_Stoxflt            0x800'b511  0x1d4  Code  Gb  iar_Stoxflt.o [15]
__iar_Stoxflt::digits    0x800'b6e8   0x18  Data  Lc  iar_Stoxflt.o [15]
__iar_Stoxflt::vals      0x800'b700   0x18  Data  Lc  iar_Stoxflt.o [15]
__iar_Strchr             0x800'9bc9         Code  Gb  strchr.o [17]
__iar_atan2_64           0x800'6d41  0x10e  Code  Gb  atan2_64.o [16]
__iar_data_init3         0x800'c4a1   0x28  Code  Gb  data_init.o [17]
__iar_frexp              0x800'9cbd         Code  Gb  frexp.o [16]
__iar_frexp64            0x800'9cb1         Code  Gb  frexp.o [16]
__iar_frexpl             0x800'9cbd         Code  Gb  frexp.o [16]
__iar_globLocale        0x2000'01d0   0x48  Data  Lc  xlocale_c.o [15]
__iar_global_Locale      0x800'9f9d    0x4  Code  Gb  xlocale_c.o [15]
__iar_ldexp64            0x800'9d89         Code  Gb  ldexp.o [16]
__iar_lz77_init_single3
                         0x800'2d3b   0x7e  Code  Gb  lz77_init_single.o [17]
__iar_program_start      0x800'c51d         Code  Gb  cstartup_M.o [17]
__iar_scalbln64          0x800'9d89         Code  Gb  ldexp.o [16]
__iar_scalbn64           0x800'9d89         Code  Gb  ldexp.o [16]
__iar_small_Memcpy       0x800'76b5         Code  Gb  ABImemcpy_small.o [17]
__iar_small_memcpy       0x800'76b1         Code  Gb  ABImemcpy_small.o [17]
__iar_small_memcpy4      0x800'76b1         Code  Gb  ABImemcpy_small.o [17]
__iar_small_memcpy8      0x800'76b1         Code  Gb  ABImemcpy_small.o [17]
__iar_zero_init3         0x800'c441   0x38  Code  Gb  zero_init3.o [17]
__low_level_init         0x800'c507    0x4  Code  Gb  low_level_init.o [15]
__vector_table           0x800'0000         Data  Gb  startup_stm32f103xb.o [1]
__write                  0x800'c3a5   0x38  Code  Gb  write.o [2]
_call_main               0x800'c4f5         Code  Gb  cmain.o [17]
_exit                    0x800'c511         Code  Gb  cexit.o [17]
a                        0x800'c400   0x40  Data  Lc  iar_Atan64.o [16]
abort                    0x800'b22f    0x6  Code  Gb  abort.o [15]
atan2                    0x800'6d41  0x10e  Code  Gb  atan2_64.o [16]
atan2l                   0x800'6d41  0x10e  Code  Gb  atan2_64.o [16]
defaultParameters       0x2000'0000   0x10  Data  Gb  parameter.o [13]
digits                   0x800'c294   0x28  Data  Lc  iar_Stoullx.o [15]
exit                     0x800'c50b    0x4  Code  Gb  exit.o [15]
flashPara               0x2000'18e0    0x4  Data  Gb  AT.o [5]
frexp                    0x800'9cb1         Code  Gb  frexp.o [16]
frexpl                   0x800'9cb1         Code  Gb  frexp.o [16]
hUsbDeviceFS            0x2000'0d50  0x2c4  Data  Gb  usb_device.o [3]
hadc1                   0x2000'1880   0x30  Data  Gb  adc.o [2]
hdma_usart1_rx          0x2000'183c   0x44  Data  Gb  usart.o [2]
hi2c1                   0x2000'1708   0x54  Data  Gb  i2c.o [2]
hpcd_USB_FS             0x2000'0a60  0x2f0  Data  Gb  usbd_conf.o [4]
hspi1                   0x2000'1658   0x58  Data  Gb  spi.o [2]
hspi2                   0x2000'16b0   0x58  Data  Gb  spi.o [2]
htim3                   0x2000'17ac   0x48  Data  Gb  tim.o [2]
huart1                  0x2000'17f4   0x48  Data  Gb  usart.o [2]
isalpha                  0x800'a1f1   0x14  Code  Gb  isalpha.o [15]
isspace                  0x800'a1dd   0x14  Code  Gb  isspace.o [15]
ldexp                    0x800'9d89         Code  Gb  ldexp.o [16]
ldexpl                   0x800'9d89         Code  Gb  ldexp.o [16]
ledScreen1              0x2000'1534   0x40  Data  Gb  main.o [2]
ledScreen2              0x2000'1574   0x40  Data  Gb  main.o [2]
ledScreenData1          0x2000'15b4    0x8  Data  Gb  main.o [2]
ledScreenData2          0x2000'15bc    0x8  Data  Gb  main.o [2]
localeconv               0x800'9fa1    0x4  Code  Gb  xlocale_c.o [15]
main                     0x800'35a1  0x20e  Code  Gb  main.o [2]
memchr                   0x800'9c59         Code  Gb  memchr.o [17]
memset                   0x800'388b   0x14  Code  Gb  memset.o [17]
ndigs                    0x800'c26c   0x28  Data  Lc  iar_Stoullx.o [15]
obuf                    0x2000'175c   0x50  Data  Lc  xfiles.o [15]
pFlash                  0x2000'18b0   0x20  Data  Gb  stm32f1xx_hal_flash.o [10]
pows                     0x800'c2c0   0x48  Data  Lc  strto64.o [16]
printf                   0x800'5c29   0x28  Code  Gb  printf.o [15]
putchar                  0x800'c361   0x44  Code  Gb  putchar.o [15]
rand                     0x800'5585   0x8a  Code  Gb  rand.o [15]
ranmatch                 0x800'909b   0x46  Code  Lc  xscanffull_nomb.o [15]
runPara                 0x2000'15c4   0x10  Data  Gb  main.o [2]
scalbln                  0x800'9d89         Code  Gb  ldexp.o [16]
scalblnl                 0x800'9d89         Code  Gb  ldexp.o [16]
scalbn                   0x800'9d89         Code  Gb  ldexp.o [16]
scalbnl                  0x800'9d89         Code  Gb  ldexp.o [16]
scale                    0x800'84a5   0x46  Code  Lc  xprintffull_nomb.o [15]
sec_hand                0x2000'18e4    0x4  Data  Lc  xfail_s.o [15]
srand                    0x800'560f    0xa  Code  Gb  rand.o [15]
sscanf                   0x800'5c51   0x28  Code  Gb  sscanf.o [15]
strchr                   0x800'9bc9         Code  Gb  strchr.o [17]
strcmp                   0x800'5c79         Code  Gb  strcmp.o [17]
strlen                   0x800'9c21         Code  Gb  strlen.o [17]
strtoll                  0x800'a759    0x2  Code  Gb  iar_Stollx.o [15]
strtoull                 0x800'a6ad    0x2  Code  Gb  iar_Stoullx.o [15]
tolower                  0x800'b719   0x14  Code  Gb  tolower.o [15]
uwTick                  0x2000'0014    0x4  Data  Gb  stm32f1xx_hal.o [10]
uwTickFreq              0x2000'0010    0x1  Data  Gb  stm32f1xx_hal.o [10]
uwTickPrio              0x2000'0018    0x4  Data  Gb  stm32f1xx_hal.o [10]


[1] = E:\eHorglass\2.Firmware\eHorglass\EWARM\eHorglass\Obj\Application\EWARM
[2] = E:\eHorglass\2.Firmware\eHorglass\EWARM\eHorglass\Obj\Application\User\Core
[3] = E:\eHorglass\2.Firmware\eHorglass\EWARM\eHorglass\Obj\Application\User\USB_DEVICE\App
[4] = E:\eHorglass\2.Firmware\eHorglass\EWARM\eHorglass\Obj\Application\User\USB_DEVICE\Target
[5] = E:\eHorglass\2.Firmware\eHorglass\EWARM\eHorglass\Obj\Drivers\AT
[6] = E:\eHorglass\2.Firmware\eHorglass\EWARM\eHorglass\Obj\Drivers\CMSIS
[7] = E:\eHorglass\2.Firmware\eHorglass\EWARM\eHorglass\Obj\Drivers\MAX7219
[8] = E:\eHorglass\2.Firmware\eHorglass\EWARM\eHorglass\Obj\Drivers\MPU6050
[9] = E:\eHorglass\2.Firmware\eHorglass\EWARM\eHorglass\Obj\Drivers\Runtime
[10] = E:\eHorglass\2.Firmware\eHorglass\EWARM\eHorglass\Obj\Drivers\STM32F1xx_HAL_Driver
[11] = E:\eHorglass\2.Firmware\eHorglass\EWARM\eHorglass\Obj\Drivers\SandMove
[12] = E:\eHorglass\2.Firmware\eHorglass\EWARM\eHorglass\Obj\Drivers\common
[13] = E:\eHorglass\2.Firmware\eHorglass\EWARM\eHorglass\Obj\Drivers\parameter
[14] = E:\eHorglass\2.Firmware\eHorglass\EWARM\eHorglass\Obj\Middlewares\USB_Device_Library
[15] = dl7M_tlf.a
[16] = m7M_tl.a
[17] = rt7M_tl.a
[18] = shb_l.a

  44'223 bytes of readonly  code memory
   6'789 bytes of readonly  data memory
   8'425 bytes of readwrite data memory

Errors: none
Warnings: none
