###############################################################################
#
# IAR ELF Linker V9.30.1.335/W64 for ARM                  15/Feb/2024  18:46:56
# Copyright 2007-2022 IAR Systems AB.
#
#    Output file  =
#        E:\eHorglass\2.Firmware\eHorglass\EWARM\eHorglass\Exe\eHorglass.out
#    Map file     =
#        E:\eHorglass\2.Firmware\eHorglass\EWARM\eHorglass\List\eHorglass.map
#    Command line =
#        -f
#        E:\eHorglass\2.Firmware\eHorglass\EWARM\eHorglass\Exe\eHorglass.out.rsp
#        (E:\eHorglass\2.Firmware\eHorglass\EWARM\eHorglass\Obj\Application\User\Core\adc.o
#        E:\eHorglass\2.Firmware\eHorglass\EWARM\eHorglass\Obj\Drivers\AT\AT.o
#        E:\eHorglass\2.Firmware\eHorglass\EWARM\eHorglass\Obj\Drivers\common\common.o
#        E:\eHorglass\2.Firmware\eHorglass\EWARM\eHorglass\Obj\Application\User\Core\dma.o
#        E:\eHorglass\2.Firmware\eHorglass\EWARM\eHorglass\Obj\Application\User\Core\gpio.o
#        E:\eHorglass\2.Firmware\eHorglass\EWARM\eHorglass\Obj\Application\User\Core\i2c.o
#        E:\eHorglass\2.Firmware\eHorglass\EWARM\eHorglass\Obj\Application\User\Core\main.o
#        E:\eHorglass\2.Firmware\eHorglass\EWARM\eHorglass\Obj\Drivers\MAX7219\MAX7219.o
#        E:\eHorglass\2.Firmware\eHorglass\EWARM\eHorglass\Obj\Drivers\MPU6050\MPU6050.o
#        E:\eHorglass\2.Firmware\eHorglass\EWARM\eHorglass\Obj\Drivers\parameter\parameter.o
#        E:\eHorglass\2.Firmware\eHorglass\EWARM\eHorglass\Obj\Drivers\Runtime\Runtime.o
#        E:\eHorglass\2.Firmware\eHorglass\EWARM\eHorglass\Obj\Drivers\SandMove\SandMove.o
#        E:\eHorglass\2.Firmware\eHorglass\EWARM\eHorglass\Obj\Application\User\Core\spi.o
#        E:\eHorglass\2.Firmware\eHorglass\EWARM\eHorglass\Obj\Application\EWARM\startup_stm32f103xb.o
#        E:\eHorglass\2.Firmware\eHorglass\EWARM\eHorglass\Obj\Drivers\STM32F1xx_HAL_Driver\stm32f1xx_hal.o
#        E:\eHorglass\2.Firmware\eHorglass\EWARM\eHorglass\Obj\Drivers\STM32F1xx_HAL_Driver\stm32f1xx_hal_adc.o
#        E:\eHorglass\2.Firmware\eHorglass\EWARM\eHorglass\Obj\Drivers\STM32F1xx_HAL_Driver\stm32f1xx_hal_adc_ex.o
#        E:\eHorglass\2.Firmware\eHorglass\EWARM\eHorglass\Obj\Drivers\STM32F1xx_HAL_Driver\stm32f1xx_hal_cortex.o
#        E:\eHorglass\2.Firmware\eHorglass\EWARM\eHorglass\Obj\Drivers\STM32F1xx_HAL_Driver\stm32f1xx_hal_dma.o
#        E:\eHorglass\2.Firmware\eHorglass\EWARM\eHorglass\Obj\Drivers\STM32F1xx_HAL_Driver\stm32f1xx_hal_exti.o
#        E:\eHorglass\2.Firmware\eHorglass\EWARM\eHorglass\Obj\Drivers\STM32F1xx_HAL_Driver\stm32f1xx_hal_flash.o
#        E:\eHorglass\2.Firmware\eHorglass\EWARM\eHorglass\Obj\Drivers\STM32F1xx_HAL_Driver\stm32f1xx_hal_flash_ex.o
#        E:\eHorglass\2.Firmware\eHorglass\EWARM\eHorglass\Obj\Drivers\STM32F1xx_HAL_Driver\stm32f1xx_hal_gpio.o
#        E:\eHorglass\2.Firmware\eHorglass\EWARM\eHorglass\Obj\Drivers\STM32F1xx_HAL_Driver\stm32f1xx_hal_gpio_ex.o
#        E:\eHorglass\2.Firmware\eHorglass\EWARM\eHorglass\Obj\Drivers\STM32F1xx_HAL_Driver\stm32f1xx_hal_i2c.o
#        E:\eHorglass\2.Firmware\eHorglass\EWARM\eHorglass\Obj\Application\User\Core\stm32f1xx_hal_msp.o
#        E:\eHorglass\2.Firmware\eHorglass\EWARM\eHorglass\Obj\Drivers\STM32F1xx_HAL_Driver\stm32f1xx_hal_pcd.o
#        E:\eHorglass\2.Firmware\eHorglass\EWARM\eHorglass\Obj\Drivers\STM32F1xx_HAL_Driver\stm32f1xx_hal_pcd_ex.o
#        E:\eHorglass\2.Firmware\eHorglass\EWARM\eHorglass\Obj\Drivers\STM32F1xx_HAL_Driver\stm32f1xx_hal_pwr.o
#        E:\eHorglass\2.Firmware\eHorglass\EWARM\eHorglass\Obj\Drivers\STM32F1xx_HAL_Driver\stm32f1xx_hal_rcc.o
#        E:\eHorglass\2.Firmware\eHorglass\EWARM\eHorglass\Obj\Drivers\STM32F1xx_HAL_Driver\stm32f1xx_hal_rcc_ex.o
#        E:\eHorglass\2.Firmware\eHorglass\EWARM\eHorglass\Obj\Drivers\STM32F1xx_HAL_Driver\stm32f1xx_hal_spi.o
#        E:\eHorglass\2.Firmware\eHorglass\EWARM\eHorglass\Obj\Drivers\STM32F1xx_HAL_Driver\stm32f1xx_hal_tim.o
#        E:\eHorglass\2.Firmware\eHorglass\EWARM\eHorglass\Obj\Drivers\STM32F1xx_HAL_Driver\stm32f1xx_hal_tim_ex.o
#        E:\eHorglass\2.Firmware\eHorglass\EWARM\eHorglass\Obj\Drivers\STM32F1xx_HAL_Driver\stm32f1xx_hal_uart.o
#        E:\eHorglass\2.Firmware\eHorglass\EWARM\eHorglass\Obj\Application\User\Core\stm32f1xx_it.o
#        E:\eHorglass\2.Firmware\eHorglass\EWARM\eHorglass\Obj\Drivers\STM32F1xx_HAL_Driver\stm32f1xx_ll_usb.o
#        E:\eHorglass\2.Firmware\eHorglass\EWARM\eHorglass\Obj\Drivers\CMSIS\system_stm32f1xx.o
#        E:\eHorglass\2.Firmware\eHorglass\EWARM\eHorglass\Obj\Application\User\Core\tim.o
#        E:\eHorglass\2.Firmware\eHorglass\EWARM\eHorglass\Obj\Application\User\Core\usart.o
#        E:\eHorglass\2.Firmware\eHorglass\EWARM\eHorglass\Obj\Application\User\USB_DEVICE\App\usb_device.o
#        E:\eHorglass\2.Firmware\eHorglass\EWARM\eHorglass\Obj\Middlewares\USB_Device_Library\usbd_cdc.o
#        E:\eHorglass\2.Firmware\eHorglass\EWARM\eHorglass\Obj\Application\User\USB_DEVICE\App\usbd_cdc_if.o
#        E:\eHorglass\2.Firmware\eHorglass\EWARM\eHorglass\Obj\Application\User\USB_DEVICE\Target\usbd_conf.o
#        E:\eHorglass\2.Firmware\eHorglass\EWARM\eHorglass\Obj\Middlewares\USB_Device_Library\usbd_core.o
#        E:\eHorglass\2.Firmware\eHorglass\EWARM\eHorglass\Obj\Middlewares\USB_Device_Library\usbd_ctlreq.o
#        E:\eHorglass\2.Firmware\eHorglass\EWARM\eHorglass\Obj\Application\User\USB_DEVICE\App\usbd_desc.o
#        E:\eHorglass\2.Firmware\eHorglass\EWARM\eHorglass\Obj\Middlewares\USB_Device_Library\usbd_ioreq.o
#        E:\eHorglass\2.Firmware\eHorglass\EWARM\eHorglass\Obj\Application\User\Core\write.o
#        --no_out_extension -o
#        E:\eHorglass\2.Firmware\eHorglass\EWARM\eHorglass\Exe\eHorglass.out
#        --redirect _Printf=_PrintfFullNoMb --redirect _Scanf=_ScanfFullNoMb
#        --map
#        E:\eHorglass\2.Firmware\eHorglass\EWARM\eHorglass\List\eHorglass.map
#        --config E:\eHorglass\2.Firmware\eHorglass\EWARM/stm32f103xb_flash.icf
#        --semihosting --entry __iar_program_start --vfe --text_out locale
#        --cpu=Cortex-M3 --fpu=None)
#
###############################################################################

*******************************************************************************
*** RUNTIME MODEL ATTRIBUTES
***

CppFlavor       = *
__CPP_Runtime   = 1
__SystemLibrary = DLib
__dlib_version  = 6


*******************************************************************************
*** HEAP SELECTION
***

The basic heap was selected because --advanced_heap
was not specified and the application did not appear to
be primarily optimized for speed.


*******************************************************************************
*** PLACEMENT SUMMARY
***

"A0":  place at address 0x800'0000 { ro section .intvec };
"P1":  place in [from 0x800'0000 to 0x801'fbff] { ro };
define block CSTACK with size = 2K, alignment = 8 { };
define block HEAP with size = 2K, alignment = 8 { };
"P2":  place in [from 0x2000'0000 to 0x2000'4fff] {
          rw, block CSTACK, block HEAP };
initialize by copy { rw };

  Section            Kind         Address    Size  Object
  -------            ----         -------    ----  ------
"A0":                                        0xec
  .intvec            ro code   0x800'0000    0xec  startup_stm32f103xb.o [1]
                             - 0x800'00ec    0xec

"P1":                                      0xc52f
  .rodata            const     0x800'00ec  0x1800  SandMove.o [11]
  .text              ro code   0x800'18ec  0x144e  stm32f1xx_hal_i2c.o [10]
  .text              ro code   0x800'2d3a    0x7e  lz77_init_single.o [17]
  .text              ro code   0x800'2db8    0xac  i2c.o [2]
  .text              ro code   0x800'2e64   0x4be  stm32f1xx_hal_rcc.o [10]
  .text              ro code   0x800'3322    0x1e  xsscin.o [15]
  .text              ro code   0x800'3340     0xc  stm32f1xx_hal.o [10]
  .text              ro code   0x800'334c     0x2  stm32f1xx_hal_i2c.o [10]
  .text              ro code   0x800'334e     0x2  stm32f1xx_hal_i2c.o [10]
  .text              ro code   0x800'3350     0x2  stm32f1xx_hal_i2c.o [10]
  .text              ro code   0x800'3352     0x2  stm32f1xx_hal_i2c.o [10]
  .text              ro code   0x800'3354     0x2  stm32f1xx_hal_i2c.o [10]
  .text              ro code   0x800'3356     0x2  stm32f1xx_hal_i2c.o [10]
  .text              ro code   0x800'3358   0x214  stm32f1xx_hal_dma.o [10]
  .text              ro code   0x800'356c     0x2  stm32f1xx_hal_i2c.o [10]
  .text              ro code   0x800'356e     0x2  stm32f1xx_hal_i2c.o [10]
  .text              ro code   0x800'3570     0x2  stm32f1xx_hal_i2c.o [10]
  .text              ro code   0x800'3572     0x2  stm32f1xx_hal_i2c.o [10]
  .text              ro code   0x800'3574   0x2ee  main.o [2]
  .text              ro code   0x800'3862    0x14  memset.o [17]
  .rodata            const     0x800'3876     0x2  xlocale_c.o [15]
  .text              ro code   0x800'3878   0x1d8  stm32f1xx_hal_gpio.o [10]
  .text              ro code   0x800'3a50    0xc4  stm32f1xx_hal_cortex.o [10]
  .text              ro code   0x800'3b14    0x40  stm32f1xx_hal.o [10]
  .text              ro code   0x800'3b54   0x1d8  AT.o [5]
  .text              ro code   0x800'3d2c     0x6  ABImemclr4.o [17]
  .rodata            const     0x800'3d32     0x2  xlocale_c.o [15]
  .text              ro code   0x800'3d34   0x874  stm32f1xx_hal_uart.o [10]
  .text              ro code   0x800'45a8    0x24  stm32f1xx_hal.o [10]
  .text              ro code   0x800'45cc    0xb6  gpio.o [2]
  .rodata            const     0x800'4682     0x1  xlocale_c.o [15]
  .text              ro code   0x800'4684    0x20  dma.o [2]
  .text              ro code   0x800'46a4   0x12c  spi.o [2]
  .text              ro code   0x800'47d0    0xec  usart.o [2]
  .text              ro code   0x800'48bc    0x54  usb_device.o [3]
  .text              ro code   0x800'4910    0xb0  adc.o [2]
  .text              ro code   0x800'49c0    0x98  tim.o [2]
  .text              ro code   0x800'4a58    0xf4  parameter.o [13]
  .text              ro code   0x800'4b4c    0x30  Runtime.o [9]
  .text              ro code   0x800'4b7c   0x530  stm32f1xx_hal_adc.o [10]
  .text              ro code   0x800'50ac    0xa4  rand.o [15]
  .text              ro code   0x800'5150   0x214  MPU6050.o [8]
  .text              ro code   0x800'5364    0x28  stm32f1xx_hal.o [10]
  .text              ro code   0x800'538c   0x1b6  MAX7219.o [7]
  .text              ro code   0x800'5542     0x4  time_trampoline.o [15]
  .text              ro code   0x800'5548   0x3e4  SandMove.o [11]
  .text              ro code   0x800'592c   0x1b2  stm32f1xx_hal_rcc_ex.o [10]
  .text              ro code   0x800'5ae0    0x66  ABImemset.o [17]
  .text              ro code   0x800'5b48    0x28  printf.o [15]
  .text              ro code   0x800'5b70    0x28  sscanf.o [15]
  .text              ro code   0x800'5b98    0x12  strcmp.o [17]
  .text              ro code   0x800'5bac    0x3a  ABImemset48.o [17]
  .text              ro code   0x800'5be6     0x2  stm32f1xx_hal_uart.o [10]
  .text              ro code   0x800'5be8     0x2  stm32f1xx_hal_uart.o [10]
  .text              ro code   0x800'5bea     0x2  stm32f1xx_hal_uart.o [10]
  .text              ro code   0x800'5bec     0x2  stm32f1xx_hal_uart.o [10]
  .text              ro code   0x800'5bf0    0x44  stm32f1xx_hal_msp.o [2]
  .text              ro code   0x800'5c34   0x448  stm32f1xx_hal_spi.o [10]
  .text              ro code   0x800'607c   0x27c  usbd_core.o [14]
  .text              ro code   0x800'62f8   0x29c  usbd_cdc.o [14]
  .text              ro code   0x800'6594   0x274  stm32f1xx_hal_tim.o [10]
  .text              ro code   0x800'6808    0x64  stm32f1xx_hal_tim_ex.o [10]
  .text              ro code   0x800'686c   0x16c  stm32f1xx_hal_flash.o [10]
  .text              ro code   0x800'69d8    0xd4  stm32f1xx_hal_flash_ex.o [10]
  .text              ro code   0x800'6aac    0x24  S32ToFlt.o [16]
  .text              ro code   0x800'6ad0   0x118  FltDiv.o [16]
  .text              ro code   0x800'6be8    0x48  FltToDbl.o [16]
  .text              ro code   0x800'6c30   0x11a  atan2_64.o [16]
  .text              ro code   0x800'6d4c    0x68  DblToFlt.o [16]
  .text              ro code   0x800'6db4   0x1aa  DblMul.o [16]
  .text              ro code   0x800'6f60   0x246  DblDiv.o [16]
  .text              ro code   0x800'71a8   0x25e  DblAddSub.o [16]
  .text              ro code   0x800'7408   0x16e  FltAddSub.o [16]
  .text              ro code   0x800'7578    0x28  FltCmpGe.o [16]
  .text              ro code   0x800'75a0    0x14  time64.o [18]
  .text              ro code   0x800'75b4    0x18  ABImemcpy_small.o [17]
  .text              ro code   0x800'75cc   0xeaa  xprintffull_nomb.o [15]
  .text              ro code   0x800'8478   0xd78  xscanffull_nomb.o [15]
  .text              ro code   0x800'91f0     0x2  stm32f1xx_hal_spi.o [10]
  .text              ro code   0x800'91f4   0x1f6  usbd_conf.o [4]
  .text              ro code   0x800'93ec   0x45e  usbd_ctlreq.o [14]
  .text              ro code   0x800'984a    0x60  usbd_ioreq.o [14]
  .text              ro code   0x800'98ac    0x1e  U64Shr.o [17]
  .text              ro code   0x800'98cc   0x200  iar_Atan64.o [16]
  .text              ro code   0x800'9acc    0x16  strchr.o [17]
  .text              ro code   0x800'9ae4    0x40  xfail_s.o [15]
  .text              ro code   0x800'9b24    0x36  strlen.o [17]
  .text              ro code   0x800'9b5c    0x58  memchr.o [17]
  .text              ro code   0x800'9bb4    0x70  frexp.o [16]
  .text              ro code   0x800'9c24    0x34  DblCmpLe.o [16]
  .text              ro code   0x800'9c58    0x34  DblCmpGe.o [16]
  .text              ro code   0x800'9c8c   0x13a  ldexp.o [16]
  .text              ro code   0x800'9dc8    0x36  DblToS32.o [16]
  .text              ro code   0x800'9e00    0x22  S32ToDbl.o [16]
  .text              ro code   0x800'9e24    0x22  DblToU32.o [16]
  .text              ro code   0x800'9e48    0x1c  U32ToDbl.o [16]
  .text              ro code   0x800'9e64    0x4c  xlocale_c.o [15]
  .text              ro code   0x800'9eb0   0x230  I64DivMod.o [17]
  .text              ro code   0x800'a0e0    0x14  isspace.o [15]
  .text              ro code   0x800'a0f4    0x14  isalpha.o [15]
  .text              ro code   0x800'a108   0x2fc  strto64.o [16]
  .text              ro code   0x800'a404   0x1b2  iar_Stoullx.o [15]
  .text              ro code   0x800'a5b8    0xaa  iar_Stollx.o [15]
  .text              ro code   0x800'a664   0xa9a  stm32f1xx_hal_pcd.o [10]
  .text              ro code   0x800'b0fe    0x34  stm32f1xx_hal_pcd_ex.o [10]
  .text              ro code   0x800'b132     0x6  abort.o [15]
  .text              ro code   0x800'b138     0x2  I64DivZer.o [17]
  .text              ro code   0x800'b13a   0x122  iar_Stopfx.o [15]
  .text              ro code   0x800'b25c   0x1b8  iar_Stoflt.o [15]
  .text              ro code   0x800'b414   0x208  iar_Stoxflt.o [15]
  .text              ro code   0x800'b61c    0x14  tolower.o [15]
  .text              ro code   0x800'b630   0x9c0  stm32f1xx_ll_usb.o [10]
  .text              ro code   0x800'bff0    0x14  exit.o [18]
  .text              ro code   0x800'c004    0xf8  usbd_desc.o [3]
  .rodata            const     0x800'c0fc    0x50  iar_Stoullx.o [15]
  .text              ro code   0x800'c14c    0x4c  usbd_cdc_if.o [3]
  .rodata            const     0x800'c198    0x24  xscanffull_nomb.o [15]
  .rodata            const     0x800'c1c0    0x48  strto64.o [16]
  .text              ro code   0x800'c208    0x48  stm32f1xx_it.o [2]
  .text              ro code   0x800'c250    0x10  stm32f1xx_hal.o [10]
  .text              ro code   0x800'c260    0x44  putchar.o [15]
  .text              ro code   0x800'c2a4    0x30  write.o [2]
  .text              ro code   0x800'c2d4    0x14  system_stm32f1xx.o [6]
  .rodata            const     0x800'c2e8    0x40  iar_Atan64.o [16]
  .text              ro code   0x800'c328    0x38  zero_init3.o [17]
  .rodata            const     0x800'c360    0x28  xscanffull_nomb.o [15]
  .text              ro code   0x800'c388    0x28  data_init.o [17]
  .iar.init_table    const     0x800'c3b0    0x20  - Linker created -
  .text              ro code   0x800'c3d0    0x1e  cmain.o [17]
  .text              ro code   0x800'c3ee     0x4  low_level_init.o [15]
  .text              ro code   0x800'c3f2     0x4  exit.o [15]
  .text              ro code   0x800'c3f8     0xa  cexit.o [17]
  .text              ro code   0x800'c404    0x1c  cstartup_M.o [17]
  .text              ro code   0x800'c420    0x16  xprout.o [15]
  .text              ro code   0x800'c438    0x10  startup_stm32f103xb.o [1]
  .rodata            const     0x800'c448     0x8  system_stm32f1xx.o [6]
  .text              ro code   0x800'c450     0x4  startup_stm32f103xb.o [1]
  .text              ro code   0x800'c454     0x4  startup_stm32f103xb.o [1]
  .text              ro code   0x800'c458     0x4  startup_stm32f103xb.o [1]
  .text              ro code   0x800'c45c     0x4  startup_stm32f103xb.o [1]
  .text              ro code   0x800'c460     0x4  startup_stm32f103xb.o [1]
  .text              ro code   0x800'c464     0x4  startup_stm32f103xb.o [1]
  .text              ro code   0x800'c468     0x4  startup_stm32f103xb.o [1]
  .text              ro code   0x800'c46c     0x4  startup_stm32f103xb.o [1]
  .text              ro code   0x800'c470     0x4  startup_stm32f103xb.o [1]
  .text              ro code   0x800'c474     0x4  startup_stm32f103xb.o [1]
  .text              ro code   0x800'c478     0x4  startup_stm32f103xb.o [1]
  .text              ro code   0x800'c47c     0x4  startup_stm32f103xb.o [1]
  .text              ro code   0x800'c480     0x4  startup_stm32f103xb.o [1]
  .text              ro code   0x800'c484     0x4  startup_stm32f103xb.o [1]
  .text              ro code   0x800'c488     0x4  startup_stm32f103xb.o [1]
  .text              ro code   0x800'c48c     0x4  startup_stm32f103xb.o [1]
  .text              ro code   0x800'c490     0x4  startup_stm32f103xb.o [1]
  .text              ro code   0x800'c494     0x4  startup_stm32f103xb.o [1]
  .text              ro code   0x800'c498     0x4  startup_stm32f103xb.o [1]
  .text              ro code   0x800'c49c     0x4  startup_stm32f103xb.o [1]
  .text              ro code   0x800'c4a0     0x4  startup_stm32f103xb.o [1]
  .text              ro code   0x800'c4a4     0x4  startup_stm32f103xb.o [1]
  .text              ro code   0x800'c4a8     0x4  startup_stm32f103xb.o [1]
  .text              ro code   0x800'c4ac     0x4  startup_stm32f103xb.o [1]
  .text              ro code   0x800'c4b0     0x4  startup_stm32f103xb.o [1]
  .text              ro code   0x800'c4b4     0x4  startup_stm32f103xb.o [1]
  .text              ro code   0x800'c4b8     0x4  startup_stm32f103xb.o [1]
  .text              ro code   0x800'c4bc     0x4  startup_stm32f103xb.o [1]
  .text              ro code   0x800'c4c0     0x4  startup_stm32f103xb.o [1]
  .text              ro code   0x800'c4c4     0x4  startup_stm32f103xb.o [1]
  .text              ro code   0x800'c4c8     0x4  startup_stm32f103xb.o [1]
  .text              ro code   0x800'c4cc     0x4  startup_stm32f103xb.o [1]
  .text              ro code   0x800'c4d0     0x4  startup_stm32f103xb.o [1]
  .text              ro code   0x800'c4d4     0x4  startup_stm32f103xb.o [1]
  .text              ro code   0x800'c4d8     0x4  startup_stm32f103xb.o [1]
  .text              ro code   0x800'c4dc     0x4  startup_stm32f103xb.o [1]
  .text              ro code   0x800'c4e0     0x4  startup_stm32f103xb.o [1]
  .text              ro code   0x800'c4e4     0x4  startup_stm32f103xb.o [1]
  .rodata            const     0x800'c4e8     0x0  zero_init3.o [17]
  .rodata            const     0x800'c4e8     0x0  lz77_init_single.o [17]
  Initializer bytes  const     0x800'c4e8   0x133  <for P2-1>
                             - 0x800'c61b  0xc52f

"P2", part 1 of 3:                          0x25c
  P2-1                        0x2000'0000   0x25c  <Init block>
    .data            inited   0x2000'0000     0xc  parameter.o [13]
    .data            inited   0x2000'000c     0xc  stm32f1xx_hal.o [10]
    .data            inited   0x2000'0018     0x4  system_stm32f1xx.o [6]
    .data            inited   0x2000'001c     0xc  usbd_cdc.o [14]
    .data            inited   0x2000'0028    0x38  usbd_cdc.o [14]
    .data            inited   0x2000'0060    0x44  usbd_cdc.o [14]
    .data            inited   0x2000'00a4    0x44  usbd_cdc.o [14]
    .data            inited   0x2000'00e8    0x44  usbd_cdc.o [14]
    .data            inited   0x2000'012c    0x10  usbd_cdc_if.o [3]
    .data            inited   0x2000'013c    0x1c  usbd_desc.o [3]
    .data            inited   0x2000'0158    0x14  usbd_desc.o [3]
    .data            inited   0x2000'016c     0x4  usbd_desc.o [3]
    .data            inited   0x2000'0170    0x1c  usbd_desc.o [3]
    .data            inited   0x2000'018c     0x8  rand.o [15]
    .data            inited   0x2000'0194    0x38  xlocale_c.o [15]
    .data            inited   0x2000'01cc    0x48  xlocale_c.o [15]
    .data            inited   0x2000'0214    0x48  xfiles.o [15]
                            - 0x2000'025c   0x25c

"P2", part 2 of 3:                         0x168c
  .bss               zero     0x2000'025c   0x800  usbd_cdc_if.o [3]
  .bss               zero     0x2000'0a5c   0x2f0  usbd_conf.o [4]
  .bss               zero     0x2000'0d4c   0x2c4  usb_device.o [3]
  .bss               zero     0x2000'1010   0x220  usbd_conf.o [4]
  .bss               zero     0x2000'1230   0x200  usbd_desc.o [3]
  .bss               zero     0x2000'1430   0x100  main.o [2]
  .bss               zero     0x2000'1530    0x9c  main.o [2]
  .bss               zero     0x2000'15cc    0x84  rand.o [15]
  .bss               zero     0x2000'1650    0x58  spi.o [2]
  .bss               zero     0x2000'16a8    0x58  spi.o [2]
  .bss               zero     0x2000'1700    0x54  i2c.o [2]
  .bss               zero     0x2000'1754    0x50  xfiles.o [15]
  .bss               zero     0x2000'17a4    0x48  tim.o [2]
  .bss               zero     0x2000'17ec    0x48  usart.o [2]
  .bss               zero     0x2000'1834    0x44  usart.o [2]
  .bss               zero     0x2000'1878    0x30  adc.o [2]
  .bss               zero     0x2000'18a8     0x4  AT.o [5]
  .bss               zero     0x2000'18b0    0x20  stm32f1xx_hal_flash.o [10]
  .bss               zero     0x2000'18d0    0x10  parameter.o [13]
  .bss               zero     0x2000'18e0     0x4  xfail_s.o [15]
  .bss               zero     0x2000'18e4     0x1  usbd_ctlreq.o [14]
                            - 0x2000'18e5  0x1689

"P2", part 3 of 3:                          0x800
  CSTACK                      0x2000'18e8   0x800  <Block>
    CSTACK           uninit   0x2000'18e8   0x800  <Block tail>
                            - 0x2000'20e8   0x800

Unused ranges:

         From           To      Size
         ----           --      ----
   0x800'c61b   0x801'fbff  0x1'35e5
  0x2000'20e8  0x2000'4fff    0x2f18


*******************************************************************************
*** INIT TABLE
***

          Address      Size
          -------      ----
Zero (__iar_zero_init3)
    1 destination range, total size 0x1689:
          0x2000'025c  0x1689

Copy/lz77 (__iar_lz77_init_single3)
    1 source range, total size 0x133 (50% of destination):
           0x800'c4e8   0x133
    1 destination range, total size 0x25c:
          0x2000'0000   0x25c



*******************************************************************************
*** MODULE SUMMARY
***

    Module                    ro code  ro data  rw data
    ------                    -------  -------  -------
command line/config:
    ---------------------------------------------------
    Total:

E:\eHorglass\2.Firmware\eHorglass\EWARM\eHorglass\Obj\Application\EWARM: [1]
    startup_stm32f103xb.o         404
    ---------------------------------------------------
    Total:                        404

E:\eHorglass\2.Firmware\eHorglass\EWARM\eHorglass\Obj\Application\User\Core: [2]
    adc.o                         176                48
    dma.o                          32
    gpio.o                        182
    i2c.o                         172                84
    main.o                        750               412
    spi.o                         300               176
    stm32f1xx_hal_msp.o            68
    stm32f1xx_it.o                 72
    tim.o                         152                72
    usart.o                       236               140
    write.o                        48
    ---------------------------------------------------
    Total:                      2'188               932

E:\eHorglass\2.Firmware\eHorglass\EWARM\eHorglass\Obj\Application\User\USB_DEVICE\App: [3]
    usb_device.o                   84               708
    usbd_cdc_if.o                  76        8    2'064
    usbd_desc.o                   248       41      592
    ---------------------------------------------------
    Total:                        408       49    3'364

E:\eHorglass\2.Firmware\eHorglass\EWARM\eHorglass\Obj\Application\User\USB_DEVICE\Target: [4]
    usbd_conf.o                   502             1'296
    ---------------------------------------------------
    Total:                        502             1'296

E:\eHorglass\2.Firmware\eHorglass\EWARM\eHorglass\Obj\Drivers\AT: [5]
    AT.o                          472                 4
    ---------------------------------------------------
    Total:                        472                 4

E:\eHorglass\2.Firmware\eHorglass\EWARM\eHorglass\Obj\Drivers\CMSIS: [6]
    system_stm32f1xx.o             20       10        4
    ---------------------------------------------------
    Total:                         20       10        4

E:\eHorglass\2.Firmware\eHorglass\EWARM\eHorglass\Obj\Drivers\MAX7219: [7]
    MAX7219.o                     438
    ---------------------------------------------------
    Total:                        438

E:\eHorglass\2.Firmware\eHorglass\EWARM\eHorglass\Obj\Drivers\MPU6050: [8]
    MPU6050.o                     532
    ---------------------------------------------------
    Total:                        532

E:\eHorglass\2.Firmware\eHorglass\EWARM\eHorglass\Obj\Drivers\Runtime: [9]
    Runtime.o                      48
    ---------------------------------------------------
    Total:                         48

E:\eHorglass\2.Firmware\eHorglass\EWARM\eHorglass\Obj\Drivers\STM32F1xx_HAL_Driver: [10]
    stm32f1xx_hal.o               168        6       12
    stm32f1xx_hal_adc.o         1'328
    stm32f1xx_hal_cortex.o        196
    stm32f1xx_hal_dma.o           532
    stm32f1xx_hal_flash.o         364                32
    stm32f1xx_hal_flash_ex.o      212
    stm32f1xx_hal_gpio.o          472
    stm32f1xx_hal_i2c.o         5'218
    stm32f1xx_hal_pcd.o         2'714
    stm32f1xx_hal_pcd_ex.o         52
    stm32f1xx_hal_rcc.o         1'214
    stm32f1xx_hal_rcc_ex.o        434
    stm32f1xx_hal_spi.o         1'098
    stm32f1xx_hal_tim.o           628
    stm32f1xx_hal_tim_ex.o        100
    stm32f1xx_hal_uart.o        2'172
    stm32f1xx_ll_usb.o          2'496
    ---------------------------------------------------
    Total:                     19'398        6       44

E:\eHorglass\2.Firmware\eHorglass\EWARM\eHorglass\Obj\Drivers\SandMove: [11]
    SandMove.o                    996    6'144
    ---------------------------------------------------
    Total:                        996    6'144

E:\eHorglass\2.Firmware\eHorglass\EWARM\eHorglass\Obj\Drivers\common: [12]
    ---------------------------------------------------
    Total:

E:\eHorglass\2.Firmware\eHorglass\EWARM\eHorglass\Obj\Drivers\parameter: [13]
    parameter.o                   244        6       28
    ---------------------------------------------------
    Total:                        244        6       28

E:\eHorglass\2.Firmware\eHorglass\EWARM\eHorglass\Obj\Middlewares\USB_Device_Library: [14]
    usbd_cdc.o                    668      138      272
    usbd_core.o                   636
    usbd_ctlreq.o               1'118                 1
    usbd_ioreq.o                   96
    ---------------------------------------------------
    Total:                      2'518      138      273

dl7M_tlf.a: [15]
    abort.o                         6
    exit.o                          4
    iar_Stoflt.o                  440
    iar_Stollx.o                  170
    iar_Stopfx.o                  290
    iar_Stoullx.o                 434       80
    iar_Stoxflt.o                 520
    isalpha.o                      20
    isspace.o                      20
    low_level_init.o                4
    printf.o                       40
    putchar.o                      68
    rand.o                        164        4      140
    sscanf.o                       40
    time_trampoline.o               4
    tolower.o                      20
    xfail_s.o                      64                 4
    xfiles.o                                37      152
    xlocale_c.o                    76       70      128
    xprintffull_nomb.o          3'754
    xprout.o                       22
    xscanffull_nomb.o           3'448       76
    xsscin.o                       30
    ---------------------------------------------------
    Total:                      9'638      267      424

m7M_tl.a: [16]
    DblAddSub.o                   606
    DblCmpGe.o                     52
    DblCmpLe.o                     52
    DblDiv.o                      582
    DblMul.o                      426
    DblToFlt.o                    104
    DblToS32.o                     54
    DblToU32.o                     34
    FltAddSub.o                   366
    FltCmpGe.o                     40
    FltDiv.o                      280
    FltToDbl.o                     72
    S32ToDbl.o                     34
    S32ToFlt.o                     36
    U32ToDbl.o                     28
    atan2_64.o                    282
    frexp.o                       112
    iar_Atan64.o                  512       64
    ldexp.o                       314
    strto64.o                     764       72
    ---------------------------------------------------
    Total:                      4'750      136

rt7M_tl.a: [17]
    ABImemclr4.o                    6
    ABImemcpy_small.o              24
    ABImemset.o                   102
    ABImemset48.o                  58
    I64DivMod.o                   560
    I64DivZer.o                     2
    U64Shr.o                       30
    cexit.o                        10
    cmain.o                        30
    cstartup_M.o                   28
    data_init.o                    40
    lz77_init_single.o            126
    memchr.o                       88
    memset.o                       20
    strchr.o                       22
    strcmp.o                       18
    strlen.o                       54
    zero_init3.o                   56
    ---------------------------------------------------
    Total:                      1'274

shb_l.a: [18]
    exit.o                         20
    time64.o                       20
    ---------------------------------------------------
    Total:                         40

    Gaps                           53        4        4
    Linker created                          32    2'048
-------------------------------------------------------
    Grand Total:               43'923    6'792    8'421


*******************************************************************************
*** ENTRY LIST
***

Entry                       Address   Size  Type      Object
-----                       -------   ----  ----      ------
.iar.init_table$$Base    0x800'c3b0          --   Gb  - Linker created -
.iar.init_table$$Limit   0x800'c3d0          --   Gb  - Linker created -
?main                    0x800'c3d1         Code  Gb  cmain.o [17]
ADC1_2_IRQHandler        0x800'c499         Code  Wk  startup_stm32f103xb.o [1]
ADC_ConversionStop_Disable
                         0x800'505d   0x48  Code  Gb  stm32f1xx_hal_adc.o [10]
ADC_Enable               0x800'4fb7   0x6e  Code  Gb  stm32f1xx_hal_adc.o [10]
AHBPrescTable            0x800'c2d8   0x10  Data  Gb  system_stm32f1xx.o [6]
APBPrescTable            0x800'c448    0x8  Data  Gb  system_stm32f1xx.o [6]
AT_Init                  0x800'3b6f    0x6  Code  Gb  AT.o [5]
AT_ParseCommand          0x800'3bc9   0xae  Code  Gb  AT.o [5]
AT_RecevieFrameTime      0x800'3ba5   0x1c  Code  Gb  AT.o [5]
AT_RecevieReInit         0x800'3b77    0xa  Code  Gb  AT.o [5]
AT_RecevieSandNum        0x800'3b8d   0x14  Code  Gb  AT.o [5]
AT_ResponseError         0x800'3b75    0x2  Code  Gb  AT.o [5]
BusFault_Handler         0x800'c20f    0x2  Code  Gb  stm32f1xx_it.o [2]
CAN1_RX1_IRQHandler      0x800'c4a1         Code  Wk  startup_stm32f103xb.o [1]
CAN1_SCE_IRQHandler      0x800'c4a5         Code  Wk  startup_stm32f103xb.o [1]
CDC_Control_FS           0x800'c16f    0x4  Code  Lc  usbd_cdc_if.o [3]
CDC_DeInit_FS            0x800'c16b    0x4  Code  Lc  usbd_cdc_if.o [3]
CDC_Init_FS              0x800'c14d   0x1e  Code  Lc  usbd_cdc_if.o [3]
CDC_Receive_FS           0x800'c173   0x1c  Code  Lc  usbd_cdc_if.o [3]
CSTACK$$Base            0x2000'18e8          --   Gb  - Linker created -
CSTACK$$Limit           0x2000'20e8          --   Gb  - Linker created -
DMA1_Channel1_IRQHandler
                         0x800'c47d         Code  Wk  startup_stm32f103xb.o [1]
DMA1_Channel2_IRQHandler
                         0x800'c481         Code  Wk  startup_stm32f103xb.o [1]
DMA1_Channel3_IRQHandler
                         0x800'c485         Code  Wk  startup_stm32f103xb.o [1]
DMA1_Channel4_IRQHandler
                         0x800'c489         Code  Wk  startup_stm32f103xb.o [1]
DMA1_Channel5_IRQHandler
                         0x800'c48d         Code  Wk  startup_stm32f103xb.o [1]
DMA1_Channel6_IRQHandler
                         0x800'c491         Code  Wk  startup_stm32f103xb.o [1]
DMA1_Channel7_IRQHandler
                         0x800'c495         Code  Wk  startup_stm32f103xb.o [1]
DMA_SetConfig            0x800'354b   0x22  Code  Lc  stm32f1xx_hal_dma.o [10]
DataInRange              0x800'5331   0x32  Code  Gb  MPU6050.o [8]
DebugMon_Handler         0x800'c215    0x2  Code  Gb  stm32f1xx_it.o [2]
Dtentox                  0x800'a109  0x1c8  Code  Lc  strto64.o [16]
EXTI0_IRQHandler         0x800'c469         Code  Wk  startup_stm32f103xb.o [1]
EXTI15_10_IRQHandler     0x800'c4dd         Code  Wk  startup_stm32f103xb.o [1]
EXTI1_IRQHandler         0x800'c46d         Code  Wk  startup_stm32f103xb.o [1]
EXTI2_IRQHandler         0x800'c471         Code  Wk  startup_stm32f103xb.o [1]
EXTI3_IRQHandler         0x800'c475         Code  Wk  startup_stm32f103xb.o [1]
EXTI4_IRQHandler         0x800'c479         Code  Wk  startup_stm32f103xb.o [1]
EXTI9_5_IRQHandler       0x800'c4a9         Code  Wk  startup_stm32f103xb.o [1]
Error_Handler            0x800'385f    0x4  Code  Gb  main.o [2]
FLASH_IRQHandler         0x800'c461         Code  Wk  startup_stm32f103xb.o [1]
FLASH_MassErase          0x800'6a6d   0x1a  Code  Lc  stm32f1xx_hal_flash_ex.o [10]
FLASH_PageErase          0x800'6a87   0x1c  Code  Gb  stm32f1xx_hal_flash_ex.o [10]
FLASH_Program_HalfWord   0x800'6913   0x16  Code  Lc  stm32f1xx_hal_flash.o [10]
FLASH_SetErrorCode       0x800'6979   0x44  Code  Lc  stm32f1xx_hal_flash.o [10]
FLASH_WaitForLastOperation
                         0x800'6929   0x50  Code  Gb  stm32f1xx_hal_flash.o [10]
FS_Desc                 0x2000'013c   0x1c  Data  Gb  usbd_desc.o [3]
HAL_ADC_ConfigChannel    0x800'4eb9   0xe6  Code  Gb  stm32f1xx_hal_adc.o [10]
HAL_ADC_GetValue         0x800'4eb3    0x6  Code  Gb  stm32f1xx_hal_adc.o [10]
HAL_ADC_Init             0x800'4b7d   0xf4  Code  Gb  stm32f1xx_hal_adc.o [10]
HAL_ADC_MspInit          0x800'495f   0x52  Code  Gb  adc.o [2]
HAL_ADC_PollForConversion
                         0x800'4cbb  0x152  Code  Gb  stm32f1xx_hal_adc.o [10]
HAL_ADC_Start            0x800'4c71   0x4a  Code  Gb  stm32f1xx_hal_adc.o [10]
HAL_DMA_Abort            0x800'343b   0x4a  Code  Gb  stm32f1xx_hal_dma.o [10]
HAL_DMA_Abort_IT         0x800'3485   0x9a  Code  Gb  stm32f1xx_hal_dma.o [10]
HAL_DMA_GetState         0x800'3545    0x6  Code  Gb  stm32f1xx_hal_dma.o [10]
HAL_DMA_Init             0x800'3359   0x64  Code  Gb  stm32f1xx_hal_dma.o [10]
HAL_DMA_Start_IT         0x800'33bd   0x7e  Code  Gb  stm32f1xx_hal_dma.o [10]
HAL_Delay                0x800'5365   0x28  Code  Wk  stm32f1xx_hal.o [10]
HAL_FLASHEx_Erase        0x800'69d9   0x94  Code  Gb  stm32f1xx_hal_flash_ex.o [10]
HAL_FLASH_Lock           0x800'6903    0xa  Code  Gb  stm32f1xx_hal_flash.o [10]
HAL_FLASH_Program        0x800'686d   0x76  Code  Gb  stm32f1xx_hal_flash.o [10]
HAL_FLASH_Unlock         0x800'68e3   0x20  Code  Gb  stm32f1xx_hal_flash.o [10]
HAL_GPIO_Init            0x800'3879  0x19c  Code  Gb  stm32f1xx_hal_gpio.o [10]
HAL_GPIO_WritePin        0x800'3a15    0x8  Code  Gb  stm32f1xx_hal_gpio.o [10]
HAL_GetTick              0x800'3341    0xc  Code  Wk  stm32f1xx_hal.o [10]
HAL_I2C_AbortCpltCallback
                         0x800'3573    0x2  Code  Wk  stm32f1xx_hal_i2c.o [10]
HAL_I2C_AddrCallback     0x800'3357    0x2  Code  Wk  stm32f1xx_hal_i2c.o [10]
HAL_I2C_EV_IRQHandler    0x800'1ea7  0x6d6  Code  Gb  stm32f1xx_hal_i2c.o [10]
HAL_I2C_ErrorCallback    0x800'3351    0x2  Code  Wk  stm32f1xx_hal_i2c.o [10]
HAL_I2C_Init             0x800'18ed  0x12e  Code  Gb  stm32f1xx_hal_i2c.o [10]
HAL_I2C_ListenCpltCallback
                         0x800'356f    0x2  Code  Wk  stm32f1xx_hal_i2c.o [10]
HAL_I2C_MasterRxCpltCallback
                         0x800'3355    0x2  Code  Wk  stm32f1xx_hal_i2c.o [10]
HAL_I2C_MasterTxCpltCallback
                         0x800'334f    0x2  Code  Wk  stm32f1xx_hal_i2c.o [10]
HAL_I2C_MemRxCpltCallback
                         0x800'3353    0x2  Code  Wk  stm32f1xx_hal_i2c.o [10]
HAL_I2C_MemTxCpltCallback
                         0x800'334d    0x2  Code  Wk  stm32f1xx_hal_i2c.o [10]
HAL_I2C_Mem_Read         0x800'1bd1  0x1b2  Code  Gb  stm32f1xx_hal_i2c.o [10]
HAL_I2C_Mem_Write        0x800'1a91   0xe2  Code  Gb  stm32f1xx_hal_i2c.o [10]
HAL_I2C_MspInit          0x800'2de9   0x66  Code  Gb  i2c.o [2]
HAL_I2C_SlaveRxCpltCallback
                         0x800'356d    0x2  Code  Wk  stm32f1xx_hal_i2c.o [10]
HAL_I2C_SlaveTxCpltCallback
                         0x800'3571    0x2  Code  Wk  stm32f1xx_hal_i2c.o [10]
HAL_IncTick              0x800'c251   0x10  Code  Wk  stm32f1xx_hal.o [10]
HAL_Init                 0x800'45a9   0x20  Code  Gb  stm32f1xx_hal.o [10]
HAL_InitTick             0x800'3b15   0x40  Code  Wk  stm32f1xx_hal.o [10]
HAL_MspInit              0x800'5bf1   0x44  Code  Gb  stm32f1xx_hal_msp.o [2]
HAL_NVIC_EnableIRQ       0x800'3abf   0x16  Code  Gb  stm32f1xx_hal_cortex.o [10]
HAL_NVIC_SetPriority     0x800'3a85   0x3a  Code  Gb  stm32f1xx_hal_cortex.o [10]
HAL_NVIC_SetPriorityGrouping
                         0x800'3a6b   0x1a  Code  Gb  stm32f1xx_hal_cortex.o [10]
HAL_PCDEx_PMAConfig      0x800'b0ff   0x34  Code  Gb  stm32f1xx_hal_pcd_ex.o [10]
HAL_PCDEx_SetConnectionState
                         0x800'93d7    0x2  Code  Gb  usbd_conf.o [4]
HAL_PCD_DataInStageCallback
                         0x800'9249   0x12  Code  Gb  usbd_conf.o [4]
HAL_PCD_DataOutStageCallback
                         0x800'9235   0x14  Code  Gb  usbd_conf.o [4]
HAL_PCD_EP_Close         0x800'afaf   0x1c  Code  Gb  stm32f1xx_hal_pcd.o [10]
HAL_PCD_EP_ClrStall      0x800'b0a3   0x2e  Code  Gb  stm32f1xx_hal_pcd.o [10]
HAL_PCD_EP_GetRxCount    0x800'affb   0x10  Code  Gb  stm32f1xx_hal_pcd.o [10]
HAL_PCD_EP_Open          0x800'af5f   0x50  Code  Gb  stm32f1xx_hal_pcd.o [10]
HAL_PCD_EP_Receive       0x800'afd7   0x24  Code  Gb  stm32f1xx_hal_pcd.o [10]
HAL_PCD_EP_SetStall      0x800'b03d   0x66  Code  Gb  stm32f1xx_hal_pcd.o [10]
HAL_PCD_EP_Transmit      0x800'b00b   0x28  Code  Gb  stm32f1xx_hal_pcd.o [10]
HAL_PCD_IRQHandler       0x800'a749  0x674  Code  Gb  stm32f1xx_hal_pcd.o [10]
HAL_PCD_Init             0x800'a665   0xaa  Code  Gb  stm32f1xx_hal_pcd.o [10]
HAL_PCD_MspInit          0x800'91f5   0x34  Code  Gb  usbd_conf.o [4]
HAL_PCD_ResetCallback    0x800'9263   0x24  Code  Gb  usbd_conf.o [4]
HAL_PCD_ResumeCallback   0x800'92a3    0x8  Code  Gb  usbd_conf.o [4]
HAL_PCD_SOFCallback      0x800'925b    0x8  Code  Gb  usbd_conf.o [4]
HAL_PCD_SetAddress       0x800'af43   0x1c  Code  Gb  stm32f1xx_hal_pcd.o [10]
HAL_PCD_SetupStageCallback
                         0x800'9229    0xc  Code  Gb  usbd_conf.o [4]
HAL_PCD_Start            0x800'a727   0x1a  Code  Gb  stm32f1xx_hal_pcd.o [10]
HAL_PCD_SuspendCallback
                         0x800'9287   0x1c  Code  Gb  usbd_conf.o [4]
HAL_RCCEx_GetPeriphCLKFreq
                         0x800'5a09   0xac  Code  Gb  stm32f1xx_hal_rcc_ex.o [10]
HAL_RCCEx_GetPeriphCLKFreq::aPLLMULFactorTable
                         0x800'5acc   0x10  Data  Lc  stm32f1xx_hal_rcc_ex.o [10]
HAL_RCCEx_GetPeriphCLKFreq::aPredivFactorTable
                         0x800'5adc    0x2  Data  Lc  stm32f1xx_hal_rcc_ex.o [10]
HAL_RCCEx_PeriphCLKConfig
                         0x800'592d   0xda  Code  Gb  stm32f1xx_hal_rcc_ex.o [10]
HAL_RCC_ClockConfig      0x800'3179   0xf4  Code  Gb  stm32f1xx_hal_rcc.o [10]
HAL_RCC_GetPCLK1Freq     0x800'32bb   0x10  Code  Gb  stm32f1xx_hal_rcc.o [10]
HAL_RCC_GetPCLK2Freq     0x800'32cb    0xe  Code  Gb  stm32f1xx_hal_rcc.o [10]
HAL_RCC_GetSysClockFreq
                         0x800'3281   0x3a  Code  Gb  stm32f1xx_hal_rcc.o [10]
HAL_RCC_GetSysClockFreq::aPLLMULFactorTable
                         0x800'3310   0x10  Data  Lc  stm32f1xx_hal_rcc.o [10]
HAL_RCC_GetSysClockFreq::aPredivFactorTable
                         0x800'3320    0x2  Data  Lc  stm32f1xx_hal_rcc.o [10]
HAL_RCC_OscConfig        0x800'2e65  0x30c  Code  Gb  stm32f1xx_hal_rcc.o [10]
HAL_SPI_ErrorCallback    0x800'91f1    0x2  Code  Wk  stm32f1xx_hal_spi.o [10]
HAL_SPI_IRQHandler       0x800'5e7f   0xec  Code  Gb  stm32f1xx_hal_spi.o [10]
HAL_SPI_Init             0x800'5c35   0xaa  Code  Gb  stm32f1xx_hal_spi.o [10]
HAL_SPI_MspInit          0x800'46ff   0x9e  Code  Gb  spi.o [2]
HAL_SPI_Transmit         0x800'5cdf  0x142  Code  Gb  stm32f1xx_hal_spi.o [10]
HAL_SYSTICK_Config       0x800'3ad5   0x22  Code  Gb  stm32f1xx_hal_cortex.o [10]
HAL_TIMEx_MasterConfigSynchronization
                         0x800'6809   0x56  Code  Gb  stm32f1xx_hal_tim_ex.o [10]
HAL_TIM_Base_Init        0x800'6595   0x1a  Code  Gb  stm32f1xx_hal_tim.o [10]
HAL_TIM_Base_MspInit     0x800'4a29   0x22  Code  Gb  tim.o [2]
HAL_TIM_Base_Start       0x800'65af   0x4c  Code  Gb  stm32f1xx_hal_tim.o [10]
HAL_TIM_Base_Stop        0x800'65fb   0x16  Code  Gb  stm32f1xx_hal_tim.o [10]
HAL_TIM_ConfigClockSource
                         0x800'6665   0xaa  Code  Gb  stm32f1xx_hal_tim.o [10]
HAL_UARTEx_ReceiveToIdle_DMA
                         0x800'3e55   0x24  Code  Gb  stm32f1xx_hal_uart.o [10]
HAL_UARTEx_RxEventCallback
                         0x800'3575   0x2c  Code  Gb  main.o [2]
HAL_UART_ErrorCallback   0x800'5be7    0x2  Code  Wk  stm32f1xx_hal_uart.o [10]
HAL_UART_IRQHandler      0x800'3ee1  0x28e  Code  Gb  stm32f1xx_hal_uart.o [10]
HAL_UART_Init            0x800'3d35   0x1e  Code  Gb  stm32f1xx_hal_uart.o [10]
HAL_UART_MspInit         0x800'47ff   0xa6  Code  Gb  usart.o [2]
HAL_UART_RxCpltCallback
                         0x800'5beb    0x2  Code  Wk  stm32f1xx_hal_uart.o [10]
HAL_UART_RxHalfCpltCallback
                         0x800'5bed    0x2  Code  Wk  stm32f1xx_hal_uart.o [10]
HAL_UART_Transmit        0x800'3db3   0x9a  Code  Gb  stm32f1xx_hal_uart.o [10]
HAL_UART_TxCpltCallback
                         0x800'5be9    0x2  Code  Wk  stm32f1xx_hal_uart.o [10]
HardFault_Handler        0x800'c20b    0x2  Code  Gb  stm32f1xx_it.o [2]
I2C1_ER_IRQHandler       0x800'c4c9         Code  Wk  startup_stm32f103xb.o [1]
I2C1_EV_IRQHandler       0x800'c223    0x6  Code  Gb  stm32f1xx_it.o [2]
I2C2_ER_IRQHandler       0x800'c4d1         Code  Wk  startup_stm32f103xb.o [1]
I2C2_EV_IRQHandler       0x800'c4cd         Code  Wk  startup_stm32f103xb.o [1]
I2C_DMAAbort             0x800'2a01   0xce  Code  Lc  stm32f1xx_hal_i2c.o [10]
I2C_Flush_DR             0x800'1a27    0xe  Code  Lc  stm32f1xx_hal_i2c.o [10]
I2C_ITError              0x800'2749   0xf2  Code  Lc  stm32f1xx_hal_i2c.o [10]
I2C_IsAcknowledgeFailed
                         0x800'2d09   0x32  Code  Lc  stm32f1xx_hal_i2c.o [10]
I2C_MemoryTransmit_TXE_BTF
                         0x800'268d   0xbc  Code  Lc  stm32f1xx_hal_i2c.o [10]
I2C_RequestMemoryRead    0x800'2919   0xb6  Code  Lc  stm32f1xx_hal_i2c.o [10]
I2C_RequestMemoryWrite   0x800'287b   0x8c  Code  Lc  stm32f1xx_hal_i2c.o [10]
I2C_WaitOnBTFFlagUntilTimeout
                         0x800'2c55   0x44  Code  Lc  stm32f1xx_hal_i2c.o [10]
I2C_WaitOnFlagUntilTimeout
                         0x800'2ad9   0x68  Code  Lc  stm32f1xx_hal_i2c.o [10]
I2C_WaitOnMasterAddressFlagUntilTimeout
                         0x800'2b41   0x9a  Code  Lc  stm32f1xx_hal_i2c.o [10]
I2C_WaitOnRXNEFlagUntilTimeout
                         0x800'2cb3   0x56  Code  Lc  stm32f1xx_hal_i2c.o [10]
I2C_WaitOnTXEFlagUntilTimeout
                         0x800'2c11   0x44  Code  Lc  stm32f1xx_hal_i2c.o [10]
IntToUnicode             0x800'c095   0x26  Code  Lc  usbd_desc.o [3]
LoadParameters           0x800'4a59   0x48  Code  Gb  parameter.o [13]
MPU6050ReadAcc           0x800'51d5   0x34  Code  Gb  MPU6050.o [8]
MPU6050_GetDirection     0x800'5215   0xe2  Code  Gb  MPU6050.o [8]
MPU6050_Init             0x800'5189   0x4a  Code  Gb  MPU6050.o [8]
MPU6050_ReadData         0x800'5171   0x18  Code  Gb  MPU6050.o [8]
MPU6050_WriteReg         0x800'5151   0x20  Code  Gb  MPU6050.o [8]
MX_ADC1_Init             0x800'4911   0x4e  Code  Gb  adc.o [2]
MX_DMA_Init              0x800'4685   0x20  Code  Gb  dma.o [2]
MX_GPIO_Init             0x800'45cd   0x94  Code  Gb  gpio.o [2]
MX_I2C1_Init             0x800'2db9   0x30  Code  Gb  i2c.o [2]
MX_SPI1_Init             0x800'46a5   0x18  Code  Gb  spi.o [2]
MX_SPI2_Init             0x800'46bd   0x18  Code  Gb  spi.o [2]
MX_TIM3_Init             0x800'49c1   0x68  Code  Gb  tim.o [2]
MX_USART1_UART_Init      0x800'47d1   0x2e  Code  Gb  usart.o [2]
MX_USB_DEVICE_Init       0x800'48bd   0x54  Code  Gb  usb_device.o [3]
Max7219_Display          0x800'54ed   0x46  Code  Gb  MAX7219.o [7]
Max7219_DisplayNromal    0x800'5533    0x6  Code  Gb  MAX7219.o [7]
Max7219_Init             0x800'53c5   0x50  Code  Gb  MAX7219.o [7]
Max7219_RotateData       0x800'543d   0xb0  Code  Gb  MAX7219.o [7]
Max7219_TurnOffAll       0x800'5415   0x1c  Code  Gb  MAX7219.o [7]
Max7219_WriteReg         0x800'538d   0x38  Code  Gb  MAX7219.o [7]
MemManage_Handler        0x800'c20d    0x2  Code  Gb  stm32f1xx_it.o [2]
NMI_Handler              0x800'c209    0x2  Code  Gb  stm32f1xx_it.o [2]
PVD_IRQHandler           0x800'c455         Code  Wk  startup_stm32f103xb.o [1]
PendSV_Handler           0x800'c217    0x2  Code  Gb  stm32f1xx_it.o [2]
RCC_IRQHandler           0x800'c465         Code  Wk  startup_stm32f103xb.o [1]
RTC_Alarm_IRQHandler     0x800'c4e1         Code  Wk  startup_stm32f103xb.o [1]
RTC_IRQHandler           0x800'c45d         Code  Wk  startup_stm32f103xb.o [1]
Region$$Table$$Base      0x800'c3b0          --   Gb  - Linker created -
Region$$Table$$Limit     0x800'c3d0          --   Gb  - Linker created -
Reset_Handler            0x800'c439         Code  Wk  startup_stm32f103xb.o [1]
Runtime_Init             0x800'4b4d    0x2  Code  Gb  Runtime.o [9]
Runtime_Start            0x800'4b5b    0xc  Code  Gb  Runtime.o [9]
Runtime_Stop             0x800'4b67   0x10  Code  Gb  Runtime.o [9]
SPI1_IRQHandler          0x800'c229    0x6  Code  Gb  stm32f1xx_it.o [2]
SPI2_IRQHandler          0x800'c22f    0x6  Code  Gb  stm32f1xx_it.o [2]
SPI_DMAAbortOnError      0x800'5f6d    0xe  Code  Lc  stm32f1xx_hal_spi.o [10]
SPI_EndRxTxTransaction   0x800'6055   0x18  Code  Lc  stm32f1xx_hal_spi.o [10]
SPI_WaitFlagStateUntilTimeout
                         0x800'5f95   0xb4  Code  Lc  stm32f1xx_hal_spi.o [10]
SVC_Handler              0x800'c213    0x2  Code  Gb  stm32f1xx_it.o [2]
Sand_GetDownLed          0x800'56d3    0xc  Code  Gb  SandMove.o [11]
Sand_GetLoopCoord        0x800'5549   0xe6  Code  Gb  SandMove.o [11]
Sand_GetTarget           0x800'5645   0x82  Code  Gb  SandMove.o [11]
Sand_GetUpLed            0x800'56c7    0xc  Code  Gb  SandMove.o [11]
Sand_IsDownVertex        0x800'56df   0x22  Code  Gb  SandMove.o [11]
Sand_MoveToTarget        0x800'5791   0x74  Code  Gb  SandMove.o [11]
Sand_TargetIsEmpty       0x800'5701   0x84  Code  Gb  SandMove.o [11]
Sand_UpdateScreen        0x800'5805   0xde  Code  Gb  SandMove.o [11]
SaveParameters           0x800'4aad   0x72  Code  Gb  parameter.o [13]
SaveParameters::EraseInitStruct
                        0x2000'18d0   0x10  Data  Lc  parameter.o [13]
SysTick_Handler          0x800'c219    0x4  Code  Gb  stm32f1xx_it.o [2]
SystemClock_Config       0x800'37d5   0x8a  Code  Gb  main.o [2]
SystemCoreClock         0x2000'0018    0x4  Data  Gb  system_stm32f1xx.o [6]
SystemInit               0x800'c2d5    0x2  Code  Gb  system_stm32f1xx.o [6]
TAMPER_IRQHandler        0x800'c459         Code  Wk  startup_stm32f103xb.o [1]
TIM1_BRK_IRQHandler      0x800'c4ad         Code  Wk  startup_stm32f103xb.o [1]
TIM1_CC_IRQHandler       0x800'c4b9         Code  Wk  startup_stm32f103xb.o [1]
TIM1_TRG_COM_IRQHandler
                         0x800'c4b5         Code  Wk  startup_stm32f103xb.o [1]
TIM1_UP_IRQHandler       0x800'c4b1         Code  Wk  startup_stm32f103xb.o [1]
TIM2_IRQHandler          0x800'c4bd         Code  Wk  startup_stm32f103xb.o [1]
TIM3_IRQHandler          0x800'c4c1         Code  Wk  startup_stm32f103xb.o [1]
TIM4_IRQHandler          0x800'c4c5         Code  Wk  startup_stm32f103xb.o [1]
TIM_Base_SetConfig       0x800'6729   0x5e  Code  Gb  stm32f1xx_hal_tim.o [10]
TIM_ETR_SetConfig        0x800'67ef   0x14  Code  Gb  stm32f1xx_hal_tim.o [10]
TIM_ITRx_SetConfig       0x800'67df   0x10  Code  Lc  stm32f1xx_hal_tim.o [10]
TIM_TI1_ConfigInputStage
                         0x800'679d   0x1e  Code  Lc  stm32f1xx_hal_tim.o [10]
TIM_TI2_ConfigInputStage
                         0x800'67bb   0x24  Code  Lc  stm32f1xx_hal_tim.o [10]
UART_DMAAbortOnError     0x800'4439    0xe  Code  Lc  stm32f1xx_hal_uart.o [10]
UART_DMAError            0x800'4251   0x4a  Code  Lc  stm32f1xx_hal_uart.o [10]
UART_DMAReceiveCplt      0x800'418b   0x4c  Code  Lc  stm32f1xx_hal_uart.o [10]
UART_DMARxHalfCplt       0x800'4237   0x18  Code  Lc  stm32f1xx_hal_uart.o [10]
UART_EndRxTransfer       0x800'4401   0x36  Code  Lc  stm32f1xx_hal_uart.o [10]
UART_EndTxTransfer       0x800'43cd   0x18  Code  Lc  stm32f1xx_hal_uart.o [10]
UART_Receive_IT          0x800'4449   0xb4  Code  Lc  stm32f1xx_hal_uart.o [10]
UART_SetConfig           0x800'4519   0x78  Code  Lc  stm32f1xx_hal_uart.o [10]
UART_Start_Receive_DMA   0x800'4331   0x7a  Code  Gb  stm32f1xx_hal_uart.o [10]
UART_WaitOnFlagUntilTimeout
                         0x800'429b   0x5e  Code  Lc  stm32f1xx_hal_uart.o [10]
USART1_IRQHandler        0x800'c235    0x6  Code  Gb  stm32f1xx_it.o [2]
USART2_IRQHandler        0x800'c4d5         Code  Wk  startup_stm32f103xb.o [1]
USART3_IRQHandler        0x800'c4d9         Code  Wk  startup_stm32f103xb.o [1]
USBD_CDC                0x2000'0028   0x38  Data  Gb  usbd_cdc.o [14]
USBD_CDC_CfgFSDesc      0x2000'00a4   0x44  Data  Gb  usbd_cdc.o [14]
USBD_CDC_CfgHSDesc      0x2000'0060   0x44  Data  Gb  usbd_cdc.o [14]
USBD_CDC_DataIn          0x800'6479   0x4a  Code  Lc  usbd_cdc.o [14]
USBD_CDC_DataOut         0x800'64c3   0x2a  Code  Lc  usbd_cdc.o [14]
USBD_CDC_DeInit          0x800'638d   0x44  Code  Lc  usbd_cdc.o [14]
USBD_CDC_DeviceQualifierDesc
                        0x2000'001c    0xc  Data  Lc  usbd_cdc.o [14]
USBD_CDC_EP0_RxReady     0x800'64ed   0x26  Code  Lc  usbd_cdc.o [14]
USBD_CDC_GetDeviceQualifierDescriptor
                         0x800'652b    0x8  Code  Gb  usbd_cdc.o [14]
USBD_CDC_GetFSCfgDesc    0x800'6513    0x8  Code  Lc  usbd_cdc.o [14]
USBD_CDC_GetHSCfgDesc    0x800'651b    0x8  Code  Lc  usbd_cdc.o [14]
USBD_CDC_GetOtherSpeedCfgDesc
                         0x800'6523    0x8  Code  Lc  usbd_cdc.o [14]
USBD_CDC_Init            0x800'62f9   0x8a  Code  Lc  usbd_cdc.o [14]
USBD_CDC_OtherSpeedCfgDesc
                        0x2000'00e8   0x44  Data  Gb  usbd_cdc.o [14]
USBD_CDC_ReceivePacket   0x800'656f   0x26  Code  Gb  usbd_cdc.o [14]
USBD_CDC_RegisterInterface
                         0x800'6545    0xe  Code  Gb  usbd_cdc.o [14]
USBD_CDC_SetRxBuffer     0x800'6563    0xc  Code  Gb  usbd_cdc.o [14]
USBD_CDC_SetTxBuffer     0x800'6553   0x10  Code  Gb  usbd_cdc.o [14]
USBD_CDC_Setup           0x800'63d1   0xa8  Code  Lc  usbd_cdc.o [14]
USBD_ClrClassConfig      0x800'60d3    0xa  Code  Gb  usbd_core.o [14]
USBD_CtlContinueRx       0x800'987f    0x4  Code  Gb  usbd_ioreq.o [14]
USBD_CtlContinueSendData
                         0x800'985b    0x4  Code  Gb  usbd_ioreq.o [14]
USBD_CtlError            0x800'97ef   0x16  Code  Gb  usbd_ctlreq.o [14]
USBD_CtlPrepareRx        0x800'986b   0x14  Code  Gb  usbd_ioreq.o [14]
USBD_CtlReceiveStatus    0x800'989d    0xe  Code  Gb  usbd_ioreq.o [14]
USBD_CtlSendData         0x800'984b   0x10  Code  Gb  usbd_ioreq.o [14]
USBD_CtlSendStatus       0x800'988f    0xe  Code  Gb  usbd_ioreq.o [14]
USBD_FS_ConfigStrDescriptor
                         0x800'c061    0xc  Code  Gb  usbd_desc.o [3]
USBD_FS_DeviceDesc      0x2000'0158   0x14  Data  Gb  usbd_desc.o [3]
USBD_FS_DeviceDescriptor
                         0x800'c005    0x8  Code  Gb  usbd_desc.o [3]
USBD_FS_InterfaceStrDescriptor
                         0x800'c089    0xc  Code  Gb  usbd_desc.o [3]
USBD_FS_LangIDStrDescriptor
                         0x800'c00d    0x8  Code  Gb  usbd_desc.o [3]
USBD_FS_ManufacturerStrDescriptor
                         0x800'c021    0xa  Code  Gb  usbd_desc.o [3]
USBD_FS_ProductStrDescriptor
                         0x800'c015    0xc  Code  Gb  usbd_desc.o [3]
USBD_FS_SerialStrDescriptor
                         0x800'c035   0x2c  Code  Gb  usbd_desc.o [3]
USBD_GetString           0x800'9805   0x46  Code  Gb  usbd_ctlreq.o [14]
USBD_Get_USB_Status      0x800'93d9   0x12  Code  Lc  usbd_conf.o [4]
USBD_Init                0x800'607d   0x26  Code  Gb  usbd_core.o [14]
USBD_Interface_fops_FS  0x2000'012c   0x10  Data  Gb  usbd_cdc_if.o [3]
USBD_LL_ClearStallEP     0x800'9363    0xc  Code  Gb  usbd_conf.o [4]
USBD_LL_CloseEP          0x800'934b    0xc  Code  Gb  usbd_conf.o [4]
USBD_LL_DataInStage      0x800'61b3   0xae  Code  Gb  usbd_core.o [14]
USBD_LL_DataOutStage     0x800'6131   0x7a  Code  Gb  usbd_core.o [14]
USBD_LL_GetRxDataSize    0x800'93b1    0x8  Code  Gb  usbd_conf.o [4]
USBD_LL_Init             0x800'92ab   0x7a  Code  Gb  usbd_conf.o [4]
USBD_LL_IsStallEP        0x800'936f   0x1e  Code  Gb  usbd_conf.o [4]
USBD_LL_OpenEP           0x800'9335   0x16  Code  Gb  usbd_conf.o [4]
USBD_LL_PrepareReceive   0x800'93a5    0xc  Code  Gb  usbd_conf.o [4]
USBD_LL_Reset            0x800'6261   0x52  Code  Gb  usbd_core.o [14]
USBD_LL_Resume           0x800'62c9   0x12  Code  Gb  usbd_core.o [14]
USBD_LL_SOF              0x800'62db   0x18  Code  Gb  usbd_core.o [14]
USBD_LL_SetSpeed         0x800'62b3    0x6  Code  Gb  usbd_core.o [14]
USBD_LL_SetUSBAddress    0x800'938d    0xc  Code  Gb  usbd_conf.o [4]
USBD_LL_SetupStage       0x800'60dd   0x54  Code  Gb  usbd_core.o [14]
USBD_LL_StallEP          0x800'9357    0xc  Code  Gb  usbd_conf.o [4]
USBD_LL_Start            0x800'9325    0xa  Code  Gb  usbd_conf.o [4]
USBD_LL_Suspend          0x800'62b9   0x10  Code  Gb  usbd_core.o [14]
USBD_LL_Transmit         0x800'9399    0xc  Code  Gb  usbd_conf.o [4]
USBD_LangIDDesc         0x2000'016c    0x4  Data  Gb  usbd_desc.o [3]
USBD_ParseSetupRequest   0x800'97c7   0x28  Code  Gb  usbd_ctlreq.o [14]
USBD_RegisterClass       0x800'60a3   0x10  Code  Gb  usbd_core.o [14]
USBD_SetClassConfig      0x800'60bd   0x16  Code  Gb  usbd_core.o [14]
USBD_SetConfig::cfgidx  0x2000'18e4    0x1  Data  Lc  usbd_ctlreq.o [14]
USBD_Start               0x800'60b3    0xa  Code  Gb  usbd_core.o [14]
USBD_StdDevReq           0x800'93ed  0x268  Code  Gb  usbd_ctlreq.o [14]
USBD_StdEPReq            0x800'96a5  0x11a  Code  Gb  usbd_ctlreq.o [14]
USBD_StdItfReq           0x800'9659   0x4c  Code  Gb  usbd_ctlreq.o [14]
USBD_StrDesc            0x2000'1230  0x200  Data  Gb  usbd_desc.o [3]
USBD_StringSerial       0x2000'0170   0x1c  Data  Gb  usbd_desc.o [3]
USBD_static_free         0x800'93d5    0x2  Code  Gb  usbd_conf.o [4]
USBD_static_malloc       0x800'93b9    0x4  Code  Gb  usbd_conf.o [4]
USBD_static_malloc::mem
                        0x2000'1010  0x220  Data  Lc  usbd_conf.o [4]
USBWakeUp_IRQHandler     0x800'c4e5         Code  Wk  startup_stm32f103xb.o [1]
USB_ActivateEndpoint     0x800'b671  0x286  Code  Gb  stm32f1xx_ll_usb.o [10]
USB_CoreInit             0x800'b631    0x4  Code  Gb  stm32f1xx_ll_usb.o [10]
USB_DeactivateEndpoint   0x800'b8f7  0x110  Code  Gb  stm32f1xx_ll_usb.o [10]
USB_DevConnect           0x800'bf89    0x4  Code  Gb  stm32f1xx_ll_usb.o [10]
USB_DevDisconnect        0x800'bf8d    0x4  Code  Gb  stm32f1xx_ll_usb.o [10]
USB_DevInit              0x800'b655   0x14  Code  Gb  stm32f1xx_ll_usb.o [10]
USB_DisableGlobalInt     0x800'b645    0xc  Code  Gb  stm32f1xx_ll_usb.o [10]
USB_EP0_OutStart         0x800'bf97    0x4  Code  Gb  stm32f1xx_ll_usb.o [10]
USB_EPClearStall         0x800'bf03   0x7a  Code  Gb  stm32f1xx_ll_usb.o [10]
USB_EPSetStall           0x800'bed1   0x32  Code  Gb  stm32f1xx_ll_usb.o [10]
USB_EPStartXfer          0x800'ba07  0x442  Code  Gb  stm32f1xx_ll_usb.o [10]
USB_EnableGlobalInt      0x800'b635   0x10  Code  Gb  stm32f1xx_ll_usb.o [10]
USB_HP_CAN1_TX_IRQHandler
                         0x800'c49d         Code  Wk  startup_stm32f103xb.o [1]
USB_LP_CAN1_RX0_IRQHandler
                         0x800'c21d    0x6  Code  Gb  stm32f1xx_it.o [2]
USB_ReadInterrupts       0x800'bf91    0x6  Code  Gb  stm32f1xx_ll_usb.o [10]
USB_ReadPMA              0x800'bfc9   0x28  Code  Gb  stm32f1xx_ll_usb.o [10]
USB_SetCurrentMode       0x800'b651    0x4  Code  Gb  stm32f1xx_ll_usb.o [10]
USB_SetDevAddress        0x800'bf7d    0xc  Code  Gb  stm32f1xx_ll_usb.o [10]
USB_WritePMA             0x800'bfa5   0x24  Code  Gb  stm32f1xx_ll_usb.o [10]
Uart_Buffer             0x2000'1430  0x100  Data  Gb  main.o [2]
UsageFault_Handler       0x800'c211    0x2  Code  Gb  stm32f1xx_it.o [2]
UserRxBufferFS          0x2000'025c  0x400  Data  Gb  usbd_cdc_if.o [3]
UserTxBufferFS          0x2000'065c  0x400  Data  Gb  usbd_cdc_if.o [3]
WWDG_IRQHandler          0x800'c451         Code  Wk  startup_stm32f103xb.o [1]
_Get                     0x800'8479   0x12  Code  Lc  xscanffull_nomb.o [15]
_GetN                    0x800'848b   0x22  Code  Lc  xscanffull_nomb.o [15]
_GetstrFullNoMb          0x800'8fe5  0x19e  Code  Lc  xscanffull_nomb.o [15]
_LC                      0x800'75cd    0x6  Code  Lc  xprintffull_nomb.o [15]
_LitobFullNoMb           0x800'8295  0x114  Code  Lc  xprintffull_nomb.o [15]
_LocaleC_isalpha         0x800'9e6b    0xc  Code  Gb  xlocale_c.o [15]
_LocaleC_islower         0x800'9e65    0x4  Code  Gb  xlocale_c.o [15]
_LocaleC_isspace         0x800'9e81   0x14  Code  Gb  xlocale_c.o [15]
_LocaleC_isupper         0x800'9e69    0x2  Code  Gb  xlocale_c.o [15]
_LocaleC_tolower         0x800'9e95    0xc  Code  Gb  xlocale_c.o [15]
_Locale_lconv           0x2000'0194   0x38  Data  Lc  xlocale_c.o [15]
_PrintfFullNoMb          0x800'75d3  0xc92  Code  Gb  xprintffull_nomb.o [15]
_Prout                   0x800'c421   0x16  Code  Gb  xprout.o [15]
_PutcharsFullNoMb        0x800'8401   0x2e  Code  Lc  xprintffull_nomb.o [15]
_Rand_idx               0x2000'164c    0x4  Data  Lc  rand.o [15]
_Rand_rv                0x2000'15cc   0x80  Data  Lc  rand.o [15]
_Randinit               0x2000'018c    0x1  Data  Gb  rand.o [15]
_Randseed               0x2000'0190    0x4  Data  Gb  rand.o [15]
_SScin                   0x800'3323   0x1e  Code  Gb  xsscin.o [15]
_ScanfFullNoMb           0x800'84c9  0xac4  Code  Gb  xscanffull_nomb.o [15]
_UngetN                  0x800'84ad   0x1a  Code  Lc  xscanffull_nomb.o [15]
__NVIC_SetPriority       0x800'3a51   0x1a  Code  Lc  stm32f1xx_hal_cortex.o [10]
__NVIC_SystemReset       0x800'3b55   0x1a  Code  Lc  AT.o [5]
__aeabi_cdcmple          0x800'9c25         Code  Gb  DblCmpLe.o [16]
__aeabi_cdrcmple         0x800'9c59         Code  Gb  DblCmpGe.o [16]
__aeabi_cfrcmple         0x800'7579         Code  Gb  FltCmpGe.o [16]
__aeabi_d2f              0x800'6d4d         Code  Gb  DblToFlt.o [16]
__aeabi_d2iz             0x800'9dc9         Code  Gb  DblToS32.o [16]
__aeabi_d2uiz            0x800'9e25         Code  Gb  DblToU32.o [16]
__aeabi_dadd             0x800'71a9         Code  Gb  DblAddSub.o [16]
__aeabi_ddiv             0x800'6f61         Code  Gb  DblDiv.o [16]
__aeabi_dmul             0x800'6db5         Code  Gb  DblMul.o [16]
__aeabi_dsub             0x800'7325         Code  Gb  DblAddSub.o [16]
__aeabi_f2d              0x800'6be9         Code  Gb  FltToDbl.o [16]
__aeabi_fadd             0x800'7409         Code  Gb  FltAddSub.o [16]
__aeabi_fdiv             0x800'6ad1         Code  Gb  FltDiv.o [16]
__aeabi_fsub             0x800'74e9         Code  Gb  FltAddSub.o [16]
__aeabi_i2d              0x800'9e01         Code  Gb  S32ToDbl.o [16]
__aeabi_i2f              0x800'6aad         Code  Gb  S32ToFlt.o [16]
__aeabi_ldiv0            0x800'b139         Code  Gb  I64DivZer.o [17]
__aeabi_llsr             0x800'98ad         Code  Gb  U64Shr.o [17]
__aeabi_memclr4          0x800'3d2d         Code  Gb  ABImemclr4.o [17]
__aeabi_memset           0x800'5ae1         Code  Gb  ABImemset.o [17]
__aeabi_memset4          0x800'5bad         Code  Gb  ABImemset48.o [17]
__aeabi_memset8          0x800'5bad         Code  Gb  ABImemset48.o [17]
__aeabi_ui2d             0x800'9e49         Code  Gb  U32ToDbl.o [16]
__aeabi_uldivmod         0x800'9eb1         Code  Gb  I64DivMod.o [17]
__cmain                  0x800'c3d1         Code  Gb  cmain.o [17]
__exit                   0x800'bff1   0x14  Code  Gb  exit.o [18]
__iar_Atan64             0x800'98cd  0x200  Code  Gb  iar_Atan64.o [16]
__iar_Fail_s             0x800'9ae5   0x1c  Code  Gb  xfail_s.o [15]
__iar_Memchr             0x800'9b5d         Code  Gb  memchr.o [17]
__iar_Memset             0x800'5ae1         Code  Gb  ABImemset.o [17]
__iar_Memset4_word       0x800'5bb5         Code  Gb  ABImemset48.o [17]
__iar_Memset8_word       0x800'5bb5         Code  Gb  ABImemset48.o [17]
__iar_Memset_word        0x800'5ae9         Code  Gb  ABImemset.o [17]
__iar_Stdout            0x2000'0214   0x48  Data  Gb  xfiles.o [15]
__iar_Sto64              0x800'a2d1  0x112  Code  Gb  strto64.o [16]
__iar_Stoflt             0x800'b25d  0x1b8  Code  Gb  iar_Stoflt.o [15]
__iar_Stollx             0x800'a5b9   0xa4  Code  Gb  iar_Stollx.o [15]
__iar_Stopfx             0x800'b13b  0x122  Code  Gb  iar_Stopfx.o [15]
__iar_Stoullx            0x800'a405  0x1a4  Code  Gb  iar_Stoullx.o [15]
__iar_Stoxflt            0x800'b415  0x1d4  Code  Gb  iar_Stoxflt.o [15]
__iar_Stoxflt::digits    0x800'b5ec   0x18  Data  Lc  iar_Stoxflt.o [15]
__iar_Stoxflt::vals      0x800'b604   0x18  Data  Lc  iar_Stoxflt.o [15]
__iar_Strchr             0x800'9acd         Code  Gb  strchr.o [17]
__iar_atan2_64           0x800'6c31  0x10e  Code  Gb  atan2_64.o [16]
__iar_data_init3         0x800'c389   0x28  Code  Gb  data_init.o [17]
__iar_frexp              0x800'9bc1         Code  Gb  frexp.o [16]
__iar_frexp64            0x800'9bb5         Code  Gb  frexp.o [16]
__iar_frexpl             0x800'9bc1         Code  Gb  frexp.o [16]
__iar_globLocale        0x2000'01cc   0x48  Data  Lc  xlocale_c.o [15]
__iar_global_Locale      0x800'9ea1    0x4  Code  Gb  xlocale_c.o [15]
__iar_ldexp64            0x800'9c8d         Code  Gb  ldexp.o [16]
__iar_lz77_init_single3
                         0x800'2d3b   0x7e  Code  Gb  lz77_init_single.o [17]
__iar_program_start      0x800'c405         Code  Gb  cstartup_M.o [17]
__iar_scalbln64          0x800'9c8d         Code  Gb  ldexp.o [16]
__iar_scalbn64           0x800'9c8d         Code  Gb  ldexp.o [16]
__iar_small_Memcpy       0x800'75b9         Code  Gb  ABImemcpy_small.o [17]
__iar_small_memcpy       0x800'75b5         Code  Gb  ABImemcpy_small.o [17]
__iar_small_memcpy4      0x800'75b5         Code  Gb  ABImemcpy_small.o [17]
__iar_small_memcpy8      0x800'75b5         Code  Gb  ABImemcpy_small.o [17]
__iar_zero_init3         0x800'c329   0x38  Code  Gb  zero_init3.o [17]
__low_level_init         0x800'c3ef    0x4  Code  Gb  low_level_init.o [15]
__time64                 0x800'75a1   0x14  Code  Gb  time64.o [18]
__vector_table           0x800'0000         Data  Gb  startup_stm32f103xb.o [1]
__write                  0x800'c2a5   0x30  Code  Gb  write.o [2]
_call_main               0x800'c3dd         Code  Gb  cmain.o [17]
_exit                    0x800'c3f9         Code  Gb  cexit.o [17]
a                        0x800'c2e8   0x40  Data  Lc  iar_Atan64.o [16]
abort                    0x800'b133    0x6  Code  Gb  abort.o [15]
atan2                    0x800'6c31  0x10e  Code  Gb  atan2_64.o [16]
atan2l                   0x800'6c31  0x10e  Code  Gb  atan2_64.o [16]
defaultParameters       0x2000'0000    0xc  Data  Gb  parameter.o [13]
digits                   0x800'c124   0x28  Data  Lc  iar_Stoullx.o [15]
exit                     0x800'c3f3    0x4  Code  Gb  exit.o [15]
flashPara               0x2000'18a8    0x4  Data  Gb  AT.o [5]
frexp                    0x800'9bb5         Code  Gb  frexp.o [16]
frexpl                   0x800'9bb5         Code  Gb  frexp.o [16]
hUsbDeviceFS            0x2000'0d4c  0x2c4  Data  Gb  usb_device.o [3]
hadc1                   0x2000'1878   0x30  Data  Gb  adc.o [2]
hdma_usart1_rx          0x2000'1834   0x44  Data  Gb  usart.o [2]
hi2c1                   0x2000'1700   0x54  Data  Gb  i2c.o [2]
hpcd_USB_FS             0x2000'0a5c  0x2f0  Data  Gb  usbd_conf.o [4]
hspi1                   0x2000'1650   0x58  Data  Gb  spi.o [2]
hspi2                   0x2000'16a8   0x58  Data  Gb  spi.o [2]
htim3                   0x2000'17a4   0x48  Data  Gb  tim.o [2]
huart1                  0x2000'17ec   0x48  Data  Gb  usart.o [2]
isalpha                  0x800'a0f5   0x14  Code  Gb  isalpha.o [15]
isspace                  0x800'a0e1   0x14  Code  Gb  isspace.o [15]
ldexp                    0x800'9c8d         Code  Gb  ldexp.o [16]
ldexpl                   0x800'9c8d         Code  Gb  ldexp.o [16]
ledScreen1              0x2000'1530   0x40  Data  Gb  main.o [2]
ledScreen2              0x2000'1570   0x40  Data  Gb  main.o [2]
ledScreenData1          0x2000'15b0    0x8  Data  Gb  main.o [2]
ledScreenData2          0x2000'15b8    0x8  Data  Gb  main.o [2]
localeconv               0x800'9ea5    0x4  Code  Gb  xlocale_c.o [15]
main                     0x800'35a1  0x208  Code  Gb  main.o [2]
memchr                   0x800'9b5d         Code  Gb  memchr.o [17]
memset                   0x800'3863   0x14  Code  Gb  memset.o [17]
ndigs                    0x800'c0fc   0x28  Data  Lc  iar_Stoullx.o [15]
obuf                    0x2000'1754   0x50  Data  Lc  xfiles.o [15]
pFlash                  0x2000'18b0   0x20  Data  Gb  stm32f1xx_hal_flash.o [10]
pows                     0x800'c1c0   0x48  Data  Lc  strto64.o [16]
printf                   0x800'5b49   0x28  Code  Gb  printf.o [15]
putchar                  0x800'c261   0x44  Code  Gb  putchar.o [15]
rand                     0x800'50ad   0x8a  Code  Gb  rand.o [15]
ranmatch                 0x800'8f9f   0x46  Code  Lc  xscanffull_nomb.o [15]
runPara                 0x2000'15c0    0xc  Data  Gb  main.o [2]
scalbln                  0x800'9c8d         Code  Gb  ldexp.o [16]
scalblnl                 0x800'9c8d         Code  Gb  ldexp.o [16]
scalbn                   0x800'9c8d         Code  Gb  ldexp.o [16]
scalbnl                  0x800'9c8d         Code  Gb  ldexp.o [16]
scale                    0x800'83a9   0x46  Code  Lc  xprintffull_nomb.o [15]
sec_hand                0x2000'18e0    0x4  Data  Lc  xfail_s.o [15]
srand                    0x800'5137    0xa  Code  Gb  rand.o [15]
sscanf                   0x800'5b71   0x28  Code  Gb  sscanf.o [15]
strchr                   0x800'9acd         Code  Gb  strchr.o [17]
strcmp                   0x800'5b99         Code  Gb  strcmp.o [17]
strlen                   0x800'9b25         Code  Gb  strlen.o [17]
strtoll                  0x800'a65d    0x2  Code  Gb  iar_Stollx.o [15]
strtoull                 0x800'a5b1    0x2  Code  Gb  iar_Stoullx.o [15]
time                     0x800'5543    0x4  Code  Gb  time_trampoline.o [15]
tolower                  0x800'b61d   0x14  Code  Gb  tolower.o [15]
uwTick                  0x2000'0010    0x4  Data  Gb  stm32f1xx_hal.o [10]
uwTickFreq              0x2000'000c    0x1  Data  Gb  stm32f1xx_hal.o [10]
uwTickPrio              0x2000'0014    0x4  Data  Gb  stm32f1xx_hal.o [10]


[1] = E:\eHorglass\2.Firmware\eHorglass\EWARM\eHorglass\Obj\Application\EWARM
[2] = E:\eHorglass\2.Firmware\eHorglass\EWARM\eHorglass\Obj\Application\User\Core
[3] = E:\eHorglass\2.Firmware\eHorglass\EWARM\eHorglass\Obj\Application\User\USB_DEVICE\App
[4] = E:\eHorglass\2.Firmware\eHorglass\EWARM\eHorglass\Obj\Application\User\USB_DEVICE\Target
[5] = E:\eHorglass\2.Firmware\eHorglass\EWARM\eHorglass\Obj\Drivers\AT
[6] = E:\eHorglass\2.Firmware\eHorglass\EWARM\eHorglass\Obj\Drivers\CMSIS
[7] = E:\eHorglass\2.Firmware\eHorglass\EWARM\eHorglass\Obj\Drivers\MAX7219
[8] = E:\eHorglass\2.Firmware\eHorglass\EWARM\eHorglass\Obj\Drivers\MPU6050
[9] = E:\eHorglass\2.Firmware\eHorglass\EWARM\eHorglass\Obj\Drivers\Runtime
[10] = E:\eHorglass\2.Firmware\eHorglass\EWARM\eHorglass\Obj\Drivers\STM32F1xx_HAL_Driver
[11] = E:\eHorglass\2.Firmware\eHorglass\EWARM\eHorglass\Obj\Drivers\SandMove
[12] = E:\eHorglass\2.Firmware\eHorglass\EWARM\eHorglass\Obj\Drivers\common
[13] = E:\eHorglass\2.Firmware\eHorglass\EWARM\eHorglass\Obj\Drivers\parameter
[14] = E:\eHorglass\2.Firmware\eHorglass\EWARM\eHorglass\Obj\Middlewares\USB_Device_Library
[15] = dl7M_tlf.a
[16] = m7M_tl.a
[17] = rt7M_tl.a
[18] = shb_l.a

  43'923 bytes of readonly  code memory
   6'792 bytes of readonly  data memory
   8'421 bytes of readwrite data memory

Errors: none
Warnings: none
