###############################################################################
#
# IAR ELF Linker V9.30.1.335/W64 for ARM                  06/Feb/2024  19:33:37
# Copyright 2007-2022 IAR Systems AB.
#
#    Output file  =
#        E:\eHorglass\2.Firmware\eHorglass\EWARM\eHorglass\Exe\eHorglass.out
#    Map file     =
#        E:\eHorglass\2.Firmware\eHorglass\EWARM\eHorglass\List\eHorglass.map
#    Command line =
#        -f
#        E:\eHorglass\2.Firmware\eHorglass\EWARM\eHorglass\Exe\eHorglass.out.rsp
#        (E:\eHorglass\2.Firmware\eHorglass\EWARM\eHorglass\Obj\Drivers\common\common.o
#        E:\eHorglass\2.Firmware\eHorglass\EWARM\eHorglass\Obj\Application\User\Core\gpio.o
#        E:\eHorglass\2.Firmware\eHorglass\EWARM\eHorglass\Obj\Application\User\Core\i2c.o
#        E:\eHorglass\2.Firmware\eHorglass\EWARM\eHorglass\Obj\Application\User\Core\main.o
#        E:\eHorglass\2.Firmware\eHorglass\EWARM\eHorglass\Obj\Drivers\MAX7219\MAX7219.o
#        E:\eHorglass\2.Firmware\eHorglass\EWARM\eHorglass\Obj\Drivers\MPU6050\MPU6050.o
#        E:\eHorglass\2.Firmware\eHorglass\EWARM\eHorglass\Obj\Drivers\SandMove\SandMove.o
#        E:\eHorglass\2.Firmware\eHorglass\EWARM\eHorglass\Obj\Application\User\Core\spi.o
#        E:\eHorglass\2.Firmware\eHorglass\EWARM\eHorglass\Obj\Application\EWARM\startup_stm32f103xb.o
#        E:\eHorglass\2.Firmware\eHorglass\EWARM\eHorglass\Obj\Drivers\STM32F1xx_HAL_Driver\stm32f1xx_hal.o
#        E:\eHorglass\2.Firmware\eHorglass\EWARM\eHorglass\Obj\Drivers\STM32F1xx_HAL_Driver\stm32f1xx_hal_cortex.o
#        E:\eHorglass\2.Firmware\eHorglass\EWARM\eHorglass\Obj\Drivers\STM32F1xx_HAL_Driver\stm32f1xx_hal_dma.o
#        E:\eHorglass\2.Firmware\eHorglass\EWARM\eHorglass\Obj\Drivers\STM32F1xx_HAL_Driver\stm32f1xx_hal_exti.o
#        E:\eHorglass\2.Firmware\eHorglass\EWARM\eHorglass\Obj\Drivers\STM32F1xx_HAL_Driver\stm32f1xx_hal_flash.o
#        E:\eHorglass\2.Firmware\eHorglass\EWARM\eHorglass\Obj\Drivers\STM32F1xx_HAL_Driver\stm32f1xx_hal_flash_ex.o
#        E:\eHorglass\2.Firmware\eHorglass\EWARM\eHorglass\Obj\Drivers\STM32F1xx_HAL_Driver\stm32f1xx_hal_gpio.o
#        E:\eHorglass\2.Firmware\eHorglass\EWARM\eHorglass\Obj\Drivers\STM32F1xx_HAL_Driver\stm32f1xx_hal_gpio_ex.o
#        E:\eHorglass\2.Firmware\eHorglass\EWARM\eHorglass\Obj\Drivers\STM32F1xx_HAL_Driver\stm32f1xx_hal_i2c.o
#        E:\eHorglass\2.Firmware\eHorglass\EWARM\eHorglass\Obj\Application\User\Core\stm32f1xx_hal_msp.o
#        E:\eHorglass\2.Firmware\eHorglass\EWARM\eHorglass\Obj\Drivers\STM32F1xx_HAL_Driver\stm32f1xx_hal_pcd.o
#        E:\eHorglass\2.Firmware\eHorglass\EWARM\eHorglass\Obj\Drivers\STM32F1xx_HAL_Driver\stm32f1xx_hal_pcd_ex.o
#        E:\eHorglass\2.Firmware\eHorglass\EWARM\eHorglass\Obj\Drivers\STM32F1xx_HAL_Driver\stm32f1xx_hal_pwr.o
#        E:\eHorglass\2.Firmware\eHorglass\EWARM\eHorglass\Obj\Drivers\STM32F1xx_HAL_Driver\stm32f1xx_hal_rcc.o
#        E:\eHorglass\2.Firmware\eHorglass\EWARM\eHorglass\Obj\Drivers\STM32F1xx_HAL_Driver\stm32f1xx_hal_rcc_ex.o
#        E:\eHorglass\2.Firmware\eHorglass\EWARM\eHorglass\Obj\Drivers\STM32F1xx_HAL_Driver\stm32f1xx_hal_spi.o
#        E:\eHorglass\2.Firmware\eHorglass\EWARM\eHorglass\Obj\Drivers\STM32F1xx_HAL_Driver\stm32f1xx_hal_tim.o
#        E:\eHorglass\2.Firmware\eHorglass\EWARM\eHorglass\Obj\Drivers\STM32F1xx_HAL_Driver\stm32f1xx_hal_tim_ex.o
#        E:\eHorglass\2.Firmware\eHorglass\EWARM\eHorglass\Obj\Drivers\STM32F1xx_HAL_Driver\stm32f1xx_hal_uart.o
#        E:\eHorglass\2.Firmware\eHorglass\EWARM\eHorglass\Obj\Application\User\Core\stm32f1xx_it.o
#        E:\eHorglass\2.Firmware\eHorglass\EWARM\eHorglass\Obj\Drivers\STM32F1xx_HAL_Driver\stm32f1xx_ll_usb.o
#        E:\eHorglass\2.Firmware\eHorglass\EWARM\eHorglass\Obj\Drivers\CMSIS\system_stm32f1xx.o
#        E:\eHorglass\2.Firmware\eHorglass\EWARM\eHorglass\Obj\Application\User\Core\usart.o
#        E:\eHorglass\2.Firmware\eHorglass\EWARM\eHorglass\Obj\Application\User\USB_DEVICE\App\usb_device.o
#        E:\eHorglass\2.Firmware\eHorglass\EWARM\eHorglass\Obj\Middlewares\USB_Device_Library\usbd_cdc.o
#        E:\eHorglass\2.Firmware\eHorglass\EWARM\eHorglass\Obj\Application\User\USB_DEVICE\App\usbd_cdc_if.o
#        E:\eHorglass\2.Firmware\eHorglass\EWARM\eHorglass\Obj\Application\User\USB_DEVICE\Target\usbd_conf.o
#        E:\eHorglass\2.Firmware\eHorglass\EWARM\eHorglass\Obj\Middlewares\USB_Device_Library\usbd_core.o
#        E:\eHorglass\2.Firmware\eHorglass\EWARM\eHorglass\Obj\Middlewares\USB_Device_Library\usbd_ctlreq.o
#        E:\eHorglass\2.Firmware\eHorglass\EWARM\eHorglass\Obj\Application\User\USB_DEVICE\App\usbd_desc.o
#        E:\eHorglass\2.Firmware\eHorglass\EWARM\eHorglass\Obj\Middlewares\USB_Device_Library\usbd_ioreq.o
#        E:\eHorglass\2.Firmware\eHorglass\EWARM\eHorglass\Obj\Application\User\Core\write.o
#        --no_out_extension -o
#        E:\eHorglass\2.Firmware\eHorglass\EWARM\eHorglass\Exe\eHorglass.out
#        --redirect _Printf=_PrintfFullNoMb --redirect _Scanf=_ScanfFullNoMb
#        --map
#        E:\eHorglass\2.Firmware\eHorglass\EWARM\eHorglass\List\eHorglass.map
#        --config E:\eHorglass\2.Firmware\eHorglass\EWARM/stm32f103xb_flash.icf
#        --semihosting --entry __iar_program_start --vfe --text_out locale
#        --cpu=Cortex-M3 --fpu=None)
#
###############################################################################

*******************************************************************************
*** RUNTIME MODEL ATTRIBUTES
***

CppFlavor       = *
__CPP_Runtime   = 1
__SystemLibrary = DLib
__dlib_version  = 6


*******************************************************************************
*** HEAP SELECTION
***

The basic heap was selected because --advanced_heap
was not specified and the application did not appear to
be primarily optimized for speed.


*******************************************************************************
*** PLACEMENT SUMMARY
***

"A0":  place at address 0x800'0000 { ro section .intvec };
"P1":  place in [from 0x800'0000 to 0x801'f7ff] { ro };
define block CSTACK with size = 1K, alignment = 8 { };
define block HEAP with size = 1K, alignment = 8 { };
"P2":  place in [from 0x2000'0000 to 0x2000'4fff] {
          rw, block CSTACK, block HEAP };
initialize by copy { rw };

  Section            Kind         Address    Size  Object
  -------            ----         -------    ----  ------
"A0":                                        0xec
  .intvec            ro code   0x800'0000    0xec  startup_stm32f103xb.o [1]
                             - 0x800'00ec    0xec

"P1":                                      0x7466
  .text              ro code   0x800'00ec  0x144e  stm32f1xx_hal_i2c.o [8]
  .text              ro code   0x800'153a    0x7e  lz77_init_single.o [14]
  .text              ro code   0x800'15b8    0xac  i2c.o [2]
  .text              ro code   0x800'1664   0x4be  stm32f1xx_hal_rcc.o [8]
  .text              ro code   0x800'1b24     0xc  stm32f1xx_hal.o [8]
  .text              ro code   0x800'1b30     0x2  stm32f1xx_hal_i2c.o [8]
  .text              ro code   0x800'1b32     0x2  stm32f1xx_hal_i2c.o [8]
  .text              ro code   0x800'1b34     0x2  stm32f1xx_hal_i2c.o [8]
  .text              ro code   0x800'1b36     0x2  stm32f1xx_hal_i2c.o [8]
  .text              ro code   0x800'1b38     0x2  stm32f1xx_hal_i2c.o [8]
  .text              ro code   0x800'1b3a     0x2  stm32f1xx_hal_i2c.o [8]
  .text              ro code   0x800'1b3c    0xbe  stm32f1xx_hal_dma.o [8]
  .text              ro code   0x800'1bfa     0x2  stm32f1xx_hal_i2c.o [8]
  .text              ro code   0x800'1bfc     0x2  stm32f1xx_hal_i2c.o [8]
  .text              ro code   0x800'1bfe     0x2  stm32f1xx_hal_i2c.o [8]
  .text              ro code   0x800'1c00     0x2  stm32f1xx_hal_i2c.o [8]
  .text              ro code   0x800'1c04   0x248  main.o [2]
  .text              ro code   0x800'1e4c    0x14  memset.o [14]
  .text              ro code   0x800'1e60   0x1d8  stm32f1xx_hal_gpio.o [8]
  .text              ro code   0x800'2038    0xc4  stm32f1xx_hal_cortex.o [8]
  .text              ro code   0x800'20fc    0x40  stm32f1xx_hal.o [8]
  .text              ro code   0x800'213c    0x24  stm32f1xx_hal.o [8]
  .text              ro code   0x800'2160    0xc6  gpio.o [2]
  .text              ro code   0x800'2228   0x12c  spi.o [2]
  .text              ro code   0x800'2354    0xac  usart.o [2]
  .text              ro code   0x800'2400    0x54  usb_device.o [3]
  .text              ro code   0x800'2454   0x214  MPU6050.o [7]
  .text              ro code   0x800'2668    0x28  stm32f1xx_hal.o [8]
  .text              ro code   0x800'2690   0x1b6  MAX7219.o [6]
  .text              ro code   0x800'2846     0x4  time_trampoline.o [12]
  .text              ro code   0x800'284c    0xa4  rand.o [12]
  .text              ro code   0x800'28f0   0x380  SandMove.o [9]
  .text              ro code   0x800'2c70     0x6  ABImemclr4.o [14]
  .text              ro code   0x800'2c78    0xe8  stm32f1xx_hal_rcc_ex.o [8]
  .text              ro code   0x800'2d60    0x66  ABImemset.o [14]
  .text              ro code   0x800'2dc8    0x44  stm32f1xx_hal_msp.o [2]
  .text              ro code   0x800'2e0c   0x448  stm32f1xx_hal_spi.o [8]
  .text              ro code   0x800'3254   0x100  stm32f1xx_hal_uart.o [8]
  .text              ro code   0x800'3354   0x27c  usbd_core.o [11]
  .text              ro code   0x800'35d0   0x29c  usbd_cdc.o [11]
  .text              ro code   0x800'386c    0x24  S32ToFlt.o [13]
  .text              ro code   0x800'3890   0x118  FltDiv.o [13]
  .text              ro code   0x800'39a8    0x48  FltToDbl.o [13]
  .text              ro code   0x800'39f0   0x11a  atan2_64.o [13]
  .text              ro code   0x800'3b0c    0x68  DblToFlt.o [13]
  .text              ro code   0x800'3b74   0x1aa  DblMul.o [13]
  .text              ro code   0x800'3d20   0x246  DblDiv.o [13]
  .text              ro code   0x800'3f68   0x24e  DblAddSub.o [13]
  .text              ro code   0x800'41b8   0x16e  FltAddSub.o [13]
  .text              ro code   0x800'4328    0x28  FltCmpGe.o [13]
  .text              ro code   0x800'4350    0x14  time64.o [15]
  .text              ro code   0x800'4364    0x18  ABImemcpy_small.o [14]
  .text              ro code   0x800'437c    0x32  ABImemset48.o [14]
  .text              ro code   0x800'43ae     0x2  stm32f1xx_hal_spi.o [8]
  .text              ro code   0x800'43b0   0x1f6  usbd_conf.o [4]
  .text              ro code   0x800'45a8   0x45e  usbd_ctlreq.o [11]
  .text              ro code   0x800'4a06    0x60  usbd_ioreq.o [11]
  .text              ro code   0x800'4a68   0x200  iar_Atan64.o [13]
  .text              ro code   0x800'4c68   0xa9a  stm32f1xx_hal_pcd.o [8]
  .text              ro code   0x800'5702    0x34  stm32f1xx_hal_pcd_ex.o [8]
  .text              ro code   0x800'5738   0x9c0  stm32f1xx_ll_usb.o [8]
  .rodata            const     0x800'60f8  0x1000  SandMove.o [9]
  .text              ro code   0x800'70f8   0x100  usbd_desc.o [3]
  .text              ro code   0x800'71f8    0x44  usbd_cdc_if.o [3]
  .rodata            const     0x800'7240    0x40  iar_Atan64.o [13]
  .text              ro code   0x800'7280    0x3c  stm32f1xx_it.o [2]
  .text              ro code   0x800'72bc    0x10  stm32f1xx_hal.o [8]
  .text              ro code   0x800'72cc    0x38  zero_init3.o [14]
  .text              ro code   0x800'7304    0x28  data_init.o [14]
  .iar.init_table    const     0x800'732c    0x20  - Linker created -
  .text              ro code   0x800'734c    0x1e  cmain.o [14]
  .text              ro code   0x800'736a     0x4  low_level_init.o [12]
  .text              ro code   0x800'736e     0x4  exit.o [12]
  .text              ro code   0x800'7374     0xa  cexit.o [14]
  .text              ro code   0x800'7380    0x14  exit.o [15]
  .text              ro code   0x800'7394    0x1c  cstartup_M.o [14]
  .text              ro code   0x800'73b0    0x14  system_stm32f1xx.o [5]
  .text              ro code   0x800'73c4    0x10  startup_stm32f103xb.o [1]
  .rodata            const     0x800'73d4     0x8  system_stm32f1xx.o [5]
  .text              ro code   0x800'73dc     0x4  startup_stm32f103xb.o [1]
  .text              ro code   0x800'73e0     0x4  startup_stm32f103xb.o [1]
  .text              ro code   0x800'73e4     0x4  startup_stm32f103xb.o [1]
  .text              ro code   0x800'73e8     0x4  startup_stm32f103xb.o [1]
  .text              ro code   0x800'73ec     0x4  startup_stm32f103xb.o [1]
  .text              ro code   0x800'73f0     0x4  startup_stm32f103xb.o [1]
  .text              ro code   0x800'73f4     0x4  startup_stm32f103xb.o [1]
  .text              ro code   0x800'73f8     0x4  startup_stm32f103xb.o [1]
  .text              ro code   0x800'73fc     0x4  startup_stm32f103xb.o [1]
  .text              ro code   0x800'7400     0x4  startup_stm32f103xb.o [1]
  .text              ro code   0x800'7404     0x4  startup_stm32f103xb.o [1]
  .text              ro code   0x800'7408     0x4  startup_stm32f103xb.o [1]
  .text              ro code   0x800'740c     0x4  startup_stm32f103xb.o [1]
  .text              ro code   0x800'7410     0x4  startup_stm32f103xb.o [1]
  .text              ro code   0x800'7414     0x4  startup_stm32f103xb.o [1]
  .text              ro code   0x800'7418     0x4  startup_stm32f103xb.o [1]
  .text              ro code   0x800'741c     0x4  startup_stm32f103xb.o [1]
  .text              ro code   0x800'7420     0x4  startup_stm32f103xb.o [1]
  .text              ro code   0x800'7424     0x4  startup_stm32f103xb.o [1]
  .text              ro code   0x800'7428     0x4  startup_stm32f103xb.o [1]
  .text              ro code   0x800'742c     0x4  startup_stm32f103xb.o [1]
  .text              ro code   0x800'7430     0x4  startup_stm32f103xb.o [1]
  .text              ro code   0x800'7434     0x4  startup_stm32f103xb.o [1]
  .text              ro code   0x800'7438     0x4  startup_stm32f103xb.o [1]
  .text              ro code   0x800'743c     0x4  startup_stm32f103xb.o [1]
  .text              ro code   0x800'7440     0x4  startup_stm32f103xb.o [1]
  .text              ro code   0x800'7444     0x4  startup_stm32f103xb.o [1]
  .text              ro code   0x800'7448     0x4  startup_stm32f103xb.o [1]
  .text              ro code   0x800'744c     0x4  startup_stm32f103xb.o [1]
  .text              ro code   0x800'7450     0x4  startup_stm32f103xb.o [1]
  .text              ro code   0x800'7454     0x4  startup_stm32f103xb.o [1]
  .text              ro code   0x800'7458     0x4  startup_stm32f103xb.o [1]
  .text              ro code   0x800'745c     0x4  startup_stm32f103xb.o [1]
  .text              ro code   0x800'7460     0x4  startup_stm32f103xb.o [1]
  .text              ro code   0x800'7464     0x4  startup_stm32f103xb.o [1]
  .text              ro code   0x800'7468     0x4  startup_stm32f103xb.o [1]
  .text              ro code   0x800'746c     0x4  startup_stm32f103xb.o [1]
  .text              ro code   0x800'7470     0x4  startup_stm32f103xb.o [1]
  .text              ro code   0x800'7474     0x4  startup_stm32f103xb.o [1]
  .rodata            const     0x800'7478     0x0  zero_init3.o [14]
  .rodata            const     0x800'7478     0x0  lz77_init_single.o [14]
  Initializer bytes  const     0x800'7478    0xda  <for P2-1>
                             - 0x800'7552  0x7466

"P2", part 1 of 3:                          0x21c
  P2-1                        0x2000'0000   0x21c  <Init block>
    .data            inited   0x2000'0000    0x94  main.o [2]
    .data            inited   0x2000'0094     0xc  stm32f1xx_hal.o [8]
    .data            inited   0x2000'00a0     0x4  system_stm32f1xx.o [5]
    .data            inited   0x2000'00a4     0xc  usbd_cdc.o [11]
    .data            inited   0x2000'00b0    0x38  usbd_cdc.o [11]
    .data            inited   0x2000'00e8    0x44  usbd_cdc.o [11]
    .data            inited   0x2000'012c    0x44  usbd_cdc.o [11]
    .data            inited   0x2000'0170    0x44  usbd_cdc.o [11]
    .data            inited   0x2000'01b4    0x10  usbd_cdc_if.o [3]
    .data            inited   0x2000'01c4    0x1c  usbd_desc.o [3]
    .data            inited   0x2000'01e0    0x14  usbd_desc.o [3]
    .data            inited   0x2000'01f4     0x4  usbd_desc.o [3]
    .data            inited   0x2000'01f8    0x1c  usbd_desc.o [3]
    .data            inited   0x2000'0214     0x8  rand.o [12]
                            - 0x2000'021c   0x21c

"P2", part 2 of 3:                         0x13a8
  .bss               zero     0x2000'021c   0x800  usbd_cdc_if.o [3]
  .bss               zero     0x2000'0a1c   0x2f0  usbd_conf.o [4]
  .bss               zero     0x2000'0d0c   0x2c4  usb_device.o [3]
  .bss               zero     0x2000'0fd0   0x220  usbd_conf.o [4]
  .bss               zero     0x2000'11f0   0x200  usbd_desc.o [3]
  .bss               zero     0x2000'13f0    0x84  rand.o [12]
  .bss               zero     0x2000'1474    0x58  spi.o [2]
  .bss               zero     0x2000'14cc    0x58  spi.o [2]
  .bss               zero     0x2000'1524    0x54  i2c.o [2]
  .bss               zero     0x2000'1578    0x48  usart.o [2]
  .bss               zero     0x2000'15c0     0x1  usbd_ctlreq.o [11]
                            - 0x2000'15c1  0x13a5

"P2", part 3 of 3:                          0x400
  CSTACK                      0x2000'15c8   0x400  <Block>
    CSTACK           uninit   0x2000'15c8   0x400  <Block tail>
                            - 0x2000'19c8   0x400

Unused ranges:

         From           To      Size
         ----           --      ----
   0x800'7552   0x801'f7ff  0x1'82ae
  0x2000'15c4  0x2000'15c7       0x4
  0x2000'19c8  0x2000'4fff    0x3638


*******************************************************************************
*** INIT TABLE
***

          Address      Size
          -------      ----
Zero (__iar_zero_init3)
    1 destination range, total size 0x13a5:
          0x2000'021c  0x13a5

Copy/lz77 (__iar_lz77_init_single3)
    1 source range, total size 0xda (40% of destination):
           0x800'7478    0xda
    1 destination range, total size 0x21c:
          0x2000'0000   0x21c



*******************************************************************************
*** MODULE SUMMARY
***

    Module                  ro code  ro data  rw data
    ------                  -------  -------  -------
command line/config:
    -------------------------------------------------
    Total:

E:\eHorglass\2.Firmware\eHorglass\EWARM\eHorglass\Obj\Application\EWARM: [1]
    startup_stm32f103xb.o       408
    -------------------------------------------------
    Total:                      408

E:\eHorglass\2.Firmware\eHorglass\EWARM\eHorglass\Obj\Application\User\Core: [2]
    gpio.o                      198
    i2c.o                       172                84
    main.o                      584       59      148
    spi.o                       300               176
    stm32f1xx_hal_msp.o          68
    stm32f1xx_it.o               60
    usart.o                     172                72
    -------------------------------------------------
    Total:                    1'554       59      480

E:\eHorglass\2.Firmware\eHorglass\EWARM\eHorglass\Obj\Application\User\USB_DEVICE\App: [3]
    usb_device.o                 84               708
    usbd_cdc_if.o                68        6    2'064
    usbd_desc.o                 256       32      592
    -------------------------------------------------
    Total:                      408       38    3'364

E:\eHorglass\2.Firmware\eHorglass\EWARM\eHorglass\Obj\Application\User\USB_DEVICE\Target: [4]
    usbd_conf.o                 502             1'296
    -------------------------------------------------
    Total:                      502             1'296

E:\eHorglass\2.Firmware\eHorglass\EWARM\eHorglass\Obj\Drivers\CMSIS: [5]
    system_stm32f1xx.o           20       10        4
    -------------------------------------------------
    Total:                       20       10        4

E:\eHorglass\2.Firmware\eHorglass\EWARM\eHorglass\Obj\Drivers\MAX7219: [6]
    MAX7219.o                   438
    -------------------------------------------------
    Total:                      438

E:\eHorglass\2.Firmware\eHorglass\EWARM\eHorglass\Obj\Drivers\MPU6050: [7]
    MPU6050.o                   532
    -------------------------------------------------
    Total:                      532

E:\eHorglass\2.Firmware\eHorglass\EWARM\eHorglass\Obj\Drivers\STM32F1xx_HAL_Driver: [8]
    stm32f1xx_hal.o             168        5       12
    stm32f1xx_hal_cortex.o      196
    stm32f1xx_hal_dma.o         190
    stm32f1xx_hal_gpio.o        472
    stm32f1xx_hal_i2c.o       5'218
    stm32f1xx_hal_pcd.o       2'714
    stm32f1xx_hal_pcd_ex.o       52
    stm32f1xx_hal_rcc.o       1'214
    stm32f1xx_hal_rcc_ex.o      232
    stm32f1xx_hal_spi.o       1'098
    stm32f1xx_hal_uart.o        256
    stm32f1xx_ll_usb.o        2'496
    -------------------------------------------------
    Total:                   14'306        5       12

E:\eHorglass\2.Firmware\eHorglass\EWARM\eHorglass\Obj\Drivers\SandMove: [9]
    SandMove.o                  896    4'096
    -------------------------------------------------
    Total:                      896    4'096

E:\eHorglass\2.Firmware\eHorglass\EWARM\eHorglass\Obj\Drivers\common: [10]
    -------------------------------------------------
    Total:

E:\eHorglass\2.Firmware\eHorglass\EWARM\eHorglass\Obj\Middlewares\USB_Device_Library: [11]
    usbd_cdc.o                  668      110      272
    usbd_core.o                 636
    usbd_ctlreq.o             1'118                 1
    usbd_ioreq.o                 96
    -------------------------------------------------
    Total:                    2'518      110      273

dl7M_tlf.a: [12]
    exit.o                        4
    low_level_init.o              4
    rand.o                      164        4      140
    time_trampoline.o             4
    -------------------------------------------------
    Total:                      176        4      140

m7M_tl.a: [13]
    DblAddSub.o                 590
    DblDiv.o                    582
    DblMul.o                    426
    DblToFlt.o                  104
    FltAddSub.o                 366
    FltCmpGe.o                   40
    FltDiv.o                    280
    FltToDbl.o                   72
    S32ToFlt.o                   36
    atan2_64.o                  282
    iar_Atan64.o                512       64
    -------------------------------------------------
    Total:                    3'290       64

rt7M_tl.a: [14]
    ABImemclr4.o                  6
    ABImemcpy_small.o            24
    ABImemset.o                 102
    ABImemset48.o                50
    cexit.o                      10
    cmain.o                      30
    cstartup_M.o                 28
    data_init.o                  40
    lz77_init_single.o          126
    memset.o                     20
    zero_init3.o                 56
    -------------------------------------------------
    Total:                      492

shb_l.a: [15]
    exit.o                       20
    time64.o                     20
    -------------------------------------------------
    Total:                       40

    Gaps                         32        4
    Linker created                        32    1'024
-----------------------------------------------------
    Grand Total:             25'612    4'422    6'593


*******************************************************************************
*** ENTRY LIST
***

Entry                       Address   Size  Type      Object
-----                       -------   ----  ----      ------
.iar.init_table$$Base    0x800'732c          --   Gb  - Linker created -
.iar.init_table$$Limit   0x800'734c          --   Gb  - Linker created -
?main                    0x800'734d         Code  Gb  cmain.o [14]
ADC1_2_IRQHandler        0x800'7425         Code  Wk  startup_stm32f103xb.o [1]
AHBPrescTable            0x800'73b4   0x10  Data  Gb  system_stm32f1xx.o [5]
APBPrescTable            0x800'73d4    0x8  Data  Gb  system_stm32f1xx.o [5]
BusFault_Handler         0x800'7287    0x2  Code  Gb  stm32f1xx_it.o [2]
CAN1_RX1_IRQHandler      0x800'742d         Code  Wk  startup_stm32f103xb.o [1]
CAN1_SCE_IRQHandler      0x800'7431         Code  Wk  startup_stm32f103xb.o [1]
CDC_Control_FS           0x800'721b    0x4  Code  Lc  usbd_cdc_if.o [3]
CDC_DeInit_FS            0x800'7217    0x4  Code  Lc  usbd_cdc_if.o [3]
CDC_Init_FS              0x800'71f9   0x1e  Code  Lc  usbd_cdc_if.o [3]
CDC_Receive_FS           0x800'721f   0x16  Code  Lc  usbd_cdc_if.o [3]
CSTACK$$Base            0x2000'15c8          --   Gb  - Linker created -
CSTACK$$Limit           0x2000'19c8          --   Gb  - Linker created -
DMA1_Channel1_IRQHandler
                         0x800'7409         Code  Wk  startup_stm32f103xb.o [1]
DMA1_Channel2_IRQHandler
                         0x800'740d         Code  Wk  startup_stm32f103xb.o [1]
DMA1_Channel3_IRQHandler
                         0x800'7411         Code  Wk  startup_stm32f103xb.o [1]
DMA1_Channel4_IRQHandler
                         0x800'7415         Code  Wk  startup_stm32f103xb.o [1]
DMA1_Channel5_IRQHandler
                         0x800'7419         Code  Wk  startup_stm32f103xb.o [1]
DMA1_Channel6_IRQHandler
                         0x800'741d         Code  Wk  startup_stm32f103xb.o [1]
DMA1_Channel7_IRQHandler
                         0x800'7421         Code  Wk  startup_stm32f103xb.o [1]
DataInRange              0x800'2635   0x32  Code  Gb  MPU6050.o [7]
DebugMon_Handler         0x800'728d    0x2  Code  Gb  stm32f1xx_it.o [2]
EXTI0_IRQHandler         0x800'73f5         Code  Wk  startup_stm32f103xb.o [1]
EXTI15_10_IRQHandler     0x800'746d         Code  Wk  startup_stm32f103xb.o [1]
EXTI1_IRQHandler         0x800'73f9         Code  Wk  startup_stm32f103xb.o [1]
EXTI2_IRQHandler         0x800'73fd         Code  Wk  startup_stm32f103xb.o [1]
EXTI3_IRQHandler         0x800'7401         Code  Wk  startup_stm32f103xb.o [1]
EXTI4_IRQHandler         0x800'7405         Code  Wk  startup_stm32f103xb.o [1]
EXTI9_5_IRQHandler       0x800'7435         Code  Wk  startup_stm32f103xb.o [1]
Error_Handler            0x800'1e49    0x4  Code  Gb  main.o [2]
FLASH_IRQHandler         0x800'73ed         Code  Wk  startup_stm32f103xb.o [1]
FS_Desc                 0x2000'01c4   0x1c  Data  Gb  usbd_desc.o [3]
HAL_DMA_Abort_IT         0x800'1b3d   0x9a  Code  Gb  stm32f1xx_hal_dma.o [8]
HAL_DMA_GetState         0x800'1bf5    0x6  Code  Gb  stm32f1xx_hal_dma.o [8]
HAL_Delay                0x800'2669   0x28  Code  Wk  stm32f1xx_hal.o [8]
HAL_GPIO_Init            0x800'1e61  0x19c  Code  Gb  stm32f1xx_hal_gpio.o [8]
HAL_GPIO_WritePin        0x800'1ffd    0x8  Code  Gb  stm32f1xx_hal_gpio.o [8]
HAL_GetTick              0x800'1b25    0xc  Code  Wk  stm32f1xx_hal.o [8]
HAL_I2C_AbortCpltCallback
                         0x800'1c01    0x2  Code  Wk  stm32f1xx_hal_i2c.o [8]
HAL_I2C_AddrCallback     0x800'1b3b    0x2  Code  Wk  stm32f1xx_hal_i2c.o [8]
HAL_I2C_EV_IRQHandler    0x800'06a7  0x6d6  Code  Gb  stm32f1xx_hal_i2c.o [8]
HAL_I2C_ErrorCallback    0x800'1b35    0x2  Code  Wk  stm32f1xx_hal_i2c.o [8]
HAL_I2C_Init             0x800'00ed  0x12e  Code  Gb  stm32f1xx_hal_i2c.o [8]
HAL_I2C_ListenCpltCallback
                         0x800'1bfd    0x2  Code  Wk  stm32f1xx_hal_i2c.o [8]
HAL_I2C_MasterRxCpltCallback
                         0x800'1b39    0x2  Code  Wk  stm32f1xx_hal_i2c.o [8]
HAL_I2C_MasterTxCpltCallback
                         0x800'1b33    0x2  Code  Wk  stm32f1xx_hal_i2c.o [8]
HAL_I2C_MemRxCpltCallback
                         0x800'1b37    0x2  Code  Wk  stm32f1xx_hal_i2c.o [8]
HAL_I2C_MemTxCpltCallback
                         0x800'1b31    0x2  Code  Wk  stm32f1xx_hal_i2c.o [8]
HAL_I2C_Mem_Read         0x800'03d1  0x1b2  Code  Gb  stm32f1xx_hal_i2c.o [8]
HAL_I2C_Mem_Write        0x800'0291   0xe2  Code  Gb  stm32f1xx_hal_i2c.o [8]
HAL_I2C_MspInit          0x800'15e9   0x66  Code  Gb  i2c.o [2]
HAL_I2C_SlaveRxCpltCallback
                         0x800'1bfb    0x2  Code  Wk  stm32f1xx_hal_i2c.o [8]
HAL_I2C_SlaveTxCpltCallback
                         0x800'1bff    0x2  Code  Wk  stm32f1xx_hal_i2c.o [8]
HAL_IncTick              0x800'72bd   0x10  Code  Wk  stm32f1xx_hal.o [8]
HAL_Init                 0x800'213d   0x20  Code  Gb  stm32f1xx_hal.o [8]
HAL_InitTick             0x800'20fd   0x40  Code  Wk  stm32f1xx_hal.o [8]
HAL_MspInit              0x800'2dc9   0x44  Code  Gb  stm32f1xx_hal_msp.o [2]
HAL_NVIC_EnableIRQ       0x800'20a7   0x16  Code  Gb  stm32f1xx_hal_cortex.o [8]
HAL_NVIC_SetPriority     0x800'206d   0x3a  Code  Gb  stm32f1xx_hal_cortex.o [8]
HAL_NVIC_SetPriorityGrouping
                         0x800'2053   0x1a  Code  Gb  stm32f1xx_hal_cortex.o [8]
HAL_PCDEx_PMAConfig      0x800'5703   0x34  Code  Gb  stm32f1xx_hal_pcd_ex.o [8]
HAL_PCDEx_SetConnectionState
                         0x800'4593    0x2  Code  Gb  usbd_conf.o [4]
HAL_PCD_DataInStageCallback
                         0x800'4405   0x12  Code  Gb  usbd_conf.o [4]
HAL_PCD_DataOutStageCallback
                         0x800'43f1   0x14  Code  Gb  usbd_conf.o [4]
HAL_PCD_EP_Close         0x800'55b3   0x1c  Code  Gb  stm32f1xx_hal_pcd.o [8]
HAL_PCD_EP_ClrStall      0x800'56a7   0x2e  Code  Gb  stm32f1xx_hal_pcd.o [8]
HAL_PCD_EP_GetRxCount    0x800'55ff   0x10  Code  Gb  stm32f1xx_hal_pcd.o [8]
HAL_PCD_EP_Open          0x800'5563   0x50  Code  Gb  stm32f1xx_hal_pcd.o [8]
HAL_PCD_EP_Receive       0x800'55db   0x24  Code  Gb  stm32f1xx_hal_pcd.o [8]
HAL_PCD_EP_SetStall      0x800'5641   0x66  Code  Gb  stm32f1xx_hal_pcd.o [8]
HAL_PCD_EP_Transmit      0x800'560f   0x28  Code  Gb  stm32f1xx_hal_pcd.o [8]
HAL_PCD_IRQHandler       0x800'4d4d  0x674  Code  Gb  stm32f1xx_hal_pcd.o [8]
HAL_PCD_Init             0x800'4c69   0xaa  Code  Gb  stm32f1xx_hal_pcd.o [8]
HAL_PCD_MspInit          0x800'43b1   0x34  Code  Gb  usbd_conf.o [4]
HAL_PCD_ResetCallback    0x800'441f   0x24  Code  Gb  usbd_conf.o [4]
HAL_PCD_ResumeCallback   0x800'445f    0x8  Code  Gb  usbd_conf.o [4]
HAL_PCD_SOFCallback      0x800'4417    0x8  Code  Gb  usbd_conf.o [4]
HAL_PCD_SetAddress       0x800'5547   0x1c  Code  Gb  stm32f1xx_hal_pcd.o [8]
HAL_PCD_SetupStageCallback
                         0x800'43e5    0xc  Code  Gb  usbd_conf.o [4]
HAL_PCD_Start            0x800'4d2b   0x1a  Code  Gb  stm32f1xx_hal_pcd.o [8]
HAL_PCD_SuspendCallback
                         0x800'4443   0x1c  Code  Gb  usbd_conf.o [4]
HAL_RCCEx_PeriphCLKConfig
                         0x800'2c79   0xda  Code  Gb  stm32f1xx_hal_rcc_ex.o [8]
HAL_RCC_ClockConfig      0x800'1979   0xf4  Code  Gb  stm32f1xx_hal_rcc.o [8]
HAL_RCC_GetPCLK1Freq     0x800'1abb   0x10  Code  Gb  stm32f1xx_hal_rcc.o [8]
HAL_RCC_GetPCLK2Freq     0x800'1acb    0xe  Code  Gb  stm32f1xx_hal_rcc.o [8]
HAL_RCC_GetSysClockFreq
                         0x800'1a81   0x3a  Code  Gb  stm32f1xx_hal_rcc.o [8]
HAL_RCC_GetSysClockFreq::aPLLMULFactorTable
                         0x800'1b10   0x10  Data  Lc  stm32f1xx_hal_rcc.o [8]
HAL_RCC_GetSysClockFreq::aPredivFactorTable
                         0x800'1b20    0x2  Data  Lc  stm32f1xx_hal_rcc.o [8]
HAL_RCC_OscConfig        0x800'1665  0x30c  Code  Gb  stm32f1xx_hal_rcc.o [8]
HAL_SPI_ErrorCallback    0x800'43af    0x2  Code  Wk  stm32f1xx_hal_spi.o [8]
HAL_SPI_IRQHandler       0x800'3057   0xec  Code  Gb  stm32f1xx_hal_spi.o [8]
HAL_SPI_Init             0x800'2e0d   0xaa  Code  Gb  stm32f1xx_hal_spi.o [8]
HAL_SPI_MspInit          0x800'2283   0x9e  Code  Gb  spi.o [2]
HAL_SPI_Transmit         0x800'2eb7  0x142  Code  Gb  stm32f1xx_hal_spi.o [8]
HAL_SYSTICK_Config       0x800'20bd   0x22  Code  Gb  stm32f1xx_hal_cortex.o [8]
HAL_UART_Init            0x800'3255   0x1e  Code  Gb  stm32f1xx_hal_uart.o [8]
HAL_UART_MspInit         0x800'2383   0x6e  Code  Gb  usart.o [2]
HardFault_Handler        0x800'7283    0x2  Code  Gb  stm32f1xx_it.o [2]
I2C1_ER_IRQHandler       0x800'7455         Code  Wk  startup_stm32f103xb.o [1]
I2C1_EV_IRQHandler       0x800'729b    0x6  Code  Gb  stm32f1xx_it.o [2]
I2C2_ER_IRQHandler       0x800'745d         Code  Wk  startup_stm32f103xb.o [1]
I2C2_EV_IRQHandler       0x800'7459         Code  Wk  startup_stm32f103xb.o [1]
I2C_DMAAbort             0x800'1201   0xce  Code  Lc  stm32f1xx_hal_i2c.o [8]
I2C_Flush_DR             0x800'0227    0xe  Code  Lc  stm32f1xx_hal_i2c.o [8]
I2C_ITError              0x800'0f49   0xf2  Code  Lc  stm32f1xx_hal_i2c.o [8]
I2C_IsAcknowledgeFailed
                         0x800'1509   0x32  Code  Lc  stm32f1xx_hal_i2c.o [8]
I2C_MemoryTransmit_TXE_BTF
                         0x800'0e8d   0xbc  Code  Lc  stm32f1xx_hal_i2c.o [8]
I2C_RequestMemoryRead    0x800'1119   0xb6  Code  Lc  stm32f1xx_hal_i2c.o [8]
I2C_RequestMemoryWrite   0x800'107b   0x8c  Code  Lc  stm32f1xx_hal_i2c.o [8]
I2C_WaitOnBTFFlagUntilTimeout
                         0x800'1455   0x44  Code  Lc  stm32f1xx_hal_i2c.o [8]
I2C_WaitOnFlagUntilTimeout
                         0x800'12d9   0x68  Code  Lc  stm32f1xx_hal_i2c.o [8]
I2C_WaitOnMasterAddressFlagUntilTimeout
                         0x800'1341   0x9a  Code  Lc  stm32f1xx_hal_i2c.o [8]
I2C_WaitOnRXNEFlagUntilTimeout
                         0x800'14b3   0x56  Code  Lc  stm32f1xx_hal_i2c.o [8]
I2C_WaitOnTXEFlagUntilTimeout
                         0x800'1411   0x44  Code  Lc  stm32f1xx_hal_i2c.o [8]
IntToUnicode             0x800'7189   0x26  Code  Lc  usbd_desc.o [3]
MPU6050ReadAcc           0x800'24d9   0x34  Code  Gb  MPU6050.o [7]
MPU6050_GetDirection     0x800'2519   0xe2  Code  Gb  MPU6050.o [7]
MPU6050_Init             0x800'248d   0x4a  Code  Gb  MPU6050.o [7]
MPU6050_ReadData         0x800'2475   0x18  Code  Gb  MPU6050.o [7]
MPU6050_WriteReg         0x800'2455   0x20  Code  Gb  MPU6050.o [7]
MX_GPIO_Init             0x800'2161   0xa4  Code  Gb  gpio.o [2]
MX_I2C1_Init             0x800'15b9   0x30  Code  Gb  i2c.o [2]
MX_SPI1_Init             0x800'2229   0x18  Code  Gb  spi.o [2]
MX_SPI2_Init             0x800'2241   0x18  Code  Gb  spi.o [2]
MX_USART1_UART_Init      0x800'2355   0x2e  Code  Gb  usart.o [2]
MX_USB_DEVICE_Init       0x800'2401   0x54  Code  Gb  usb_device.o [3]
Max7219_Display          0x800'27f1   0x46  Code  Gb  MAX7219.o [6]
Max7219_DisplayNromal    0x800'2837    0x6  Code  Gb  MAX7219.o [6]
Max7219_Init             0x800'26c9   0x50  Code  Gb  MAX7219.o [6]
Max7219_RotateData       0x800'2741   0xb0  Code  Gb  MAX7219.o [6]
Max7219_TurnOffAll       0x800'2719   0x1c  Code  Gb  MAX7219.o [6]
Max7219_WriteReg         0x800'2691   0x38  Code  Gb  MAX7219.o [6]
MemManage_Handler        0x800'7285    0x2  Code  Gb  stm32f1xx_it.o [2]
NMI_Handler              0x800'7281    0x2  Code  Gb  stm32f1xx_it.o [2]
PVD_IRQHandler           0x800'73e1         Code  Wk  startup_stm32f103xb.o [1]
PendSV_Handler           0x800'728f    0x2  Code  Gb  stm32f1xx_it.o [2]
RCC_IRQHandler           0x800'73f1         Code  Wk  startup_stm32f103xb.o [1]
RTC_Alarm_IRQHandler     0x800'7471         Code  Wk  startup_stm32f103xb.o [1]
RTC_IRQHandler           0x800'73e9         Code  Wk  startup_stm32f103xb.o [1]
Region$$Table$$Base      0x800'732c          --   Gb  - Linker created -
Region$$Table$$Limit     0x800'734c          --   Gb  - Linker created -
Reset_Handler            0x800'73c5         Code  Wk  startup_stm32f103xb.o [1]
SPI1_IRQHandler          0x800'72a1    0x6  Code  Gb  stm32f1xx_it.o [2]
SPI2_IRQHandler          0x800'72a7    0x6  Code  Gb  stm32f1xx_it.o [2]
SPI_DMAAbortOnError      0x800'3145    0xe  Code  Lc  stm32f1xx_hal_spi.o [8]
SPI_EndRxTxTransaction   0x800'322d   0x18  Code  Lc  stm32f1xx_hal_spi.o [8]
SPI_WaitFlagStateUntilTimeout
                         0x800'316d   0xb4  Code  Lc  stm32f1xx_hal_spi.o [8]
SVC_Handler              0x800'728b    0x2  Code  Gb  stm32f1xx_it.o [2]
Sand_GetDownLed          0x800'2a2b    0xc  Code  Gb  SandMove.o [9]
Sand_GetLoopCoord        0x800'28f1   0xa8  Code  Gb  SandMove.o [9]
Sand_GetTarget           0x800'299d   0x82  Code  Gb  SandMove.o [9]
Sand_GetUpLed            0x800'2a1f    0xc  Code  Gb  SandMove.o [9]
Sand_IsDownVertex        0x800'2a37   0x22  Code  Gb  SandMove.o [9]
Sand_MoveToTarget        0x800'2ae5   0x74  Code  Gb  SandMove.o [9]
Sand_TargetIsEmpty       0x800'2a59   0x8c  Code  Gb  SandMove.o [9]
Sand_UpdateScreen        0x800'2b59   0xcc  Code  Gb  SandMove.o [9]
SysTick_Handler          0x800'7291    0x4  Code  Gb  stm32f1xx_it.o [2]
SystemClock_Config       0x800'1dc5   0x84  Code  Gb  main.o [2]
SystemCoreClock         0x2000'00a0    0x4  Data  Gb  system_stm32f1xx.o [5]
SystemInit               0x800'73b1    0x2  Code  Gb  system_stm32f1xx.o [5]
TAMPER_IRQHandler        0x800'73e5         Code  Wk  startup_stm32f103xb.o [1]
TIM1_BRK_IRQHandler      0x800'7439         Code  Wk  startup_stm32f103xb.o [1]
TIM1_CC_IRQHandler       0x800'7445         Code  Wk  startup_stm32f103xb.o [1]
TIM1_TRG_COM_IRQHandler
                         0x800'7441         Code  Wk  startup_stm32f103xb.o [1]
TIM1_UP_IRQHandler       0x800'743d         Code  Wk  startup_stm32f103xb.o [1]
TIM2_IRQHandler          0x800'7449         Code  Wk  startup_stm32f103xb.o [1]
TIM3_IRQHandler          0x800'744d         Code  Wk  startup_stm32f103xb.o [1]
TIM4_IRQHandler          0x800'7451         Code  Wk  startup_stm32f103xb.o [1]
UART_SetConfig           0x800'32d3   0x78  Code  Lc  stm32f1xx_hal_uart.o [8]
USART1_IRQHandler        0x800'7461         Code  Wk  startup_stm32f103xb.o [1]
USART2_IRQHandler        0x800'7465         Code  Wk  startup_stm32f103xb.o [1]
USART3_IRQHandler        0x800'7469         Code  Wk  startup_stm32f103xb.o [1]
USBD_CDC                0x2000'00b0   0x38  Data  Gb  usbd_cdc.o [11]
USBD_CDC_CfgFSDesc      0x2000'012c   0x44  Data  Gb  usbd_cdc.o [11]
USBD_CDC_CfgHSDesc      0x2000'00e8   0x44  Data  Gb  usbd_cdc.o [11]
USBD_CDC_DataIn          0x800'3751   0x4a  Code  Lc  usbd_cdc.o [11]
USBD_CDC_DataOut         0x800'379b   0x2a  Code  Lc  usbd_cdc.o [11]
USBD_CDC_DeInit          0x800'3665   0x44  Code  Lc  usbd_cdc.o [11]
USBD_CDC_DeviceQualifierDesc
                        0x2000'00a4    0xc  Data  Lc  usbd_cdc.o [11]
USBD_CDC_EP0_RxReady     0x800'37c5   0x26  Code  Lc  usbd_cdc.o [11]
USBD_CDC_GetDeviceQualifierDescriptor
                         0x800'3803    0x8  Code  Gb  usbd_cdc.o [11]
USBD_CDC_GetFSCfgDesc    0x800'37eb    0x8  Code  Lc  usbd_cdc.o [11]
USBD_CDC_GetHSCfgDesc    0x800'37f3    0x8  Code  Lc  usbd_cdc.o [11]
USBD_CDC_GetOtherSpeedCfgDesc
                         0x800'37fb    0x8  Code  Lc  usbd_cdc.o [11]
USBD_CDC_Init            0x800'35d1   0x8a  Code  Lc  usbd_cdc.o [11]
USBD_CDC_OtherSpeedCfgDesc
                        0x2000'0170   0x44  Data  Gb  usbd_cdc.o [11]
USBD_CDC_ReceivePacket   0x800'3847   0x26  Code  Gb  usbd_cdc.o [11]
USBD_CDC_RegisterInterface
                         0x800'381d    0xe  Code  Gb  usbd_cdc.o [11]
USBD_CDC_SetRxBuffer     0x800'383b    0xc  Code  Gb  usbd_cdc.o [11]
USBD_CDC_SetTxBuffer     0x800'382b   0x10  Code  Gb  usbd_cdc.o [11]
USBD_CDC_Setup           0x800'36a9   0xa8  Code  Lc  usbd_cdc.o [11]
USBD_ClrClassConfig      0x800'33ab    0xa  Code  Gb  usbd_core.o [11]
USBD_CtlContinueRx       0x800'4a3b    0x4  Code  Gb  usbd_ioreq.o [11]
USBD_CtlContinueSendData
                         0x800'4a17    0x4  Code  Gb  usbd_ioreq.o [11]
USBD_CtlError            0x800'49ab   0x16  Code  Gb  usbd_ctlreq.o [11]
USBD_CtlPrepareRx        0x800'4a27   0x14  Code  Gb  usbd_ioreq.o [11]
USBD_CtlReceiveStatus    0x800'4a59    0xe  Code  Gb  usbd_ioreq.o [11]
USBD_CtlSendData         0x800'4a07   0x10  Code  Gb  usbd_ioreq.o [11]
USBD_CtlSendStatus       0x800'4a4b    0xe  Code  Gb  usbd_ioreq.o [11]
USBD_FS_ConfigStrDescriptor
                         0x800'7155    0xc  Code  Gb  usbd_desc.o [3]
USBD_FS_DeviceDesc      0x2000'01e0   0x14  Data  Gb  usbd_desc.o [3]
USBD_FS_DeviceDescriptor
                         0x800'70f9    0x8  Code  Gb  usbd_desc.o [3]
USBD_FS_InterfaceStrDescriptor
                         0x800'717d    0xc  Code  Gb  usbd_desc.o [3]
USBD_FS_LangIDStrDescriptor
                         0x800'7101    0x8  Code  Gb  usbd_desc.o [3]
USBD_FS_ManufacturerStrDescriptor
                         0x800'7115    0xa  Code  Gb  usbd_desc.o [3]
USBD_FS_ProductStrDescriptor
                         0x800'7109    0xc  Code  Gb  usbd_desc.o [3]
USBD_FS_SerialStrDescriptor
                         0x800'7129   0x2c  Code  Gb  usbd_desc.o [3]
USBD_GetString           0x800'49c1   0x46  Code  Gb  usbd_ctlreq.o [11]
USBD_Get_USB_Status      0x800'4595   0x12  Code  Lc  usbd_conf.o [4]
USBD_Init                0x800'3355   0x26  Code  Gb  usbd_core.o [11]
USBD_Interface_fops_FS  0x2000'01b4   0x10  Data  Gb  usbd_cdc_if.o [3]
USBD_LL_ClearStallEP     0x800'451f    0xc  Code  Gb  usbd_conf.o [4]
USBD_LL_CloseEP          0x800'4507    0xc  Code  Gb  usbd_conf.o [4]
USBD_LL_DataInStage      0x800'348b   0xae  Code  Gb  usbd_core.o [11]
USBD_LL_DataOutStage     0x800'3409   0x7a  Code  Gb  usbd_core.o [11]
USBD_LL_GetRxDataSize    0x800'456d    0x8  Code  Gb  usbd_conf.o [4]
USBD_LL_Init             0x800'4467   0x7a  Code  Gb  usbd_conf.o [4]
USBD_LL_IsStallEP        0x800'452b   0x1e  Code  Gb  usbd_conf.o [4]
USBD_LL_OpenEP           0x800'44f1   0x16  Code  Gb  usbd_conf.o [4]
USBD_LL_PrepareReceive   0x800'4561    0xc  Code  Gb  usbd_conf.o [4]
USBD_LL_Reset            0x800'3539   0x52  Code  Gb  usbd_core.o [11]
USBD_LL_Resume           0x800'35a1   0x12  Code  Gb  usbd_core.o [11]
USBD_LL_SOF              0x800'35b3   0x18  Code  Gb  usbd_core.o [11]
USBD_LL_SetSpeed         0x800'358b    0x6  Code  Gb  usbd_core.o [11]
USBD_LL_SetUSBAddress    0x800'4549    0xc  Code  Gb  usbd_conf.o [4]
USBD_LL_SetupStage       0x800'33b5   0x54  Code  Gb  usbd_core.o [11]
USBD_LL_StallEP          0x800'4513    0xc  Code  Gb  usbd_conf.o [4]
USBD_LL_Start            0x800'44e1    0xa  Code  Gb  usbd_conf.o [4]
USBD_LL_Suspend          0x800'3591   0x10  Code  Gb  usbd_core.o [11]
USBD_LL_Transmit         0x800'4555    0xc  Code  Gb  usbd_conf.o [4]
USBD_LangIDDesc         0x2000'01f4    0x4  Data  Gb  usbd_desc.o [3]
USBD_ParseSetupRequest   0x800'4983   0x28  Code  Gb  usbd_ctlreq.o [11]
USBD_RegisterClass       0x800'337b   0x10  Code  Gb  usbd_core.o [11]
USBD_SetClassConfig      0x800'3395   0x16  Code  Gb  usbd_core.o [11]
USBD_SetConfig::cfgidx  0x2000'15c0    0x1  Data  Lc  usbd_ctlreq.o [11]
USBD_Start               0x800'338b    0xa  Code  Gb  usbd_core.o [11]
USBD_StdDevReq           0x800'45a9  0x268  Code  Gb  usbd_ctlreq.o [11]
USBD_StdEPReq            0x800'4861  0x11a  Code  Gb  usbd_ctlreq.o [11]
USBD_StdItfReq           0x800'4815   0x4c  Code  Gb  usbd_ctlreq.o [11]
USBD_StrDesc            0x2000'11f0  0x200  Data  Gb  usbd_desc.o [3]
USBD_StringSerial       0x2000'01f8   0x1c  Data  Gb  usbd_desc.o [3]
USBD_static_free         0x800'4591    0x2  Code  Gb  usbd_conf.o [4]
USBD_static_malloc       0x800'4575    0x4  Code  Gb  usbd_conf.o [4]
USBD_static_malloc::mem
                        0x2000'0fd0  0x220  Data  Lc  usbd_conf.o [4]
USBWakeUp_IRQHandler     0x800'7475         Code  Wk  startup_stm32f103xb.o [1]
USB_ActivateEndpoint     0x800'5779  0x286  Code  Gb  stm32f1xx_ll_usb.o [8]
USB_CoreInit             0x800'5739    0x4  Code  Gb  stm32f1xx_ll_usb.o [8]
USB_DeactivateEndpoint   0x800'59ff  0x110  Code  Gb  stm32f1xx_ll_usb.o [8]
USB_DevConnect           0x800'6091    0x4  Code  Gb  stm32f1xx_ll_usb.o [8]
USB_DevDisconnect        0x800'6095    0x4  Code  Gb  stm32f1xx_ll_usb.o [8]
USB_DevInit              0x800'575d   0x14  Code  Gb  stm32f1xx_ll_usb.o [8]
USB_DisableGlobalInt     0x800'574d    0xc  Code  Gb  stm32f1xx_ll_usb.o [8]
USB_EP0_OutStart         0x800'609f    0x4  Code  Gb  stm32f1xx_ll_usb.o [8]
USB_EPClearStall         0x800'600b   0x7a  Code  Gb  stm32f1xx_ll_usb.o [8]
USB_EPSetStall           0x800'5fd9   0x32  Code  Gb  stm32f1xx_ll_usb.o [8]
USB_EPStartXfer          0x800'5b0f  0x442  Code  Gb  stm32f1xx_ll_usb.o [8]
USB_EnableGlobalInt      0x800'573d   0x10  Code  Gb  stm32f1xx_ll_usb.o [8]
USB_HP_CAN1_TX_IRQHandler
                         0x800'7429         Code  Wk  startup_stm32f103xb.o [1]
USB_LP_CAN1_RX0_IRQHandler
                         0x800'7295    0x6  Code  Gb  stm32f1xx_it.o [2]
USB_ReadInterrupts       0x800'6099    0x6  Code  Gb  stm32f1xx_ll_usb.o [8]
USB_ReadPMA              0x800'60d1   0x28  Code  Gb  stm32f1xx_ll_usb.o [8]
USB_SetCurrentMode       0x800'5759    0x4  Code  Gb  stm32f1xx_ll_usb.o [8]
USB_SetDevAddress        0x800'6085    0xc  Code  Gb  stm32f1xx_ll_usb.o [8]
USB_WritePMA             0x800'60ad   0x24  Code  Gb  stm32f1xx_ll_usb.o [8]
UsageFault_Handler       0x800'7289    0x2  Code  Gb  stm32f1xx_it.o [2]
UserRxBufferFS          0x2000'021c  0x400  Data  Gb  usbd_cdc_if.o [3]
UserTxBufferFS          0x2000'061c  0x400  Data  Gb  usbd_cdc_if.o [3]
WWDG_IRQHandler          0x800'73dd         Code  Wk  startup_stm32f103xb.o [1]
_Rand_idx               0x2000'1470    0x4  Data  Lc  rand.o [12]
_Rand_rv                0x2000'13f0   0x80  Data  Lc  rand.o [12]
_Randinit               0x2000'0214    0x1  Data  Gb  rand.o [12]
_Randseed               0x2000'0218    0x4  Data  Gb  rand.o [12]
__NVIC_SetPriority       0x800'2039   0x1a  Code  Lc  stm32f1xx_hal_cortex.o [8]
__aeabi_cfrcmple         0x800'4329         Code  Gb  FltCmpGe.o [13]
__aeabi_d2f              0x800'3b0d         Code  Gb  DblToFlt.o [13]
__aeabi_dadd             0x800'3f69         Code  Gb  DblAddSub.o [13]
__aeabi_ddiv             0x800'3d21         Code  Gb  DblDiv.o [13]
__aeabi_dmul             0x800'3b75         Code  Gb  DblMul.o [13]
__aeabi_f2d              0x800'39a9         Code  Gb  FltToDbl.o [13]
__aeabi_fadd             0x800'41b9         Code  Gb  FltAddSub.o [13]
__aeabi_fdiv             0x800'3891         Code  Gb  FltDiv.o [13]
__aeabi_fsub             0x800'4299         Code  Gb  FltAddSub.o [13]
__aeabi_i2f              0x800'386d         Code  Gb  S32ToFlt.o [13]
__aeabi_memclr4          0x800'2c71         Code  Gb  ABImemclr4.o [14]
__aeabi_memset           0x800'2d61         Code  Gb  ABImemset.o [14]
__cmain                  0x800'734d         Code  Gb  cmain.o [14]
__exit                   0x800'7381   0x14  Code  Gb  exit.o [15]
__iar_Atan64             0x800'4a69  0x200  Code  Gb  iar_Atan64.o [13]
__iar_Memset             0x800'2d61         Code  Gb  ABImemset.o [14]
__iar_Memset4_word       0x800'437d         Code  Gb  ABImemset48.o [14]
__iar_Memset8_word       0x800'437d         Code  Gb  ABImemset48.o [14]
__iar_Memset_word        0x800'2d69         Code  Gb  ABImemset.o [14]
__iar_atan2_64           0x800'39f1  0x10e  Code  Gb  atan2_64.o [13]
__iar_data_init3         0x800'7305   0x28  Code  Gb  data_init.o [14]
__iar_lz77_init_single3
                         0x800'153b   0x7e  Code  Gb  lz77_init_single.o [14]
__iar_program_start      0x800'7395         Code  Gb  cstartup_M.o [14]
__iar_small_Memcpy       0x800'4369         Code  Gb  ABImemcpy_small.o [14]
__iar_small_memcpy       0x800'4365         Code  Gb  ABImemcpy_small.o [14]
__iar_small_memcpy4      0x800'4365         Code  Gb  ABImemcpy_small.o [14]
__iar_small_memcpy8      0x800'4365         Code  Gb  ABImemcpy_small.o [14]
__iar_zero_init3         0x800'72cd   0x38  Code  Gb  zero_init3.o [14]
__low_level_init         0x800'736b    0x4  Code  Gb  low_level_init.o [12]
__time64                 0x800'4351   0x14  Code  Gb  time64.o [15]
__vector_table           0x800'0000         Data  Gb  startup_stm32f103xb.o [1]
_call_main               0x800'7359         Code  Gb  cmain.o [14]
_exit                    0x800'7375         Code  Gb  cexit.o [14]
a                        0x800'7240   0x40  Data  Lc  iar_Atan64.o [13]
atan2                    0x800'39f1  0x10e  Code  Gb  atan2_64.o [13]
atan2l                   0x800'39f1  0x10e  Code  Gb  atan2_64.o [13]
exit                     0x800'736f    0x4  Code  Gb  exit.o [12]
gDirection              0x2000'0000    0x1  Data  Gb  main.o [2]
hUsbDeviceFS            0x2000'0d0c  0x2c4  Data  Gb  usb_device.o [3]
hi2c1                   0x2000'1524   0x54  Data  Gb  i2c.o [2]
hpcd_USB_FS             0x2000'0a1c  0x2f0  Data  Gb  usbd_conf.o [4]
hspi1                   0x2000'1474   0x58  Data  Gb  spi.o [2]
hspi2                   0x2000'14cc   0x58  Data  Gb  spi.o [2]
huart1                  0x2000'1578   0x48  Data  Gb  usart.o [2]
ledScreen1              0x2000'0004   0x40  Data  Gb  main.o [2]
ledScreen2              0x2000'0044   0x40  Data  Gb  main.o [2]
ledScreenData1          0x2000'0084    0x8  Data  Gb  main.o [2]
ledScreenData2          0x2000'008c    0x8  Data  Gb  main.o [2]
main                     0x800'1c05  0x192  Code  Gb  main.o [2]
memset                   0x800'1e4d   0x14  Code  Gb  memset.o [14]
rand                     0x800'284d   0x8a  Code  Gb  rand.o [12]
sandNum                 0x2000'0001    0x1  Data  Gb  main.o [2]
srand                    0x800'28d7    0xa  Code  Gb  rand.o [12]
time                     0x800'2847    0x4  Code  Gb  time_trampoline.o [12]
uwTick                  0x2000'0098    0x4  Data  Gb  stm32f1xx_hal.o [8]
uwTickFreq              0x2000'0094    0x1  Data  Gb  stm32f1xx_hal.o [8]
uwTickPrio              0x2000'009c    0x4  Data  Gb  stm32f1xx_hal.o [8]


[1] = E:\eHorglass\2.Firmware\eHorglass\EWARM\eHorglass\Obj\Application\EWARM
[2] = E:\eHorglass\2.Firmware\eHorglass\EWARM\eHorglass\Obj\Application\User\Core
[3] = E:\eHorglass\2.Firmware\eHorglass\EWARM\eHorglass\Obj\Application\User\USB_DEVICE\App
[4] = E:\eHorglass\2.Firmware\eHorglass\EWARM\eHorglass\Obj\Application\User\USB_DEVICE\Target
[5] = E:\eHorglass\2.Firmware\eHorglass\EWARM\eHorglass\Obj\Drivers\CMSIS
[6] = E:\eHorglass\2.Firmware\eHorglass\EWARM\eHorglass\Obj\Drivers\MAX7219
[7] = E:\eHorglass\2.Firmware\eHorglass\EWARM\eHorglass\Obj\Drivers\MPU6050
[8] = E:\eHorglass\2.Firmware\eHorglass\EWARM\eHorglass\Obj\Drivers\STM32F1xx_HAL_Driver
[9] = E:\eHorglass\2.Firmware\eHorglass\EWARM\eHorglass\Obj\Drivers\SandMove
[10] = E:\eHorglass\2.Firmware\eHorglass\EWARM\eHorglass\Obj\Drivers\common
[11] = E:\eHorglass\2.Firmware\eHorglass\EWARM\eHorglass\Obj\Middlewares\USB_Device_Library
[12] = dl7M_tlf.a
[13] = m7M_tl.a
[14] = rt7M_tl.a
[15] = shb_l.a

  25'612 bytes of readonly  code memory
   4'422 bytes of readonly  data memory
   6'593 bytes of readwrite data memory

Errors: none
Warnings: none
