###############################################################################
#
# IAR ELF Linker V9.30.1.335/W64 for ARM                  05/Feb/2024  14:24:52
# Copyright 2007-2022 IAR Systems AB.
#
#    Output file  =
#        E:\eHorglass\2.Firmware\eHorglass\EWARM\eHorglass\Exe\eHorglass.out
#    Map file     =
#        E:\eHorglass\2.Firmware\eHorglass\EWARM\eHorglass\List\eHorglass.map
#    Command line =
#        -f
#        E:\eHorglass\2.Firmware\eHorglass\EWARM\eHorglass\Exe\eHorglass.out.rsp
#        (E:\eHorglass\2.Firmware\eHorglass\EWARM\eHorglass\Obj\Middlewares\FreeRTOS\cmsis_os.o
#        E:\eHorglass\2.Firmware\eHorglass\EWARM\eHorglass\Obj\Drivers\common\common.o
#        E:\eHorglass\2.Firmware\eHorglass\EWARM\eHorglass\Obj\Middlewares\FreeRTOS\croutine.o
#        E:\eHorglass\2.Firmware\eHorglass\EWARM\eHorglass\Obj\Middlewares\FreeRTOS\event_groups.o
#        E:\eHorglass\2.Firmware\eHorglass\EWARM\eHorglass\Obj\Application\User\Core\freertos.o
#        E:\eHorglass\2.Firmware\eHorglass\EWARM\eHorglass\Obj\Application\User\Core\gpio.o
#        E:\eHorglass\2.Firmware\eHorglass\EWARM\eHorglass\Obj\Middlewares\FreeRTOS\heap_4.o
#        E:\eHorglass\2.Firmware\eHorglass\EWARM\eHorglass\Obj\Application\User\Core\i2c.o
#        E:\eHorglass\2.Firmware\eHorglass\EWARM\eHorglass\Obj\Middlewares\FreeRTOS\list.o
#        E:\eHorglass\2.Firmware\eHorglass\EWARM\eHorglass\Obj\Application\User\Core\main.o
#        E:\eHorglass\2.Firmware\eHorglass\EWARM\eHorglass\Obj\Drivers\MAX7219\MAX7219.o
#        E:\eHorglass\2.Firmware\eHorglass\EWARM\eHorglass\Obj\Drivers\MPU6050\MPU6050.o
#        E:\eHorglass\2.Firmware\eHorglass\EWARM\eHorglass\Obj\Middlewares\FreeRTOS\port.o
#        E:\eHorglass\2.Firmware\eHorglass\EWARM\eHorglass\Obj\Middlewares\FreeRTOS\portasm.o
#        E:\eHorglass\2.Firmware\eHorglass\EWARM\eHorglass\Obj\Middlewares\FreeRTOS\queue.o
#        E:\eHorglass\2.Firmware\eHorglass\EWARM\eHorglass\Obj\Drivers\SandMove\SandMove.o
#        E:\eHorglass\2.Firmware\eHorglass\EWARM\eHorglass\Obj\Application\User\Core\spi.o
#        E:\eHorglass\2.Firmware\eHorglass\EWARM\eHorglass\Obj\Application\EWARM\startup_stm32f103xb.o
#        E:\eHorglass\2.Firmware\eHorglass\EWARM\eHorglass\Obj\Drivers\STM32F1xx_HAL_Driver\stm32f1xx_hal.o
#        E:\eHorglass\2.Firmware\eHorglass\EWARM\eHorglass\Obj\Drivers\STM32F1xx_HAL_Driver\stm32f1xx_hal_cortex.o
#        E:\eHorglass\2.Firmware\eHorglass\EWARM\eHorglass\Obj\Drivers\STM32F1xx_HAL_Driver\stm32f1xx_hal_dma.o
#        E:\eHorglass\2.Firmware\eHorglass\EWARM\eHorglass\Obj\Drivers\STM32F1xx_HAL_Driver\stm32f1xx_hal_exti.o
#        E:\eHorglass\2.Firmware\eHorglass\EWARM\eHorglass\Obj\Drivers\STM32F1xx_HAL_Driver\stm32f1xx_hal_flash.o
#        E:\eHorglass\2.Firmware\eHorglass\EWARM\eHorglass\Obj\Drivers\STM32F1xx_HAL_Driver\stm32f1xx_hal_flash_ex.o
#        E:\eHorglass\2.Firmware\eHorglass\EWARM\eHorglass\Obj\Drivers\STM32F1xx_HAL_Driver\stm32f1xx_hal_gpio.o
#        E:\eHorglass\2.Firmware\eHorglass\EWARM\eHorglass\Obj\Drivers\STM32F1xx_HAL_Driver\stm32f1xx_hal_gpio_ex.o
#        E:\eHorglass\2.Firmware\eHorglass\EWARM\eHorglass\Obj\Drivers\STM32F1xx_HAL_Driver\stm32f1xx_hal_i2c.o
#        E:\eHorglass\2.Firmware\eHorglass\EWARM\eHorglass\Obj\Application\User\Core\stm32f1xx_hal_msp.o
#        E:\eHorglass\2.Firmware\eHorglass\EWARM\eHorglass\Obj\Drivers\STM32F1xx_HAL_Driver\stm32f1xx_hal_pcd.o
#        E:\eHorglass\2.Firmware\eHorglass\EWARM\eHorglass\Obj\Drivers\STM32F1xx_HAL_Driver\stm32f1xx_hal_pcd_ex.o
#        E:\eHorglass\2.Firmware\eHorglass\EWARM\eHorglass\Obj\Drivers\STM32F1xx_HAL_Driver\stm32f1xx_hal_pwr.o
#        E:\eHorglass\2.Firmware\eHorglass\EWARM\eHorglass\Obj\Drivers\STM32F1xx_HAL_Driver\stm32f1xx_hal_rcc.o
#        E:\eHorglass\2.Firmware\eHorglass\EWARM\eHorglass\Obj\Drivers\STM32F1xx_HAL_Driver\stm32f1xx_hal_rcc_ex.o
#        E:\eHorglass\2.Firmware\eHorglass\EWARM\eHorglass\Obj\Drivers\STM32F1xx_HAL_Driver\stm32f1xx_hal_spi.o
#        E:\eHorglass\2.Firmware\eHorglass\EWARM\eHorglass\Obj\Drivers\STM32F1xx_HAL_Driver\stm32f1xx_hal_tim.o
#        E:\eHorglass\2.Firmware\eHorglass\EWARM\eHorglass\Obj\Drivers\STM32F1xx_HAL_Driver\stm32f1xx_hal_tim_ex.o
#        E:\eHorglass\2.Firmware\eHorglass\EWARM\eHorglass\Obj\Application\User\Core\stm32f1xx_hal_timebase_tim.o
#        E:\eHorglass\2.Firmware\eHorglass\EWARM\eHorglass\Obj\Drivers\STM32F1xx_HAL_Driver\stm32f1xx_hal_uart.o
#        E:\eHorglass\2.Firmware\eHorglass\EWARM\eHorglass\Obj\Application\User\Core\stm32f1xx_it.o
#        E:\eHorglass\2.Firmware\eHorglass\EWARM\eHorglass\Obj\Drivers\STM32F1xx_HAL_Driver\stm32f1xx_ll_usb.o
#        E:\eHorglass\2.Firmware\eHorglass\EWARM\eHorglass\Obj\Middlewares\FreeRTOS\stream_buffer.o
#        E:\eHorglass\2.Firmware\eHorglass\EWARM\eHorglass\Obj\Drivers\CMSIS\system_stm32f1xx.o
#        E:\eHorglass\2.Firmware\eHorglass\EWARM\eHorglass\Obj\Middlewares\FreeRTOS\tasks.o
#        E:\eHorglass\2.Firmware\eHorglass\EWARM\eHorglass\Obj\Middlewares\FreeRTOS\timers.o
#        E:\eHorglass\2.Firmware\eHorglass\EWARM\eHorglass\Obj\Application\User\Core\usart.o
#        E:\eHorglass\2.Firmware\eHorglass\EWARM\eHorglass\Obj\Application\User\USB_DEVICE\App\usb_device.o
#        E:\eHorglass\2.Firmware\eHorglass\EWARM\eHorglass\Obj\Middlewares\USB_Device_Library\usbd_cdc.o
#        E:\eHorglass\2.Firmware\eHorglass\EWARM\eHorglass\Obj\Application\User\USB_DEVICE\App\usbd_cdc_if.o
#        E:\eHorglass\2.Firmware\eHorglass\EWARM\eHorglass\Obj\Application\User\USB_DEVICE\Target\usbd_conf.o
#        E:\eHorglass\2.Firmware\eHorglass\EWARM\eHorglass\Obj\Middlewares\USB_Device_Library\usbd_core.o
#        E:\eHorglass\2.Firmware\eHorglass\EWARM\eHorglass\Obj\Middlewares\USB_Device_Library\usbd_ctlreq.o
#        E:\eHorglass\2.Firmware\eHorglass\EWARM\eHorglass\Obj\Application\User\USB_DEVICE\App\usbd_desc.o
#        E:\eHorglass\2.Firmware\eHorglass\EWARM\eHorglass\Obj\Middlewares\USB_Device_Library\usbd_ioreq.o
#        E:\eHorglass\2.Firmware\eHorglass\EWARM\eHorglass\Obj\Application\User\Core\write.o
#        --no_out_extension -o
#        E:\eHorglass\2.Firmware\eHorglass\EWARM\eHorglass\Exe\eHorglass.out
#        --redirect _Printf=_PrintfFullNoMb --redirect _Scanf=_ScanfFullNoMb
#        --map
#        E:\eHorglass\2.Firmware\eHorglass\EWARM\eHorglass\List\eHorglass.map
#        --config E:\eHorglass\2.Firmware\eHorglass\EWARM/stm32f103xb_flash.icf
#        --semihosting --entry __iar_program_start --vfe --text_out locale
#        --cpu=Cortex-M3 --fpu=None)
#
###############################################################################

*******************************************************************************
*** RUNTIME MODEL ATTRIBUTES
***

CppFlavor       = *
__CPP_Runtime   = 1
__SystemLibrary = DLib
__dlib_version  = 6


*******************************************************************************
*** HEAP SELECTION
***

The basic heap was selected because --advanced_heap
was not specified and the application did not appear to
be primarily optimized for speed.


*******************************************************************************
*** PLACEMENT SUMMARY
***

"A0":  place at address 0x800'0000 { ro section .intvec };
"P1":  place in [from 0x800'0000 to 0x801'ffff] { ro };
define block CSTACK with size = 4K, alignment = 8 { };
define block HEAP with size = 4K, alignment = 8 { };
"P2":  place in [from 0x2000'0000 to 0x2000'4fff] {
          rw, block CSTACK, block HEAP };
initialize by copy { rw };

  Section            Kind         Address    Size  Object
  -------            ----         -------    ----  ------
"A0":                                        0xec
  .intvec            ro code   0x800'0000    0xec  startup_stm32f103xb.o [1]
                             - 0x800'00ec    0xec

"P1":                                      0x774f
  .text              ro code   0x800'00ec  0x144e  stm32f1xx_hal_i2c.o [8]
  .text              ro code   0x800'153a    0x7e  lz77_init_single.o [15]
  .text              ro code   0x800'15b8    0xac  i2c.o [2]
  .text              ro code   0x800'1664   0x4f2  stm32f1xx_hal_rcc.o [8]
  .text              ro code   0x800'1b58     0xc  stm32f1xx_hal.o [8]
  .text              ro code   0x800'1b64     0x2  stm32f1xx_hal_i2c.o [8]
  .text              ro code   0x800'1b66     0x2  stm32f1xx_hal_i2c.o [8]
  .text              ro code   0x800'1b68     0x2  stm32f1xx_hal_i2c.o [8]
  .text              ro code   0x800'1b6a     0x2  stm32f1xx_hal_i2c.o [8]
  .text              ro code   0x800'1b6c     0x2  stm32f1xx_hal_i2c.o [8]
  .text              ro code   0x800'1b6e     0x2  stm32f1xx_hal_i2c.o [8]
  .text              ro code   0x800'1b70    0xbe  stm32f1xx_hal_dma.o [8]
  .text              ro code   0x800'1c2e     0x2  stm32f1xx_hal_i2c.o [8]
  .text              ro code   0x800'1c30     0x2  stm32f1xx_hal_i2c.o [8]
  .text              ro code   0x800'1c32     0x2  stm32f1xx_hal_i2c.o [8]
  .text              ro code   0x800'1c34     0x2  stm32f1xx_hal_i2c.o [8]
  .text              ro code   0x800'1c38    0xcc  main.o [2]
  .text              ro code   0x800'1d04    0x14  memset.o [15]
  .text              ro code   0x800'1d18   0x1d8  stm32f1xx_hal_gpio.o [8]
  .text              ro code   0x800'1ef0    0x98  stm32f1xx_hal_cortex.o [8]
  .text              ro code   0x800'1f88    0x9c  stm32f1xx_hal_timebase_tim.o [2]
  .text              ro code   0x800'2024    0x24  stm32f1xx_hal.o [8]
  .text              ro code   0x800'2048    0xb6  gpio.o [2]
  .text              ro code   0x800'2100   0x12c  spi.o [2]
  .text              ro code   0x800'222c    0xac  usart.o [2]
  .text              ro code   0x800'22d8   0x368  freertos.o [2]
  .text              ro code   0x800'2640   0x110  cmsis_os.o [11]
  .text              ro code   0x800'2750    0x28  stm32f1xx_hal.o [8]
  .text              ro code   0x800'2778     0x6  ABImemclr4.o [15]
  .text              ro code   0x800'2780    0xe8  stm32f1xx_hal_rcc_ex.o [8]
  .text              ro code   0x800'2868    0x10  stm32f1xx_hal.o [8]
  .text              ro code   0x800'2878    0x12  ABImemset_small.o [15]
  .text              ro code   0x800'288c   0x26c  stm32f1xx_hal_tim.o [8]
  .text              ro code   0x800'2af8    0x4c  stm32f1xx_hal_msp.o [2]
  .text              ro code   0x800'2b44   0x448  stm32f1xx_hal_spi.o [8]
  .text              ro code   0x800'2f8c   0x100  stm32f1xx_hal_uart.o [8]
  .text              ro code   0x800'308c    0x54  usb_device.o [3]
  .text              ro code   0x800'30e0   0x104  MPU6050.o [7]
  .text              ro code   0x800'31e4    0x24  S32ToFlt.o [14]
  .text              ro code   0x800'3208   0x118  FltDiv.o [14]
  .text              ro code   0x800'3320    0x48  FltToDbl.o [14]
  .text              ro code   0x800'3368   0x11a  atan2_64.o [14]
  .text              ro code   0x800'3484    0x68  DblToFlt.o [14]
  .text              ro code   0x800'34ec   0x1aa  DblMul.o [14]
  .text              ro code   0x800'3698   0x246  DblDiv.o [14]
  .text              ro code   0x800'38e0   0x24e  DblAddSub.o [14]
  .text              ro code   0x800'3b30    0xd0  common.o [10]
  .text              ro code   0x800'3c00   0x1b6  MAX7219.o [6]
  .text              ro code   0x800'3db8   0x208  SandMove.o [9]
  .text              ro code   0x800'3fc0   0x74c  tasks.o [11]
  .text              ro code   0x800'470c   0x3ec  queue.o [11]
  .text              ro code   0x800'4af8    0x32  ABImemset48.o [15]
  .text              ro code   0x800'4b2a     0x2  stm32f1xx_hal_tim.o [8]
  .text              ro code   0x800'4b2c     0x2  stm32f1xx_hal_tim.o [8]
  .text              ro code   0x800'4b2e     0x2  stm32f1xx_hal_tim.o [8]
  .text              ro code   0x800'4b30     0x2  stm32f1xx_hal_tim_ex.o [8]
  .text              ro code   0x800'4b32     0x2  stm32f1xx_hal_tim.o [8]
  .text              ro code   0x800'4b34     0x2  stm32f1xx_hal_tim_ex.o [8]
  .text              ro code   0x800'4b36     0x2  stm32f1xx_hal_tim.o [8]
  .text              ro code   0x800'4b38     0x2  stm32f1xx_hal_spi.o [8]
  .text              ro code   0x800'4b3a   0x27c  usbd_core.o [12]
  .text              ro code   0x800'4db8   0x29c  usbd_cdc.o [12]
  .text              ro code   0x800'5054   0x200  iar_Atan64.o [14]
  .text              ro code   0x800'5254   0x16e  FltAddSub.o [14]
  .text              ro code   0x800'53c4    0x28  FltCmpGe.o [14]
  .text              ro code   0x800'53ec    0x18  ABImemcpy_small.o [15]
  .text              ro code   0x800'5404   0x1a8  heap_4.o [11]
  .text              ro code   0x800'55ac    0x92  list.o [11]
  .text              ro code   0x800'5640   0x184  port.o [11]
  .text              ro code   0x800'57c4   0x1f6  usbd_conf.o [4]
  .text              ro code   0x800'59bc   0x45e  usbd_ctlreq.o [12]
  .text              ro code   0x800'5e1a    0x60  usbd_ioreq.o [12]
  .text              ro code   0x800'5e7c    0x28  port.o [11]
  CODE               ro code   0x800'5ea4    0x88  portasm.o [11]
  .text              ro code   0x800'5f2c   0xa9a  stm32f1xx_hal_pcd.o [8]
  .text              ro code   0x800'69c6    0x34  stm32f1xx_hal_pcd_ex.o [8]
  .text              ro code   0x800'69fc   0x9c0  stm32f1xx_ll_usb.o [8]
  .text              ro code   0x800'73bc   0x100  usbd_desc.o [3]
  .text              ro code   0x800'74bc    0x44  usbd_cdc_if.o [3]
  .text              ro code   0x800'7500    0x14  system_stm32f1xx.o [5]
  .rodata            const     0x800'7518    0x40  iar_Atan64.o [14]
  .text              ro code   0x800'7558    0x40  stm32f1xx_it.o [2]
  .text              ro code   0x800'7598    0x38  zero_init3.o [15]
  .text              ro code   0x800'75d0    0x28  data_init.o [15]
  .iar.init_table    const     0x800'75f8    0x20  - Linker created -
  .text              ro code   0x800'7618    0x1e  cmain.o [15]
  .text              ro code   0x800'7636     0x4  low_level_init.o [13]
  .text              ro code   0x800'763a     0x4  exit.o [13]
  .text              ro code   0x800'7640     0xa  cexit.o [15]
  .text              ro code   0x800'764c    0x14  exit.o [16]
  .text              ro code   0x800'7660    0x1c  cstartup_M.o [15]
  .rodata            const     0x800'767c    0x10  freertos.o [2]
  .text              ro code   0x800'768c    0x10  startup_stm32f103xb.o [1]
  .rodata            const     0x800'769c     0xc  freertos.o [2]
  .rodata            const     0x800'76a8     0xc  freertos.o [2]
  .rodata            const     0x800'76b4     0xc  freertos.o [2]
  .rodata            const     0x800'76c0     0x8  system_stm32f1xx.o [5]
  .text              ro code   0x800'76c8     0x4  startup_stm32f103xb.o [1]
  .text              ro code   0x800'76cc     0x4  startup_stm32f103xb.o [1]
  .text              ro code   0x800'76d0     0x4  startup_stm32f103xb.o [1]
  .text              ro code   0x800'76d4     0x4  startup_stm32f103xb.o [1]
  .text              ro code   0x800'76d8     0x4  startup_stm32f103xb.o [1]
  .text              ro code   0x800'76dc     0x4  startup_stm32f103xb.o [1]
  .text              ro code   0x800'76e0     0x4  startup_stm32f103xb.o [1]
  .text              ro code   0x800'76e4     0x4  startup_stm32f103xb.o [1]
  .text              ro code   0x800'76e8     0x4  startup_stm32f103xb.o [1]
  .text              ro code   0x800'76ec     0x4  startup_stm32f103xb.o [1]
  .text              ro code   0x800'76f0     0x4  startup_stm32f103xb.o [1]
  .text              ro code   0x800'76f4     0x4  startup_stm32f103xb.o [1]
  .text              ro code   0x800'76f8     0x4  startup_stm32f103xb.o [1]
  .text              ro code   0x800'76fc     0x4  startup_stm32f103xb.o [1]
  .text              ro code   0x800'7700     0x4  startup_stm32f103xb.o [1]
  .text              ro code   0x800'7704     0x4  startup_stm32f103xb.o [1]
  .text              ro code   0x800'7708     0x4  startup_stm32f103xb.o [1]
  .text              ro code   0x800'770c     0x4  startup_stm32f103xb.o [1]
  .text              ro code   0x800'7710     0x4  startup_stm32f103xb.o [1]
  .text              ro code   0x800'7714     0x4  startup_stm32f103xb.o [1]
  .text              ro code   0x800'7718     0x4  startup_stm32f103xb.o [1]
  .text              ro code   0x800'771c     0x4  startup_stm32f103xb.o [1]
  .text              ro code   0x800'7720     0x4  startup_stm32f103xb.o [1]
  .text              ro code   0x800'7724     0x4  startup_stm32f103xb.o [1]
  .text              ro code   0x800'7728     0x4  startup_stm32f103xb.o [1]
  .text              ro code   0x800'772c     0x4  startup_stm32f103xb.o [1]
  .text              ro code   0x800'7730     0x4  startup_stm32f103xb.o [1]
  .text              ro code   0x800'7734     0x4  startup_stm32f103xb.o [1]
  .text              ro code   0x800'7738     0x4  startup_stm32f103xb.o [1]
  .text              ro code   0x800'773c     0x4  startup_stm32f103xb.o [1]
  .text              ro code   0x800'7740     0x4  startup_stm32f103xb.o [1]
  .text              ro code   0x800'7744     0x4  startup_stm32f103xb.o [1]
  .text              ro code   0x800'7748     0x4  startup_stm32f103xb.o [1]
  .text              ro code   0x800'774c     0x4  startup_stm32f103xb.o [1]
  .text              ro code   0x800'7750     0x4  startup_stm32f103xb.o [1]
  .text              ro code   0x800'7754     0x4  startup_stm32f103xb.o [1]
  .text              ro code   0x800'7758     0x4  startup_stm32f103xb.o [1]
  .text              ro code   0x800'775c     0x4  startup_stm32f103xb.o [1]
  .rodata            const     0x800'7760     0x0  zero_init3.o [15]
  .rodata            const     0x800'7760     0x0  lz77_init_single.o [15]
  Initializer bytes  const     0x800'7760    0xdb  <for P2-1>
                             - 0x800'783b  0x774f

"P2", part 1 of 3:                          0x1e4
  P2-1                        0x2000'0000   0x1e4  <Init block>
    .data            inited   0x2000'0000    0x58  freertos.o [2]
    .data            inited   0x2000'0058     0xc  port.o [11]
    .data            inited   0x2000'0064     0xc  stm32f1xx_hal.o [8]
    .data            inited   0x2000'0070     0x4  system_stm32f1xx.o [5]
    .data            inited   0x2000'0074     0xc  usbd_cdc.o [12]
    .data            inited   0x2000'0080    0x38  usbd_cdc.o [12]
    .data            inited   0x2000'00b8    0x44  usbd_cdc.o [12]
    .data            inited   0x2000'00fc    0x44  usbd_cdc.o [12]
    .data            inited   0x2000'0140    0x44  usbd_cdc.o [12]
    .data            inited   0x2000'0184    0x10  usbd_cdc_if.o [3]
    .data            inited   0x2000'0194    0x1c  usbd_desc.o [3]
    .data            inited   0x2000'01b0    0x14  usbd_desc.o [3]
    .data            inited   0x2000'01c4     0x4  usbd_desc.o [3]
    .data            inited   0x2000'01c8    0x1c  usbd_desc.o [3]
                            - 0x2000'01e4   0x1e4

"P2", part 2 of 3:                         0x3750
  .bss               zero     0x2000'01e4  0x2018  heap_4.o [11]
  .bss               zero     0x2000'21fc   0x800  usbd_cdc_if.o [3]
  .bss               zero     0x2000'29fc   0x2f0  usbd_conf.o [4]
  .bss               zero     0x2000'2cec   0x2c4  usb_device.o [3]
  .bss               zero     0x2000'2fb0   0x254  freertos.o [2]
  .bss               zero     0x2000'3204   0x220  usbd_conf.o [4]
  .bss               zero     0x2000'3424   0x200  usbd_desc.o [3]
  .bss               zero     0x2000'3624    0x9c  tasks.o [11]
  .bss               zero     0x2000'36c0    0x8c  tasks.o [11]
  .bss               zero     0x2000'374c    0x58  spi.o [2]
  .bss               zero     0x2000'37a4    0x58  spi.o [2]
  .bss               zero     0x2000'37fc    0x54  i2c.o [2]
  .bss               zero     0x2000'3850    0x48  stm32f1xx_hal_timebase_tim.o [2]
  .bss               zero     0x2000'3898    0x48  usart.o [2]
  .bss               zero     0x2000'38e0    0x40  freertos.o [2]
  .bss               zero     0x2000'3920    0x10  freertos.o [2]
  .bss               zero     0x2000'3930     0x1  usbd_ctlreq.o [12]
                            - 0x2000'3931  0x374d

"P2", part 3 of 3:                         0x1000
  CSTACK                      0x2000'3938  0x1000  <Block>
    CSTACK           uninit   0x2000'3938  0x1000  <Block tail>
                            - 0x2000'4938  0x1000

Unused ranges:

         From           To      Size
         ----           --      ----
   0x800'783b   0x801'ffff  0x1'87c5
  0x2000'3934  0x2000'3937       0x4
  0x2000'4938  0x2000'4fff     0x6c8


*******************************************************************************
*** INIT TABLE
***

          Address      Size
          -------      ----
Zero (__iar_zero_init3)
    1 destination range, total size 0x374d:
          0x2000'01e4  0x374d

Copy/lz77 (__iar_lz77_init_single3)
    1 source range, total size 0xdb (45% of destination):
           0x800'7760    0xdb
    1 destination range, total size 0x1e4:
          0x2000'0000   0x1e4



*******************************************************************************
*** MODULE SUMMARY
***

    Module                        ro code  ro data  rw data
    ------                        -------  -------  -------
command line/config:
    -------------------------------------------------------
    Total:

E:\eHorglass\2.Firmware\eHorglass\EWARM\eHorglass\Obj\Application\EWARM: [1]
    startup_stm32f103xb.o             404
    -------------------------------------------------------
    Total:                            404

E:\eHorglass\2.Firmware\eHorglass\EWARM\eHorglass\Obj\Application\User\Core: [2]
    freertos.o                        872       91      764
    gpio.o                            182
    i2c.o                             172                84
    main.o                            204
    spi.o                             300               176
    stm32f1xx_hal_msp.o                76
    stm32f1xx_hal_timebase_tim.o      156                72
    stm32f1xx_it.o                     64
    usart.o                           172                72
    -------------------------------------------------------
    Total:                          2'198       91    1'168

E:\eHorglass\2.Firmware\eHorglass\EWARM\eHorglass\Obj\Application\User\USB_DEVICE\App: [3]
    usb_device.o                       84               708
    usbd_cdc_if.o                      68        7    2'064
    usbd_desc.o                       256       37      592
    -------------------------------------------------------
    Total:                            408       44    3'364

E:\eHorglass\2.Firmware\eHorglass\EWARM\eHorglass\Obj\Application\User\USB_DEVICE\Target: [4]
    usbd_conf.o                       502             1'296
    -------------------------------------------------------
    Total:                            502             1'296

E:\eHorglass\2.Firmware\eHorglass\EWARM\eHorglass\Obj\Drivers\CMSIS: [5]
    system_stm32f1xx.o                 20       10        4
    -------------------------------------------------------
    Total:                             20       10        4

E:\eHorglass\2.Firmware\eHorglass\EWARM\eHorglass\Obj\Drivers\MAX7219: [6]
    MAX7219.o                         438
    -------------------------------------------------------
    Total:                            438

E:\eHorglass\2.Firmware\eHorglass\EWARM\eHorglass\Obj\Drivers\MPU6050: [7]
    MPU6050.o                         260
    -------------------------------------------------------
    Total:                            260

E:\eHorglass\2.Firmware\eHorglass\EWARM\eHorglass\Obj\Drivers\STM32F1xx_HAL_Driver: [8]
    stm32f1xx_hal.o                   104        5       12
    stm32f1xx_hal_cortex.o            152
    stm32f1xx_hal_dma.o               190
    stm32f1xx_hal_gpio.o              472
    stm32f1xx_hal_i2c.o             5'218
    stm32f1xx_hal_pcd.o             2'714
    stm32f1xx_hal_pcd_ex.o             52
    stm32f1xx_hal_rcc.o             1'266
    stm32f1xx_hal_rcc_ex.o            232
    stm32f1xx_hal_spi.o             1'098
    stm32f1xx_hal_tim.o               630
    stm32f1xx_hal_tim_ex.o              4
    stm32f1xx_hal_uart.o              256
    stm32f1xx_ll_usb.o              2'496
    -------------------------------------------------------
    Total:                         14'884        5       12

E:\eHorglass\2.Firmware\eHorglass\EWARM\eHorglass\Obj\Drivers\SandMove: [9]
    SandMove.o                        520
    -------------------------------------------------------
    Total:                            520

E:\eHorglass\2.Firmware\eHorglass\EWARM\eHorglass\Obj\Drivers\common: [10]
    common.o                          208
    -------------------------------------------------------
    Total:                            208

E:\eHorglass\2.Firmware\eHorglass\EWARM\eHorglass\Obj\Middlewares\FreeRTOS: [11]
    cmsis_os.o                        272
    heap_4.o                          424             8'216
    list.o                            146
    port.o                            428        6       12
    portasm.o                         136
    queue.o                         1'004
    tasks.o                         1'868               296
    -------------------------------------------------------
    Total:                          4'278        6    8'524

E:\eHorglass\2.Firmware\eHorglass\EWARM\eHorglass\Obj\Middlewares\USB_Device_Library: [12]
    usbd_cdc.o                        668      123      272
    usbd_core.o                       636
    usbd_ctlreq.o                   1'118                 1
    usbd_ioreq.o                       96
    -------------------------------------------------------
    Total:                          2'518      123      273

dl7M_tlf.a: [13]
    exit.o                              4
    low_level_init.o                    4
    -------------------------------------------------------
    Total:                              8

m7M_tl.a: [14]
    DblAddSub.o                       590
    DblDiv.o                          582
    DblMul.o                          426
    DblToFlt.o                        104
    FltAddSub.o                       366
    FltCmpGe.o                         40
    FltDiv.o                          280
    FltToDbl.o                         72
    S32ToFlt.o                         36
    atan2_64.o                        282
    iar_Atan64.o                      512       64
    -------------------------------------------------------
    Total:                          3'290       64

rt7M_tl.a: [15]
    ABImemclr4.o                        6
    ABImemcpy_small.o                  24
    ABImemset48.o                      50
    ABImemset_small.o                  18
    cexit.o                            10
    cmain.o                            30
    cstartup_M.o                       28
    data_init.o                        40
    lz77_init_single.o                126
    memset.o                           20
    zero_init3.o                       56
    -------------------------------------------------------
    Total:                            408

shb_l.a: [16]
    exit.o                             20
    -------------------------------------------------------
    Total:                             20

    Gaps                               36        4
    Linker created                              32    4'096
-----------------------------------------------------------
    Grand Total:                   30'400      379   18'737


*******************************************************************************
*** ENTRY LIST
***

Entry                       Address    Size  Type      Object
-----                       -------    ----  ----      ------
.iar.init_table$$Base    0x800'75f8           --   Gb  - Linker created -
.iar.init_table$$Limit   0x800'7618           --   Gb  - Linker created -
?main                    0x800'7619          Code  Gb  cmain.o [15]
ADC1_2_IRQHandler        0x800'7711          Code  Wk  startup_stm32f103xb.o [1]
AHBPrescTable            0x800'7504    0x10  Data  Gb  system_stm32f1xx.o [5]
APBPrescTable            0x800'76c0     0x8  Data  Gb  system_stm32f1xx.o [5]
BinSem_RefreshHandle    0x2000'0054     0x4  Data  Gb  freertos.o [2]
BusFault_Handler         0x800'755f     0x2  Code  Gb  stm32f1xx_it.o [2]
CAN1_RX1_IRQHandler      0x800'7719          Code  Wk  startup_stm32f103xb.o [1]
CAN1_SCE_IRQHandler      0x800'771d          Code  Wk  startup_stm32f103xb.o [1]
CDC_Control_FS           0x800'74df     0x4  Code  Lc  usbd_cdc_if.o [3]
CDC_DeInit_FS            0x800'74db     0x4  Code  Lc  usbd_cdc_if.o [3]
CDC_Init_FS              0x800'74bd    0x1e  Code  Lc  usbd_cdc_if.o [3]
CDC_Receive_FS           0x800'74e3    0x16  Code  Lc  usbd_cdc_if.o [3]
CSTACK$$Base            0x2000'3938           --   Gb  - Linker created -
CSTACK$$Limit           0x2000'4938           --   Gb  - Linker created -
DMA1_Channel1_IRQHandler
                         0x800'76f5          Code  Wk  startup_stm32f103xb.o [1]
DMA1_Channel2_IRQHandler
                         0x800'76f9          Code  Wk  startup_stm32f103xb.o [1]
DMA1_Channel3_IRQHandler
                         0x800'76fd          Code  Wk  startup_stm32f103xb.o [1]
DMA1_Channel4_IRQHandler
                         0x800'7701          Code  Wk  startup_stm32f103xb.o [1]
DMA1_Channel5_IRQHandler
                         0x800'7705          Code  Wk  startup_stm32f103xb.o [1]
DMA1_Channel6_IRQHandler
                         0x800'7709          Code  Wk  startup_stm32f103xb.o [1]
DMA1_Channel7_IRQHandler
                         0x800'770d          Code  Wk  startup_stm32f103xb.o [1]
DataInRange              0x800'3b31    0x32  Code  Gb  common.o [10]
DebugMon_Handler         0x800'7563     0x2  Code  Gb  stm32f1xx_it.o [2]
EXTI0_IRQHandler         0x800'76e1          Code  Wk  startup_stm32f103xb.o [1]
EXTI15_10_IRQHandler     0x800'7755          Code  Wk  startup_stm32f103xb.o [1]
EXTI1_IRQHandler         0x800'76e5          Code  Wk  startup_stm32f103xb.o [1]
EXTI2_IRQHandler         0x800'76e9          Code  Wk  startup_stm32f103xb.o [1]
EXTI3_IRQHandler         0x800'76ed          Code  Wk  startup_stm32f103xb.o [1]
EXTI4_IRQHandler         0x800'76f1          Code  Wk  startup_stm32f103xb.o [1]
EXTI9_5_IRQHandler       0x800'7721          Code  Wk  startup_stm32f103xb.o [1]
Error_Handler            0x800'1d01     0x4  Code  Gb  main.o [2]
FLASH_IRQHandler         0x800'76d9          Code  Wk  startup_stm32f103xb.o [1]
FS_Desc                 0x2000'0194    0x1c  Data  Gb  usbd_desc.o [3]
GetDirection             0x800'3b63    0x7a  Code  Gb  common.o [10]
HAL_DMA_Abort_IT         0x800'1b71    0x9a  Code  Gb  stm32f1xx_hal_dma.o [8]
HAL_DMA_GetState         0x800'1c29     0x6  Code  Gb  stm32f1xx_hal_dma.o [8]
HAL_Delay                0x800'2751    0x28  Code  Wk  stm32f1xx_hal.o [8]
HAL_GPIO_Init            0x800'1d19   0x19c  Code  Gb  stm32f1xx_hal_gpio.o [8]
HAL_GPIO_WritePin        0x800'1eb5     0x8  Code  Gb  stm32f1xx_hal_gpio.o [8]
HAL_GetTick              0x800'1b59     0xc  Code  Wk  stm32f1xx_hal.o [8]
HAL_I2C_AbortCpltCallback
                         0x800'1c35     0x2  Code  Wk  stm32f1xx_hal_i2c.o [8]
HAL_I2C_AddrCallback     0x800'1b6f     0x2  Code  Wk  stm32f1xx_hal_i2c.o [8]
HAL_I2C_EV_IRQHandler    0x800'06a7   0x6d6  Code  Gb  stm32f1xx_hal_i2c.o [8]
HAL_I2C_ErrorCallback    0x800'1b69     0x2  Code  Wk  stm32f1xx_hal_i2c.o [8]
HAL_I2C_Init             0x800'00ed   0x12e  Code  Gb  stm32f1xx_hal_i2c.o [8]
HAL_I2C_ListenCpltCallback
                         0x800'1c31     0x2  Code  Wk  stm32f1xx_hal_i2c.o [8]
HAL_I2C_MasterRxCpltCallback
                         0x800'1b6d     0x2  Code  Wk  stm32f1xx_hal_i2c.o [8]
HAL_I2C_MasterTxCpltCallback
                         0x800'1b67     0x2  Code  Wk  stm32f1xx_hal_i2c.o [8]
HAL_I2C_MemRxCpltCallback
                         0x800'1b6b     0x2  Code  Wk  stm32f1xx_hal_i2c.o [8]
HAL_I2C_MemTxCpltCallback
                         0x800'1b65     0x2  Code  Wk  stm32f1xx_hal_i2c.o [8]
HAL_I2C_Mem_Read         0x800'03d1   0x1b2  Code  Gb  stm32f1xx_hal_i2c.o [8]
HAL_I2C_Mem_Write        0x800'0291    0xe2  Code  Gb  stm32f1xx_hal_i2c.o [8]
HAL_I2C_MspInit          0x800'15e9    0x66  Code  Gb  i2c.o [2]
HAL_I2C_SlaveRxCpltCallback
                         0x800'1c2f     0x2  Code  Wk  stm32f1xx_hal_i2c.o [8]
HAL_I2C_SlaveTxCpltCallback
                         0x800'1c33     0x2  Code  Wk  stm32f1xx_hal_i2c.o [8]
HAL_IncTick              0x800'2869    0x10  Code  Wk  stm32f1xx_hal.o [8]
HAL_Init                 0x800'2025    0x20  Code  Gb  stm32f1xx_hal.o [8]
HAL_InitTick             0x800'1f89    0x86  Code  Gb  stm32f1xx_hal_timebase_tim.o [2]
HAL_MspInit              0x800'2af9    0x4c  Code  Gb  stm32f1xx_hal_msp.o [2]
HAL_NVIC_EnableIRQ       0x800'1f5f    0x16  Code  Gb  stm32f1xx_hal_cortex.o [8]
HAL_NVIC_SetPriority     0x800'1f25    0x3a  Code  Gb  stm32f1xx_hal_cortex.o [8]
HAL_NVIC_SetPriorityGrouping
                         0x800'1f0b    0x1a  Code  Gb  stm32f1xx_hal_cortex.o [8]
HAL_PCDEx_PMAConfig      0x800'69c7    0x34  Code  Gb  stm32f1xx_hal_pcd_ex.o [8]
HAL_PCDEx_SetConnectionState
                         0x800'59a7     0x2  Code  Gb  usbd_conf.o [4]
HAL_PCD_DataInStageCallback
                         0x800'5819    0x12  Code  Gb  usbd_conf.o [4]
HAL_PCD_DataOutStageCallback
                         0x800'5805    0x14  Code  Gb  usbd_conf.o [4]
HAL_PCD_EP_Close         0x800'6877    0x1c  Code  Gb  stm32f1xx_hal_pcd.o [8]
HAL_PCD_EP_ClrStall      0x800'696b    0x2e  Code  Gb  stm32f1xx_hal_pcd.o [8]
HAL_PCD_EP_GetRxCount    0x800'68c3    0x10  Code  Gb  stm32f1xx_hal_pcd.o [8]
HAL_PCD_EP_Open          0x800'6827    0x50  Code  Gb  stm32f1xx_hal_pcd.o [8]
HAL_PCD_EP_Receive       0x800'689f    0x24  Code  Gb  stm32f1xx_hal_pcd.o [8]
HAL_PCD_EP_SetStall      0x800'6905    0x66  Code  Gb  stm32f1xx_hal_pcd.o [8]
HAL_PCD_EP_Transmit      0x800'68d3    0x28  Code  Gb  stm32f1xx_hal_pcd.o [8]
HAL_PCD_IRQHandler       0x800'6011   0x674  Code  Gb  stm32f1xx_hal_pcd.o [8]
HAL_PCD_Init             0x800'5f2d    0xaa  Code  Gb  stm32f1xx_hal_pcd.o [8]
HAL_PCD_MspInit          0x800'57c5    0x34  Code  Gb  usbd_conf.o [4]
HAL_PCD_ResetCallback    0x800'5833    0x24  Code  Gb  usbd_conf.o [4]
HAL_PCD_ResumeCallback   0x800'5873     0x8  Code  Gb  usbd_conf.o [4]
HAL_PCD_SOFCallback      0x800'582b     0x8  Code  Gb  usbd_conf.o [4]
HAL_PCD_SetAddress       0x800'680b    0x1c  Code  Gb  stm32f1xx_hal_pcd.o [8]
HAL_PCD_SetupStageCallback
                         0x800'57f9     0xc  Code  Gb  usbd_conf.o [4]
HAL_PCD_Start            0x800'5fef    0x1a  Code  Gb  stm32f1xx_hal_pcd.o [8]
HAL_PCD_SuspendCallback
                         0x800'5857    0x1c  Code  Gb  usbd_conf.o [4]
HAL_RCCEx_PeriphCLKConfig
                         0x800'2781    0xda  Code  Gb  stm32f1xx_hal_rcc_ex.o [8]
HAL_RCC_ClockConfig      0x800'1979    0xf4  Code  Gb  stm32f1xx_hal_rcc.o [8]
HAL_RCC_GetClockConfig   0x800'1adf    0x36  Code  Gb  stm32f1xx_hal_rcc.o [8]
HAL_RCC_GetPCLK1Freq     0x800'1abb    0x10  Code  Gb  stm32f1xx_hal_rcc.o [8]
HAL_RCC_GetPCLK2Freq     0x800'1acb     0xe  Code  Gb  stm32f1xx_hal_rcc.o [8]
HAL_RCC_GetSysClockFreq
                         0x800'1a81    0x3a  Code  Gb  stm32f1xx_hal_rcc.o [8]
HAL_RCC_GetSysClockFreq::aPLLMULFactorTable
                         0x800'1b44    0x10  Data  Lc  stm32f1xx_hal_rcc.o [8]
HAL_RCC_GetSysClockFreq::aPredivFactorTable
                         0x800'1b54     0x2  Data  Lc  stm32f1xx_hal_rcc.o [8]
HAL_RCC_OscConfig        0x800'1665   0x30c  Code  Gb  stm32f1xx_hal_rcc.o [8]
HAL_SPI_ErrorCallback    0x800'4b39     0x2  Code  Wk  stm32f1xx_hal_spi.o [8]
HAL_SPI_IRQHandler       0x800'2d8f    0xec  Code  Gb  stm32f1xx_hal_spi.o [8]
HAL_SPI_Init             0x800'2b45    0xaa  Code  Gb  stm32f1xx_hal_spi.o [8]
HAL_SPI_MspInit          0x800'215b    0x9e  Code  Gb  spi.o [2]
HAL_SPI_Transmit         0x800'2bef   0x142  Code  Gb  stm32f1xx_hal_spi.o [8]
HAL_TIMEx_BreakCallback
                         0x800'4b31     0x2  Code  Wk  stm32f1xx_hal_tim_ex.o [8]
HAL_TIMEx_CommutCallback
                         0x800'4b35     0x2  Code  Wk  stm32f1xx_hal_tim_ex.o [8]
HAL_TIM_Base_Init        0x800'288d    0x1a  Code  Gb  stm32f1xx_hal_tim.o [8]
HAL_TIM_Base_MspInit     0x800'4b2b     0x2  Code  Wk  stm32f1xx_hal_tim.o [8]
HAL_TIM_Base_Start_IT    0x800'28a7    0x56  Code  Gb  stm32f1xx_hal_tim.o [8]
HAL_TIM_IC_CaptureCallback
                         0x800'4b2d     0x2  Code  Wk  stm32f1xx_hal_tim.o [8]
HAL_TIM_IRQHandler       0x800'2939   0x142  Code  Gb  stm32f1xx_hal_tim.o [8]
HAL_TIM_OC_DelayElapsedCallback
                         0x800'4b2f     0x2  Code  Wk  stm32f1xx_hal_tim.o [8]
HAL_TIM_PWM_PulseFinishedCallback
                         0x800'4b37     0x2  Code  Wk  stm32f1xx_hal_tim.o [8]
HAL_TIM_PeriodElapsedCallback
                         0x800'1ced     0xe  Code  Gb  main.o [2]
HAL_TIM_TriggerCallback
                         0x800'4b33     0x2  Code  Wk  stm32f1xx_hal_tim.o [8]
HAL_UART_Init            0x800'2f8d    0x1e  Code  Gb  stm32f1xx_hal_uart.o [8]
HAL_UART_MspInit         0x800'225b    0x6e  Code  Gb  usart.o [2]
HardFault_Handler        0x800'755b     0x2  Code  Gb  stm32f1xx_it.o [2]
I2C1_ER_IRQHandler       0x800'773d          Code  Wk  startup_stm32f103xb.o [1]
I2C1_EV_IRQHandler       0x800'7571     0x6  Code  Gb  stm32f1xx_it.o [2]
I2C2_ER_IRQHandler       0x800'7745          Code  Wk  startup_stm32f103xb.o [1]
I2C2_EV_IRQHandler       0x800'7741          Code  Wk  startup_stm32f103xb.o [1]
I2C_DMAAbort             0x800'1201    0xce  Code  Lc  stm32f1xx_hal_i2c.o [8]
I2C_Flush_DR             0x800'0227     0xe  Code  Lc  stm32f1xx_hal_i2c.o [8]
I2C_ITError              0x800'0f49    0xf2  Code  Lc  stm32f1xx_hal_i2c.o [8]
I2C_IsAcknowledgeFailed
                         0x800'1509    0x32  Code  Lc  stm32f1xx_hal_i2c.o [8]
I2C_MemoryTransmit_TXE_BTF
                         0x800'0e8d    0xbc  Code  Lc  stm32f1xx_hal_i2c.o [8]
I2C_RequestMemoryRead    0x800'1119    0xb6  Code  Lc  stm32f1xx_hal_i2c.o [8]
I2C_RequestMemoryWrite   0x800'107b    0x8c  Code  Lc  stm32f1xx_hal_i2c.o [8]
I2C_WaitOnBTFFlagUntilTimeout
                         0x800'1455    0x44  Code  Lc  stm32f1xx_hal_i2c.o [8]
I2C_WaitOnFlagUntilTimeout
                         0x800'12d9    0x68  Code  Lc  stm32f1xx_hal_i2c.o [8]
I2C_WaitOnMasterAddressFlagUntilTimeout
                         0x800'1341    0x9a  Code  Lc  stm32f1xx_hal_i2c.o [8]
I2C_WaitOnRXNEFlagUntilTimeout
                         0x800'14b3    0x56  Code  Lc  stm32f1xx_hal_i2c.o [8]
I2C_WaitOnTXEFlagUntilTimeout
                         0x800'1411    0x44  Code  Lc  stm32f1xx_hal_i2c.o [8]
IntToUnicode             0x800'744d    0x26  Code  Lc  usbd_desc.o [3]
MPU6050ReadAcc           0x800'3165    0x34  Code  Gb  MPU6050.o [7]
MPU6050ReadGyro          0x800'3199    0x2a  Code  Gb  MPU6050.o [7]
MPU6050_Init             0x800'311b    0x4a  Code  Gb  MPU6050.o [7]
MPU6050_ReadData         0x800'3101    0x1a  Code  Gb  MPU6050.o [7]
MPU6050_WriteReg         0x800'30e1    0x20  Code  Gb  MPU6050.o [7]
MX_FREERTOS_Init         0x800'22e9    0x3e  Code  Gb  freertos.o [2]
MX_FREERTOS_Init::os_semaphore_def_BinSem_Refresh
                         0x800'25c8     0x8  Data  Lc  freertos.o [2]
MX_FREERTOS_Init::os_thread_def_taskDefault
                         0x800'25d0    0x1c  Data  Lc  freertos.o [2]
MX_FREERTOS_Init::os_thread_def_taskMPU6050
                         0x800'25ec    0x1c  Data  Lc  freertos.o [2]
MX_FREERTOS_Init::os_thread_def_taskShowFrame
                         0x800'2608    0x1c  Data  Lc  freertos.o [2]
MX_FREERTOS_Init::os_thread_def_taskUpdate
                         0x800'2624    0x1c  Data  Lc  freertos.o [2]
MX_GPIO_Init             0x800'2049    0x94  Code  Gb  gpio.o [2]
MX_I2C1_Init             0x800'15b9    0x30  Code  Gb  i2c.o [2]
MX_SPI1_Init             0x800'2101    0x18  Code  Gb  spi.o [2]
MX_SPI2_Init             0x800'2119    0x18  Code  Gb  spi.o [2]
MX_USART1_UART_Init      0x800'222d    0x2e  Code  Gb  usart.o [2]
MX_USB_DEVICE_Init       0x800'308d    0x54  Code  Gb  usb_device.o [3]
Max7219_Display          0x800'3d61    0x46  Code  Gb  MAX7219.o [6]
Max7219_DisplayNromal    0x800'3da7     0x6  Code  Gb  MAX7219.o [6]
Max7219_Init             0x800'3c39    0x50  Code  Gb  MAX7219.o [6]
Max7219_RotateData       0x800'3cb1    0xb0  Code  Gb  MAX7219.o [6]
Max7219_TurnOffAll       0x800'3c89    0x1c  Code  Gb  MAX7219.o [6]
Max7219_WriteReg         0x800'3c01    0x38  Code  Gb  MAX7219.o [6]
MemManage_Handler        0x800'755d     0x2  Code  Gb  stm32f1xx_it.o [2]
NMI_Handler              0x800'7559     0x2  Code  Gb  stm32f1xx_it.o [2]
PVD_IRQHandler           0x800'76cd          Code  Wk  startup_stm32f103xb.o [1]
PendSV_Handler           0x800'5ea5          Code  Gb  portasm.o [11]
RCC_IRQHandler           0x800'76dd          Code  Wk  startup_stm32f103xb.o [1]
RTC_Alarm_IRQHandler     0x800'7759          Code  Wk  startup_stm32f103xb.o [1]
RTC_IRQHandler           0x800'76d5          Code  Wk  startup_stm32f103xb.o [1]
Region$$Table$$Base      0x800'75f8           --   Gb  - Linker created -
Region$$Table$$Limit     0x800'7618           --   Gb  - Linker created -
Reset_Handler            0x800'768d          Code  Wk  startup_stm32f103xb.o [1]
SPI1_IRQHandler          0x800'7577     0x6  Code  Gb  stm32f1xx_it.o [2]
SPI2_IRQHandler          0x800'757d     0x6  Code  Gb  stm32f1xx_it.o [2]
SPI_DMAAbortOnError      0x800'2e7d     0xe  Code  Lc  stm32f1xx_hal_spi.o [8]
SPI_EndRxTxTransaction   0x800'2f65    0x18  Code  Lc  stm32f1xx_hal_spi.o [8]
SPI_WaitFlagStateUntilTimeout
                         0x800'2ea5    0xb4  Code  Lc  stm32f1xx_hal_spi.o [8]
SVC_Handler              0x800'5eeb          Code  Gb  portasm.o [11]
Sand_GetMajorTarget      0x800'3ea1    0x3a  Code  Gb  SandMove.o [9]
Sand_GetMinorTarget      0x800'3edb    0x18  Code  Gb  SandMove.o [9]
Sand_InfoInit            0x800'3db9    0x94  Code  Gb  SandMove.o [9]
Sand_Move                0x800'3ef3    0x34  Code  Gb  SandMove.o [9]
Sand_MoveToConnectDot    0x800'3f47    0x3a  Code  Gb  SandMove.o [9]
Sand_TargetIsConnectDot
                         0x800'3f27    0x20  Code  Gb  SandMove.o [9]
Sand_TargetIsEmpty       0x800'3e73    0x2c  Code  Gb  SandMove.o [9]
SysTick_Handler          0x800'5755    0x1c  Code  Gb  port.o [11]
SystemClock_Config       0x800'1c69    0x84  Code  Gb  main.o [2]
SystemCoreClock         0x2000'0070     0x4  Data  Gb  system_stm32f1xx.o [5]
SystemInit               0x800'7501     0x2  Code  Gb  system_stm32f1xx.o [5]
TAMPER_IRQHandler        0x800'76d1          Code  Wk  startup_stm32f103xb.o [1]
TIM1_BRK_IRQHandler      0x800'7725          Code  Wk  startup_stm32f103xb.o [1]
TIM1_CC_IRQHandler       0x800'7731          Code  Wk  startup_stm32f103xb.o [1]
TIM1_TRG_COM_IRQHandler
                         0x800'772d          Code  Wk  startup_stm32f103xb.o [1]
TIM1_UP_IRQHandler       0x800'7729          Code  Wk  startup_stm32f103xb.o [1]
TIM2_IRQHandler          0x800'7735          Code  Wk  startup_stm32f103xb.o [1]
TIM3_IRQHandler          0x800'7739          Code  Wk  startup_stm32f103xb.o [1]
TIM4_IRQHandler          0x800'756b     0x6  Code  Gb  stm32f1xx_it.o [2]
TIM_Base_SetConfig       0x800'2a89    0x5e  Code  Gb  stm32f1xx_hal_tim.o [8]
TaskDefault              0x800'2327     0xe  Code  Gb  freertos.o [2]
TaskMPU6050              0x800'2335    0x7c  Code  Gb  freertos.o [2]
TaskShowFrame            0x800'23b1    0xa2  Code  Gb  freertos.o [2]
TaskUpdate               0x800'2453   0x108  Code  Gb  freertos.o [2]
UART_SetConfig           0x800'300b    0x78  Code  Lc  stm32f1xx_hal_uart.o [8]
USART1_IRQHandler        0x800'7749          Code  Wk  startup_stm32f103xb.o [1]
USART2_IRQHandler        0x800'774d          Code  Wk  startup_stm32f103xb.o [1]
USART3_IRQHandler        0x800'7751          Code  Wk  startup_stm32f103xb.o [1]
USBD_CDC                0x2000'0080    0x38  Data  Gb  usbd_cdc.o [12]
USBD_CDC_CfgFSDesc      0x2000'00fc    0x44  Data  Gb  usbd_cdc.o [12]
USBD_CDC_CfgHSDesc      0x2000'00b8    0x44  Data  Gb  usbd_cdc.o [12]
USBD_CDC_DataIn          0x800'4f39    0x4a  Code  Lc  usbd_cdc.o [12]
USBD_CDC_DataOut         0x800'4f83    0x2a  Code  Lc  usbd_cdc.o [12]
USBD_CDC_DeInit          0x800'4e4d    0x44  Code  Lc  usbd_cdc.o [12]
USBD_CDC_DeviceQualifierDesc
                        0x2000'0074     0xc  Data  Lc  usbd_cdc.o [12]
USBD_CDC_EP0_RxReady     0x800'4fad    0x26  Code  Lc  usbd_cdc.o [12]
USBD_CDC_GetDeviceQualifierDescriptor
                         0x800'4feb     0x8  Code  Gb  usbd_cdc.o [12]
USBD_CDC_GetFSCfgDesc    0x800'4fd3     0x8  Code  Lc  usbd_cdc.o [12]
USBD_CDC_GetHSCfgDesc    0x800'4fdb     0x8  Code  Lc  usbd_cdc.o [12]
USBD_CDC_GetOtherSpeedCfgDesc
                         0x800'4fe3     0x8  Code  Lc  usbd_cdc.o [12]
USBD_CDC_Init            0x800'4db9    0x8a  Code  Lc  usbd_cdc.o [12]
USBD_CDC_OtherSpeedCfgDesc
                        0x2000'0140    0x44  Data  Gb  usbd_cdc.o [12]
USBD_CDC_ReceivePacket   0x800'502f    0x26  Code  Gb  usbd_cdc.o [12]
USBD_CDC_RegisterInterface
                         0x800'5005     0xe  Code  Gb  usbd_cdc.o [12]
USBD_CDC_SetRxBuffer     0x800'5023     0xc  Code  Gb  usbd_cdc.o [12]
USBD_CDC_SetTxBuffer     0x800'5013    0x10  Code  Gb  usbd_cdc.o [12]
USBD_CDC_Setup           0x800'4e91    0xa8  Code  Lc  usbd_cdc.o [12]
USBD_ClrClassConfig      0x800'4b91     0xa  Code  Gb  usbd_core.o [12]
USBD_CtlContinueRx       0x800'5e4f     0x4  Code  Gb  usbd_ioreq.o [12]
USBD_CtlContinueSendData
                         0x800'5e2b     0x4  Code  Gb  usbd_ioreq.o [12]
USBD_CtlError            0x800'5dbf    0x16  Code  Gb  usbd_ctlreq.o [12]
USBD_CtlPrepareRx        0x800'5e3b    0x14  Code  Gb  usbd_ioreq.o [12]
USBD_CtlReceiveStatus    0x800'5e6d     0xe  Code  Gb  usbd_ioreq.o [12]
USBD_CtlSendData         0x800'5e1b    0x10  Code  Gb  usbd_ioreq.o [12]
USBD_CtlSendStatus       0x800'5e5f     0xe  Code  Gb  usbd_ioreq.o [12]
USBD_FS_ConfigStrDescriptor
                         0x800'7419     0xc  Code  Gb  usbd_desc.o [3]
USBD_FS_DeviceDesc      0x2000'01b0    0x14  Data  Gb  usbd_desc.o [3]
USBD_FS_DeviceDescriptor
                         0x800'73bd     0x8  Code  Gb  usbd_desc.o [3]
USBD_FS_InterfaceStrDescriptor
                         0x800'7441     0xc  Code  Gb  usbd_desc.o [3]
USBD_FS_LangIDStrDescriptor
                         0x800'73c5     0x8  Code  Gb  usbd_desc.o [3]
USBD_FS_ManufacturerStrDescriptor
                         0x800'73d9     0xa  Code  Gb  usbd_desc.o [3]
USBD_FS_ProductStrDescriptor
                         0x800'73cd     0xc  Code  Gb  usbd_desc.o [3]
USBD_FS_SerialStrDescriptor
                         0x800'73ed    0x2c  Code  Gb  usbd_desc.o [3]
USBD_GetString           0x800'5dd5    0x46  Code  Gb  usbd_ctlreq.o [12]
USBD_Get_USB_Status      0x800'59a9    0x12  Code  Lc  usbd_conf.o [4]
USBD_Init                0x800'4b3b    0x26  Code  Gb  usbd_core.o [12]
USBD_Interface_fops_FS  0x2000'0184    0x10  Data  Gb  usbd_cdc_if.o [3]
USBD_LL_ClearStallEP     0x800'5933     0xc  Code  Gb  usbd_conf.o [4]
USBD_LL_CloseEP          0x800'591b     0xc  Code  Gb  usbd_conf.o [4]
USBD_LL_DataInStage      0x800'4c71    0xae  Code  Gb  usbd_core.o [12]
USBD_LL_DataOutStage     0x800'4bef    0x7a  Code  Gb  usbd_core.o [12]
USBD_LL_GetRxDataSize    0x800'5981     0x8  Code  Gb  usbd_conf.o [4]
USBD_LL_Init             0x800'587b    0x7a  Code  Gb  usbd_conf.o [4]
USBD_LL_IsStallEP        0x800'593f    0x1e  Code  Gb  usbd_conf.o [4]
USBD_LL_OpenEP           0x800'5905    0x16  Code  Gb  usbd_conf.o [4]
USBD_LL_PrepareReceive   0x800'5975     0xc  Code  Gb  usbd_conf.o [4]
USBD_LL_Reset            0x800'4d1f    0x52  Code  Gb  usbd_core.o [12]
USBD_LL_Resume           0x800'4d87    0x12  Code  Gb  usbd_core.o [12]
USBD_LL_SOF              0x800'4d99    0x18  Code  Gb  usbd_core.o [12]
USBD_LL_SetSpeed         0x800'4d71     0x6  Code  Gb  usbd_core.o [12]
USBD_LL_SetUSBAddress    0x800'595d     0xc  Code  Gb  usbd_conf.o [4]
USBD_LL_SetupStage       0x800'4b9b    0x54  Code  Gb  usbd_core.o [12]
USBD_LL_StallEP          0x800'5927     0xc  Code  Gb  usbd_conf.o [4]
USBD_LL_Start            0x800'58f5     0xa  Code  Gb  usbd_conf.o [4]
USBD_LL_Suspend          0x800'4d77    0x10  Code  Gb  usbd_core.o [12]
USBD_LL_Transmit         0x800'5969     0xc  Code  Gb  usbd_conf.o [4]
USBD_LangIDDesc         0x2000'01c4     0x4  Data  Gb  usbd_desc.o [3]
USBD_ParseSetupRequest   0x800'5d97    0x28  Code  Gb  usbd_ctlreq.o [12]
USBD_RegisterClass       0x800'4b61    0x10  Code  Gb  usbd_core.o [12]
USBD_SetClassConfig      0x800'4b7b    0x16  Code  Gb  usbd_core.o [12]
USBD_SetConfig::cfgidx  0x2000'3930     0x1  Data  Lc  usbd_ctlreq.o [12]
USBD_Start               0x800'4b71     0xa  Code  Gb  usbd_core.o [12]
USBD_StdDevReq           0x800'59bd   0x268  Code  Gb  usbd_ctlreq.o [12]
USBD_StdEPReq            0x800'5c75   0x11a  Code  Gb  usbd_ctlreq.o [12]
USBD_StdItfReq           0x800'5c29    0x4c  Code  Gb  usbd_ctlreq.o [12]
USBD_StrDesc            0x2000'3424   0x200  Data  Gb  usbd_desc.o [3]
USBD_StringSerial       0x2000'01c8    0x1c  Data  Gb  usbd_desc.o [3]
USBD_static_free         0x800'59a5     0x2  Code  Gb  usbd_conf.o [4]
USBD_static_malloc       0x800'5989     0x4  Code  Gb  usbd_conf.o [4]
USBD_static_malloc::mem
                        0x2000'3204   0x220  Data  Lc  usbd_conf.o [4]
USBWakeUp_IRQHandler     0x800'775d          Code  Wk  startup_stm32f103xb.o [1]
USB_ActivateEndpoint     0x800'6a3d   0x286  Code  Gb  stm32f1xx_ll_usb.o [8]
USB_CoreInit             0x800'69fd     0x4  Code  Gb  stm32f1xx_ll_usb.o [8]
USB_DeactivateEndpoint   0x800'6cc3   0x110  Code  Gb  stm32f1xx_ll_usb.o [8]
USB_DevConnect           0x800'7355     0x4  Code  Gb  stm32f1xx_ll_usb.o [8]
USB_DevDisconnect        0x800'7359     0x4  Code  Gb  stm32f1xx_ll_usb.o [8]
USB_DevInit              0x800'6a21    0x14  Code  Gb  stm32f1xx_ll_usb.o [8]
USB_DisableGlobalInt     0x800'6a11     0xc  Code  Gb  stm32f1xx_ll_usb.o [8]
USB_EP0_OutStart         0x800'7363     0x4  Code  Gb  stm32f1xx_ll_usb.o [8]
USB_EPClearStall         0x800'72cf    0x7a  Code  Gb  stm32f1xx_ll_usb.o [8]
USB_EPSetStall           0x800'729d    0x32  Code  Gb  stm32f1xx_ll_usb.o [8]
USB_EPStartXfer          0x800'6dd3   0x442  Code  Gb  stm32f1xx_ll_usb.o [8]
USB_EnableGlobalInt      0x800'6a01    0x10  Code  Gb  stm32f1xx_ll_usb.o [8]
USB_HP_CAN1_TX_IRQHandler
                         0x800'7715          Code  Wk  startup_stm32f103xb.o [1]
USB_LP_CAN1_RX0_IRQHandler
                         0x800'7565     0x6  Code  Gb  stm32f1xx_it.o [2]
USB_ReadInterrupts       0x800'735d     0x6  Code  Gb  stm32f1xx_ll_usb.o [8]
USB_ReadPMA              0x800'7395    0x28  Code  Gb  stm32f1xx_ll_usb.o [8]
USB_SetCurrentMode       0x800'6a1d     0x4  Code  Gb  stm32f1xx_ll_usb.o [8]
USB_SetDevAddress        0x800'7349     0xc  Code  Gb  stm32f1xx_ll_usb.o [8]
USB_WritePMA             0x800'7371    0x24  Code  Gb  stm32f1xx_ll_usb.o [8]
UsageFault_Handler       0x800'7561     0x2  Code  Gb  stm32f1xx_it.o [2]
UserRxBufferFS          0x2000'21fc   0x400  Data  Gb  usbd_cdc_if.o [3]
UserTxBufferFS          0x2000'25fc   0x400  Data  Gb  usbd_cdc_if.o [3]
WWDG_IRQHandler          0x800'76c9          Code  Wk  startup_stm32f103xb.o [1]
__NVIC_SetPriority       0x800'1ef1    0x1a  Code  Lc  stm32f1xx_hal_cortex.o [8]
__aeabi_cfrcmple         0x800'53c5          Code  Gb  FltCmpGe.o [14]
__aeabi_d2f              0x800'3485          Code  Gb  DblToFlt.o [14]
__aeabi_dadd             0x800'38e1          Code  Gb  DblAddSub.o [14]
__aeabi_ddiv             0x800'3699          Code  Gb  DblDiv.o [14]
__aeabi_dmul             0x800'34ed          Code  Gb  DblMul.o [14]
__aeabi_f2d              0x800'3321          Code  Gb  FltToDbl.o [14]
__aeabi_fadd             0x800'5255          Code  Gb  FltAddSub.o [14]
__aeabi_fdiv             0x800'3209          Code  Gb  FltDiv.o [14]
__aeabi_fsub             0x800'5335          Code  Gb  FltAddSub.o [14]
__aeabi_i2f              0x800'31e5          Code  Gb  S32ToFlt.o [14]
__aeabi_memclr4          0x800'2779          Code  Gb  ABImemclr4.o [15]
__cmain                  0x800'7619          Code  Gb  cmain.o [15]
__exit                   0x800'764d    0x14  Code  Gb  exit.o [16]
__iar_Atan64             0x800'5055   0x200  Code  Gb  iar_Atan64.o [14]
__iar_Memset4_word       0x800'4af9          Code  Gb  ABImemset48.o [15]
__iar_Memset8_word       0x800'4af9          Code  Gb  ABImemset48.o [15]
__iar_atan2_64           0x800'3369   0x10e  Code  Gb  atan2_64.o [14]
__iar_data_init3         0x800'75d1    0x28  Code  Gb  data_init.o [15]
__iar_lz77_init_single3
                         0x800'153b    0x7e  Code  Gb  lz77_init_single.o [15]
__iar_program_start      0x800'7661          Code  Gb  cstartup_M.o [15]
__iar_small_Memcpy       0x800'53f1          Code  Gb  ABImemcpy_small.o [15]
__iar_small_Memset       0x800'2879          Code  Gb  ABImemset_small.o [15]
__iar_small_Memset_word
                         0x800'2879          Code  Gb  ABImemset_small.o [15]
__iar_small_memcpy       0x800'53ed          Code  Gb  ABImemcpy_small.o [15]
__iar_small_memcpy4      0x800'53ed          Code  Gb  ABImemcpy_small.o [15]
__iar_small_memcpy8      0x800'53ed          Code  Gb  ABImemcpy_small.o [15]
__iar_small_memset       0x800'2879          Code  Gb  ABImemset_small.o [15]
__iar_zero_init3         0x800'7599    0x38  Code  Gb  zero_init3.o [15]
__low_level_init         0x800'7637     0x4  Code  Gb  low_level_init.o [13]
__vector_table           0x800'0000          Data  Gb  startup_stm32f103xb.o [1]
_call_main               0x800'7625          Code  Gb  cmain.o [15]
_exit                    0x800'7641          Code  Gb  cexit.o [15]
a                        0x800'7518    0x40  Data  Lc  iar_Atan64.o [14]
atan2                    0x800'3369   0x10e  Code  Gb  atan2_64.o [14]
atan2l                   0x800'3369   0x10e  Code  Gb  atan2_64.o [14]
exit                     0x800'763b     0x4  Code  Gb  exit.o [13]
gDirection              0x2000'0000     0x1  Data  Gb  freertos.o [2]
hUsbDeviceFS            0x2000'2cec   0x2c4  Data  Gb  usb_device.o [3]
hi2c1                   0x2000'37fc    0x54  Data  Gb  i2c.o [2]
hpcd_USB_FS             0x2000'29fc   0x2f0  Data  Gb  usbd_conf.o [4]
hspi1                   0x2000'374c    0x58  Data  Gb  spi.o [2]
hspi2                   0x2000'37a4    0x58  Data  Gb  spi.o [2]
htim4                   0x2000'3850    0x48  Data  Gb  stm32f1xx_hal_timebase_tim.o [2]
huart1                  0x2000'3898    0x48  Data  Gb  usart.o [2]
ledScreen1              0x2000'0004    0x40  Data  Gb  freertos.o [2]
ledScreen2              0x2000'38e0    0x40  Data  Gb  freertos.o [2]
ledScreenData1          0x2000'3920     0x8  Data  Gb  freertos.o [2]
ledScreenData2          0x2000'3928     0x8  Data  Gb  freertos.o [2]
main                     0x800'1c39    0x30  Code  Gb  main.o [2]
makeFreeRtosPriority     0x800'2641     0xc  Code  Lc  cmsis_os.o [11]
memset                   0x800'1d05    0x14  Code  Gb  memset.o [15]
osDelay                  0x800'26b5     0xe  Code  Gb  cmsis_os.o [11]
osKernelStart            0x800'264d     0xa  Code  Gb  cmsis_os.o [11]
osSemaphoreCreate        0x800'26c3    0x3e  Code  Gb  cmsis_os.o [11]
osSemaphoreRelease       0x800'2701    0x36  Code  Gb  cmsis_os.o [11]
osThreadCreate           0x800'2657    0x5e  Code  Gb  cmsis_os.o [11]
prvAddCurrentTaskToDelayedList
                         0x800'4691    0x5e  Code  Lc  tasks.o [11]
prvAddNewTaskToReadyList
                         0x800'40f7    0xa8  Code  Lc  tasks.o [11]
prvCopyDataToQueue       0x800'4a25    0x68  Code  Lc  queue.o [11]
prvDeleteTCB             0x800'455f    0x2e  Code  Lc  tasks.o [11]
prvIdleTask              0x800'451d    0x42  Code  Lc  tasks.o [11]
prvInitialiseNewQueue    0x800'4823    0x18  Code  Lc  queue.o [11]
prvInitialiseNewTask     0x800'407d    0x7a  Code  Lc  tasks.o [11]
prvInsertBlockIntoFreeList
                         0x800'555f    0x46  Code  Lc  heap_4.o [11]
prvResetNextTaskUnblockTime
                         0x800'458d    0x1a  Code  Lc  tasks.o [11]
prvTaskExitError         0x800'5661    0x1c  Code  Lc  port.o [11]
prvUnlockQueue           0x800'4a8d    0x68  Code  Lc  queue.o [11]
pvPortMalloc             0x800'5405    0xfe  Code  Gb  heap_4.o [11]
pxCurrentTCB            0x2000'364c     0x4  Data  Gb  tasks.o [11]
pxDelayedTaskList       0x2000'3650     0x4  Data  Lc  tasks.o [11]
pxEnd                   0x2000'01ec     0x4  Data  Lc  heap_4.o [11]
pxOverflowDelayedTaskList
                        0x2000'3654     0x4  Data  Lc  tasks.o [11]
pxPortInitialiseStack    0x800'5641    0x20  Code  Gb  port.o [11]
pxReadyTasksLists       0x2000'36c0    0x8c  Data  Lc  tasks.o [11]
sandNum                 0x2000'0001     0x1  Data  Gb  freertos.o [2]
taskDefaultHandle       0x2000'0044     0x4  Data  Gb  freertos.o [2]
taskMPU6050Handle       0x2000'0048     0x4  Data  Gb  freertos.o [2]
taskShowFrameHandle     0x2000'004c     0x4  Data  Gb  freertos.o [2]
taskUpdateHandle        0x2000'0050     0x4  Data  Gb  freertos.o [2]
ucHeap                  0x2000'01fc  0x2000  Data  Lc  heap_4.o [11]
ucMaxSysCallPriority    0x2000'0058     0x1  Data  Lc  port.o [11]
ulMaxPRIGROUPValue      0x2000'0060     0x4  Data  Lc  port.o [11]
uwTick                  0x2000'0068     0x4  Data  Gb  stm32f1xx_hal.o [8]
uwTickFreq              0x2000'0064     0x1  Data  Gb  stm32f1xx_hal.o [8]
uwTickPrio              0x2000'006c     0x4  Data  Gb  stm32f1xx_hal.o [8]
uxCriticalNesting       0x2000'005c     0x4  Data  Lc  port.o [11]
uxCurrentNumberOfTasks  0x2000'3670     0x4  Data  Lc  tasks.o [11]
uxDeletedTasksWaitingCleanUp
                        0x2000'3658     0x4  Data  Lc  tasks.o [11]
uxListRemove             0x800'5619    0x26  Code  Gb  list.o [11]
uxPendedTicks           0x2000'3680     0x4  Data  Lc  tasks.o [11]
uxSchedulerSuspended    0x2000'3694     0x4  Data  Lc  tasks.o [11]
uxTaskNumber            0x2000'368c     0x4  Data  Lc  tasks.o [11]
uxTopReadyPriority      0x2000'3678     0x4  Data  Lc  tasks.o [11]
vApplicationGetIdleTaskMemory
                         0x800'22d9    0x10  Code  Gb  freertos.o [2]
vListInitialise          0x800'55ad    0x1a  Code  Gb  list.o [11]
vListInitialiseItem      0x800'55c7     0x6  Code  Gb  list.o [11]
vListInsert              0x800'55e7    0x32  Code  Gb  list.o [11]
vListInsertEnd           0x800'55cd    0x1a  Code  Gb  list.o [11]
vPortEnterCritical       0x800'5701    0x32  Code  Gb  port.o [11]
vPortExitCritical        0x800'5733    0x22  Code  Gb  port.o [11]
vPortFree                0x800'5511    0x4e  Code  Gb  heap_4.o [11]
vPortSetupTimerInterrupt
                         0x800'5e7d    0x28  Code  Wk  port.o [11]
vPortStartFirstTask      0x800'5f0b          Code  Gb  portasm.o [11]
vPortValidateInterruptPriority
                         0x800'5771    0x3c  Code  Gb  port.o [11]
vTaskDelay               0x800'419f    0x2e  Code  Gb  tasks.o [11]
vTaskInternalSetTimeOutState
                         0x800'449d     0xe  Code  Gb  tasks.o [11]
vTaskMissedYield         0x800'4511     0xa  Code  Gb  tasks.o [11]
vTaskPlaceOnEventList    0x800'4401    0x26  Code  Gb  tasks.o [11]
vTaskStartScheduler      0x800'41dd    0x54  Code  Gb  tasks.o [11]
vTaskSuspendAll          0x800'4239     0xc  Code  Gb  tasks.o [11]
vTaskSwitchContext       0x800'43af    0x52  Code  Gb  tasks.o [11]
xBlockAllocatedBit      0x2000'01f8     0x4  Data  Lc  heap_4.o [11]
xDelayedTaskList1       0x2000'3698    0x14  Data  Lc  tasks.o [11]
xDelayedTaskList2       0x2000'36ac    0x14  Data  Lc  tasks.o [11]
xFreeBytesRemaining     0x2000'01f0     0x4  Data  Lc  heap_4.o [11]
xIdleStack              0x2000'3004   0x200  Data  Lc  freertos.o [2]
xIdleTaskTCBBuffer      0x2000'2fb0    0x54  Data  Lc  freertos.o [2]
xMinimumEverFreeBytesRemaining
                        0x2000'01f4     0x4  Data  Lc  heap_4.o [11]
xNextTaskUnblockTime    0x2000'3690     0x4  Data  Lc  tasks.o [11]
xNumOfOverflows         0x2000'3688     0x4  Data  Lc  tasks.o [11]
xPendingReadyList       0x2000'3624    0x14  Data  Lc  tasks.o [11]
xPortStartScheduler      0x800'567d    0x74  Code  Gb  port.o [11]
xQueueGenericCreate      0x800'47e5    0x3e  Code  Gb  queue.o [11]
xQueueGenericCreateStatic
                         0x800'4785    0x60  Code  Gb  queue.o [11]
xQueueGenericReset       0x800'470d    0x78  Code  Gb  queue.o [11]
xQueueGenericSend        0x800'483b   0x126  Code  Gb  queue.o [11]
xQueueGiveFromISR        0x800'4969    0x70  Code  Gb  queue.o [11]
xSchedulerRunning       0x2000'367c     0x4  Data  Lc  tasks.o [11]
xStart                  0x2000'01e4     0x8  Data  Lc  heap_4.o [11]
xSuspendedTaskList      0x2000'365c    0x14  Data  Lc  tasks.o [11]
xTaskCheckForTimeOut     0x800'44ab    0x66  Code  Gb  tasks.o [11]
xTaskCreate              0x800'4021    0x5c  Code  Gb  tasks.o [11]
xTaskCreateStatic        0x800'3fc1    0x60  Code  Gb  tasks.o [11]
xTaskGetSchedulerState   0x800'45a7    0x18  Code  Gb  tasks.o [11]
xTaskIncrementTick       0x800'42ef    0xc0  Code  Gb  tasks.o [11]
xTaskPriorityDisinherit
                         0x800'45c5    0x78  Code  Gb  tasks.o [11]
xTaskRemoveFromEventList
                         0x800'443f    0x54  Code  Gb  tasks.o [11]
xTaskResumeAll           0x800'4245    0x9a  Code  Gb  tasks.o [11]
xTasksWaitingTermination
                        0x2000'3638    0x14  Data  Lc  tasks.o [11]
xTickCount              0x2000'3674     0x4  Data  Lc  tasks.o [11]
xYieldPending           0x2000'3684     0x4  Data  Lc  tasks.o [11]


[1] = E:\eHorglass\2.Firmware\eHorglass\EWARM\eHorglass\Obj\Application\EWARM
[2] = E:\eHorglass\2.Firmware\eHorglass\EWARM\eHorglass\Obj\Application\User\Core
[3] = E:\eHorglass\2.Firmware\eHorglass\EWARM\eHorglass\Obj\Application\User\USB_DEVICE\App
[4] = E:\eHorglass\2.Firmware\eHorglass\EWARM\eHorglass\Obj\Application\User\USB_DEVICE\Target
[5] = E:\eHorglass\2.Firmware\eHorglass\EWARM\eHorglass\Obj\Drivers\CMSIS
[6] = E:\eHorglass\2.Firmware\eHorglass\EWARM\eHorglass\Obj\Drivers\MAX7219
[7] = E:\eHorglass\2.Firmware\eHorglass\EWARM\eHorglass\Obj\Drivers\MPU6050
[8] = E:\eHorglass\2.Firmware\eHorglass\EWARM\eHorglass\Obj\Drivers\STM32F1xx_HAL_Driver
[9] = E:\eHorglass\2.Firmware\eHorglass\EWARM\eHorglass\Obj\Drivers\SandMove
[10] = E:\eHorglass\2.Firmware\eHorglass\EWARM\eHorglass\Obj\Drivers\common
[11] = E:\eHorglass\2.Firmware\eHorglass\EWARM\eHorglass\Obj\Middlewares\FreeRTOS
[12] = E:\eHorglass\2.Firmware\eHorglass\EWARM\eHorglass\Obj\Middlewares\USB_Device_Library
[13] = dl7M_tlf.a
[14] = m7M_tl.a
[15] = rt7M_tl.a
[16] = shb_l.a

  30'400 bytes of readonly  code memory
     379 bytes of readonly  data memory
  18'737 bytes of readwrite data memory

Errors: none
Warnings: none
