###############################################################################
#
# IAR ELF Linker V9.30.1.335/W64 for ARM                  11/Mar/2024  20:26:56
# Copyright 2007-2022 IAR Systems AB.
#
#    Output file  =
#        E:\eHorglass\2.Firmware\eHorglass\EWARM\eHorglass\Exe\eHorglass.out_nochecksum
#    Map file     =
#        E:\eHorglass\2.Firmware\eHorglass\EWARM\eHorglass\List\eHorglass.map
#    Command line =
#        -f
#        E:\eHorglass\2.Firmware\eHorglass\EWARM\eHorglass\Exe\eHorglass.out_nochecksum.rsp
#        (E:\eHorglass\2.Firmware\eHorglass\EWARM\eHorglass\Obj\Application\User\Core\adc.o
#        E:\eHorglass\2.Firmware\eHorglass\EWARM\eHorglass\Obj\Drivers\AT\AT.o
#        E:\eHorglass\2.Firmware\eHorglass\EWARM\eHorglass\Obj\Drivers\common\common.o
#        E:\eHorglass\2.Firmware\eHorglass\EWARM\eHorglass\Obj\Application\User\Core\dma.o
#        E:\eHorglass\2.Firmware\eHorglass\EWARM\eHorglass\Obj\Application\User\Core\gpio.o
#        E:\eHorglass\2.Firmware\eHorglass\EWARM\eHorglass\Obj\Application\User\Core\i2c.o
#        E:\eHorglass\2.Firmware\eHorglass\EWARM\eHorglass\Obj\Application\User\Core\main.o
#        E:\eHorglass\2.Firmware\eHorglass\EWARM\eHorglass\Obj\Drivers\MAX7219\MAX7219.o
#        E:\eHorglass\2.Firmware\eHorglass\EWARM\eHorglass\Obj\Drivers\MPU6050\MPU6050.o
#        E:\eHorglass\2.Firmware\eHorglass\EWARM\eHorglass\Obj\Drivers\parameter\parameter.o
#        E:\eHorglass\2.Firmware\eHorglass\EWARM\eHorglass\Obj\Drivers\Runtime\Runtime.o
#        E:\eHorglass\2.Firmware\eHorglass\EWARM\eHorglass\Obj\Drivers\SandMove\SandMove.o
#        E:\eHorglass\2.Firmware\eHorglass\EWARM\eHorglass\Obj\Application\User\Core\spi.o
#        E:\eHorglass\2.Firmware\eHorglass\EWARM\eHorglass\Obj\Application\EWARM\startup_stm32f103xb.o
#        E:\eHorglass\2.Firmware\eHorglass\EWARM\eHorglass\Obj\Drivers\STM32F1xx_HAL_Driver\stm32f1xx_hal.o
#        E:\eHorglass\2.Firmware\eHorglass\EWARM\eHorglass\Obj\Drivers\STM32F1xx_HAL_Driver\stm32f1xx_hal_adc.o
#        E:\eHorglass\2.Firmware\eHorglass\EWARM\eHorglass\Obj\Drivers\STM32F1xx_HAL_Driver\stm32f1xx_hal_adc_ex.o
#        E:\eHorglass\2.Firmware\eHorglass\EWARM\eHorglass\Obj\Drivers\STM32F1xx_HAL_Driver\stm32f1xx_hal_cortex.o
#        E:\eHorglass\2.Firmware\eHorglass\EWARM\eHorglass\Obj\Drivers\STM32F1xx_HAL_Driver\stm32f1xx_hal_dma.o
#        E:\eHorglass\2.Firmware\eHorglass\EWARM\eHorglass\Obj\Drivers\STM32F1xx_HAL_Driver\stm32f1xx_hal_exti.o
#        E:\eHorglass\2.Firmware\eHorglass\EWARM\eHorglass\Obj\Drivers\STM32F1xx_HAL_Driver\stm32f1xx_hal_flash.o
#        E:\eHorglass\2.Firmware\eHorglass\EWARM\eHorglass\Obj\Drivers\STM32F1xx_HAL_Driver\stm32f1xx_hal_flash_ex.o
#        E:\eHorglass\2.Firmware\eHorglass\EWARM\eHorglass\Obj\Drivers\STM32F1xx_HAL_Driver\stm32f1xx_hal_gpio.o
#        E:\eHorglass\2.Firmware\eHorglass\EWARM\eHorglass\Obj\Drivers\STM32F1xx_HAL_Driver\stm32f1xx_hal_gpio_ex.o
#        E:\eHorglass\2.Firmware\eHorglass\EWARM\eHorglass\Obj\Drivers\STM32F1xx_HAL_Driver\stm32f1xx_hal_i2c.o
#        E:\eHorglass\2.Firmware\eHorglass\EWARM\eHorglass\Obj\Application\User\Core\stm32f1xx_hal_msp.o
#        E:\eHorglass\2.Firmware\eHorglass\EWARM\eHorglass\Obj\Drivers\STM32F1xx_HAL_Driver\stm32f1xx_hal_pcd.o
#        E:\eHorglass\2.Firmware\eHorglass\EWARM\eHorglass\Obj\Drivers\STM32F1xx_HAL_Driver\stm32f1xx_hal_pcd_ex.o
#        E:\eHorglass\2.Firmware\eHorglass\EWARM\eHorglass\Obj\Drivers\STM32F1xx_HAL_Driver\stm32f1xx_hal_pwr.o
#        E:\eHorglass\2.Firmware\eHorglass\EWARM\eHorglass\Obj\Drivers\STM32F1xx_HAL_Driver\stm32f1xx_hal_rcc.o
#        E:\eHorglass\2.Firmware\eHorglass\EWARM\eHorglass\Obj\Drivers\STM32F1xx_HAL_Driver\stm32f1xx_hal_rcc_ex.o
#        E:\eHorglass\2.Firmware\eHorglass\EWARM\eHorglass\Obj\Drivers\STM32F1xx_HAL_Driver\stm32f1xx_hal_spi.o
#        E:\eHorglass\2.Firmware\eHorglass\EWARM\eHorglass\Obj\Drivers\STM32F1xx_HAL_Driver\stm32f1xx_hal_tim.o
#        E:\eHorglass\2.Firmware\eHorglass\EWARM\eHorglass\Obj\Drivers\STM32F1xx_HAL_Driver\stm32f1xx_hal_tim_ex.o
#        E:\eHorglass\2.Firmware\eHorglass\EWARM\eHorglass\Obj\Drivers\STM32F1xx_HAL_Driver\stm32f1xx_hal_uart.o
#        E:\eHorglass\2.Firmware\eHorglass\EWARM\eHorglass\Obj\Application\User\Core\stm32f1xx_it.o
#        E:\eHorglass\2.Firmware\eHorglass\EWARM\eHorglass\Obj\Drivers\STM32F1xx_HAL_Driver\stm32f1xx_ll_usb.o
#        E:\eHorglass\2.Firmware\eHorglass\EWARM\eHorglass\Obj\Drivers\CMSIS\system_stm32f1xx.o
#        E:\eHorglass\2.Firmware\eHorglass\EWARM\eHorglass\Obj\Application\User\Core\tim.o
#        E:\eHorglass\2.Firmware\eHorglass\EWARM\eHorglass\Obj\Application\User\Core\usart.o
#        E:\eHorglass\2.Firmware\eHorglass\EWARM\eHorglass\Obj\Application\User\USB_DEVICE\App\usb_device.o
#        E:\eHorglass\2.Firmware\eHorglass\EWARM\eHorglass\Obj\Middlewares\USB_Device_Library\usbd_cdc.o
#        E:\eHorglass\2.Firmware\eHorglass\EWARM\eHorglass\Obj\Application\User\USB_DEVICE\App\usbd_cdc_if.o
#        E:\eHorglass\2.Firmware\eHorglass\EWARM\eHorglass\Obj\Application\User\USB_DEVICE\Target\usbd_conf.o
#        E:\eHorglass\2.Firmware\eHorglass\EWARM\eHorglass\Obj\Middlewares\USB_Device_Library\usbd_core.o
#        E:\eHorglass\2.Firmware\eHorglass\EWARM\eHorglass\Obj\Middlewares\USB_Device_Library\usbd_ctlreq.o
#        E:\eHorglass\2.Firmware\eHorglass\EWARM\eHorglass\Obj\Application\User\USB_DEVICE\App\usbd_desc.o
#        E:\eHorglass\2.Firmware\eHorglass\EWARM\eHorglass\Obj\Middlewares\USB_Device_Library\usbd_ioreq.o
#        E:\eHorglass\2.Firmware\eHorglass\EWARM\eHorglass\Obj\Application\User\Core\write.o
#        --no_out_extension -o
#        E:\eHorglass\2.Firmware\eHorglass\EWARM\eHorglass\Exe\eHorglass.out_nochecksum
#        --redirect _Printf=_PrintfFullNoMb --redirect _Scanf=_ScanfFullNoMb
#        --map
#        E:\eHorglass\2.Firmware\eHorglass\EWARM\eHorglass\List\eHorglass.map
#        --config E:\eHorglass\2.Firmware\eHorglass\EWARM/stm32f103xb_flash.icf
#        --semihosting --entry __iar_program_start --vfe --text_out locale
#        --cpu=Cortex-M3 --fpu=None)
#
###############################################################################

*******************************************************************************
*** RUNTIME MODEL ATTRIBUTES
***

CppFlavor       = *
__CPP_Runtime   = 1
__SystemLibrary = DLib
__dlib_version  = 6


*******************************************************************************
*** HEAP SELECTION
***

The basic heap was selected because --advanced_heap
was not specified and the application did not appear to
be primarily optimized for speed.


*******************************************************************************
*** PLACEMENT SUMMARY
***

"A0":  place at address 0x800'0000 { ro section .intvec };
"P1":  place in [from 0x800'0000 to 0x801'fbff] { ro };
define block CSTACK with size = 8K, alignment = 8 { };
define block HEAP with size = 8K, alignment = 8 { };
"P2":  place in [from 0x2000'0000 to 0x2000'4fff] {
          rw, block CSTACK, block HEAP };
initialize by copy { rw };

  Section            Kind         Address    Size  Object
  -------            ----         -------    ----  ------
"A0":                                        0xec
  .intvec            ro code   0x800'0000    0xec  startup_stm32f103xb.o [1]
                             - 0x800'00ec    0xec

"P1":                                      0xc6dc
  .rodata            const     0x800'00ec  0x1800  SandMove.o [11]
  .text              ro code   0x800'18ec  0x144e  stm32f1xx_hal_i2c.o [10]
  .text              ro code   0x800'2d3a    0x7e  lz77_init_single.o [17]
  .text              ro code   0x800'2db8    0xac  i2c.o [2]
  .text              ro code   0x800'2e64   0x4be  stm32f1xx_hal_rcc.o [10]
  .text              ro code   0x800'3322    0x1e  xsscin.o [15]
  .text              ro code   0x800'3340     0xc  stm32f1xx_hal.o [10]
  .text              ro code   0x800'334c     0x2  stm32f1xx_hal_i2c.o [10]
  .text              ro code   0x800'334e     0x2  stm32f1xx_hal_i2c.o [10]
  .text              ro code   0x800'3350     0x2  stm32f1xx_hal_i2c.o [10]
  .text              ro code   0x800'3352     0x2  stm32f1xx_hal_i2c.o [10]
  .text              ro code   0x800'3354     0x2  stm32f1xx_hal_i2c.o [10]
  .text              ro code   0x800'3356     0x2  stm32f1xx_hal_i2c.o [10]
  .text              ro code   0x800'3358   0x214  stm32f1xx_hal_dma.o [10]
  .text              ro code   0x800'356c     0x2  stm32f1xx_hal_i2c.o [10]
  .text              ro code   0x800'356e     0x2  stm32f1xx_hal_i2c.o [10]
  .text              ro code   0x800'3570     0x2  stm32f1xx_hal_i2c.o [10]
  .text              ro code   0x800'3572     0x2  stm32f1xx_hal_i2c.o [10]
  .text              ro code   0x800'3574   0x312  main.o [2]
  .text              ro code   0x800'3886    0x14  memset.o [17]
  .text              ro code   0x800'389a     0xa  xsprout.o [15]
  .text              ro code   0x800'38a4   0x1d8  stm32f1xx_hal_gpio.o [10]
  .text              ro code   0x800'3a7c    0xc4  stm32f1xx_hal_cortex.o [10]
  .text              ro code   0x800'3b40    0x40  stm32f1xx_hal.o [10]
  .text              ro code   0x800'3b80   0x238  AT.o [5]
  .text              ro code   0x800'3db8     0x6  ABImemclr4.o [17]
  .rodata            const     0x800'3dbe     0x2  xlocale_c.o [15]
  .text              ro code   0x800'3dc0   0x874  stm32f1xx_hal_uart.o [10]
  .text              ro code   0x800'4634    0x24  stm32f1xx_hal.o [10]
  .text              ro code   0x800'4658   0x118  gpio.o [2]
  .text              ro code   0x800'4770    0x20  dma.o [2]
  .text              ro code   0x800'4790   0x12c  spi.o [2]
  .text              ro code   0x800'48bc    0xec  usart.o [2]
  .text              ro code   0x800'49a8    0x54  usb_device.o [3]
  .text              ro code   0x800'49fc    0xb0  adc.o [2]
  .text              ro code   0x800'4aac    0x98  tim.o [2]
  .text              ro code   0x800'4b44   0x1c0  MAX7219.o [7]
  .text              ro code   0x800'4d04    0xc8  parameter.o [13]
  .text              ro code   0x800'4dcc    0x30  Runtime.o [9]
  .text              ro code   0x800'4dfc   0x530  stm32f1xx_hal_adc.o [10]
  .text              ro code   0x800'532c   0x278  MPU6050.o [8]
  .text              ro code   0x800'55a4    0x28  stm32f1xx_hal.o [10]
  .text              ro code   0x800'55cc    0xa4  rand.o [15]
  .text              ro code   0x800'5670   0x3e4  SandMove.o [11]
  .text              ro code   0x800'5a54   0x1b2  stm32f1xx_hal_rcc_ex.o [10]
  .rodata            const     0x800'5c06     0x2  xlocale_c.o [15]
  .text              ro code   0x800'5c08    0x66  ABImemset.o [17]
  .rodata            const     0x800'5c6e     0x1  xlocale_c.o [15]
  .text              ro code   0x800'5c70    0x14  strlen_small.o [17]
  .text              ro code   0x800'5c84    0x94  usbd_cdc_if.o [3]
  .text              ro code   0x800'5d18    0x40  sprintf.o [15]
  .text              ro code   0x800'5d58    0x28  sscanf.o [15]
  .text              ro code   0x800'5d80    0x12  strcmp.o [17]
  .text              ro code   0x800'5d94    0x3a  ABImemset48.o [17]
  .text              ro code   0x800'5dce     0x2  stm32f1xx_hal_uart.o [10]
  .text              ro code   0x800'5dd0     0x2  stm32f1xx_hal_uart.o [10]
  .text              ro code   0x800'5dd2     0x2  stm32f1xx_hal_uart.o [10]
  .text              ro code   0x800'5dd4     0x2  stm32f1xx_hal_uart.o [10]
  .text              ro code   0x800'5dd8    0x44  stm32f1xx_hal_msp.o [2]
  .text              ro code   0x800'5e1c   0x448  stm32f1xx_hal_spi.o [10]
  .text              ro code   0x800'6264   0x27c  usbd_core.o [14]
  .text              ro code   0x800'64e0   0x2cc  usbd_cdc.o [14]
  .text              ro code   0x800'67ac   0x274  stm32f1xx_hal_tim.o [10]
  .text              ro code   0x800'6a20    0x64  stm32f1xx_hal_tim_ex.o [10]
  .text              ro code   0x800'6a84   0x16c  stm32f1xx_hal_flash.o [10]
  .text              ro code   0x800'6bf0    0xd4  stm32f1xx_hal_flash_ex.o [10]
  .text              ro code   0x800'6cc4    0x28  printf.o [15]
  .text              ro code   0x800'6cec    0x24  S32ToFlt.o [16]
  .text              ro code   0x800'6d10   0x118  FltDiv.o [16]
  .text              ro code   0x800'6e28    0x48  FltToDbl.o [16]
  .text              ro code   0x800'6e70   0x11a  atan2_64.o [16]
  .text              ro code   0x800'6f8c    0x68  DblToFlt.o [16]
  .text              ro code   0x800'6ff4   0x1aa  DblMul.o [16]
  .text              ro code   0x800'71a0   0x246  DblDiv.o [16]
  .text              ro code   0x800'73e8   0x25e  DblAddSub.o [16]
  .text              ro code   0x800'7648   0x16e  FltAddSub.o [16]
  .text              ro code   0x800'77b8    0x28  FltCmpGe.o [16]
  .text              ro code   0x800'77e0    0x18  ABImemcpy_small.o [17]
  .text              ro code   0x800'77f8   0xeaa  xprintffull_nomb.o [15]
  .text              ro code   0x800'86a4   0xd78  xscanffull_nomb.o [15]
  .text              ro code   0x800'941c     0x2  stm32f1xx_hal_spi.o [10]
  .text              ro code   0x800'9420   0x1f6  usbd_conf.o [4]
  .text              ro code   0x800'9618   0x45e  usbd_ctlreq.o [14]
  .text              ro code   0x800'9a76    0x60  usbd_ioreq.o [14]
  .text              ro code   0x800'9ad8    0x1e  U64Shr.o [17]
  .text              ro code   0x800'9af8   0x200  iar_Atan64.o [16]
  .text              ro code   0x800'9cf8    0x16  strchr.o [17]
  .text              ro code   0x800'9d10    0x40  xfail_s.o [15]
  .text              ro code   0x800'9d50    0x58  memchr.o [17]
  .text              ro code   0x800'9da8    0x70  frexp.o [16]
  .text              ro code   0x800'9e18    0x34  DblCmpLe.o [16]
  .text              ro code   0x800'9e4c    0x34  DblCmpGe.o [16]
  .text              ro code   0x800'9e80   0x13a  ldexp.o [16]
  .text              ro code   0x800'9fbc    0x36  DblToS32.o [16]
  .text              ro code   0x800'9ff4    0x22  S32ToDbl.o [16]
  .text              ro code   0x800'a018    0x22  DblToU32.o [16]
  .text              ro code   0x800'a03c    0x1c  U32ToDbl.o [16]
  .text              ro code   0x800'a058    0x4c  xlocale_c.o [15]
  .text              ro code   0x800'a0a4   0x230  I64DivMod.o [17]
  .text              ro code   0x800'a2d4    0x14  isspace.o [15]
  .text              ro code   0x800'a2e8    0x14  isalpha.o [15]
  .text              ro code   0x800'a2fc   0x2fc  strto64.o [16]
  .text              ro code   0x800'a5f8   0x1b2  iar_Stoullx.o [15]
  .text              ro code   0x800'a7ac    0xaa  iar_Stollx.o [15]
  .text              ro code   0x800'a858   0xa9a  stm32f1xx_hal_pcd.o [10]
  .text              ro code   0x800'b2f2    0x34  stm32f1xx_hal_pcd_ex.o [10]
  .text              ro code   0x800'b326     0x6  abort.o [15]
  .text              ro code   0x800'b32c     0x2  I64DivZer.o [17]
  .text              ro code   0x800'b32e   0x122  iar_Stopfx.o [15]
  .text              ro code   0x800'b450   0x1b8  iar_Stoflt.o [15]
  .text              ro code   0x800'b608   0x208  iar_Stoxflt.o [15]
  .text              ro code   0x800'b810    0x14  tolower.o [15]
  .text              ro code   0x800'b824   0x9c0  stm32f1xx_ll_usb.o [10]
  .text              ro code   0x800'c1e4    0x14  exit.o [18]
  .text              ro code   0x800'c1f8   0x100  usbd_desc.o [3]
  .rodata            const     0x800'c2f8    0x50  iar_Stoullx.o [15]
  .rodata            const     0x800'c348    0x24  xscanffull_nomb.o [15]
  .rodata            const     0x800'c370    0x48  strto64.o [16]
  .text              ro code   0x800'c3b8    0x48  stm32f1xx_it.o [2]
  .text              ro code   0x800'c400    0x10  stm32f1xx_hal.o [10]
  .text              ro code   0x800'c410    0x44  putchar.o [15]
  .text              ro code   0x800'c454    0x30  write.o [2]
  .text              ro code   0x800'c484    0x14  system_stm32f1xx.o [6]
  .rodata            const     0x800'c498    0x40  iar_Atan64.o [16]
  .text              ro code   0x800'c4d8    0x38  zero_init3.o [17]
  .rodata            const     0x800'c510    0x28  xscanffull_nomb.o [15]
  .text              ro code   0x800'c538    0x28  data_init.o [17]
  .iar.init_table    const     0x800'c560    0x20  - Linker created -
  .text              ro code   0x800'c580    0x1e  cmain.o [17]
  .text              ro code   0x800'c59e     0x4  low_level_init.o [15]
  .text              ro code   0x800'c5a2     0x4  exit.o [15]
  .text              ro code   0x800'c5a8     0xa  cexit.o [17]
  .text              ro code   0x800'c5b4    0x1c  cstartup_M.o [17]
  .text              ro code   0x800'c5d0    0x16  xprout.o [15]
  .text              ro code   0x800'c5e8    0x10  startup_stm32f103xb.o [1]
  .rodata            const     0x800'c5f8     0x8  system_stm32f1xx.o [6]
  .text              ro code   0x800'c600     0x4  startup_stm32f103xb.o [1]
  .text              ro code   0x800'c604     0x4  startup_stm32f103xb.o [1]
  .text              ro code   0x800'c608     0x4  startup_stm32f103xb.o [1]
  .text              ro code   0x800'c60c     0x4  startup_stm32f103xb.o [1]
  .text              ro code   0x800'c610     0x4  startup_stm32f103xb.o [1]
  .text              ro code   0x800'c614     0x4  startup_stm32f103xb.o [1]
  .text              ro code   0x800'c618     0x4  startup_stm32f103xb.o [1]
  .text              ro code   0x800'c61c     0x4  startup_stm32f103xb.o [1]
  .text              ro code   0x800'c620     0x4  startup_stm32f103xb.o [1]
  .text              ro code   0x800'c624     0x4  startup_stm32f103xb.o [1]
  .text              ro code   0x800'c628     0x4  startup_stm32f103xb.o [1]
  .text              ro code   0x800'c62c     0x4  startup_stm32f103xb.o [1]
  .text              ro code   0x800'c630     0x4  startup_stm32f103xb.o [1]
  .text              ro code   0x800'c634     0x4  startup_stm32f103xb.o [1]
  .text              ro code   0x800'c638     0x4  startup_stm32f103xb.o [1]
  .text              ro code   0x800'c63c     0x4  startup_stm32f103xb.o [1]
  .text              ro code   0x800'c640     0x4  startup_stm32f103xb.o [1]
  .text              ro code   0x800'c644     0x4  startup_stm32f103xb.o [1]
  .text              ro code   0x800'c648     0x4  startup_stm32f103xb.o [1]
  .text              ro code   0x800'c64c     0x4  startup_stm32f103xb.o [1]
  .text              ro code   0x800'c650     0x4  startup_stm32f103xb.o [1]
  .text              ro code   0x800'c654     0x4  startup_stm32f103xb.o [1]
  .text              ro code   0x800'c658     0x4  startup_stm32f103xb.o [1]
  .text              ro code   0x800'c65c     0x4  startup_stm32f103xb.o [1]
  .text              ro code   0x800'c660     0x4  startup_stm32f103xb.o [1]
  .text              ro code   0x800'c664     0x4  startup_stm32f103xb.o [1]
  .text              ro code   0x800'c668     0x4  startup_stm32f103xb.o [1]
  .text              ro code   0x800'c66c     0x4  startup_stm32f103xb.o [1]
  .text              ro code   0x800'c670     0x4  startup_stm32f103xb.o [1]
  .text              ro code   0x800'c674     0x4  startup_stm32f103xb.o [1]
  .text              ro code   0x800'c678     0x4  startup_stm32f103xb.o [1]
  .text              ro code   0x800'c67c     0x4  startup_stm32f103xb.o [1]
  .text              ro code   0x800'c680     0x4  startup_stm32f103xb.o [1]
  .text              ro code   0x800'c684     0x4  startup_stm32f103xb.o [1]
  .text              ro code   0x800'c688     0x4  startup_stm32f103xb.o [1]
  .text              ro code   0x800'c68c     0x4  startup_stm32f103xb.o [1]
  .text              ro code   0x800'c690     0x4  startup_stm32f103xb.o [1]
  .text              ro code   0x800'c694     0x4  startup_stm32f103xb.o [1]
  .rodata            const     0x800'c698     0x0  zero_init3.o [17]
  .rodata            const     0x800'c698     0x0  lz77_init_single.o [17]
  Initializer bytes  const     0x800'c698   0x130  <for P2-1>
                             - 0x800'c7c8  0xc6dc

"P2", part 1 of 3:                          0x260
  P2-1                        0x2000'0000   0x260  <Init block>
    .data            inited   0x2000'0000    0x10  parameter.o [13]
    .data            inited   0x2000'0010     0xc  stm32f1xx_hal.o [10]
    .data            inited   0x2000'001c     0x4  system_stm32f1xx.o [6]
    .data            inited   0x2000'0020     0xc  usbd_cdc.o [14]
    .data            inited   0x2000'002c    0x38  usbd_cdc.o [14]
    .data            inited   0x2000'0064    0x44  usbd_cdc.o [14]
    .data            inited   0x2000'00a8    0x44  usbd_cdc.o [14]
    .data            inited   0x2000'00ec    0x44  usbd_cdc.o [14]
    .data            inited   0x2000'0130    0x10  usbd_cdc_if.o [3]
    .data            inited   0x2000'0140    0x1c  usbd_desc.o [3]
    .data            inited   0x2000'015c    0x14  usbd_desc.o [3]
    .data            inited   0x2000'0170     0x4  usbd_desc.o [3]
    .data            inited   0x2000'0174    0x1c  usbd_desc.o [3]
    .data            inited   0x2000'0190     0x8  rand.o [15]
    .data            inited   0x2000'0198    0x38  xlocale_c.o [15]
    .data            inited   0x2000'01d0    0x48  xlocale_c.o [15]
    .data            inited   0x2000'0218    0x48  xfiles.o [15]
                            - 0x2000'0260   0x260

"P2", part 2 of 3:                         0x168c
  .bss               zero     0x2000'0260   0x800  usbd_cdc_if.o [3]
  .bss               zero     0x2000'0a60   0x2f0  usbd_conf.o [4]
  .bss               zero     0x2000'0d50   0x2c4  usb_device.o [3]
  .bss               zero     0x2000'1014   0x220  usbd_conf.o [4]
  .bss               zero     0x2000'1234   0x200  usbd_desc.o [3]
  .bss               zero     0x2000'1434   0x100  main.o [2]
  .bss               zero     0x2000'1534    0xa0  main.o [2]
  .bss               zero     0x2000'15d4    0x84  rand.o [15]
  .bss               zero     0x2000'1658    0x58  spi.o [2]
  .bss               zero     0x2000'16b0    0x58  spi.o [2]
  .bss               zero     0x2000'1708    0x54  i2c.o [2]
  .bss               zero     0x2000'175c    0x50  xfiles.o [15]
  .bss               zero     0x2000'17ac    0x48  tim.o [2]
  .bss               zero     0x2000'17f4    0x48  usart.o [2]
  .bss               zero     0x2000'183c    0x44  usart.o [2]
  .bss               zero     0x2000'1880    0x30  adc.o [2]
  .bss               zero     0x2000'18b0    0x20  stm32f1xx_hal_flash.o [10]
  .bss               zero     0x2000'18d0    0x10  parameter.o [13]
  .bss               zero     0x2000'18e0     0x4  AT.o [5]
  .bss               zero     0x2000'18e4     0x4  xfail_s.o [15]
  .bss               zero     0x2000'18e8     0x1  usbd_ctlreq.o [14]
                            - 0x2000'18e9  0x1689

"P2", part 3 of 3:                         0x2000
  CSTACK                      0x2000'18f0  0x2000  <Block>
    CSTACK           uninit   0x2000'18f0  0x2000  <Block tail>
                            - 0x2000'38f0  0x2000

Unused ranges:

         From           To      Size
         ----           --      ----
   0x800'c7c8   0x801'fbff  0x1'3438
  0x2000'18ec  0x2000'18ef       0x4
  0x2000'38f0  0x2000'4fff    0x1710


*******************************************************************************
*** INIT TABLE
***

          Address      Size
          -------      ----
Zero (__iar_zero_init3)
    1 destination range, total size 0x1689:
          0x2000'0260  0x1689

Copy/lz77 (__iar_lz77_init_single3)
    1 source range, total size 0x130 (50% of destination):
           0x800'c698   0x130
    1 destination range, total size 0x260:
          0x2000'0000   0x260



*******************************************************************************
*** MODULE SUMMARY
***

    Module                    ro code  ro data  rw data
    ------                    -------  -------  -------
command line/config:
    ---------------------------------------------------
    Total:

E:\eHorglass\2.Firmware\eHorglass\EWARM\eHorglass\Obj\Application\EWARM: [1]
    startup_stm32f103xb.o         404
    ---------------------------------------------------
    Total:                        404

E:\eHorglass\2.Firmware\eHorglass\EWARM\eHorglass\Obj\Application\User\Core: [2]
    adc.o                         176                48
    dma.o                          32
    gpio.o                        280
    i2c.o                         172                84
    main.o                        786               416
    spi.o                         300               176
    stm32f1xx_hal_msp.o            68
    stm32f1xx_it.o                 72
    tim.o                         152                72
    usart.o                       236               140
    write.o                        48
    ---------------------------------------------------
    Total:                      2'322               936

E:\eHorglass\2.Firmware\eHorglass\EWARM\eHorglass\Obj\Application\User\USB_DEVICE\App: [3]
    usb_device.o                   84               708
    usbd_cdc_if.o                 148        8    2'064
    usbd_desc.o                   256       40      592
    ---------------------------------------------------
    Total:                        488       48    3'364

E:\eHorglass\2.Firmware\eHorglass\EWARM\eHorglass\Obj\Application\User\USB_DEVICE\Target: [4]
    usbd_conf.o                   502             1'296
    ---------------------------------------------------
    Total:                        502             1'296

E:\eHorglass\2.Firmware\eHorglass\EWARM\eHorglass\Obj\Drivers\AT: [5]
    AT.o                          568                 4
    ---------------------------------------------------
    Total:                        568                 4

E:\eHorglass\2.Firmware\eHorglass\EWARM\eHorglass\Obj\Drivers\CMSIS: [6]
    system_stm32f1xx.o             20       10        4
    ---------------------------------------------------
    Total:                         20       10        4

E:\eHorglass\2.Firmware\eHorglass\EWARM\eHorglass\Obj\Drivers\MAX7219: [7]
    MAX7219.o                     448
    ---------------------------------------------------
    Total:                        448

E:\eHorglass\2.Firmware\eHorglass\EWARM\eHorglass\Obj\Drivers\MPU6050: [8]
    MPU6050.o                     632
    ---------------------------------------------------
    Total:                        632

E:\eHorglass\2.Firmware\eHorglass\EWARM\eHorglass\Obj\Drivers\Runtime: [9]
    Runtime.o                      48
    ---------------------------------------------------
    Total:                         48

E:\eHorglass\2.Firmware\eHorglass\EWARM\eHorglass\Obj\Drivers\STM32F1xx_HAL_Driver: [10]
    stm32f1xx_hal.o               168        6       12
    stm32f1xx_hal_adc.o         1'328
    stm32f1xx_hal_cortex.o        196
    stm32f1xx_hal_dma.o           532
    stm32f1xx_hal_flash.o         364                32
    stm32f1xx_hal_flash_ex.o      212
    stm32f1xx_hal_gpio.o          472
    stm32f1xx_hal_i2c.o         5'218
    stm32f1xx_hal_pcd.o         2'714
    stm32f1xx_hal_pcd_ex.o         52
    stm32f1xx_hal_rcc.o         1'214
    stm32f1xx_hal_rcc_ex.o        434
    stm32f1xx_hal_spi.o         1'098
    stm32f1xx_hal_tim.o           628
    stm32f1xx_hal_tim_ex.o        100
    stm32f1xx_hal_uart.o        2'172
    stm32f1xx_ll_usb.o          2'496
    ---------------------------------------------------
    Total:                     19'398        6       44

E:\eHorglass\2.Firmware\eHorglass\EWARM\eHorglass\Obj\Drivers\SandMove: [11]
    SandMove.o                    996    6'144
    ---------------------------------------------------
    Total:                        996    6'144

E:\eHorglass\2.Firmware\eHorglass\EWARM\eHorglass\Obj\Drivers\common: [12]
    ---------------------------------------------------
    Total:

E:\eHorglass\2.Firmware\eHorglass\EWARM\eHorglass\Obj\Drivers\parameter: [13]
    parameter.o                   200        8       32
    ---------------------------------------------------
    Total:                        200        8       32

E:\eHorglass\2.Firmware\eHorglass\EWARM\eHorglass\Obj\Middlewares\USB_Device_Library: [14]
    usbd_cdc.o                    716      136      272
    usbd_core.o                   636
    usbd_ctlreq.o               1'118                 1
    usbd_ioreq.o                   96
    ---------------------------------------------------
    Total:                      2'566      136      273

dl7M_tlf.a: [15]
    abort.o                         6
    exit.o                          4
    iar_Stoflt.o                  440
    iar_Stollx.o                  170
    iar_Stopfx.o                  290
    iar_Stoullx.o                 434       80
    iar_Stoxflt.o                 520
    isalpha.o                      20
    isspace.o                      20
    low_level_init.o                4
    printf.o                       40
    putchar.o                      68
    rand.o                        164        4      140
    sprintf.o                      64
    sscanf.o                       40
    tolower.o                      20
    xfail_s.o                      64                 4
    xfiles.o                                36      152
    xlocale_c.o                    76       69      128
    xprintffull_nomb.o          3'754
    xprout.o                       22
    xscanffull_nomb.o           3'448       76
    xsprout.o                      10
    xsscin.o                       30
    ---------------------------------------------------
    Total:                      9'708      265      424

m7M_tl.a: [16]
    DblAddSub.o                   606
    DblCmpGe.o                     52
    DblCmpLe.o                     52
    DblDiv.o                      582
    DblMul.o                      426
    DblToFlt.o                    104
    DblToS32.o                     54
    DblToU32.o                     34
    FltAddSub.o                   366
    FltCmpGe.o                     40
    FltDiv.o                      280
    FltToDbl.o                     72
    S32ToDbl.o                     34
    S32ToFlt.o                     36
    U32ToDbl.o                     28
    atan2_64.o                    282
    frexp.o                       112
    iar_Atan64.o                  512       64
    ldexp.o                       314
    strto64.o                     764       72
    ---------------------------------------------------
    Total:                      4'750      136

rt7M_tl.a: [17]
    ABImemclr4.o                    6
    ABImemcpy_small.o              24
    ABImemset.o                   102
    ABImemset48.o                  58
    I64DivMod.o                   560
    I64DivZer.o                     2
    U64Shr.o                       30
    cexit.o                        10
    cmain.o                        30
    cstartup_M.o                   28
    data_init.o                    40
    lz77_init_single.o            126
    memchr.o                       88
    memset.o                       20
    strchr.o                       22
    strcmp.o                       18
    strlen_small.o                 20
    zero_init3.o                   56
    ---------------------------------------------------
    Total:                      1'240

shb_l.a: [18]
    exit.o                         20
    ---------------------------------------------------
    Total:                         20

    Gaps                           45        4
    Linker created                          32    8'192
-------------------------------------------------------
    Grand Total:               44'355    6'789   14'569


*******************************************************************************
*** ENTRY LIST
***

Entry                       Address   Size  Type      Object
-----                       -------   ----  ----      ------
.iar.init_table$$Base    0x800'c560          --   Gb  - Linker created -
.iar.init_table$$Limit   0x800'c580          --   Gb  - Linker created -
?main                    0x800'c581         Code  Gb  cmain.o [17]
ADC1_2_IRQHandler        0x800'c649         Code  Wk  startup_stm32f103xb.o [1]
ADC_ConversionStop_Disable
                         0x800'52dd   0x48  Code  Gb  stm32f1xx_hal_adc.o [10]
ADC_Enable               0x800'5237   0x6e  Code  Gb  stm32f1xx_hal_adc.o [10]
AHBPrescTable            0x800'c488   0x10  Data  Gb  system_stm32f1xx.o [6]
APBPrescTable            0x800'c5f8    0x8  Data  Gb  system_stm32f1xx.o [6]
AT_Init                  0x800'3baf    0x6  Code  Gb  AT.o [5]
AT_ParseCommand          0x800'3c61   0xb6  Code  Gb  AT.o [5]
AT_RecevieFrameTime      0x800'3c37   0x22  Code  Gb  AT.o [5]
AT_RecevieReInit         0x800'3bf5   0x26  Code  Gb  AT.o [5]
AT_RecevieSandNum        0x800'3c1b   0x1c  Code  Gb  AT.o [5]
AT_ResponseError         0x800'3bb5    0x6  Code  Gb  AT.o [5]
AT_ResponseFrameTime     0x800'3bd5    0xa  Code  Gb  AT.o [5]
AT_ResponseSandNum       0x800'3bc9    0xc  Code  Gb  AT.o [5]
BusFault_Handler         0x800'c3bf    0x2  Code  Gb  stm32f1xx_it.o [2]
CAN1_RX1_IRQHandler      0x800'c651         Code  Wk  startup_stm32f103xb.o [1]
CAN1_SCE_IRQHandler      0x800'c655         Code  Wk  startup_stm32f103xb.o [1]
CDC_Control_FS           0x800'5ca7    0x4  Code  Lc  usbd_cdc_if.o [3]
CDC_DeInit_FS            0x800'5ca3    0x4  Code  Lc  usbd_cdc_if.o [3]
CDC_Init_FS              0x800'5c85   0x1e  Code  Lc  usbd_cdc_if.o [3]
CDC_Receive_FS           0x800'5cab   0x3e  Code  Lc  usbd_cdc_if.o [3]
CDC_Transmit_FS          0x800'5ce9   0x26  Code  Gb  usbd_cdc_if.o [3]
CSTACK$$Base            0x2000'18f0          --   Gb  - Linker created -
CSTACK$$Limit           0x2000'38f0          --   Gb  - Linker created -
DMA1_Channel1_IRQHandler
                         0x800'c62d         Code  Wk  startup_stm32f103xb.o [1]
DMA1_Channel2_IRQHandler
                         0x800'c631         Code  Wk  startup_stm32f103xb.o [1]
DMA1_Channel3_IRQHandler
                         0x800'c635         Code  Wk  startup_stm32f103xb.o [1]
DMA1_Channel4_IRQHandler
                         0x800'c639         Code  Wk  startup_stm32f103xb.o [1]
DMA1_Channel5_IRQHandler
                         0x800'c63d         Code  Wk  startup_stm32f103xb.o [1]
DMA1_Channel6_IRQHandler
                         0x800'c641         Code  Wk  startup_stm32f103xb.o [1]
DMA1_Channel7_IRQHandler
                         0x800'c645         Code  Wk  startup_stm32f103xb.o [1]
DMA_SetConfig            0x800'354b   0x22  Code  Lc  stm32f1xx_hal_dma.o [10]
DataInRange              0x800'5555   0x32  Code  Gb  MPU6050.o [8]
DebugMon_Handler         0x800'c3c5    0x2  Code  Gb  stm32f1xx_it.o [2]
Dtentox                  0x800'a2fd  0x1c8  Code  Lc  strto64.o [16]
EXTI0_IRQHandler         0x800'c619         Code  Wk  startup_stm32f103xb.o [1]
EXTI15_10_IRQHandler     0x800'c68d         Code  Wk  startup_stm32f103xb.o [1]
EXTI1_IRQHandler         0x800'c61d         Code  Wk  startup_stm32f103xb.o [1]
EXTI2_IRQHandler         0x800'c621         Code  Wk  startup_stm32f103xb.o [1]
EXTI3_IRQHandler         0x800'c625         Code  Wk  startup_stm32f103xb.o [1]
EXTI4_IRQHandler         0x800'c629         Code  Wk  startup_stm32f103xb.o [1]
EXTI9_5_IRQHandler       0x800'c659         Code  Wk  startup_stm32f103xb.o [1]
Error_Handler            0x800'3883    0x4  Code  Gb  main.o [2]
FLASH_IRQHandler         0x800'c611         Code  Wk  startup_stm32f103xb.o [1]
FLASH_MassErase          0x800'6c85   0x1a  Code  Lc  stm32f1xx_hal_flash_ex.o [10]
FLASH_PageErase          0x800'6c9f   0x1c  Code  Gb  stm32f1xx_hal_flash_ex.o [10]
FLASH_Program_HalfWord   0x800'6b2b   0x16  Code  Lc  stm32f1xx_hal_flash.o [10]
FLASH_SetErrorCode       0x800'6b91   0x44  Code  Lc  stm32f1xx_hal_flash.o [10]
FLASH_WaitForLastOperation
                         0x800'6b41   0x50  Code  Gb  stm32f1xx_hal_flash.o [10]
FS_Desc                 0x2000'0140   0x1c  Data  Gb  usbd_desc.o [3]
HAL_ADC_ConfigChannel    0x800'5139   0xe6  Code  Gb  stm32f1xx_hal_adc.o [10]
HAL_ADC_GetValue         0x800'5133    0x6  Code  Gb  stm32f1xx_hal_adc.o [10]
HAL_ADC_Init             0x800'4dfd   0xf4  Code  Gb  stm32f1xx_hal_adc.o [10]
HAL_ADC_MspInit          0x800'4a4b   0x52  Code  Gb  adc.o [2]
HAL_ADC_PollForConversion
                         0x800'4f3b  0x152  Code  Gb  stm32f1xx_hal_adc.o [10]
HAL_ADC_Start            0x800'4ef1   0x4a  Code  Gb  stm32f1xx_hal_adc.o [10]
HAL_DMA_Abort            0x800'343b   0x4a  Code  Gb  stm32f1xx_hal_dma.o [10]
HAL_DMA_Abort_IT         0x800'3485   0x9a  Code  Gb  stm32f1xx_hal_dma.o [10]
HAL_DMA_GetState         0x800'3545    0x6  Code  Gb  stm32f1xx_hal_dma.o [10]
HAL_DMA_Init             0x800'3359   0x64  Code  Gb  stm32f1xx_hal_dma.o [10]
HAL_DMA_Start_IT         0x800'33bd   0x7e  Code  Gb  stm32f1xx_hal_dma.o [10]
HAL_Delay                0x800'55a5   0x28  Code  Wk  stm32f1xx_hal.o [10]
HAL_FLASHEx_Erase        0x800'6bf1   0x94  Code  Gb  stm32f1xx_hal_flash_ex.o [10]
HAL_FLASH_Lock           0x800'6b1b    0xa  Code  Gb  stm32f1xx_hal_flash.o [10]
HAL_FLASH_Program        0x800'6a85   0x76  Code  Gb  stm32f1xx_hal_flash.o [10]
HAL_FLASH_Unlock         0x800'6afb   0x20  Code  Gb  stm32f1xx_hal_flash.o [10]
HAL_GPIO_Init            0x800'38a5  0x19c  Code  Gb  stm32f1xx_hal_gpio.o [10]
HAL_GPIO_WritePin        0x800'3a41    0x8  Code  Gb  stm32f1xx_hal_gpio.o [10]
HAL_GetTick              0x800'3341    0xc  Code  Wk  stm32f1xx_hal.o [10]
HAL_I2C_AbortCpltCallback
                         0x800'3573    0x2  Code  Wk  stm32f1xx_hal_i2c.o [10]
HAL_I2C_AddrCallback     0x800'3357    0x2  Code  Wk  stm32f1xx_hal_i2c.o [10]
HAL_I2C_EV_IRQHandler    0x800'1ea7  0x6d6  Code  Gb  stm32f1xx_hal_i2c.o [10]
HAL_I2C_ErrorCallback    0x800'3351    0x2  Code  Wk  stm32f1xx_hal_i2c.o [10]
HAL_I2C_Init             0x800'18ed  0x12e  Code  Gb  stm32f1xx_hal_i2c.o [10]
HAL_I2C_ListenCpltCallback
                         0x800'356f    0x2  Code  Wk  stm32f1xx_hal_i2c.o [10]
HAL_I2C_MasterRxCpltCallback
                         0x800'3355    0x2  Code  Wk  stm32f1xx_hal_i2c.o [10]
HAL_I2C_MasterTxCpltCallback
                         0x800'334f    0x2  Code  Wk  stm32f1xx_hal_i2c.o [10]
HAL_I2C_MemRxCpltCallback
                         0x800'3353    0x2  Code  Wk  stm32f1xx_hal_i2c.o [10]
HAL_I2C_MemTxCpltCallback
                         0x800'334d    0x2  Code  Wk  stm32f1xx_hal_i2c.o [10]
HAL_I2C_Mem_Read         0x800'1bd1  0x1b2  Code  Gb  stm32f1xx_hal_i2c.o [10]
HAL_I2C_Mem_Write        0x800'1a91   0xe2  Code  Gb  stm32f1xx_hal_i2c.o [10]
HAL_I2C_MspInit          0x800'2de9   0x66  Code  Gb  i2c.o [2]
HAL_I2C_SlaveRxCpltCallback
                         0x800'356d    0x2  Code  Wk  stm32f1xx_hal_i2c.o [10]
HAL_I2C_SlaveTxCpltCallback
                         0x800'3571    0x2  Code  Wk  stm32f1xx_hal_i2c.o [10]
HAL_IncTick              0x800'c401   0x10  Code  Wk  stm32f1xx_hal.o [10]
HAL_Init                 0x800'4635   0x20  Code  Gb  stm32f1xx_hal.o [10]
HAL_InitTick             0x800'3b41   0x40  Code  Wk  stm32f1xx_hal.o [10]
HAL_MspInit              0x800'5dd9   0x44  Code  Gb  stm32f1xx_hal_msp.o [2]
HAL_NVIC_EnableIRQ       0x800'3aeb   0x16  Code  Gb  stm32f1xx_hal_cortex.o [10]
HAL_NVIC_SetPriority     0x800'3ab1   0x3a  Code  Gb  stm32f1xx_hal_cortex.o [10]
HAL_NVIC_SetPriorityGrouping
                         0x800'3a97   0x1a  Code  Gb  stm32f1xx_hal_cortex.o [10]
HAL_PCDEx_PMAConfig      0x800'b2f3   0x34  Code  Gb  stm32f1xx_hal_pcd_ex.o [10]
HAL_PCDEx_SetConnectionState
                         0x800'9603    0x2  Code  Gb  usbd_conf.o [4]
HAL_PCD_DataInStageCallback
                         0x800'9475   0x12  Code  Gb  usbd_conf.o [4]
HAL_PCD_DataOutStageCallback
                         0x800'9461   0x14  Code  Gb  usbd_conf.o [4]
HAL_PCD_EP_Close         0x800'b1a3   0x1c  Code  Gb  stm32f1xx_hal_pcd.o [10]
HAL_PCD_EP_ClrStall      0x800'b297   0x2e  Code  Gb  stm32f1xx_hal_pcd.o [10]
HAL_PCD_EP_GetRxCount    0x800'b1ef   0x10  Code  Gb  stm32f1xx_hal_pcd.o [10]
HAL_PCD_EP_Open          0x800'b153   0x50  Code  Gb  stm32f1xx_hal_pcd.o [10]
HAL_PCD_EP_Receive       0x800'b1cb   0x24  Code  Gb  stm32f1xx_hal_pcd.o [10]
HAL_PCD_EP_SetStall      0x800'b231   0x66  Code  Gb  stm32f1xx_hal_pcd.o [10]
HAL_PCD_EP_Transmit      0x800'b1ff   0x28  Code  Gb  stm32f1xx_hal_pcd.o [10]
HAL_PCD_IRQHandler       0x800'a93d  0x674  Code  Gb  stm32f1xx_hal_pcd.o [10]
HAL_PCD_Init             0x800'a859   0xaa  Code  Gb  stm32f1xx_hal_pcd.o [10]
HAL_PCD_MspInit          0x800'9421   0x34  Code  Gb  usbd_conf.o [4]
HAL_PCD_ResetCallback    0x800'948f   0x24  Code  Gb  usbd_conf.o [4]
HAL_PCD_ResumeCallback   0x800'94cf    0x8  Code  Gb  usbd_conf.o [4]
HAL_PCD_SOFCallback      0x800'9487    0x8  Code  Gb  usbd_conf.o [4]
HAL_PCD_SetAddress       0x800'b137   0x1c  Code  Gb  stm32f1xx_hal_pcd.o [10]
HAL_PCD_SetupStageCallback
                         0x800'9455    0xc  Code  Gb  usbd_conf.o [4]
HAL_PCD_Start            0x800'a91b   0x1a  Code  Gb  stm32f1xx_hal_pcd.o [10]
HAL_PCD_SuspendCallback
                         0x800'94b3   0x1c  Code  Gb  usbd_conf.o [4]
HAL_RCCEx_GetPeriphCLKFreq
                         0x800'5b31   0xac  Code  Gb  stm32f1xx_hal_rcc_ex.o [10]
HAL_RCCEx_GetPeriphCLKFreq::aPLLMULFactorTable
                         0x800'5bf4   0x10  Data  Lc  stm32f1xx_hal_rcc_ex.o [10]
HAL_RCCEx_GetPeriphCLKFreq::aPredivFactorTable
                         0x800'5c04    0x2  Data  Lc  stm32f1xx_hal_rcc_ex.o [10]
HAL_RCCEx_PeriphCLKConfig
                         0x800'5a55   0xda  Code  Gb  stm32f1xx_hal_rcc_ex.o [10]
HAL_RCC_ClockConfig      0x800'3179   0xf4  Code  Gb  stm32f1xx_hal_rcc.o [10]
HAL_RCC_GetPCLK1Freq     0x800'32bb   0x10  Code  Gb  stm32f1xx_hal_rcc.o [10]
HAL_RCC_GetPCLK2Freq     0x800'32cb    0xe  Code  Gb  stm32f1xx_hal_rcc.o [10]
HAL_RCC_GetSysClockFreq
                         0x800'3281   0x3a  Code  Gb  stm32f1xx_hal_rcc.o [10]
HAL_RCC_GetSysClockFreq::aPLLMULFactorTable
                         0x800'3310   0x10  Data  Lc  stm32f1xx_hal_rcc.o [10]
HAL_RCC_GetSysClockFreq::aPredivFactorTable
                         0x800'3320    0x2  Data  Lc  stm32f1xx_hal_rcc.o [10]
HAL_RCC_OscConfig        0x800'2e65  0x30c  Code  Gb  stm32f1xx_hal_rcc.o [10]
HAL_SPI_ErrorCallback    0x800'941d    0x2  Code  Wk  stm32f1xx_hal_spi.o [10]
HAL_SPI_IRQHandler       0x800'6067   0xec  Code  Gb  stm32f1xx_hal_spi.o [10]
HAL_SPI_Init             0x800'5e1d   0xaa  Code  Gb  stm32f1xx_hal_spi.o [10]
HAL_SPI_MspInit          0x800'47eb   0x9e  Code  Gb  spi.o [2]
HAL_SPI_Transmit         0x800'5ec7  0x142  Code  Gb  stm32f1xx_hal_spi.o [10]
HAL_SYSTICK_Config       0x800'3b01   0x22  Code  Gb  stm32f1xx_hal_cortex.o [10]
HAL_TIMEx_MasterConfigSynchronization
                         0x800'6a21   0x56  Code  Gb  stm32f1xx_hal_tim_ex.o [10]
HAL_TIM_Base_Init        0x800'67ad   0x1a  Code  Gb  stm32f1xx_hal_tim.o [10]
HAL_TIM_Base_MspInit     0x800'4b15   0x22  Code  Gb  tim.o [2]
HAL_TIM_Base_Start       0x800'67c7   0x4c  Code  Gb  stm32f1xx_hal_tim.o [10]
HAL_TIM_Base_Stop        0x800'6813   0x16  Code  Gb  stm32f1xx_hal_tim.o [10]
HAL_TIM_ConfigClockSource
                         0x800'687d   0xaa  Code  Gb  stm32f1xx_hal_tim.o [10]
HAL_UARTEx_ReceiveToIdle_DMA
                         0x800'3ee1   0x24  Code  Gb  stm32f1xx_hal_uart.o [10]
HAL_UARTEx_RxEventCallback
                         0x800'3575   0x2c  Code  Gb  main.o [2]
HAL_UART_ErrorCallback   0x800'5dcf    0x2  Code  Wk  stm32f1xx_hal_uart.o [10]
HAL_UART_IRQHandler      0x800'3f6d  0x28e  Code  Gb  stm32f1xx_hal_uart.o [10]
HAL_UART_Init            0x800'3dc1   0x1e  Code  Gb  stm32f1xx_hal_uart.o [10]
HAL_UART_MspInit         0x800'48eb   0xa6  Code  Gb  usart.o [2]
HAL_UART_RxCpltCallback
                         0x800'5dd3    0x2  Code  Wk  stm32f1xx_hal_uart.o [10]
HAL_UART_RxHalfCpltCallback
                         0x800'5dd5    0x2  Code  Wk  stm32f1xx_hal_uart.o [10]
HAL_UART_Transmit        0x800'3e3f   0x9a  Code  Gb  stm32f1xx_hal_uart.o [10]
HAL_UART_TxCpltCallback
                         0x800'5dd1    0x2  Code  Wk  stm32f1xx_hal_uart.o [10]
HardFault_Handler        0x800'c3bb    0x2  Code  Gb  stm32f1xx_it.o [2]
I2C1_ER_IRQHandler       0x800'c679         Code  Wk  startup_stm32f103xb.o [1]
I2C1_EV_IRQHandler       0x800'c3d3    0x6  Code  Gb  stm32f1xx_it.o [2]
I2C2_ER_IRQHandler       0x800'c681         Code  Wk  startup_stm32f103xb.o [1]
I2C2_EV_IRQHandler       0x800'c67d         Code  Wk  startup_stm32f103xb.o [1]
I2C_DMAAbort             0x800'2a01   0xce  Code  Lc  stm32f1xx_hal_i2c.o [10]
I2C_Flush_DR             0x800'1a27    0xe  Code  Lc  stm32f1xx_hal_i2c.o [10]
I2C_ITError              0x800'2749   0xf2  Code  Lc  stm32f1xx_hal_i2c.o [10]
I2C_IsAcknowledgeFailed
                         0x800'2d09   0x32  Code  Lc  stm32f1xx_hal_i2c.o [10]
I2C_MemoryTransmit_TXE_BTF
                         0x800'268d   0xbc  Code  Lc  stm32f1xx_hal_i2c.o [10]
I2C_RequestMemoryRead    0x800'2919   0xb6  Code  Lc  stm32f1xx_hal_i2c.o [10]
I2C_RequestMemoryWrite   0x800'287b   0x8c  Code  Lc  stm32f1xx_hal_i2c.o [10]
I2C_WaitOnBTFFlagUntilTimeout
                         0x800'2c55   0x44  Code  Lc  stm32f1xx_hal_i2c.o [10]
I2C_WaitOnFlagUntilTimeout
                         0x800'2ad9   0x68  Code  Lc  stm32f1xx_hal_i2c.o [10]
I2C_WaitOnMasterAddressFlagUntilTimeout
                         0x800'2b41   0x9a  Code  Lc  stm32f1xx_hal_i2c.o [10]
I2C_WaitOnRXNEFlagUntilTimeout
                         0x800'2cb3   0x56  Code  Lc  stm32f1xx_hal_i2c.o [10]
I2C_WaitOnTXEFlagUntilTimeout
                         0x800'2c11   0x44  Code  Lc  stm32f1xx_hal_i2c.o [10]
IntToUnicode             0x800'c289   0x26  Code  Lc  usbd_desc.o [3]
LoadParameters           0x800'4d05   0x48  Code  Gb  parameter.o [13]
MPU6050ReadAcc           0x800'53df   0x34  Code  Gb  MPU6050.o [8]
MPU6050ReadID            0x800'53b5   0x2a  Code  Gb  MPU6050.o [8]
MPU6050_GetDirection     0x800'541f   0xf4  Code  Gb  MPU6050.o [8]
MPU6050_Init             0x800'5365   0x50  Code  Gb  MPU6050.o [8]
MPU6050_ReadData         0x800'534d   0x18  Code  Gb  MPU6050.o [8]
MPU6050_WriteReg         0x800'532d   0x20  Code  Gb  MPU6050.o [8]
MX_ADC1_Init             0x800'49fd   0x4e  Code  Gb  adc.o [2]
MX_DMA_Init              0x800'4771   0x20  Code  Gb  dma.o [2]
MX_GPIO_Init             0x800'4659   0xe8  Code  Gb  gpio.o [2]
MX_I2C1_Init             0x800'2db9   0x30  Code  Gb  i2c.o [2]
MX_SPI1_Init             0x800'4791   0x18  Code  Gb  spi.o [2]
MX_SPI2_Init             0x800'47a9   0x18  Code  Gb  spi.o [2]
MX_TIM3_Init             0x800'4aad   0x68  Code  Gb  tim.o [2]
MX_USART1_UART_Init      0x800'48bd   0x2e  Code  Gb  usart.o [2]
MX_USB_DEVICE_Init       0x800'49a9   0x54  Code  Gb  usb_device.o [3]
Max7219_Display          0x800'4caf   0x46  Code  Gb  MAX7219.o [7]
Max7219_DisplayNromal    0x800'4cf5    0x6  Code  Gb  MAX7219.o [7]
Max7219_Init             0x800'4b7d   0x5a  Code  Gb  MAX7219.o [7]
Max7219_RotateData       0x800'4bff   0xb0  Code  Gb  MAX7219.o [7]
Max7219_TurnOffAll       0x800'4bd7   0x1c  Code  Gb  MAX7219.o [7]
Max7219_WriteReg         0x800'4b45   0x38  Code  Gb  MAX7219.o [7]
MemManage_Handler        0x800'c3bd    0x2  Code  Gb  stm32f1xx_it.o [2]
NMI_Handler              0x800'c3b9    0x2  Code  Gb  stm32f1xx_it.o [2]
PVD_IRQHandler           0x800'c605         Code  Wk  startup_stm32f103xb.o [1]
PendSV_Handler           0x800'c3c7    0x2  Code  Gb  stm32f1xx_it.o [2]
RCC_IRQHandler           0x800'c615         Code  Wk  startup_stm32f103xb.o [1]
RTC_Alarm_IRQHandler     0x800'c691         Code  Wk  startup_stm32f103xb.o [1]
RTC_IRQHandler           0x800'c60d         Code  Wk  startup_stm32f103xb.o [1]
Region$$Table$$Base      0x800'c560          --   Gb  - Linker created -
Region$$Table$$Limit     0x800'c580          --   Gb  - Linker created -
Reset_Handler            0x800'c5e9         Code  Wk  startup_stm32f103xb.o [1]
Runtime_Init             0x800'4dcd    0x2  Code  Gb  Runtime.o [9]
Runtime_Start            0x800'4ddb    0xc  Code  Gb  Runtime.o [9]
Runtime_Stop             0x800'4de7   0x10  Code  Gb  Runtime.o [9]
SPI1_IRQHandler          0x800'c3d9    0x6  Code  Gb  stm32f1xx_it.o [2]
SPI2_IRQHandler          0x800'c3df    0x6  Code  Gb  stm32f1xx_it.o [2]
SPI_DMAAbortOnError      0x800'6155    0xe  Code  Lc  stm32f1xx_hal_spi.o [10]
SPI_EndRxTxTransaction   0x800'623d   0x18  Code  Lc  stm32f1xx_hal_spi.o [10]
SPI_WaitFlagStateUntilTimeout
                         0x800'617d   0xb4  Code  Lc  stm32f1xx_hal_spi.o [10]
SVC_Handler              0x800'c3c3    0x2  Code  Gb  stm32f1xx_it.o [2]
Sand_GetDownLed          0x800'57fb    0xc  Code  Gb  SandMove.o [11]
Sand_GetLoopCoord        0x800'5671   0xe6  Code  Gb  SandMove.o [11]
Sand_GetTarget           0x800'576d   0x82  Code  Gb  SandMove.o [11]
Sand_GetUpLed            0x800'57ef    0xc  Code  Gb  SandMove.o [11]
Sand_IsDownVertex        0x800'5807   0x22  Code  Gb  SandMove.o [11]
Sand_MoveToTarget        0x800'58b9   0x74  Code  Gb  SandMove.o [11]
Sand_TargetIsEmpty       0x800'5829   0x84  Code  Gb  SandMove.o [11]
Sand_UpdateScreen        0x800'592d   0xde  Code  Gb  SandMove.o [11]
SaveParameters           0x800'4d57   0x68  Code  Gb  parameter.o [13]
SaveParameters::EraseInitStruct
                        0x2000'18d0   0x10  Data  Lc  parameter.o [13]
SysTick_Handler          0x800'c3c9    0x4  Code  Gb  stm32f1xx_it.o [2]
SystemClock_Config       0x800'37f9   0x8a  Code  Gb  main.o [2]
SystemCoreClock         0x2000'001c    0x4  Data  Gb  system_stm32f1xx.o [6]
SystemInit               0x800'c485    0x2  Code  Gb  system_stm32f1xx.o [6]
TAMPER_IRQHandler        0x800'c609         Code  Wk  startup_stm32f103xb.o [1]
TIM1_BRK_IRQHandler      0x800'c65d         Code  Wk  startup_stm32f103xb.o [1]
TIM1_CC_IRQHandler       0x800'c669         Code  Wk  startup_stm32f103xb.o [1]
TIM1_TRG_COM_IRQHandler
                         0x800'c665         Code  Wk  startup_stm32f103xb.o [1]
TIM1_UP_IRQHandler       0x800'c661         Code  Wk  startup_stm32f103xb.o [1]
TIM2_IRQHandler          0x800'c66d         Code  Wk  startup_stm32f103xb.o [1]
TIM3_IRQHandler          0x800'c671         Code  Wk  startup_stm32f103xb.o [1]
TIM4_IRQHandler          0x800'c675         Code  Wk  startup_stm32f103xb.o [1]
TIM_Base_SetConfig       0x800'6941   0x5e  Code  Gb  stm32f1xx_hal_tim.o [10]
TIM_ETR_SetConfig        0x800'6a07   0x14  Code  Gb  stm32f1xx_hal_tim.o [10]
TIM_ITRx_SetConfig       0x800'69f7   0x10  Code  Lc  stm32f1xx_hal_tim.o [10]
TIM_TI1_ConfigInputStage
                         0x800'69b5   0x1e  Code  Lc  stm32f1xx_hal_tim.o [10]
TIM_TI2_ConfigInputStage
                         0x800'69d3   0x24  Code  Lc  stm32f1xx_hal_tim.o [10]
UART_DMAAbortOnError     0x800'44c5    0xe  Code  Lc  stm32f1xx_hal_uart.o [10]
UART_DMAError            0x800'42dd   0x4a  Code  Lc  stm32f1xx_hal_uart.o [10]
UART_DMAReceiveCplt      0x800'4217   0x4c  Code  Lc  stm32f1xx_hal_uart.o [10]
UART_DMARxHalfCplt       0x800'42c3   0x18  Code  Lc  stm32f1xx_hal_uart.o [10]
UART_EndRxTransfer       0x800'448d   0x36  Code  Lc  stm32f1xx_hal_uart.o [10]
UART_EndTxTransfer       0x800'4459   0x18  Code  Lc  stm32f1xx_hal_uart.o [10]
UART_Receive_IT          0x800'44d5   0xb4  Code  Lc  stm32f1xx_hal_uart.o [10]
UART_SetConfig           0x800'45a5   0x78  Code  Lc  stm32f1xx_hal_uart.o [10]
UART_Start_Receive_DMA   0x800'43bd   0x7a  Code  Gb  stm32f1xx_hal_uart.o [10]
UART_WaitOnFlagUntilTimeout
                         0x800'4327   0x5e  Code  Lc  stm32f1xx_hal_uart.o [10]
USART1_IRQHandler        0x800'c3e5    0x6  Code  Gb  stm32f1xx_it.o [2]
USART2_IRQHandler        0x800'c685         Code  Wk  startup_stm32f103xb.o [1]
USART3_IRQHandler        0x800'c689         Code  Wk  startup_stm32f103xb.o [1]
USBD_CDC                0x2000'002c   0x38  Data  Gb  usbd_cdc.o [14]
USBD_CDC_CfgFSDesc      0x2000'00a8   0x44  Data  Gb  usbd_cdc.o [14]
USBD_CDC_CfgHSDesc      0x2000'0064   0x44  Data  Gb  usbd_cdc.o [14]
USBD_CDC_DataIn          0x800'6661   0x4a  Code  Lc  usbd_cdc.o [14]
USBD_CDC_DataOut         0x800'66ab   0x2a  Code  Lc  usbd_cdc.o [14]
USBD_CDC_DeInit          0x800'6575   0x44  Code  Lc  usbd_cdc.o [14]
USBD_CDC_DeviceQualifierDesc
                        0x2000'0020    0xc  Data  Lc  usbd_cdc.o [14]
USBD_CDC_EP0_RxReady     0x800'66d5   0x26  Code  Lc  usbd_cdc.o [14]
USBD_CDC_GetDeviceQualifierDescriptor
                         0x800'6713    0x8  Code  Gb  usbd_cdc.o [14]
USBD_CDC_GetFSCfgDesc    0x800'66fb    0x8  Code  Lc  usbd_cdc.o [14]
USBD_CDC_GetHSCfgDesc    0x800'6703    0x8  Code  Lc  usbd_cdc.o [14]
USBD_CDC_GetOtherSpeedCfgDesc
                         0x800'670b    0x8  Code  Lc  usbd_cdc.o [14]
USBD_CDC_Init            0x800'64e1   0x8a  Code  Lc  usbd_cdc.o [14]
USBD_CDC_OtherSpeedCfgDesc
                        0x2000'00ec   0x44  Data  Gb  usbd_cdc.o [14]
USBD_CDC_ReceivePacket   0x800'6787   0x26  Code  Gb  usbd_cdc.o [14]
USBD_CDC_RegisterInterface
                         0x800'672d    0xe  Code  Gb  usbd_cdc.o [14]
USBD_CDC_SetRxBuffer     0x800'674b    0xc  Code  Gb  usbd_cdc.o [14]
USBD_CDC_SetTxBuffer     0x800'673b   0x10  Code  Gb  usbd_cdc.o [14]
USBD_CDC_Setup           0x800'65b9   0xa8  Code  Lc  usbd_cdc.o [14]
USBD_CDC_TransmitPacket
                         0x800'6757   0x30  Code  Gb  usbd_cdc.o [14]
USBD_ClrClassConfig      0x800'62bb    0xa  Code  Gb  usbd_core.o [14]
USBD_CtlContinueRx       0x800'9aab    0x4  Code  Gb  usbd_ioreq.o [14]
USBD_CtlContinueSendData
                         0x800'9a87    0x4  Code  Gb  usbd_ioreq.o [14]
USBD_CtlError            0x800'9a1b   0x16  Code  Gb  usbd_ctlreq.o [14]
USBD_CtlPrepareRx        0x800'9a97   0x14  Code  Gb  usbd_ioreq.o [14]
USBD_CtlReceiveStatus    0x800'9ac9    0xe  Code  Gb  usbd_ioreq.o [14]
USBD_CtlSendData         0x800'9a77   0x10  Code  Gb  usbd_ioreq.o [14]
USBD_CtlSendStatus       0x800'9abb    0xe  Code  Gb  usbd_ioreq.o [14]
USBD_FS_ConfigStrDescriptor
                         0x800'c255    0xc  Code  Gb  usbd_desc.o [3]
USBD_FS_DeviceDesc      0x2000'015c   0x14  Data  Gb  usbd_desc.o [3]
USBD_FS_DeviceDescriptor
                         0x800'c1f9    0x8  Code  Gb  usbd_desc.o [3]
USBD_FS_InterfaceStrDescriptor
                         0x800'c27d    0xc  Code  Gb  usbd_desc.o [3]
USBD_FS_LangIDStrDescriptor
                         0x800'c201    0x8  Code  Gb  usbd_desc.o [3]
USBD_FS_ManufacturerStrDescriptor
                         0x800'c215    0xa  Code  Gb  usbd_desc.o [3]
USBD_FS_ProductStrDescriptor
                         0x800'c209    0xc  Code  Gb  usbd_desc.o [3]
USBD_FS_SerialStrDescriptor
                         0x800'c229   0x2c  Code  Gb  usbd_desc.o [3]
USBD_GetString           0x800'9a31   0x46  Code  Gb  usbd_ctlreq.o [14]
USBD_Get_USB_Status      0x800'9605   0x12  Code  Lc  usbd_conf.o [4]
USBD_Init                0x800'6265   0x26  Code  Gb  usbd_core.o [14]
USBD_Interface_fops_FS  0x2000'0130   0x10  Data  Gb  usbd_cdc_if.o [3]
USBD_LL_ClearStallEP     0x800'958f    0xc  Code  Gb  usbd_conf.o [4]
USBD_LL_CloseEP          0x800'9577    0xc  Code  Gb  usbd_conf.o [4]
USBD_LL_DataInStage      0x800'639b   0xae  Code  Gb  usbd_core.o [14]
USBD_LL_DataOutStage     0x800'6319   0x7a  Code  Gb  usbd_core.o [14]
USBD_LL_GetRxDataSize    0x800'95dd    0x8  Code  Gb  usbd_conf.o [4]
USBD_LL_Init             0x800'94d7   0x7a  Code  Gb  usbd_conf.o [4]
USBD_LL_IsStallEP        0x800'959b   0x1e  Code  Gb  usbd_conf.o [4]
USBD_LL_OpenEP           0x800'9561   0x16  Code  Gb  usbd_conf.o [4]
USBD_LL_PrepareReceive   0x800'95d1    0xc  Code  Gb  usbd_conf.o [4]
USBD_LL_Reset            0x800'6449   0x52  Code  Gb  usbd_core.o [14]
USBD_LL_Resume           0x800'64b1   0x12  Code  Gb  usbd_core.o [14]
USBD_LL_SOF              0x800'64c3   0x18  Code  Gb  usbd_core.o [14]
USBD_LL_SetSpeed         0x800'649b    0x6  Code  Gb  usbd_core.o [14]
USBD_LL_SetUSBAddress    0x800'95b9    0xc  Code  Gb  usbd_conf.o [4]
USBD_LL_SetupStage       0x800'62c5   0x54  Code  Gb  usbd_core.o [14]
USBD_LL_StallEP          0x800'9583    0xc  Code  Gb  usbd_conf.o [4]
USBD_LL_Start            0x800'9551    0xa  Code  Gb  usbd_conf.o [4]
USBD_LL_Suspend          0x800'64a1   0x10  Code  Gb  usbd_core.o [14]
USBD_LL_Transmit         0x800'95c5    0xc  Code  Gb  usbd_conf.o [4]
USBD_LangIDDesc         0x2000'0170    0x4  Data  Gb  usbd_desc.o [3]
USBD_ParseSetupRequest   0x800'99f3   0x28  Code  Gb  usbd_ctlreq.o [14]
USBD_RegisterClass       0x800'628b   0x10  Code  Gb  usbd_core.o [14]
USBD_SetClassConfig      0x800'62a5   0x16  Code  Gb  usbd_core.o [14]
USBD_SetConfig::cfgidx  0x2000'18e8    0x1  Data  Lc  usbd_ctlreq.o [14]
USBD_Start               0x800'629b    0xa  Code  Gb  usbd_core.o [14]
USBD_StdDevReq           0x800'9619  0x268  Code  Gb  usbd_ctlreq.o [14]
USBD_StdEPReq            0x800'98d1  0x11a  Code  Gb  usbd_ctlreq.o [14]
USBD_StdItfReq           0x800'9885   0x4c  Code  Gb  usbd_ctlreq.o [14]
USBD_StrDesc            0x2000'1234  0x200  Data  Gb  usbd_desc.o [3]
USBD_StringSerial       0x2000'0174   0x1c  Data  Gb  usbd_desc.o [3]
USBD_static_free         0x800'9601    0x2  Code  Gb  usbd_conf.o [4]
USBD_static_malloc       0x800'95e5    0x4  Code  Gb  usbd_conf.o [4]
USBD_static_malloc::mem
                        0x2000'1014  0x220  Data  Lc  usbd_conf.o [4]
USBWakeUp_IRQHandler     0x800'c695         Code  Wk  startup_stm32f103xb.o [1]
USB_ActivateEndpoint     0x800'b865  0x286  Code  Gb  stm32f1xx_ll_usb.o [10]
USB_CoreInit             0x800'b825    0x4  Code  Gb  stm32f1xx_ll_usb.o [10]
USB_DeactivateEndpoint   0x800'baeb  0x110  Code  Gb  stm32f1xx_ll_usb.o [10]
USB_DevConnect           0x800'c17d    0x4  Code  Gb  stm32f1xx_ll_usb.o [10]
USB_DevDisconnect        0x800'c181    0x4  Code  Gb  stm32f1xx_ll_usb.o [10]
USB_DevInit              0x800'b849   0x14  Code  Gb  stm32f1xx_ll_usb.o [10]
USB_DisableGlobalInt     0x800'b839    0xc  Code  Gb  stm32f1xx_ll_usb.o [10]
USB_EP0_OutStart         0x800'c18b    0x4  Code  Gb  stm32f1xx_ll_usb.o [10]
USB_EPClearStall         0x800'c0f7   0x7a  Code  Gb  stm32f1xx_ll_usb.o [10]
USB_EPSetStall           0x800'c0c5   0x32  Code  Gb  stm32f1xx_ll_usb.o [10]
USB_EPStartXfer          0x800'bbfb  0x442  Code  Gb  stm32f1xx_ll_usb.o [10]
USB_EnableGlobalInt      0x800'b829   0x10  Code  Gb  stm32f1xx_ll_usb.o [10]
USB_HP_CAN1_TX_IRQHandler
                         0x800'c64d         Code  Wk  startup_stm32f103xb.o [1]
USB_LP_CAN1_RX0_IRQHandler
                         0x800'c3cd    0x6  Code  Gb  stm32f1xx_it.o [2]
USB_ReadInterrupts       0x800'c185    0x6  Code  Gb  stm32f1xx_ll_usb.o [10]
USB_ReadPMA              0x800'c1bd   0x28  Code  Gb  stm32f1xx_ll_usb.o [10]
USB_SetCurrentMode       0x800'b845    0x4  Code  Gb  stm32f1xx_ll_usb.o [10]
USB_SetDevAddress        0x800'c171    0xc  Code  Gb  stm32f1xx_ll_usb.o [10]
USB_WritePMA             0x800'c199   0x24  Code  Gb  stm32f1xx_ll_usb.o [10]
Uart_Buffer             0x2000'1434  0x100  Data  Gb  main.o [2]
UsageFault_Handler       0x800'c3c1    0x2  Code  Gb  stm32f1xx_it.o [2]
UserRxBufferFS          0x2000'0260  0x400  Data  Gb  usbd_cdc_if.o [3]
UserTxBufferFS          0x2000'0660  0x400  Data  Gb  usbd_cdc_if.o [3]
WWDG_IRQHandler          0x800'c601         Code  Wk  startup_stm32f103xb.o [1]
_Get                     0x800'86a5   0x12  Code  Lc  xscanffull_nomb.o [15]
_GetN                    0x800'86b7   0x22  Code  Lc  xscanffull_nomb.o [15]
_GetstrFullNoMb          0x800'9211  0x19e  Code  Lc  xscanffull_nomb.o [15]
_LC                      0x800'77f9    0x6  Code  Lc  xprintffull_nomb.o [15]
_LitobFullNoMb           0x800'84c1  0x114  Code  Lc  xprintffull_nomb.o [15]
_LocaleC_isalpha         0x800'a05f    0xc  Code  Gb  xlocale_c.o [15]
_LocaleC_islower         0x800'a059    0x4  Code  Gb  xlocale_c.o [15]
_LocaleC_isspace         0x800'a075   0x14  Code  Gb  xlocale_c.o [15]
_LocaleC_isupper         0x800'a05d    0x2  Code  Gb  xlocale_c.o [15]
_LocaleC_tolower         0x800'a089    0xc  Code  Gb  xlocale_c.o [15]
_Locale_lconv           0x2000'0198   0x38  Data  Lc  xlocale_c.o [15]
_PrintfFullNoMb          0x800'77ff  0xc92  Code  Gb  xprintffull_nomb.o [15]
_Prout                   0x800'c5d1   0x16  Code  Gb  xprout.o [15]
_PutcharsFullNoMb        0x800'862d   0x2e  Code  Lc  xprintffull_nomb.o [15]
_Rand_idx               0x2000'1654    0x4  Data  Lc  rand.o [15]
_Rand_rv                0x2000'15d4   0x80  Data  Lc  rand.o [15]
_Randinit               0x2000'0190    0x1  Data  Gb  rand.o [15]
_Randseed               0x2000'0194    0x4  Data  Gb  rand.o [15]
_SProut                  0x800'389b    0xa  Code  Gb  xsprout.o [15]
_SScin                   0x800'3323   0x1e  Code  Gb  xsscin.o [15]
_ScanfFullNoMb           0x800'86f5  0xac4  Code  Gb  xscanffull_nomb.o [15]
_UngetN                  0x800'86d9   0x1a  Code  Lc  xscanffull_nomb.o [15]
__NVIC_SetPriority       0x800'3a7d   0x1a  Code  Lc  stm32f1xx_hal_cortex.o [10]
__aeabi_cdcmple          0x800'9e19         Code  Gb  DblCmpLe.o [16]
__aeabi_cdrcmple         0x800'9e4d         Code  Gb  DblCmpGe.o [16]
__aeabi_cfrcmple         0x800'77b9         Code  Gb  FltCmpGe.o [16]
__aeabi_d2f              0x800'6f8d         Code  Gb  DblToFlt.o [16]
__aeabi_d2iz             0x800'9fbd         Code  Gb  DblToS32.o [16]
__aeabi_d2uiz            0x800'a019         Code  Gb  DblToU32.o [16]
__aeabi_dadd             0x800'73e9         Code  Gb  DblAddSub.o [16]
__aeabi_ddiv             0x800'71a1         Code  Gb  DblDiv.o [16]
__aeabi_dmul             0x800'6ff5         Code  Gb  DblMul.o [16]
__aeabi_dsub             0x800'7565         Code  Gb  DblAddSub.o [16]
__aeabi_f2d              0x800'6e29         Code  Gb  FltToDbl.o [16]
__aeabi_fadd             0x800'7649         Code  Gb  FltAddSub.o [16]
__aeabi_fdiv             0x800'6d11         Code  Gb  FltDiv.o [16]
__aeabi_fsub             0x800'7729         Code  Gb  FltAddSub.o [16]
__aeabi_i2d              0x800'9ff5         Code  Gb  S32ToDbl.o [16]
__aeabi_i2f              0x800'6ced         Code  Gb  S32ToFlt.o [16]
__aeabi_ldiv0            0x800'b32d         Code  Gb  I64DivZer.o [17]
__aeabi_llsr             0x800'9ad9         Code  Gb  U64Shr.o [17]
__aeabi_memclr4          0x800'3db9         Code  Gb  ABImemclr4.o [17]
__aeabi_memset           0x800'5c09         Code  Gb  ABImemset.o [17]
__aeabi_memset4          0x800'5d95         Code  Gb  ABImemset48.o [17]
__aeabi_memset8          0x800'5d95         Code  Gb  ABImemset48.o [17]
__aeabi_ui2d             0x800'a03d         Code  Gb  U32ToDbl.o [16]
__aeabi_uldivmod         0x800'a0a5         Code  Gb  I64DivMod.o [17]
__cmain                  0x800'c581         Code  Gb  cmain.o [17]
__exit                   0x800'c1e5   0x14  Code  Gb  exit.o [18]
__iar_Atan64             0x800'9af9  0x200  Code  Gb  iar_Atan64.o [16]
__iar_Fail_s             0x800'9d11   0x1c  Code  Gb  xfail_s.o [15]
__iar_Memchr             0x800'9d51         Code  Gb  memchr.o [17]
__iar_Memset             0x800'5c09         Code  Gb  ABImemset.o [17]
__iar_Memset4_word       0x800'5d9d         Code  Gb  ABImemset48.o [17]
__iar_Memset8_word       0x800'5d9d         Code  Gb  ABImemset48.o [17]
__iar_Memset_word        0x800'5c11         Code  Gb  ABImemset.o [17]
__iar_Stdout            0x2000'0218   0x48  Data  Gb  xfiles.o [15]
__iar_Sto64              0x800'a4c5  0x112  Code  Gb  strto64.o [16]
__iar_Stoflt             0x800'b451  0x1b8  Code  Gb  iar_Stoflt.o [15]
__iar_Stollx             0x800'a7ad   0xa4  Code  Gb  iar_Stollx.o [15]
__iar_Stopfx             0x800'b32f  0x122  Code  Gb  iar_Stopfx.o [15]
__iar_Stoullx            0x800'a5f9  0x1a4  Code  Gb  iar_Stoullx.o [15]
__iar_Stoxflt            0x800'b609  0x1d4  Code  Gb  iar_Stoxflt.o [15]
__iar_Stoxflt::digits    0x800'b7e0   0x18  Data  Lc  iar_Stoxflt.o [15]
__iar_Stoxflt::vals      0x800'b7f8   0x18  Data  Lc  iar_Stoxflt.o [15]
__iar_Strchr             0x800'9cf9         Code  Gb  strchr.o [17]
__iar_atan2_64           0x800'6e71  0x10e  Code  Gb  atan2_64.o [16]
__iar_data_init3         0x800'c539   0x28  Code  Gb  data_init.o [17]
__iar_frexp              0x800'9db5         Code  Gb  frexp.o [16]
__iar_frexp64            0x800'9da9         Code  Gb  frexp.o [16]
__iar_frexpl             0x800'9db5         Code  Gb  frexp.o [16]
__iar_globLocale        0x2000'01d0   0x48  Data  Lc  xlocale_c.o [15]
__iar_global_Locale      0x800'a095    0x4  Code  Gb  xlocale_c.o [15]
__iar_ldexp64            0x800'9e81         Code  Gb  ldexp.o [16]
__iar_lz77_init_single3
                         0x800'2d3b   0x7e  Code  Gb  lz77_init_single.o [17]
__iar_program_start      0x800'c5b5         Code  Gb  cstartup_M.o [17]
__iar_scalbln64          0x800'9e81         Code  Gb  ldexp.o [16]
__iar_scalbn64           0x800'9e81         Code  Gb  ldexp.o [16]
__iar_small_Memcpy       0x800'77e5         Code  Gb  ABImemcpy_small.o [17]
__iar_small_memcpy       0x800'77e1         Code  Gb  ABImemcpy_small.o [17]
__iar_small_memcpy4      0x800'77e1         Code  Gb  ABImemcpy_small.o [17]
__iar_small_memcpy8      0x800'77e1         Code  Gb  ABImemcpy_small.o [17]
__iar_small_strlen       0x800'5c71         Code  Gb  strlen_small.o [17]
__iar_zero_init3         0x800'c4d9   0x38  Code  Gb  zero_init3.o [17]
__low_level_init         0x800'c59f    0x4  Code  Gb  low_level_init.o [15]
__vector_table           0x800'0000         Data  Gb  startup_stm32f103xb.o [1]
__write                  0x800'c455   0x30  Code  Gb  write.o [2]
_call_main               0x800'c58d         Code  Gb  cmain.o [17]
_exit                    0x800'c5a9         Code  Gb  cexit.o [17]
a                        0x800'c498   0x40  Data  Lc  iar_Atan64.o [16]
abort                    0x800'b327    0x6  Code  Gb  abort.o [15]
atan2                    0x800'6e71  0x10e  Code  Gb  atan2_64.o [16]
atan2l                   0x800'6e71  0x10e  Code  Gb  atan2_64.o [16]
com_printf               0x800'3b95   0x1a  Code  Gb  AT.o [5]
defaultParameters       0x2000'0000   0x10  Data  Gb  parameter.o [13]
digits                   0x800'c320   0x28  Data  Lc  iar_Stoullx.o [15]
exit                     0x800'c5a3    0x4  Code  Gb  exit.o [15]
flashPara               0x2000'18e0    0x4  Data  Gb  AT.o [5]
frexp                    0x800'9da9         Code  Gb  frexp.o [16]
frexpl                   0x800'9da9         Code  Gb  frexp.o [16]
hUsbDeviceFS            0x2000'0d50  0x2c4  Data  Gb  usb_device.o [3]
hadc1                   0x2000'1880   0x30  Data  Gb  adc.o [2]
hdma_usart1_rx          0x2000'183c   0x44  Data  Gb  usart.o [2]
hi2c1                   0x2000'1708   0x54  Data  Gb  i2c.o [2]
hpcd_USB_FS             0x2000'0a60  0x2f0  Data  Gb  usbd_conf.o [4]
hspi1                   0x2000'1658   0x58  Data  Gb  spi.o [2]
hspi2                   0x2000'16b0   0x58  Data  Gb  spi.o [2]
htim3                   0x2000'17ac   0x48  Data  Gb  tim.o [2]
huart1                  0x2000'17f4   0x48  Data  Gb  usart.o [2]
isalpha                  0x800'a2e9   0x14  Code  Gb  isalpha.o [15]
isspace                  0x800'a2d5   0x14  Code  Gb  isspace.o [15]
ldexp                    0x800'9e81         Code  Gb  ldexp.o [16]
ldexpl                   0x800'9e81         Code  Gb  ldexp.o [16]
ledScreen1              0x2000'1534   0x40  Data  Gb  main.o [2]
ledScreen2              0x2000'1574   0x40  Data  Gb  main.o [2]
ledScreenData1          0x2000'15b4    0x8  Data  Gb  main.o [2]
ledScreenData2          0x2000'15bc    0x8  Data  Gb  main.o [2]
localeconv               0x800'a099    0x4  Code  Gb  xlocale_c.o [15]
main                     0x800'35a1  0x20c  Code  Gb  main.o [2]
memchr                   0x800'9d51         Code  Gb  memchr.o [17]
memset                   0x800'3887   0x14  Code  Gb  memset.o [17]
ndigs                    0x800'c2f8   0x28  Data  Lc  iar_Stoullx.o [15]
obuf                    0x2000'175c   0x50  Data  Lc  xfiles.o [15]
pFlash                  0x2000'18b0   0x20  Data  Gb  stm32f1xx_hal_flash.o [10]
pows                     0x800'c370   0x48  Data  Lc  strto64.o [16]
printf                   0x800'6cc5   0x28  Code  Gb  printf.o [15]
putchar                  0x800'c411   0x44  Code  Gb  putchar.o [15]
rand                     0x800'55cd   0x8a  Code  Gb  rand.o [15]
ranmatch                 0x800'91cb   0x46  Code  Lc  xscanffull_nomb.o [15]
runPara                 0x2000'15c4   0x10  Data  Gb  main.o [2]
scalbln                  0x800'9e81         Code  Gb  ldexp.o [16]
scalblnl                 0x800'9e81         Code  Gb  ldexp.o [16]
scalbn                   0x800'9e81         Code  Gb  ldexp.o [16]
scalbnl                  0x800'9e81         Code  Gb  ldexp.o [16]
scale                    0x800'85d5   0x46  Code  Lc  xprintffull_nomb.o [15]
sec_hand                0x2000'18e4    0x4  Data  Lc  xfail_s.o [15]
sprintf                  0x800'5d19   0x40  Code  Gb  sprintf.o [15]
srand                    0x800'5657    0xa  Code  Gb  rand.o [15]
sscanf                   0x800'5d59   0x28  Code  Gb  sscanf.o [15]
strchr                   0x800'9cf9         Code  Gb  strchr.o [17]
strcmp                   0x800'5d81         Code  Gb  strcmp.o [17]
strtoll                  0x800'a851    0x2  Code  Gb  iar_Stollx.o [15]
strtoull                 0x800'a7a5    0x2  Code  Gb  iar_Stoullx.o [15]
tolower                  0x800'b811   0x14  Code  Gb  tolower.o [15]
usb_printf               0x800'3b81   0x14  Code  Gb  AT.o [5]
uwTick                  0x2000'0014    0x4  Data  Gb  stm32f1xx_hal.o [10]
uwTickFreq              0x2000'0010    0x1  Data  Gb  stm32f1xx_hal.o [10]
uwTickPrio              0x2000'0018    0x4  Data  Gb  stm32f1xx_hal.o [10]


[1] = E:\eHorglass\2.Firmware\eHorglass\EWARM\eHorglass\Obj\Application\EWARM
[2] = E:\eHorglass\2.Firmware\eHorglass\EWARM\eHorglass\Obj\Application\User\Core
[3] = E:\eHorglass\2.Firmware\eHorglass\EWARM\eHorglass\Obj\Application\User\USB_DEVICE\App
[4] = E:\eHorglass\2.Firmware\eHorglass\EWARM\eHorglass\Obj\Application\User\USB_DEVICE\Target
[5] = E:\eHorglass\2.Firmware\eHorglass\EWARM\eHorglass\Obj\Drivers\AT
[6] = E:\eHorglass\2.Firmware\eHorglass\EWARM\eHorglass\Obj\Drivers\CMSIS
[7] = E:\eHorglass\2.Firmware\eHorglass\EWARM\eHorglass\Obj\Drivers\MAX7219
[8] = E:\eHorglass\2.Firmware\eHorglass\EWARM\eHorglass\Obj\Drivers\MPU6050
[9] = E:\eHorglass\2.Firmware\eHorglass\EWARM\eHorglass\Obj\Drivers\Runtime
[10] = E:\eHorglass\2.Firmware\eHorglass\EWARM\eHorglass\Obj\Drivers\STM32F1xx_HAL_Driver
[11] = E:\eHorglass\2.Firmware\eHorglass\EWARM\eHorglass\Obj\Drivers\SandMove
[12] = E:\eHorglass\2.Firmware\eHorglass\EWARM\eHorglass\Obj\Drivers\common
[13] = E:\eHorglass\2.Firmware\eHorglass\EWARM\eHorglass\Obj\Drivers\parameter
[14] = E:\eHorglass\2.Firmware\eHorglass\EWARM\eHorglass\Obj\Middlewares\USB_Device_Library
[15] = dl7M_tlf.a
[16] = m7M_tl.a
[17] = rt7M_tl.a
[18] = shb_l.a

  44'355 bytes of readonly  code memory
   6'789 bytes of readonly  data memory
  14'569 bytes of readwrite data memory

Errors: none
Warnings: none
